Format = auto
Extension = pcd
Format = auto
Extension = pcd
Format = auto
Extension = pcd
Format = auto
Extension = pcd
Format = auto
Extension = pcd
Format = auto
Extension = pcd
Format = auto
Extension = pcd
Format = auto
Extension = pcd
Format = auto
Extension = pcd
Format = auto
Extension = pcd
Format = auto
Extension = pcd
Format = auto
Extension = pcd
Format = auto
Extension = pcd
Format = auto
Extension = pcd
Format = auto
Extension = pcd
Format = auto
Extension = pcd
Format = auto
Extension = pcd
Format = auto
Extension = pcd
Format = auto
Extension = pcd
Format = auto
Extension = pcd
Format = auto
Extension = pcd
Format = auto
Extension = pcd
Format = auto
Extension = pcd
Format = auto
Extension = pcd
Format = auto
Extension = pcd
Format = auto
Extension = pcd
Format = auto
Extension = pcd
Format = auto
Extension = pcd
Format = auto
Extension = pcd
Format = auto
Extension = pcd
Format = auto
Extension = pcd
Format = auto
Extension = pcd
Format = auto
Extension = pcd
Format = auto
Extension = pcd
Format = auto
Extension = pcd
Format = auto
Extension = pcd
Format = auto
Extension = pcd
Format = auto
Extension = pcd
Format = auto
Extension = pcd
Format = auto
Extension = pcd
Format = auto
Extension = pcd
Format = auto
Extension = pcd
Format = auto
Extension = pcd
Format = auto
Extension = pcd
Format = auto
Extension = pcd
Format = auto
Extension = pcd
Format = auto
Extension = pcd
Format = auto
Extension = pcd
Format = auto
Extension = pcd
Format = auto
Extension = pcd
Format = auto
Extension = pcd
Format = auto
Extension = pcd
Format = auto
Extension = pcd
Format = auto
Extension = pcd
Format = auto
Extension = pcd
Format = auto
Extension = pcd
Format = auto
Extension = pcd
Format = auto
Extension = pcd
Format = auto
Extension = pcd
Format = auto
Extension = pcd
Format = auto
Extension = pcd
Format = auto
Extension = pcd
Format = auto
Extension = pcd
Format = auto
Extension = pcd
Format = auto
Extension = pcd
Format = auto
Extension = pcd
Format = auto
Extension = pcd
Format = auto
Extension = pcd
Format = auto
Extension = pcd
Format = auto
Extension = pcd
Format = auto
Extension = pcd
Format = auto
Extension = pcd
Format = auto
Extension = pcd
Format = auto
Extension = pcd
Format = auto
Extension = pcd
Format = auto
Extension = pcd
Format = auto
Extension = pcd
Format = auto
Extension = pcd
Format = auto
Extension = pcd
Format = auto
Extension = pcd
Format = auto
Extension = pcd
Format = auto
Extension = pcd
Format = auto
Extension = pcd
Format = auto
Extension = pcd
Format = auto
Extension = pcd
Format = auto
Extension = pcd
Format = auto
Extension = pcd
Format = auto
Extension = pcd
Format = auto
Extension = pcd
Format = auto
Extension = pcd
Format = auto
Extension = pcd
Format = auto
Extension = pcd
Format = auto
Extension = pcd
Format = auto
Extension = pcd
Format = auto
Extension = pcd
Format = auto
Extension = pcd
Format = auto
Extension = pcd
Format = auto
Extension = pcd
Format = auto
Extension = pcd
Format = auto
Extension = pcd
Format = auto
Extension = pcd
Format = auto
Extension = pcd
Format = auto
Extension = pcd
Format = auto
Extension = pcd
Format = auto
Extension = pcd
Format = auto
Extension = pcd
Format = auto
Extension = pcd
Format = auto
Extension = pcd
Format = auto
Extension = pcd
Format = auto
Extension = pcd
Format = auto
Extension = pcd
Format = auto
Extension = pcd
Format = auto
Extension = pcd
Format = auto
Extension = pcd
Format = auto
Extension = pcd
Format = auto
Extension = pcd
Format = auto
Extension = pcd
Format = auto
Extension = pcd
Format = auto
Extension = pcd
Format = auto
Extension = pcd
Format = auto
Extension = pcd
Format = auto
Extension = pcd
Format = auto
Extension = pcd
Format = auto
Extension = pcd
Format = auto
Extension = pcd
Format = auto
Extension = pcd
Format = auto
Extension = pcd
Format = auto
Extension = pcd
Format = auto
Extension = pcd
Format = auto
Extension = pcd
Format = auto
Extension = pcd
Format = auto
Extension = pcd
Format = auto
Extension = pcd
Format = auto
Extension = pcd
Format = auto
Extension = pcd
Format = auto
Extension = pcd
Format = auto
Extension = pcd
Format = auto
Extension = pcd
Format = auto
Extension = pcd
Format = auto
Extension = pcd
Format = auto
Extension = pcd
Format = auto
Extension = pcd
Format = auto
Extension = pcd
Format = auto
Extension = pcd
Format = auto
Extension = pcd
Format = auto
Extension = pcd
Format = auto
Extension = pcd
Format = auto
Extension = pcd
Format = auto
Extension = pcd
Format = auto
Extension = pcd
Format = auto
Extension = pcd
Format = auto
Extension = pcd
Format = auto
Extension = pcd
Format = auto
Extension = pcd
Format = auto
Extension = pcd
Format = auto
Extension = pcd
Format = auto
Extension = pcd
Format = auto
Extension = pcd
Format = auto
Extension = pcd
Format = auto
Extension = pcd
resuming by loading epoch 10000
frame=1/41 late_source=1/7 scenario=2026_07_29_02_32_08 timestamp=000060 receiver=1 cavs=[1, 2, 11] pred_boxes=29 gt_boxes=48 comm_bytes=6560
frame=1/41 late_source=2/7 scenario=2026_07_29_02_32_08 timestamp=000060 receiver=10 cavs=[10, 9] pred_boxes=20 gt_boxes=40 comm_bytes=3152
frame=1/41 late_source=3/7 scenario=2026_07_29_02_32_08 timestamp=000060 receiver=12 cavs=[12, 4, 7] pred_boxes=23 gt_boxes=52 comm_bytes=7520
frame=1/41 late_source=4/7 scenario=2026_07_29_02_32_08 timestamp=000060 receiver=13 cavs=[13, 14, 19] pred_boxes=4 gt_boxes=25 comm_bytes=15136
frame=1/41 late_source=5/7 scenario=2026_07_29_02_32_08 timestamp=000060 receiver=15 cavs=[15, 6] pred_boxes=17 gt_boxes=21 comm_bytes=5008
frame=1/41 late_source=6/7 scenario=2026_07_29_02_32_08 timestamp=000060 receiver=16 cavs=[16, 5] pred_boxes=18 gt_boxes=36 comm_bytes=2960
frame=1/41 late_source=7/7 scenario=2026_07_29_02_32_08 timestamp=000060 receiver=17 cavs=[17, 18] pred_boxes=11 gt_boxes=18 comm_bytes=5488
sgcp_late_fusion frame=1/41 scenario=2026_07_29_02_32_08 timestamp=000060 sources=7 fused_pred_boxes=71 fused_gt_boxes=71
frame=2/41 late_source=1/7 scenario=2026_07_29_02_32_08 timestamp=000062 receiver=1 cavs=[1, 11] pred_boxes=24 gt_boxes=47 comm_bytes=5120
frame=2/41 late_source=2/7 scenario=2026_07_29_02_32_08 timestamp=000062 receiver=10 cavs=[10, 9] pred_boxes=24 gt_boxes=38 comm_bytes=3024
frame=2/41 late_source=3/7 scenario=2026_07_29_02_32_08 timestamp=000062 receiver=12 cavs=[12, 4, 7] pred_boxes=27 gt_boxes=53 comm_bytes=7152
frame=2/41 late_source=4/7 scenario=2026_07_29_02_32_08 timestamp=000062 receiver=13 cavs=[13, 14, 19] pred_boxes=6 gt_boxes=25 comm_bytes=15552
frame=2/41 late_source=5/7 scenario=2026_07_29_02_32_08 timestamp=000062 receiver=15 cavs=[15, 6] pred_boxes=16 gt_boxes=21 comm_bytes=4624
frame=2/41 late_source=6/7 scenario=2026_07_29_02_32_08 timestamp=000062 receiver=16 cavs=[16, 5] pred_boxes=17 gt_boxes=36 comm_bytes=3040
frame=2/41 late_source=7/7 scenario=2026_07_29_02_32_08 timestamp=000062 receiver=17 cavs=[17, 3, 18] pred_boxes=9 gt_boxes=21 comm_bytes=7184
sgcp_late_fusion frame=2/41 scenario=2026_07_29_02_32_08 timestamp=000062 sources=7 fused_pred_boxes=68 fused_gt_boxes=71
frame=3/41 late_source=1/7 scenario=2026_07_29_02_32_08 timestamp=000064 receiver=1 cavs=[1, 11] pred_boxes=28 gt_boxes=47 comm_bytes=5104
frame=3/41 late_source=2/7 scenario=2026_07_29_02_32_08 timestamp=000064 receiver=10 cavs=[10, 9] pred_boxes=22 gt_boxes=40 comm_bytes=3104
frame=3/41 late_source=3/7 scenario=2026_07_29_02_32_08 timestamp=000064 receiver=12 cavs=[12, 4, 7] pred_boxes=25 gt_boxes=54 comm_bytes=7632
frame=3/41 late_source=4/7 scenario=2026_07_29_02_32_08 timestamp=000064 receiver=13 cavs=[13, 14, 19] pred_boxes=5 gt_boxes=26 comm_bytes=15568
frame=3/41 late_source=5/7 scenario=2026_07_29_02_32_08 timestamp=000064 receiver=15 cavs=[15, 6] pred_boxes=17 gt_boxes=21 comm_bytes=4672
frame=3/41 late_source=6/7 scenario=2026_07_29_02_32_08 timestamp=000064 receiver=16 cavs=[16, 5] pred_boxes=15 gt_boxes=37 comm_bytes=3136
frame=3/41 late_source=7/7 scenario=2026_07_29_02_32_08 timestamp=000064 receiver=17 cavs=[17, 3, 18] pred_boxes=8 gt_boxes=21 comm_bytes=7056
sgcp_late_fusion frame=3/41 scenario=2026_07_29_02_32_08 timestamp=000064 sources=7 fused_pred_boxes=70 fused_gt_boxes=71
frame=4/41 late_source=1/7 scenario=2026_07_29_02_32_08 timestamp=000066 receiver=1 cavs=[1, 11] pred_boxes=24 gt_boxes=47 comm_bytes=5040
frame=4/41 late_source=2/7 scenario=2026_07_29_02_32_08 timestamp=000066 receiver=10 cavs=[10, 9] pred_boxes=24 gt_boxes=39 comm_bytes=3152
frame=4/41 late_source=3/7 scenario=2026_07_29_02_32_08 timestamp=000066 receiver=12 cavs=[12, 4, 7] pred_boxes=21 gt_boxes=52 comm_bytes=7616
frame=4/41 late_source=4/7 scenario=2026_07_29_02_32_08 timestamp=000066 receiver=13 cavs=[13, 14, 19] pred_boxes=4 gt_boxes=26 comm_bytes=15664
frame=4/41 late_source=5/7 scenario=2026_07_29_02_32_08 timestamp=000066 receiver=15 cavs=[15, 6] pred_boxes=18 gt_boxes=20 comm_bytes=4864
frame=4/41 late_source=6/7 scenario=2026_07_29_02_32_08 timestamp=000066 receiver=16 cavs=[16, 5] pred_boxes=19 gt_boxes=37 comm_bytes=3040
frame=4/41 late_source=7/7 scenario=2026_07_29_02_32_08 timestamp=000066 receiver=17 cavs=[17, 3, 18] pred_boxes=9 gt_boxes=21 comm_bytes=7552
sgcp_late_fusion frame=4/41 scenario=2026_07_29_02_32_08 timestamp=000066 sources=7 fused_pred_boxes=70 fused_gt_boxes=71
frame=5/41 late_source=1/7 scenario=2026_07_29_02_32_08 timestamp=000068 receiver=1 cavs=[1, 2, 8] pred_boxes=27 gt_boxes=49 comm_bytes=6768
frame=5/41 late_source=2/7 scenario=2026_07_29_02_32_08 timestamp=000068 receiver=10 cavs=[10, 9] pred_boxes=20 gt_boxes=38 comm_bytes=3152
frame=5/41 late_source=3/7 scenario=2026_07_29_02_32_08 timestamp=000068 receiver=12 cavs=[12, 7] pred_boxes=23 gt_boxes=47 comm_bytes=6368
frame=5/41 late_source=4/7 scenario=2026_07_29_02_32_08 timestamp=000068 receiver=13 cavs=[13, 14, 19] pred_boxes=7 gt_boxes=25 comm_bytes=15360
frame=5/41 late_source=5/7 scenario=2026_07_29_02_32_08 timestamp=000068 receiver=15 cavs=[15, 6] pred_boxes=19 gt_boxes=20 comm_bytes=5120
frame=5/41 late_source=6/7 scenario=2026_07_29_02_32_08 timestamp=000068 receiver=16 cavs=[16, 5] pred_boxes=17 gt_boxes=37 comm_bytes=3072
frame=5/41 late_source=7/7 scenario=2026_07_29_02_32_08 timestamp=000068 receiver=17 cavs=[17, 3, 18] pred_boxes=7 gt_boxes=20 comm_bytes=7712
sgcp_late_fusion frame=5/41 scenario=2026_07_29_02_32_08 timestamp=000068 sources=7 fused_pred_boxes=72 fused_gt_boxes=71
frame=6/41 late_source=1/7 scenario=2026_07_29_02_32_08 timestamp=000070 receiver=1 cavs=[1, 2, 8] pred_boxes=27 gt_boxes=49 comm_bytes=6272
frame=6/41 late_source=2/7 scenario=2026_07_29_02_32_08 timestamp=000070 receiver=10 cavs=[10, 9] pred_boxes=21 gt_boxes=38 comm_bytes=3280
frame=6/41 late_source=3/7 scenario=2026_07_29_02_32_08 timestamp=000070 receiver=12 cavs=[12, 7] pred_boxes=20 gt_boxes=48 comm_bytes=6624
frame=6/41 late_source=4/7 scenario=2026_07_29_02_32_08 timestamp=000070 receiver=13 cavs=[13, 14, 19] pred_boxes=4 gt_boxes=25 comm_bytes=15312
frame=6/41 late_source=5/7 scenario=2026_07_29_02_32_08 timestamp=000070 receiver=15 cavs=[15, 6] pred_boxes=18 gt_boxes=20 comm_bytes=5072
frame=6/41 late_source=6/7 scenario=2026_07_29_02_32_08 timestamp=000070 receiver=16 cavs=[16, 5] pred_boxes=15 gt_boxes=37 comm_bytes=3312
frame=6/41 late_source=7/7 scenario=2026_07_29_02_32_08 timestamp=000070 receiver=17 cavs=[17, 3, 18] pred_boxes=9 gt_boxes=20 comm_bytes=7888
sgcp_late_fusion frame=6/41 scenario=2026_07_29_02_32_08 timestamp=000070 sources=7 fused_pred_boxes=70 fused_gt_boxes=71
frame=7/41 late_source=1/7 scenario=2026_07_29_02_32_08 timestamp=000072 receiver=1 cavs=[1, 2, 8] pred_boxes=30 gt_boxes=49 comm_bytes=6320
frame=7/41 late_source=2/7 scenario=2026_07_29_02_32_08 timestamp=000072 receiver=10 cavs=[10, 9] pred_boxes=24 gt_boxes=39 comm_bytes=2944
frame=7/41 late_source=3/7 scenario=2026_07_29_02_32_08 timestamp=000072 receiver=12 cavs=[12, 7] pred_boxes=22 gt_boxes=46 comm_bytes=6656
frame=7/41 late_source=4/7 scenario=2026_07_29_02_32_08 timestamp=000072 receiver=13 cavs=[13, 14, 19] pred_boxes=8 gt_boxes=26 comm_bytes=15472
frame=7/41 late_source=5/7 scenario=2026_07_29_02_32_08 timestamp=000072 receiver=15 cavs=[15, 6] pred_boxes=19 gt_boxes=20 comm_bytes=5088
frame=7/41 late_source=6/7 scenario=2026_07_29_02_32_08 timestamp=000072 receiver=16 cavs=[16, 5] pred_boxes=18 gt_boxes=37 comm_bytes=3472
frame=7/41 late_source=7/7 scenario=2026_07_29_02_32_08 timestamp=000072 receiver=17 cavs=[17, 3, 18] pred_boxes=8 gt_boxes=20 comm_bytes=8384
sgcp_late_fusion frame=7/41 scenario=2026_07_29_02_32_08 timestamp=000072 sources=7 fused_pred_boxes=73 fused_gt_boxes=70
frame=8/41 late_source=1/7 scenario=2026_07_29_02_32_08 timestamp=000074 receiver=1 cavs=[1, 2, 8] pred_boxes=30 gt_boxes=49 comm_bytes=6272
frame=8/41 late_source=2/7 scenario=2026_07_29_02_32_08 timestamp=000074 receiver=10 cavs=[10, 9] pred_boxes=20 gt_boxes=37 comm_bytes=3232
frame=8/41 late_source=3/7 scenario=2026_07_29_02_32_08 timestamp=000074 receiver=12 cavs=[12, 7] pred_boxes=20 gt_boxes=43 comm_bytes=6624Format = auto
Extension = pcd
Format = auto
Extension = pcd
Format = auto
Extension = pcd
Format = auto
Extension = pcd
Format = auto
Extension = pcd
Format = auto
Extension = pcd
Format = auto
Extension = pcd
Format = auto
Extension = pcd
Format = auto
Extension = pcd
Format = auto
Extension = pcd
Format = auto
Extension = pcd
Format = auto
Extension = pcd
Format = auto
Extension = pcd
Format = auto
Extension = pcd
Format = auto
Extension = pcd
Format = auto
Extension = pcd
Format = auto
Extension = pcd
Format = auto
Extension = pcd
Format = auto
Extension = pcd
Format = auto
Extension = pcd
Format = auto
Extension = pcd
Format = auto
Extension = pcd
Format = auto
Extension = pcd
Format = auto
Extension = pcd
Format = auto
Extension = pcd
Format = auto
Extension = pcd
Format = auto
Extension = pcd
Format = auto
Extension = pcd
Format = auto
Extension = pcd
Format = auto
Extension = pcd
Format = auto
Extension = pcd
Format = auto
Extension = pcd
Format = auto
Extension = pcd
Format = auto
Extension = pcd
Format = auto
Extension = pcd
Format = auto
Extension = pcd
Format = auto
Extension = pcd
Format = auto
Extension = pcd
Format = auto
Extension = pcd
Format = auto
Extension = pcd
Format = auto
Extension = pcd
Format = auto
Extension = pcd
Format = auto
Extension = pcd
Format = auto
Extension = pcd
Format = auto
Extension = pcd
Format = auto
Extension = pcd
Format = auto
Extension = pcd
Format = auto
Extension = pcd
Format = auto
Extension = pcd
Format = auto
Extension = pcd
Format = auto
Extension = pcd
Format = auto
Extension = pcd
Format = auto
Extension = pcd
Format = auto
Extension = pcd
Format = auto
Extension = pcd
Format = auto
Extension = pcd
Format = auto
Extension = pcd
Format = auto
Extension = pcd
Format = auto
Extension = pcd
Format = auto
Extension = pcd
Format = auto
Extension = pcd
Format = auto
Extension = pcd
Format = auto
Extension = pcd
Format = auto
Extension = pcd
Format = auto
Extension = pcd
Format = auto
Extension = pcd
Format = auto
Extension = pcd
Format = auto
Extension = pcd
Format = auto
Extension = pcd
Format = auto
Extension = pcd
Format = auto
Extension = pcd
Format = auto
Extension = pcd
Format = auto
Extension = pcd
Format = auto
Extension = pcd
Format = auto
Extension = pcd
Format = auto
Extension = pcd
Format = auto
Extension = pcd
Format = auto
Extension = pcd
Format = auto
Extension = pcd
Format = auto
Extension = pcd
Format = auto
Extension = pcd
Format = auto
Extension = pcd
Format = auto
Extension = pcd
Format = auto
Extension = pcd
Format = auto
Extension = pcd
Format = auto
Extension = pcd
Format = auto
Extension = pcd
Format = auto
Extension = pcd
Format = auto
Extension = pcd
Format = auto
Extension = pcd
Format = auto
Extension = pcd
Format = auto
Extension = pcd
Format = auto
Extension = pcd
Format = auto
Extension = pcd
Format = auto
Extension = pcd
Format = auto
Extension = pcd
Format = auto
Extension = pcd
Format = auto
Extension = pcd
Format = auto
Extension = pcd
Format = auto
Extension = pcd
Format = auto
Extension = pcd
Format = auto
Extension = pcd
Format = auto
Extension = pcd
Format = auto
Extension = pcd
Format = auto
Extension = pcd
Format = auto
Extension = pcd
Format = auto
Extension = pcd
Format = auto
Extension = pcd
Format = auto
Extension = pcd
Format = auto
Extension = pcd
Format = auto
Extension = pcd
Format = auto
Extension = pcd
Format = auto
Extension = pcd
Format = auto
Extension = pcd
Format = auto
Extension = pcd
Format = auto
Extension = pcd
Format = auto
Extension = pcd
Format = auto
Extension = pcd
Format = auto
Extension = pcd
Format = auto
Extension = pcd
Format = auto
Extension = pcd
Format = auto
Extension = pcd
Format = auto
Extension = pcd
Format = auto
Extension = pcd
Format = auto
Extension = pcd
Format = auto
Extension = pcd
Format = auto
Extension = pcd
Format = auto
Extension = pcd
Format = auto
Extension = pcd
Format = auto
Extension = pcd
Format = auto
Extension = pcd
Format = auto
Extension = pcd
Format = auto
Extension = pcd
Format = auto
Extension = pcd
Format = auto
Extension = pcd
Format = auto
Extension = pcd
Format = auto
Extension = pcd
Format = auto
Extension = pcd
Format = auto
Extension = pcd
Format = auto
Extension = pcd

frame=8/41 late_source=4/7 scenario=2026_07_29_02_32_08 timestamp=000074 receiver=13 cavs=[13, 14, 19] pred_boxes=4 gt_boxes=27 comm_bytes=15824
frame=8/41 late_source=5/7 scenario=2026_07_29_02_32_08 timestamp=000074 receiver=15 cavs=[15, 6] pred_boxes=16 gt_boxes=21 comm_bytes=5120
frame=8/41 late_source=6/7 scenario=2026_07_29_02_32_08 timestamp=000074 receiver=16 cavs=[16, 5] pred_boxes=21 gt_boxes=35 comm_bytes=3472
frame=8/41 late_source=7/7 scenario=2026_07_29_02_32_08 timestamp=000074 receiver=17 cavs=[17, 3, 18] pred_boxes=14 gt_boxes=20 comm_bytes=8592
sgcp_late_fusion frame=8/41 scenario=2026_07_29_02_32_08 timestamp=000074 sources=7 fused_pred_boxes=71 fused_gt_boxes=69
frame=9/41 late_source=1/7 scenario=2026_07_29_02_32_08 timestamp=000076 receiver=1 cavs=[1, 8, 11] pred_boxes=30 gt_boxes=51 comm_bytes=6512
frame=9/41 late_source=2/7 scenario=2026_07_29_02_32_08 timestamp=000076 receiver=10 cavs=[10, 9] pred_boxes=21 gt_boxes=37 comm_bytes=3360
frame=9/41 late_source=3/7 scenario=2026_07_29_02_32_08 timestamp=000076 receiver=12 cavs=[12, 7] pred_boxes=20 gt_boxes=43 comm_bytes=6832
frame=9/41 late_source=4/7 scenario=2026_07_29_02_32_08 timestamp=000076 receiver=13 cavs=[13, 14, 19] pred_boxes=7 gt_boxes=27 comm_bytes=15792
frame=9/41 late_source=5/7 scenario=2026_07_29_02_32_08 timestamp=000076 receiver=15 cavs=[15, 6] pred_boxes=15 gt_boxes=22 comm_bytes=5664
frame=9/41 late_source=6/7 scenario=2026_07_29_02_32_08 timestamp=000076 receiver=16 cavs=[16, 5] pred_boxes=20 gt_boxes=37 comm_bytes=3760
frame=9/41 late_source=7/7 scenario=2026_07_29_02_32_08 timestamp=000076 receiver=17 cavs=[17, 3, 18] pred_boxes=10 gt_boxes=20 comm_bytes=9088
sgcp_late_fusion frame=9/41 scenario=2026_07_29_02_32_08 timestamp=000076 sources=7 fused_pred_boxes=68 fused_gt_boxes=69
frame=10/41 late_source=1/7 scenario=2026_07_29_02_32_08 timestamp=000078 receiver=1 cavs=[1, 8, 11] pred_boxes=31 gt_boxes=51 comm_bytes=6448
frame=10/41 late_source=2/7 scenario=2026_07_29_02_32_08 timestamp=000078 receiver=10 cavs=[10, 9] pred_boxes=25 gt_boxes=38 comm_bytes=3168
frame=10/41 late_source=3/7 scenario=2026_07_29_02_32_08 timestamp=000078 receiver=12 cavs=[12, 4] pred_boxes=14 gt_boxes=42 comm_bytes=2320
frame=10/41 late_source=4/7 scenario=2026_07_29_02_32_08 timestamp=000078 receiver=13 cavs=[13, 14, 19] pred_boxes=5 gt_boxes=27 comm_bytes=15808
frame=10/41 late_source=5/7 scenario=2026_07_29_02_32_08 timestamp=000078 receiver=15 cavs=[15, 6] pred_boxes=17 gt_boxes=22 comm_bytes=5664
frame=10/41 late_source=6/7 scenario=2026_07_29_02_32_08 timestamp=000078 receiver=16 cavs=[16, 7] pred_boxes=20 gt_boxes=40 comm_bytes=6656
frame=10/41 late_source=7/7 scenario=2026_07_29_02_32_08 timestamp=000078 receiver=17 cavs=[17, 3, 18] pred_boxes=12 gt_boxes=20 comm_bytes=8928
sgcp_late_fusion frame=10/41 scenario=2026_07_29_02_32_08 timestamp=000078 sources=7 fused_pred_boxes=73 fused_gt_boxes=69
frame=11/41 late_source=1/7 scenario=2026_07_29_02_32_08 timestamp=000080 receiver=1 cavs=[1, 8, 11] pred_boxes=29 gt_boxes=49 comm_bytes=6352
frame=11/41 late_source=2/7 scenario=2026_07_29_02_32_08 timestamp=000080 receiver=10 cavs=[10, 9] pred_boxes=23 gt_boxes=37 comm_bytes=3232
frame=11/41 late_source=3/7 scenario=2026_07_29_02_32_08 timestamp=000080 receiver=12 cavs=[12, 7] pred_boxes=17 gt_boxes=45 comm_bytes=6336
frame=11/41 late_source=4/7 scenario=2026_07_29_02_32_08 timestamp=000080 receiver=13 cavs=[13, 14, 19] pred_boxes=5 gt_boxes=27 comm_bytes=15504
frame=11/41 late_source=5/7 scenario=2026_07_29_02_32_08 timestamp=000080 receiver=15 cavs=[15, 6] pred_boxes=16 gt_boxes=22 comm_bytes=5680
frame=11/41 late_source=6/7 scenario=2026_07_29_02_32_08 timestamp=000080 receiver=16 cavs=[16, 5] pred_boxes=18 gt_boxes=37 comm_bytes=3888
frame=11/41 late_source=7/7 scenario=2026_07_29_02_32_08 timestamp=000080 receiver=17 cavs=[17, 3, 18] pred_boxes=10 gt_boxes=21 comm_bytes=9392
sgcp_late_fusion frame=11/41 scenario=2026_07_29_02_32_08 timestamp=000080 sources=7 fused_pred_boxes=71 fused_gt_boxes=70
frame=12/41 late_source=1/7 scenario=2026_07_29_02_32_08 timestamp=000082 receiver=1 cavs=[1, 8, 11] pred_boxes=32 gt_boxes=49 comm_bytes=6048
frame=12/41 late_source=2/7 scenario=2026_07_29_02_32_08 timestamp=000082 receiver=10 cavs=[10, 9] pred_boxes=26 gt_boxes=38 comm_bytes=2912
frame=12/41 late_source=3/7 scenario=2026_07_29_02_32_08 timestamp=000082 receiver=12 cavs=[12, 4] pred_boxes=12 gt_boxes=43 comm_bytes=2624
frame=12/41 late_source=4/7 scenario=2026_07_29_02_32_08 timestamp=000082 receiver=13 cavs=[13, 14, 19] pred_boxes=5 gt_boxes=27 comm_bytes=15232
frame=12/41 late_source=5/7 scenario=2026_07_29_02_32_08 timestamp=000082 receiver=15 cavs=[15, 6] pred_boxes=17 gt_boxes=22 comm_bytes=5600
frame=12/41 late_source=6/7 scenario=2026_07_29_02_32_08 timestamp=000082 receiver=16 cavs=[16, 7] pred_boxes=21 gt_boxes=41 comm_bytes=7088
frame=12/41 late_source=7/7 scenario=2026_07_29_02_32_08 timestamp=000082 receiver=17 cavs=[17, 3, 18] pred_boxes=9 gt_boxes=21 comm_bytes=9584
sgcp_late_fusion frame=12/41 scenario=2026_07_29_02_32_08 timestamp=000082 sources=7 fused_pred_boxes=71 fused_gt_boxes=70
frame=13/41 late_source=1/7 scenario=2026_07_29_02_32_08 timestamp=000084 receiver=1 cavs=[1, 8, 11] pred_boxes=31 gt_boxes=49 comm_bytes=5872
frame=13/41 late_source=2/7 scenario=2026_07_29_02_32_08 timestamp=000084 receiver=10 cavs=[10, 9] pred_boxes=24 gt_boxes=37 comm_bytes=3120
frame=13/41 late_source=3/7 scenario=2026_07_29_02_32_08 timestamp=000084 receiver=12 cavs=[12, 7] pred_boxes=22 gt_boxes=41 comm_bytes=6112
frame=13/41 late_source=4/7 scenario=2026_07_29_02_32_08 timestamp=000084 receiver=13 cavs=[13, 14, 19] pred_boxes=4 gt_boxes=27 comm_bytes=15296
frame=13/41 late_source=5/7 scenario=2026_07_29_02_32_08 timestamp=000084 receiver=15 cavs=[15, 6] pred_boxes=17 gt_boxes=22 comm_bytes=5584
frame=13/41 late_source=6/7 scenario=2026_07_29_02_32_08 timestamp=000084 receiver=16 cavs=[16, 5] pred_boxes=24 gt_boxes=38 comm_bytes=4352
frame=13/41 late_source=7/7 scenario=2026_07_29_02_32_08 timestamp=000084 receiver=17 cavs=[17, 3, 18] pred_boxes=12 gt_boxes=21 comm_bytes=9504
sgcp_late_fusion frame=13/41 scenario=2026_07_29_02_32_08 timestamp=000084 sources=7 fused_pred_boxes=71 fused_gt_boxes=70
frame=14/41 late_source=1/7 scenario=2026_07_29_02_32_08 timestamp=000086 receiver=1 cavs=[1, 8, 11] pred_boxes=29 gt_boxes=49 comm_bytes=5968
frame=14/41 late_source=2/7 scenario=2026_07_29_02_32_08 timestamp=000086 receiver=10 cavs=[10, 9] pred_boxes=21 gt_boxes=39 comm_bytes=3040
frame=14/41 late_source=3/7 scenario=2026_07_29_02_32_08 timestamp=000086 receiver=12 cavs=[12, 7] pred_boxes=22 gt_boxes=43 comm_bytes=6368
frame=14/41 late_source=4/7 scenario=2026_07_29_02_32_08 timestamp=000086 receiver=13 cavs=[13, 14, 19] pred_boxes=5 gt_boxes=27 comm_bytes=15584
frame=14/41 late_source=5/7 scenario=2026_07_29_02_32_08 timestamp=000086 receiver=15 cavs=[15, 6] pred_boxes=16 gt_boxes=23 comm_bytes=5888
frame=14/41 late_source=6/7 scenario=2026_07_29_02_32_08 timestamp=000086 receiver=16 cavs=[16, 5] pred_boxes=20 gt_boxes=38 comm_bytes=4384
frame=14/41 late_source=7/7 scenario=2026_07_29_02_32_08 timestamp=000086 receiver=17 cavs=[17, 3, 18] pred_boxes=12 gt_boxes=21 comm_bytes=9568
sgcp_late_fusion frame=14/41 scenario=2026_07_29_02_32_08 timestamp=000086 sources=7 fused_pred_boxes=68 fused_gt_boxes=70
frame=15/41 late_source=1/7 scenario=2026_07_29_02_32_08 timestamp=000088 receiver=1 cavs=[1, 8, 11] pred_boxes=29 gt_boxes=49 comm_bytes=6064
frame=15/41 late_source=2/7 scenario=2026_07_29_02_32_08 timestamp=000088 receiver=10 cavs=[10, 9] pred_boxes=23 gt_boxes=39 comm_bytes=3040
frame=15/41 late_source=3/7 scenario=2026_07_29_02_32_08 timestamp=000088 receiver=12 cavs=[12, 7] pred_boxes=24 gt_boxes=44 comm_bytes=6704
frame=15/41 late_source=4/7 scenario=2026_07_29_02_32_08 timestamp=000088 receiver=13 cavs=[13, 14, 19] pred_boxes=4 gt_boxes=27 comm_bytes=15328
frame=15/41 late_source=5/7 scenario=2026_07_29_02_32_08 timestamp=000088 receiver=15 cavs=[15, 6] pred_boxes=16 gt_boxes=23 comm_bytes=6032
frame=15/41 late_source=6/7 scenario=2026_07_29_02_32_08 timestamp=000088 receiver=16 cavs=[16, 5] pred_boxes=19 gt_boxes=36 comm_bytes=4544Format = auto
Extension = pcd
Format = auto
Extension = pcd
Format = auto
Extension = pcd
Format = auto
Extension = pcd
Format = auto
Extension = pcd
Format = auto
Extension = pcd
Format = auto
Extension = pcd
Format = auto
Extension = pcd
Format = auto
Extension = pcd
Format = auto
Extension = pcd
Format = auto
Extension = pcd
Format = auto
Extension = pcd
Format = auto
Extension = pcd
Format = auto
Extension = pcd
Format = auto
Extension = pcd
Format = auto
Extension = pcd
Format = auto
Extension = pcd
Format = auto
Extension = pcd
Format = auto
Extension = pcd
Format = auto
Extension = pcd
Format = auto
Extension = pcd
Format = auto
Extension = pcd
Format = auto
Extension = pcd
Format = auto
Extension = pcd
Format = auto
Extension = pcd
Format = auto
Extension = pcd
Format = auto
Extension = pcd
Format = auto
Extension = pcd
Format = auto
Extension = pcd
Format = auto
Extension = pcd
Format = auto
Extension = pcd
Format = auto
Extension = pcd
Format = auto
Extension = pcd
Format = auto
Extension = pcd
Format = auto
Extension = pcd
Format = auto
Extension = pcd
Format = auto
Extension = pcd
Format = auto
Extension = pcd
Format = auto
Extension = pcd
Format = auto
Extension = pcd
Format = auto
Extension = pcd
Format = auto
Extension = pcd
Format = auto
Extension = pcd
Format = auto
Extension = pcd
Format = auto
Extension = pcd
Format = auto
Extension = pcd
Format = auto
Extension = pcd
Format = auto
Extension = pcd
Format = auto
Extension = pcd
Format = auto
Extension = pcd
Format = auto
Extension = pcd
Format = auto
Extension = pcd
Format = auto
Extension = pcd
Format = auto
Extension = pcd
Format = auto
Extension = pcd
Format = auto
Extension = pcd
Format = auto
Extension = pcd
Format = auto
Extension = pcd
Format = auto
Extension = pcd
Format = auto
Extension = pcd
Format = auto
Extension = pcd
Format = auto
Extension = pcd
Format = auto
Extension = pcd
Format = auto
Extension = pcd
Format = auto
Extension = pcd
Format = auto
Extension = pcd
Format = auto
Extension = pcd
Format = auto
Extension = pcd
Format = auto
Extension = pcd
Format = auto
Extension = pcd
Format = auto
Extension = pcd
Format = auto
Extension = pcd
Format = auto
Extension = pcd
Format = auto
Extension = pcd
Format = auto
Extension = pcd
Format = auto
Extension = pcd
Format = auto
Extension = pcd
Format = auto
Extension = pcd
Format = auto
Extension = pcd
Format = auto
Extension = pcd
Format = auto
Extension = pcd
Format = auto
Extension = pcd
Format = auto
Extension = pcd
Format = auto
Extension = pcd
Format = auto
Extension = pcd
Format = auto
Extension = pcd
Format = auto
Extension = pcd
Format = auto
Extension = pcd
Format = auto
Extension = pcd
Format = auto
Extension = pcd
Format = auto
Extension = pcd
Format = auto
Extension = pcd
Format = auto
Extension = pcd
Format = auto
Extension = pcd
Format = auto
Extension = pcd
Format = auto
Extension = pcd
Format = auto
Extension = pcd
Format = auto
Extension = pcd
Format = auto
Extension = pcd
Format = auto
Extension = pcd
Format = auto
Extension = pcd
Format = auto
Extension = pcd
Format = auto
Extension = pcd
Format = auto
Extension = pcd
Format = auto
Extension = pcd
Format = auto
Extension = pcd
Format = auto
Extension = pcd
Format = auto
Extension = pcd
Format = auto
Extension = pcd
Format = auto
Extension = pcd
Format = auto
Extension = pcd
Format = auto
Extension = pcd
Format = auto
Extension = pcd
Format = auto
Extension = pcd
Format = auto
Extension = pcd
Format = auto
Extension = pcd
Format = auto
Extension = pcd
Format = auto
Extension = pcd
Format = auto
Extension = pcd
Format = auto
Extension = pcd
Format = auto
Extension = pcd
Format = auto
Extension = pcd
Format = auto
Extension = pcd
Format = auto
Extension = pcd
Format = auto
Extension = pcd
Format = auto
Extension = pcd
Format = auto
Extension = pcd
Format = auto
Extension = pcd
Format = auto
Extension = pcd
Format = auto
Extension = pcd
Format = auto
Extension = pcd
Format = auto
Extension = pcd
Format = auto
Extension = pcd
Format = auto
Extension = pcd
Format = auto
Extension = pcd
Format = auto
Extension = pcd
Format = auto
Extension = pcd
Format = auto
Extension = pcd
Format = auto
Extension = pcd
Format = auto
Extension = pcd
Format = auto
Extension = pcd
Format = auto
Extension = pcd
Format = auto
Extension = pcd
Format = auto
Extension = pcd
Format = auto
Extension = pcd
Format = auto
Extension = pcd
Format = auto
Extension = pcd
Format = auto
Extension = pcd
Format = auto
Extension = pcd
Format = auto
Extension = pcd
Format = auto
Extension = pcd
Format = auto
Extension = pcd
Format = auto
Extension = pcd
Format = auto
Extension = pcd
Format = auto
Extension = pcd
Format = auto
Extension = pcd
Format = auto
Extension = pcd
Format = auto
Extension = pcd
Format = auto
Extension = pcd
Format = auto
Extension = pcd

frame=15/41 late_source=7/7 scenario=2026_07_29_02_32_08 timestamp=000088 receiver=17 cavs=[17, 3, 18] pred_boxes=10 gt_boxes=22 comm_bytes=10080
sgcp_late_fusion frame=15/41 scenario=2026_07_29_02_32_08 timestamp=000088 sources=7 fused_pred_boxes=72 fused_gt_boxes=70
frame=16/41 late_source=1/7 scenario=2026_07_29_02_32_08 timestamp=000090 receiver=1 cavs=[1, 8, 11] pred_boxes=30 gt_boxes=49 comm_bytes=5936
frame=16/41 late_source=2/7 scenario=2026_07_29_02_32_08 timestamp=000090 receiver=10 cavs=[10, 9] pred_boxes=23 gt_boxes=39 comm_bytes=3008
frame=16/41 late_source=3/7 scenario=2026_07_29_02_32_08 timestamp=000090 receiver=12 cavs=[12, 7] pred_boxes=23 gt_boxes=42 comm_bytes=6720
frame=16/41 late_source=4/7 scenario=2026_07_29_02_32_08 timestamp=000090 receiver=13 cavs=[13, 14, 19] pred_boxes=4 gt_boxes=27 comm_bytes=15696
frame=16/41 late_source=5/7 scenario=2026_07_29_02_32_08 timestamp=000090 receiver=15 cavs=[15, 6] pred_boxes=18 gt_boxes=23 comm_bytes=6224
frame=16/41 late_source=6/7 scenario=2026_07_29_02_32_08 timestamp=000090 receiver=17 cavs=[17, 16, 18] pred_boxes=11 gt_boxes=31 comm_bytes=9920
frame=16/41 late_source=7/7 scenario=2026_07_29_02_32_08 timestamp=000090 receiver=20 cavs=[20, 5] pred_boxes=24 gt_boxes=37 comm_bytes=1712
sgcp_late_fusion frame=16/41 scenario=2026_07_29_02_32_08 timestamp=000090 sources=7 fused_pred_boxes=71 fused_gt_boxes=71
frame=17/41 late_source=1/7 scenario=2026_07_29_02_32_08 timestamp=000092 receiver=1 cavs=[1, 8, 11] pred_boxes=26 gt_boxes=48 comm_bytes=5840
frame=17/41 late_source=2/7 scenario=2026_07_29_02_32_08 timestamp=000092 receiver=10 cavs=[10, 9] pred_boxes=24 gt_boxes=39 comm_bytes=2976
frame=17/41 late_source=3/7 scenario=2026_07_29_02_32_08 timestamp=000092 receiver=12 cavs=[12, 7] pred_boxes=19 gt_boxes=44 comm_bytes=6864
frame=17/41 late_source=4/7 scenario=2026_07_29_02_32_08 timestamp=000092 receiver=13 cavs=[13, 14, 19] pred_boxes=5 gt_boxes=27 comm_bytes=15152
frame=17/41 late_source=5/7 scenario=2026_07_29_02_32_08 timestamp=000092 receiver=15 cavs=[15, 6] pred_boxes=16 gt_boxes=23 comm_bytes=5872
frame=17/41 late_source=6/7 scenario=2026_07_29_02_32_08 timestamp=000092 receiver=17 cavs=[17, 3, 18] pred_boxes=13 gt_boxes=20 comm_bytes=9968
frame=17/41 late_source=7/7 scenario=2026_07_29_02_32_08 timestamp=000092 receiver=20 cavs=[20, 5] pred_boxes=25 gt_boxes=37 comm_bytes=1728
sgcp_late_fusion frame=17/41 scenario=2026_07_29_02_32_08 timestamp=000092 sources=7 fused_pred_boxes=69 fused_gt_boxes=71
frame=18/41 late_source=1/7 scenario=2026_07_29_02_32_08 timestamp=000094 receiver=1 cavs=[1, 8, 11] pred_boxes=28 gt_boxes=48 comm_bytes=5776
frame=18/41 late_source=2/7 scenario=2026_07_29_02_32_08 timestamp=000094 receiver=10 cavs=[10, 9] pred_boxes=22 gt_boxes=40 comm_bytes=2976
frame=18/41 late_source=3/7 scenario=2026_07_29_02_32_08 timestamp=000094 receiver=12 cavs=[12, 7] pred_boxes=17 gt_boxes=42 comm_bytes=6832
frame=18/41 late_source=4/7 scenario=2026_07_29_02_32_08 timestamp=000094 receiver=13 cavs=[13, 14, 19] pred_boxes=4 gt_boxes=26 comm_bytes=14912
frame=18/41 late_source=5/7 scenario=2026_07_29_02_32_08 timestamp=000094 receiver=15 cavs=[15, 6] pred_boxes=19 gt_boxes=25 comm_bytes=6160
frame=18/41 late_source=6/7 scenario=2026_07_29_02_32_08 timestamp=000094 receiver=17 cavs=[17, 3, 18] pred_boxes=11 gt_boxes=20 comm_bytes=10480
frame=18/41 late_source=7/7 scenario=2026_07_29_02_32_08 timestamp=000094 receiver=20 cavs=[20, 5] pred_boxes=24 gt_boxes=36 comm_bytes=1568
sgcp_late_fusion frame=18/41 scenario=2026_07_29_02_32_08 timestamp=000094 sources=7 fused_pred_boxes=70 fused_gt_boxes=71
frame=19/41 late_source=1/7 scenario=2026_07_29_02_32_08 timestamp=000096 receiver=1 cavs=[1, 8, 11] pred_boxes=31 gt_boxes=48 comm_bytes=5664
frame=19/41 late_source=2/7 scenario=2026_07_29_02_32_08 timestamp=000096 receiver=10 cavs=[10, 9] pred_boxes=24 gt_boxes=40 comm_bytes=3008
frame=19/41 late_source=3/7 scenario=2026_07_29_02_32_08 timestamp=000096 receiver=12 cavs=[12, 7] pred_boxes=17 gt_boxes=42 comm_bytes=7008
frame=19/41 late_source=4/7 scenario=2026_07_29_02_32_08 timestamp=000096 receiver=13 cavs=[13, 14, 19] pred_boxes=2 gt_boxes=26 comm_bytes=13856
frame=19/41 late_source=5/7 scenario=2026_07_29_02_32_08 timestamp=000096 receiver=15 cavs=[15, 6] pred_boxes=17 gt_boxes=25 comm_bytes=5952
frame=19/41 late_source=6/7 scenario=2026_07_29_02_32_08 timestamp=000096 receiver=17 cavs=[17, 3, 18] pred_boxes=13 gt_boxes=21 comm_bytes=10912
frame=19/41 late_source=7/7 scenario=2026_07_29_02_32_08 timestamp=000096 receiver=20 cavs=[20, 5] pred_boxes=23 gt_boxes=34 comm_bytes=1472
sgcp_late_fusion frame=19/41 scenario=2026_07_29_02_32_08 timestamp=000096 sources=7 fused_pred_boxes=70 fused_gt_boxes=71
frame=20/41 late_source=1/7 scenario=2026_07_29_02_32_08 timestamp=000098 receiver=1 cavs=[1, 8, 11] pred_boxes=27 gt_boxes=50 comm_bytes=5696
frame=20/41 late_source=2/7 scenario=2026_07_29_02_32_08 timestamp=000098 receiver=10 cavs=[10, 9] pred_boxes=23 gt_boxes=40 comm_bytes=3024
frame=20/41 late_source=3/7 scenario=2026_07_29_02_32_08 timestamp=000098 receiver=12 cavs=[12, 7] pred_boxes=19 gt_boxes=41 comm_bytes=6720
frame=20/41 late_source=4/7 scenario=2026_07_29_02_32_08 timestamp=000098 receiver=13 cavs=[13, 14, 19] pred_boxes=2 gt_boxes=26 comm_bytes=13536
frame=20/41 late_source=5/7 scenario=2026_07_29_02_32_08 timestamp=000098 receiver=15 cavs=[15, 6] pred_boxes=19 gt_boxes=26 comm_bytes=5792
frame=20/41 late_source=6/7 scenario=2026_07_29_02_32_08 timestamp=000098 receiver=17 cavs=[17, 3, 18] pred_boxes=13 gt_boxes=22 comm_bytes=10608
frame=20/41 late_source=7/7 scenario=2026_07_29_02_32_08 timestamp=000098 receiver=20 cavs=[20, 5] pred_boxes=22 gt_boxes=35 comm_bytes=1520
sgcp_late_fusion frame=20/41 scenario=2026_07_29_02_32_08 timestamp=000098 sources=7 fused_pred_boxes=71 fused_gt_boxes=71
frame=21/41 late_source=1/7 scenario=2026_07_29_02_32_08 timestamp=000100 receiver=1 cavs=[1, 8, 11] pred_boxes=25 gt_boxes=51 comm_bytes=5808
frame=21/41 late_source=2/7 scenario=2026_07_29_02_32_08 timestamp=000100 receiver=10 cavs=[10, 9] pred_boxes=22 gt_boxes=38 comm_bytes=2912
frame=21/41 late_source=3/7 scenario=2026_07_29_02_32_08 timestamp=000100 receiver=12 cavs=[12, 7] pred_boxes=21 gt_boxes=39 comm_bytes=6928
frame=21/41 late_source=4/7 scenario=2026_07_29_02_32_08 timestamp=000100 receiver=13 cavs=[13, 14, 19] pred_boxes=5 gt_boxes=26 comm_bytes=14080
frame=21/41 late_source=5/7 scenario=2026_07_29_02_32_08 timestamp=000100 receiver=15 cavs=[15, 6] pred_boxes=17 gt_boxes=29 comm_bytes=6224
frame=21/41 late_source=6/7 scenario=2026_07_29_02_32_08 timestamp=000100 receiver=17 cavs=[17, 3, 18] pred_boxes=12 gt_boxes=20 comm_bytes=11088
frame=21/41 late_source=7/7 scenario=2026_07_29_02_32_08 timestamp=000100 receiver=20 cavs=[20, 5] pred_boxes=25 gt_boxes=36 comm_bytes=1600
sgcp_late_fusion frame=21/41 scenario=2026_07_29_02_32_08 timestamp=000100 sources=7 fused_pred_boxes=74 fused_gt_boxes=71
frame=22/41 late_source=1/7 scenario=2026_07_29_02_32_08 timestamp=000102 receiver=1 cavs=[1, 8, 11] pred_boxes=30 gt_boxes=51 comm_bytes=5856
frame=22/41 late_source=2/7 scenario=2026_07_29_02_32_08 timestamp=000102 receiver=10 cavs=[10, 9] pred_boxes=22 gt_boxes=38 comm_bytes=2912
frame=22/41 late_source=3/7 scenario=2026_07_29_02_32_08 timestamp=000102 receiver=12 cavs=[12, 7] pred_boxes=18 gt_boxes=37 comm_bytes=6544
frame=22/41 late_source=4/7 scenario=2026_07_29_02_32_08 timestamp=000102 receiver=13 cavs=[13, 14, 19] pred_boxes=4 gt_boxes=27 comm_bytes=13376
frame=22/41 late_source=5/7 scenario=2026_07_29_02_32_08 timestamp=000102 receiver=15 cavs=[15, 6] pred_boxes=19 gt_boxes=28 comm_bytes=6496
frame=22/41 late_source=6/7 scenario=2026_07_29_02_32_08 timestamp=000102 receiver=17 cavs=[17, 3, 18] pred_boxes=12 gt_boxes=21 comm_bytes=11136
frame=22/41 late_source=7/7 scenario=2026_07_29_02_32_08 timestamp=000102 receiver=20 cavs=[20, 5] pred_boxes=23 gt_boxes=36 comm_bytes=1568
sgcp_late_fusion frame=22/41 scenario=2026_07_29_02_32_08 timestamp=000102 sources=7 fused_pred_boxes=72 fused_gt_boxes=71
frame=23/41 late_source=1/7 scenario=2026_07_29_02_32_08 timestamp=000104 receiver=1 cavs=[1, 8, 11] pred_boxes=29 gt_boxes=52 comm_bytes=5904Format = auto
Extension = pcd
Format = auto
Extension = pcd
Format = auto
Extension = pcd
Format = auto
Extension = pcd
Format = auto
Extension = pcd
Format = auto
Extension = pcd
Format = auto
Extension = pcd
Format = auto
Extension = pcd
Format = auto
Extension = pcd
Format = auto
Extension = pcd
Format = auto
Extension = pcd
Format = auto
Extension = pcd
Format = auto
Extension = pcd
Format = auto
Extension = pcd
Format = auto
Extension = pcd
Format = auto
Extension = pcd
Format = auto
Extension = pcd
Format = auto
Extension = pcd
Format = auto
Extension = pcd
Format = auto
Extension = pcd
Format = auto
Extension = pcd
Format = auto
Extension = pcd
Format = auto
Extension = pcd
Format = auto
Extension = pcd
Format = auto
Extension = pcd
Format = auto
Extension = pcd
Format = auto
Extension = pcd
Format = auto
Extension = pcd
Format = auto
Extension = pcd
Format = auto
Extension = pcd
Format = auto
Extension = pcd
Format = auto
Extension = pcd
Format = auto
Extension = pcd
Format = auto
Extension = pcd
Format = auto
Extension = pcd
Format = auto
Extension = pcd
Format = auto
Extension = pcd
Format = auto
Extension = pcd
Format = auto
Extension = pcd
Format = auto
Extension = pcd
Format = auto
Extension = pcd
Format = auto
Extension = pcd
Format = auto
Extension = pcd
Format = auto
Extension = pcd
Format = auto
Extension = pcd
Format = auto
Extension = pcd
Format = auto
Extension = pcd
Format = auto
Extension = pcd
Format = auto
Extension = pcd
Format = auto
Extension = pcd
Format = auto
Extension = pcd
Format = auto
Extension = pcd
Format = auto
Extension = pcd
Format = auto
Extension = pcd
Format = auto
Extension = pcd
Format = auto
Extension = pcd
Format = auto
Extension = pcd
Format = auto
Extension = pcd
Format = auto
Extension = pcd
Format = auto
Extension = pcd
Format = auto
Extension = pcd
Format = auto
Extension = pcd
Format = auto
Extension = pcd
Format = auto
Extension = pcd
Format = auto
Extension = pcd
Format = auto
Extension = pcd
Format = auto
Extension = pcd
Format = auto
Extension = pcd
Format = auto
Extension = pcd
Format = auto
Extension = pcd
Format = auto
Extension = pcd
Format = auto
Extension = pcd
Format = auto
Extension = pcd
Format = auto
Extension = pcd
Format = auto
Extension = pcd
Format = auto
Extension = pcd
Format = auto
Extension = pcd
Format = auto
Extension = pcd
Format = auto
Extension = pcd
Format = auto
Extension = pcd
Format = auto
Extension = pcd
Format = auto
Extension = pcd
Format = auto
Extension = pcd
Format = auto
Extension = pcd
Format = auto
Extension = pcd
Format = auto
Extension = pcd
Format = auto
Extension = pcd
Format = auto
Extension = pcd
Format = auto
Extension = pcd
Format = auto
Extension = pcd
Format = auto
Extension = pcd
Format = auto
Extension = pcd
Format = auto
Extension = pcd
Format = auto
Extension = pcd
Format = auto
Extension = pcd
Format = auto
Extension = pcd
Format = auto
Extension = pcd
Format = auto
Extension = pcd
Format = auto
Extension = pcd
Format = auto
Extension = pcd
Format = auto
Extension = pcd
Format = auto
Extension = pcd
Format = auto
Extension = pcd
Format = auto
Extension = pcd
Format = auto
Extension = pcd
Format = auto
Extension = pcd
Format = auto
Extension = pcd
Format = auto
Extension = pcd
Format = auto
Extension = pcd
Format = auto
Extension = pcd
Format = auto
Extension = pcd
Format = auto
Extension = pcd
Format = auto
Extension = pcd
Format = auto
Extension = pcd
Format = auto
Extension = pcd
Format = auto
Extension = pcd
Format = auto
Extension = pcd
Format = auto
Extension = pcd
Format = auto
Extension = pcd
Format = auto
Extension = pcd
Format = auto
Extension = pcd
Format = auto
Extension = pcd
Format = auto
Extension = pcd
Format = auto
Extension = pcd
Format = auto
Extension = pcd
Format = auto
Extension = pcd
Format = auto
Extension = pcd
Format = auto
Extension = pcd
Format = auto
Extension = pcd
Format = auto
Extension = pcd
Format = auto
Extension = pcd
Format = auto
Extension = pcd
Format = auto
Extension = pcd
Format = auto
Extension = pcd
Format = auto
Extension = pcd
Format = auto
Extension = pcd
Format = auto
Extension = pcd
Format = auto
Extension = pcd
Format = auto
Extension = pcd
Format = auto
Extension = pcd

frame=23/41 late_source=2/7 scenario=2026_07_29_02_32_08 timestamp=000104 receiver=10 cavs=[10, 9] pred_boxes=21 gt_boxes=38 comm_bytes=2928
frame=23/41 late_source=3/7 scenario=2026_07_29_02_32_08 timestamp=000104 receiver=12 cavs=[12, 7] pred_boxes=21 gt_boxes=37 comm_bytes=6704
frame=23/41 late_source=4/7 scenario=2026_07_29_02_32_08 timestamp=000104 receiver=13 cavs=[13, 14, 19] pred_boxes=1 gt_boxes=26 comm_bytes=13120
frame=23/41 late_source=5/7 scenario=2026_07_29_02_32_08 timestamp=000104 receiver=15 cavs=[15, 6] pred_boxes=18 gt_boxes=28 comm_bytes=6144
frame=23/41 late_source=6/7 scenario=2026_07_29_02_32_08 timestamp=000104 receiver=17 cavs=[17, 3, 18] pred_boxes=12 gt_boxes=21 comm_bytes=11328
frame=23/41 late_source=7/7 scenario=2026_07_29_02_32_08 timestamp=000104 receiver=20 cavs=[20, 5] pred_boxes=23 gt_boxes=36 comm_bytes=1568
sgcp_late_fusion frame=23/41 scenario=2026_07_29_02_32_08 timestamp=000104 sources=7 fused_pred_boxes=72 fused_gt_boxes=71
frame=24/41 late_source=1/7 scenario=2026_07_29_02_32_08 timestamp=000106 receiver=1 cavs=[1, 8, 11] pred_boxes=25 gt_boxes=52 comm_bytes=5952
frame=24/41 late_source=2/7 scenario=2026_07_29_02_32_08 timestamp=000106 receiver=10 cavs=[10, 9] pred_boxes=21 gt_boxes=38 comm_bytes=3024
frame=24/41 late_source=3/7 scenario=2026_07_29_02_32_08 timestamp=000106 receiver=12 cavs=[12, 7] pred_boxes=20 gt_boxes=37 comm_bytes=6720
frame=24/41 late_source=4/7 scenario=2026_07_29_02_32_08 timestamp=000106 receiver=13 cavs=[13, 14, 19] pred_boxes=4 gt_boxes=26 comm_bytes=13136
frame=24/41 late_source=5/7 scenario=2026_07_29_02_32_08 timestamp=000106 receiver=15 cavs=[15, 6] pred_boxes=20 gt_boxes=28 comm_bytes=6368
frame=24/41 late_source=6/7 scenario=2026_07_29_02_32_08 timestamp=000106 receiver=17 cavs=[17, 3, 18] pred_boxes=13 gt_boxes=21 comm_bytes=11184
frame=24/41 late_source=7/7 scenario=2026_07_29_02_32_08 timestamp=000106 receiver=20 cavs=[20, 5] pred_boxes=25 gt_boxes=35 comm_bytes=1568
sgcp_late_fusion frame=24/41 scenario=2026_07_29_02_32_08 timestamp=000106 sources=7 fused_pred_boxes=72 fused_gt_boxes=70
frame=25/41 late_source=1/7 scenario=2026_07_29_02_32_08 timestamp=000108 receiver=1 cavs=[1, 2, 8] pred_boxes=30 gt_boxes=50 comm_bytes=5888
frame=25/41 late_source=2/7 scenario=2026_07_29_02_32_08 timestamp=000108 receiver=10 cavs=[10, 9] pred_boxes=21 gt_boxes=38 comm_bytes=3056
frame=25/41 late_source=3/7 scenario=2026_07_29_02_32_08 timestamp=000108 receiver=12 cavs=[12, 4, 7] pred_boxes=21 gt_boxes=50 comm_bytes=7744
frame=25/41 late_source=4/7 scenario=2026_07_29_02_32_08 timestamp=000108 receiver=13 cavs=[13, 14, 19] pred_boxes=1 gt_boxes=26 comm_bytes=13184
frame=25/41 late_source=5/7 scenario=2026_07_29_02_32_08 timestamp=000108 receiver=15 cavs=[15, 6] pred_boxes=20 gt_boxes=27 comm_bytes=6704
frame=25/41 late_source=6/7 scenario=2026_07_29_02_32_08 timestamp=000108 receiver=17 cavs=[17, 18] pred_boxes=12 gt_boxes=21 comm_bytes=10912
frame=25/41 late_source=7/7 scenario=2026_07_29_02_32_08 timestamp=000108 receiver=20 cavs=[20, 5] pred_boxes=22 gt_boxes=35 comm_bytes=1520
sgcp_late_fusion frame=25/41 scenario=2026_07_29_02_32_08 timestamp=000108 sources=7 fused_pred_boxes=71 fused_gt_boxes=70
frame=26/41 late_source=1/7 scenario=2026_07_29_02_32_08 timestamp=000110 receiver=1 cavs=[1, 2, 8] pred_boxes=23 gt_boxes=50 comm_bytes=5872
frame=26/41 late_source=2/7 scenario=2026_07_29_02_32_08 timestamp=000110 receiver=10 cavs=[10, 9] pred_boxes=24 gt_boxes=38 comm_bytes=3056
frame=26/41 late_source=3/7 scenario=2026_07_29_02_32_08 timestamp=000110 receiver=12 cavs=[12, 7] pred_boxes=22 gt_boxes=38 comm_bytes=7424
frame=26/41 late_source=4/7 scenario=2026_07_29_02_32_08 timestamp=000110 receiver=13 cavs=[13, 14, 19] pred_boxes=3 gt_boxes=26 comm_bytes=12576
frame=26/41 late_source=5/7 scenario=2026_07_29_02_32_08 timestamp=000110 receiver=15 cavs=[15, 6] pred_boxes=19 gt_boxes=27 comm_bytes=6384
frame=26/41 late_source=6/7 scenario=2026_07_29_02_32_08 timestamp=000110 receiver=17 cavs=[17, 3, 18] pred_boxes=10 gt_boxes=20 comm_bytes=11792
frame=26/41 late_source=7/7 scenario=2026_07_29_02_32_08 timestamp=000110 receiver=20 cavs=[20, 5] pred_boxes=21 gt_boxes=34 comm_bytes=1536
sgcp_late_fusion frame=26/41 scenario=2026_07_29_02_32_08 timestamp=000110 sources=7 fused_pred_boxes=66 fused_gt_boxes=69
frame=27/41 late_source=1/7 scenario=2026_07_29_02_32_08 timestamp=000112 receiver=1 cavs=[1, 2, 8] pred_boxes=25 gt_boxes=50 comm_bytes=5824
frame=27/41 late_source=2/7 scenario=2026_07_29_02_32_08 timestamp=000112 receiver=10 cavs=[10, 9] pred_boxes=22 gt_boxes=38 comm_bytes=3072
frame=27/41 late_source=3/7 scenario=2026_07_29_02_32_08 timestamp=000112 receiver=12 cavs=[12, 7] pred_boxes=19 gt_boxes=38 comm_bytes=7152
frame=27/41 late_source=4/7 scenario=2026_07_29_02_32_08 timestamp=000112 receiver=13 cavs=[13, 14, 19] pred_boxes=1 gt_boxes=26 comm_bytes=13072
frame=27/41 late_source=5/7 scenario=2026_07_29_02_32_08 timestamp=000112 receiver=15 cavs=[15, 6] pred_boxes=21 gt_boxes=27 comm_bytes=6288
frame=27/41 late_source=6/7 scenario=2026_07_29_02_32_08 timestamp=000112 receiver=17 cavs=[17, 3, 18] pred_boxes=9 gt_boxes=21 comm_bytes=11696
frame=27/41 late_source=7/7 scenario=2026_07_29_02_32_08 timestamp=000112 receiver=20 cavs=[20, 5] pred_boxes=24 gt_boxes=34 comm_bytes=1536
sgcp_late_fusion frame=27/41 scenario=2026_07_29_02_32_08 timestamp=000112 sources=7 fused_pred_boxes=64 fused_gt_boxes=69
frame=28/41 late_source=1/7 scenario=2026_07_29_02_32_08 timestamp=000114 receiver=1 cavs=[1, 2, 8] pred_boxes=28 gt_boxes=50 comm_bytes=5776
frame=28/41 late_source=2/7 scenario=2026_07_29_02_32_08 timestamp=000114 receiver=10 cavs=[10, 9] pred_boxes=25 gt_boxes=38 comm_bytes=3024
frame=28/41 late_source=3/7 scenario=2026_07_29_02_32_08 timestamp=000114 receiver=12 cavs=[12, 7] pred_boxes=21 gt_boxes=39 comm_bytes=7328
frame=28/41 late_source=4/7 scenario=2026_07_29_02_32_08 timestamp=000114 receiver=13 cavs=[13, 14, 19] pred_boxes=2 gt_boxes=25 comm_bytes=12944
frame=28/41 late_source=5/7 scenario=2026_07_29_02_32_08 timestamp=000114 receiver=15 cavs=[15, 6] pred_boxes=20 gt_boxes=27 comm_bytes=6512
frame=28/41 late_source=6/7 scenario=2026_07_29_02_32_08 timestamp=000114 receiver=17 cavs=[17, 3, 18] pred_boxes=11 gt_boxes=21 comm_bytes=11984
frame=28/41 late_source=7/7 scenario=2026_07_29_02_32_08 timestamp=000114 receiver=20 cavs=[20, 5] pred_boxes=22 gt_boxes=34 comm_bytes=1648
sgcp_late_fusion frame=28/41 scenario=2026_07_29_02_32_08 timestamp=000114 sources=7 fused_pred_boxes=68 fused_gt_boxes=68
frame=29/41 late_source=1/7 scenario=2026_07_29_02_32_08 timestamp=000116 receiver=1 cavs=[1, 2, 8] pred_boxes=28 gt_boxes=50 comm_bytes=5744
frame=29/41 late_source=2/7 scenario=2026_07_29_02_32_08 timestamp=000116 receiver=10 cavs=[10, 9] pred_boxes=22 gt_boxes=37 comm_bytes=2864
frame=29/41 late_source=3/7 scenario=2026_07_29_02_32_08 timestamp=000116 receiver=12 cavs=[12, 7] pred_boxes=21 gt_boxes=39 comm_bytes=7072
frame=29/41 late_source=4/7 scenario=2026_07_29_02_32_08 timestamp=000116 receiver=13 cavs=[13, 14, 19] pred_boxes=2 gt_boxes=25 comm_bytes=11920
frame=29/41 late_source=5/7 scenario=2026_07_29_02_32_08 timestamp=000116 receiver=15 cavs=[15, 6] pred_boxes=21 gt_boxes=28 comm_bytes=6432
frame=29/41 late_source=6/7 scenario=2026_07_29_02_32_08 timestamp=000116 receiver=17 cavs=[17, 3, 18] pred_boxes=10 gt_boxes=21 comm_bytes=12256
frame=29/41 late_source=7/7 scenario=2026_07_29_02_32_08 timestamp=000116 receiver=20 cavs=[20, 5] pred_boxes=23 gt_boxes=33 comm_bytes=1696
sgcp_late_fusion frame=29/41 scenario=2026_07_29_02_32_08 timestamp=000116 sources=7 fused_pred_boxes=69 fused_gt_boxes=68
frame=30/41 late_source=1/7 scenario=2026_07_29_02_32_08 timestamp=000118 receiver=1 cavs=[1, 8, 11] pred_boxes=29 gt_boxes=51 comm_bytes=5680
frame=30/41 late_source=2/7 scenario=2026_07_29_02_32_08 timestamp=000118 receiver=10 cavs=[10, 9] pred_boxes=25 gt_boxes=37 comm_bytes=2896
frame=30/41 late_source=3/7 scenario=2026_07_29_02_32_08 timestamp=000118 receiver=12 cavs=[12, 7] pred_boxes=27 gt_boxes=41 comm_bytes=7152
frame=30/41 late_source=4/7 scenario=2026_07_29_02_32_08 timestamp=000118 receiver=13 cavs=[13, 14, 19] pred_boxes=3 gt_boxes=25 comm_bytes=12048Format = auto
Extension = pcd
Format = auto
Extension = pcd
Format = auto
Extension = pcd
Format = auto
Extension = pcd
Format = auto
Extension = pcd
Format = auto
Extension = pcd
Format = auto
Extension = pcd
Format = auto
Extension = pcd
Format = auto
Extension = pcd
Format = auto
Extension = pcd
Format = auto
Extension = pcd
Format = auto
Extension = pcd
Format = auto
Extension = pcd
Format = auto
Extension = pcd
Format = auto
Extension = pcd
Format = auto
Extension = pcd
Format = auto
Extension = pcd
Format = auto
Extension = pcd
Format = auto
Extension = pcd
Format = auto
Extension = pcd
Format = auto
Extension = pcd
Format = auto
Extension = pcd
Format = auto
Extension = pcd
Format = auto
Extension = pcd
Format = auto
Extension = pcd
Format = auto
Extension = pcd
Format = auto
Extension = pcd
Format = auto
Extension = pcd
Format = auto
Extension = pcd
Format = auto
Extension = pcd
Format = auto
Extension = pcd
Format = auto
Extension = pcd
Format = auto
Extension = pcd
Format = auto
Extension = pcd
Format = auto
Extension = pcd
Format = auto
Extension = pcd
Format = auto
Extension = pcd
Format = auto
Extension = pcd
Format = auto
Extension = pcd
Format = auto
Extension = pcd
Format = auto
Extension = pcd
Format = auto
Extension = pcd
Format = auto
Extension = pcd
Format = auto
Extension = pcd
Format = auto
Extension = pcd
Format = auto
Extension = pcd
Format = auto
Extension = pcd
Format = auto
Extension = pcd
Format = auto
Extension = pcd
Format = auto
Extension = pcd
Format = auto
Extension = pcd
Format = auto
Extension = pcd
Format = auto
Extension = pcd
Format = auto
Extension = pcd
Format = auto
Extension = pcd
Format = auto
Extension = pcd
Format = auto
Extension = pcd
Format = auto
Extension = pcd
Format = auto
Extension = pcd
Format = auto
Extension = pcd
Format = auto
Extension = pcd
Format = auto
Extension = pcd
Format = auto
Extension = pcd
Format = auto
Extension = pcd
Format = auto
Extension = pcd
Format = auto
Extension = pcd
Format = auto
Extension = pcd
Format = auto
Extension = pcd
Format = auto
Extension = pcd
Format = auto
Extension = pcd
Format = auto
Extension = pcd
Format = auto
Extension = pcd
Format = auto
Extension = pcd
Format = auto
Extension = pcd
Format = auto
Extension = pcd
Format = auto
Extension = pcd
Format = auto
Extension = pcd
Format = auto
Extension = pcd
Format = auto
Extension = pcd
Format = auto
Extension = pcd
Format = auto
Extension = pcd
Format = auto
Extension = pcd
Format = auto
Extension = pcd
Format = auto
Extension = pcd
Format = auto
Extension = pcd
Format = auto
Extension = pcd
Format = auto
Extension = pcd
Format = auto
Extension = pcd
Format = auto
Extension = pcd
Format = auto
Extension = pcd
Format = auto
Extension = pcd
Format = auto
Extension = pcd
Format = auto
Extension = pcd
Format = auto
Extension = pcd
Format = auto
Extension = pcd
Format = auto
Extension = pcd
Format = auto
Extension = pcd
Format = auto
Extension = pcd
Format = auto
Extension = pcd
Format = auto
Extension = pcd
Format = auto
Extension = pcd
Format = auto
Extension = pcd
Format = auto
Extension = pcd
Format = auto
Extension = pcd
Format = auto
Extension = pcd
Format = auto
Extension = pcd
Format = auto
Extension = pcd
Format = auto
Extension = pcd
Format = auto
Extension = pcd
Format = auto
Extension = pcd
Format = auto
Extension = pcd
Format = auto
Extension = pcd
Format = auto
Extension = pcd
Format = auto
Extension = pcd
Format = auto
Extension = pcd
Format = auto
Extension = pcd
Format = auto
Extension = pcd
Format = auto
Extension = pcd
Format = auto
Extension = pcd
Format = auto
Extension = pcd
Format = auto
Extension = pcd
Format = auto
Extension = pcd
Format = auto
Extension = pcd
Format = auto
Extension = pcd
Format = auto
Extension = pcd
Format = auto
Extension = pcd
Format = auto
Extension = pcd
Format = auto
Extension = pcd
Format = auto
Extension = pcd
Format = auto
Extension = pcd
Format = auto
Extension = pcd
Format = auto
Extension = pcd
Format = auto
Extension = pcd
Format = auto
Extension = pcd
Format = auto
Extension = pcd
Format = auto
Extension = pcd
Format = auto
Extension = pcd
Format = auto
Extension = pcd
Format = auto
Extension = pcd
Format = auto
Extension = pcd

frame=30/41 late_source=5/7 scenario=2026_07_29_02_32_08 timestamp=000118 receiver=15 cavs=[15, 6] pred_boxes=20 gt_boxes=28 comm_bytes=6432
frame=30/41 late_source=6/7 scenario=2026_07_29_02_32_08 timestamp=000118 receiver=17 cavs=[17, 3, 18] pred_boxes=10 gt_boxes=21 comm_bytes=12256
frame=30/41 late_source=7/7 scenario=2026_07_29_02_32_08 timestamp=000118 receiver=20 cavs=[20, 5] pred_boxes=23 gt_boxes=33 comm_bytes=1600
sgcp_late_fusion frame=30/41 scenario=2026_07_29_02_32_08 timestamp=000118 sources=7 fused_pred_boxes=70 fused_gt_boxes=68
frame=31/41 late_source=1/7 scenario=2026_07_29_02_32_08 timestamp=000120 receiver=1 cavs=[1, 8, 11] pred_boxes=27 gt_boxes=51 comm_bytes=5680
frame=31/41 late_source=2/7 scenario=2026_07_29_02_32_08 timestamp=000120 receiver=10 cavs=[10, 9] pred_boxes=23 gt_boxes=37 comm_bytes=2912
frame=31/41 late_source=3/7 scenario=2026_07_29_02_32_08 timestamp=000120 receiver=12 cavs=[12, 7] pred_boxes=21 gt_boxes=41 comm_bytes=7360
frame=31/41 late_source=4/7 scenario=2026_07_29_02_32_08 timestamp=000120 receiver=13 cavs=[13, 14, 19] pred_boxes=1 gt_boxes=25 comm_bytes=11648
frame=31/41 late_source=5/7 scenario=2026_07_29_02_32_08 timestamp=000120 receiver=15 cavs=[15, 6] pred_boxes=20 gt_boxes=28 comm_bytes=6640
frame=31/41 late_source=6/7 scenario=2026_07_29_02_32_08 timestamp=000120 receiver=17 cavs=[17, 3, 18] pred_boxes=9 gt_boxes=21 comm_bytes=12896
frame=31/41 late_source=7/7 scenario=2026_07_29_02_32_08 timestamp=000120 receiver=20 cavs=[20, 5] pred_boxes=25 gt_boxes=33 comm_bytes=1584
sgcp_late_fusion frame=31/41 scenario=2026_07_29_02_32_08 timestamp=000120 sources=7 fused_pred_boxes=68 fused_gt_boxes=68
frame=32/41 late_source=1/7 scenario=2026_07_29_02_32_08 timestamp=000122 receiver=1 cavs=[1, 8, 11] pred_boxes=25 gt_boxes=50 comm_bytes=5808
frame=32/41 late_source=2/7 scenario=2026_07_29_02_32_08 timestamp=000122 receiver=10 cavs=[10, 9] pred_boxes=23 gt_boxes=38 comm_bytes=2912
frame=32/41 late_source=3/7 scenario=2026_07_29_02_32_08 timestamp=000122 receiver=12 cavs=[12, 7] pred_boxes=22 gt_boxes=41 comm_bytes=7392
frame=32/41 late_source=4/7 scenario=2026_07_29_02_32_08 timestamp=000122 receiver=13 cavs=[13, 14, 19] pred_boxes=1 gt_boxes=25 comm_bytes=11488
frame=32/41 late_source=5/7 scenario=2026_07_29_02_32_08 timestamp=000122 receiver=15 cavs=[15, 6] pred_boxes=21 gt_boxes=29 comm_bytes=6928
frame=32/41 late_source=6/7 scenario=2026_07_29_02_32_08 timestamp=000122 receiver=17 cavs=[17, 3, 18] pred_boxes=8 gt_boxes=21 comm_bytes=12960
frame=32/41 late_source=7/7 scenario=2026_07_29_02_32_08 timestamp=000122 receiver=20 cavs=[20, 5] pred_boxes=22 gt_boxes=33 comm_bytes=1616
sgcp_late_fusion frame=32/41 scenario=2026_07_29_02_32_08 timestamp=000122 sources=7 fused_pred_boxes=69 fused_gt_boxes=68
frame=33/41 late_source=1/7 scenario=2026_07_29_02_32_08 timestamp=000124 receiver=1 cavs=[1, 8, 11] pred_boxes=27 gt_boxes=48 comm_bytes=5840
frame=33/41 late_source=2/7 scenario=2026_07_29_02_32_08 timestamp=000124 receiver=10 cavs=[10, 9] pred_boxes=21 gt_boxes=37 comm_bytes=2912
frame=33/41 late_source=3/7 scenario=2026_07_29_02_32_08 timestamp=000124 receiver=12 cavs=[12, 7] pred_boxes=21 gt_boxes=40 comm_bytes=7264
frame=33/41 late_source=4/7 scenario=2026_07_29_02_32_08 timestamp=000124 receiver=13 cavs=[13, 14, 19] pred_boxes=1 gt_boxes=24 comm_bytes=11632
frame=33/41 late_source=5/7 scenario=2026_07_29_02_32_08 timestamp=000124 receiver=15 cavs=[15, 6] pred_boxes=20 gt_boxes=30 comm_bytes=6768
frame=33/41 late_source=6/7 scenario=2026_07_29_02_32_08 timestamp=000124 receiver=17 cavs=[17, 3, 18] pred_boxes=9 gt_boxes=22 comm_bytes=13120
frame=33/41 late_source=7/7 scenario=2026_07_29_02_32_08 timestamp=000124 receiver=20 cavs=[20, 5] pred_boxes=22 gt_boxes=33 comm_bytes=1728
sgcp_late_fusion frame=33/41 scenario=2026_07_29_02_32_08 timestamp=000124 sources=7 fused_pred_boxes=65 fused_gt_boxes=68
frame=34/41 late_source=1/7 scenario=2026_07_29_02_32_08 timestamp=000126 receiver=1 cavs=[1, 8, 11] pred_boxes=25 gt_boxes=48 comm_bytes=5856
frame=34/41 late_source=2/7 scenario=2026_07_29_02_32_08 timestamp=000126 receiver=10 cavs=[10, 9] pred_boxes=22 gt_boxes=37 comm_bytes=2912
frame=34/41 late_source=3/7 scenario=2026_07_29_02_32_08 timestamp=000126 receiver=12 cavs=[12, 7] pred_boxes=21 gt_boxes=40 comm_bytes=7360
frame=34/41 late_source=4/7 scenario=2026_07_29_02_32_08 timestamp=000126 receiver=13 cavs=[13, 14, 19] pred_boxes=0 gt_boxes=24 comm_bytes=11344
frame=34/41 late_source=5/7 scenario=2026_07_29_02_32_08 timestamp=000126 receiver=15 cavs=[15, 6] pred_boxes=23 gt_boxes=31 comm_bytes=6528
frame=34/41 late_source=6/7 scenario=2026_07_29_02_32_08 timestamp=000126 receiver=17 cavs=[17, 3, 18] pred_boxes=10 gt_boxes=22 comm_bytes=13504
frame=34/41 late_source=7/7 scenario=2026_07_29_02_32_08 timestamp=000126 receiver=20 cavs=[20, 5] pred_boxes=26 gt_boxes=33 comm_bytes=1952
sgcp_late_fusion frame=34/41 scenario=2026_07_29_02_32_08 timestamp=000126 sources=7 fused_pred_boxes=69 fused_gt_boxes=68
frame=35/41 late_source=1/7 scenario=2026_07_29_02_32_08 timestamp=000128 receiver=1 cavs=[1, 8, 11] pred_boxes=25 gt_boxes=49 comm_bytes=5840
frame=35/41 late_source=2/7 scenario=2026_07_29_02_32_08 timestamp=000128 receiver=10 cavs=[10, 9] pred_boxes=24 gt_boxes=37 comm_bytes=2928
frame=35/41 late_source=3/7 scenario=2026_07_29_02_32_08 timestamp=000128 receiver=12 cavs=[12, 7] pred_boxes=22 gt_boxes=39 comm_bytes=7312
frame=35/41 late_source=4/7 scenario=2026_07_29_02_32_08 timestamp=000128 receiver=13 cavs=[13, 14, 19] pred_boxes=2 gt_boxes=24 comm_bytes=11584
frame=35/41 late_source=5/7 scenario=2026_07_29_02_32_08 timestamp=000128 receiver=15 cavs=[15, 6] pred_boxes=20 gt_boxes=30 comm_bytes=6672
frame=35/41 late_source=6/7 scenario=2026_07_29_02_32_08 timestamp=000128 receiver=17 cavs=[17, 3, 18] pred_boxes=11 gt_boxes=22 comm_bytes=13792
frame=35/41 late_source=7/7 scenario=2026_07_29_02_32_08 timestamp=000128 receiver=20 cavs=[20, 5] pred_boxes=22 gt_boxes=33 comm_bytes=2304
sgcp_late_fusion frame=35/41 scenario=2026_07_29_02_32_08 timestamp=000128 sources=7 fused_pred_boxes=68 fused_gt_boxes=68
frame=36/41 late_source=1/7 scenario=2026_07_29_02_32_08 timestamp=000130 receiver=1 cavs=[1, 2, 8] pred_boxes=24 gt_boxes=48 comm_bytes=6144
frame=36/41 late_source=2/7 scenario=2026_07_29_02_32_08 timestamp=000130 receiver=10 cavs=[10, 9] pred_boxes=22 gt_boxes=37 comm_bytes=3008
frame=36/41 late_source=3/7 scenario=2026_07_29_02_32_08 timestamp=000130 receiver=12 cavs=[12, 7] pred_boxes=22 gt_boxes=37 comm_bytes=7392
frame=36/41 late_source=4/7 scenario=2026_07_29_02_32_08 timestamp=000130 receiver=13 cavs=[13, 14, 19] pred_boxes=2 gt_boxes=24 comm_bytes=11984
frame=36/41 late_source=5/7 scenario=2026_07_29_02_32_08 timestamp=000130 receiver=15 cavs=[15, 6] pred_boxes=18 gt_boxes=29 comm_bytes=6672
frame=36/41 late_source=6/7 scenario=2026_07_29_02_32_08 timestamp=000130 receiver=17 cavs=[17, 3, 18] pred_boxes=10 gt_boxes=21 comm_bytes=13840
frame=36/41 late_source=7/7 scenario=2026_07_29_02_32_08 timestamp=000130 receiver=20 cavs=[20, 5] pred_boxes=22 gt_boxes=32 comm_bytes=2464
sgcp_late_fusion frame=36/41 scenario=2026_07_29_02_32_08 timestamp=000130 sources=7 fused_pred_boxes=66 fused_gt_boxes=67
frame=37/41 late_source=1/7 scenario=2026_07_29_02_32_08 timestamp=000132 receiver=1 cavs=[1, 8, 11] pred_boxes=24 gt_boxes=48 comm_bytes=6048
frame=37/41 late_source=2/7 scenario=2026_07_29_02_32_08 timestamp=000132 receiver=10 cavs=[10, 9] pred_boxes=22 gt_boxes=37 comm_bytes=3008
frame=37/41 late_source=3/7 scenario=2026_07_29_02_32_08 timestamp=000132 receiver=12 cavs=[12, 7] pred_boxes=20 gt_boxes=36 comm_bytes=7504
frame=37/41 late_source=4/7 scenario=2026_07_29_02_32_08 timestamp=000132 receiver=13 cavs=[13, 14, 19] pred_boxes=1 gt_boxes=24 comm_bytes=12512
frame=37/41 late_source=5/7 scenario=2026_07_29_02_32_08 timestamp=000132 receiver=15 cavs=[15, 6] pred_boxes=23 gt_boxes=29 comm_bytes=7168
frame=37/41 late_source=6/7 scenario=2026_07_29_02_32_08 timestamp=000132 receiver=17 cavs=[17, 3, 18] pred_boxes=10 gt_boxes=21 comm_bytes=14048Format = auto
Extension = pcd
Format = auto
Extension = pcd
Format = auto
Extension = pcd
Format = auto
Extension = pcd
Format = auto
Extension = pcd
Format = auto
Extension = pcd
Format = auto
Extension = pcd
Format = auto
Extension = pcd
Format = auto
Extension = pcd
Format = auto
Extension = pcd
Format = auto
Extension = pcd
Format = auto
Extension = pcd
Format = auto
Extension = pcd
Format = auto
Extension = pcd
Format = auto
Extension = pcd
Format = auto
Extension = pcd
Format = auto
Extension = pcd
Format = auto
Extension = pcd
Format = auto
Extension = pcd
Format = auto
Extension = pcd
Format = auto
Extension = pcd
Format = auto
Extension = pcd
Format = auto
Extension = pcd
Format = auto
Extension = pcd
Format = auto
Extension = pcd
Format = auto
Extension = pcd
Format = auto
Extension = pcd
Format = auto
Extension = pcd
Format = auto
Extension = pcd
Format = auto
Extension = pcd
Format = auto
Extension = pcd
Format = auto
Extension = pcd
Format = auto
Extension = pcd
Format = auto
Extension = pcd
Format = auto
Extension = pcd
Format = auto
Extension = pcd
Format = auto
Extension = pcd
Format = auto
Extension = pcd
Format = auto
Extension = pcd
Format = auto
Extension = pcd
Format = auto
Extension = pcd
Format = auto
Extension = pcd
Format = auto
Extension = pcd
Format = auto
Extension = pcd
Format = auto
Extension = pcd
Format = auto
Extension = pcd
Format = auto
Extension = pcd
Format = auto
Extension = pcd
Format = auto
Extension = pcd
Format = auto
Extension = pcd
Format = auto
Extension = pcd
Format = auto
Extension = pcd
Format = auto
Extension = pcd
Format = auto
Extension = pcd
Format = auto
Extension = pcd
Format = auto
Extension = pcd
Format = auto
Extension = pcd
Format = auto
Extension = pcd
Format = auto
Extension = pcd
Format = auto
Extension = pcd
Format = auto
Extension = pcd
Format = auto
Extension = pcd
Format = auto
Extension = pcd
Format = auto
Extension = pcd
Format = auto
Extension = pcd
Format = auto
Extension = pcd
Format = auto
Extension = pcd
Format = auto
Extension = pcd
Format = auto
Extension = pcd
Format = auto
Extension = pcd
Format = auto
Extension = pcd
Format = auto
Extension = pcd
Format = auto
Extension = pcd
Format = auto
Extension = pcd
Format = auto
Extension = pcd
Format = auto
Extension = pcd
Format = auto
Extension = pcd
Format = auto
Extension = pcd
Format = auto
Extension = pcd
Format = auto
Extension = pcd
C:\Users\sakakibara\miniconda3\envs\opencda\lib\site-packages\torch\nn\functional.py:1806: UserWarning: nn.functional.sigmoid is deprecated. Use torch.sigmoid instead.
  warnings.warn("nn.functional.sigmoid is deprecated. Use torch.sigmoid instead.")

frame=37/41 late_source=7/7 scenario=2026_07_29_02_32_08 timestamp=000132 receiver=20 cavs=[20, 5] pred_boxes=24 gt_boxes=33 comm_bytes=3104
sgcp_late_fusion frame=37/41 scenario=2026_07_29_02_32_08 timestamp=000132 sources=7 fused_pred_boxes=67 fused_gt_boxes=67
frame=38/41 late_source=1/7 scenario=2026_07_29_02_32_08 timestamp=000134 receiver=1 cavs=[1, 8, 11] pred_boxes=25 gt_boxes=47 comm_bytes=6096
frame=38/41 late_source=2/7 scenario=2026_07_29_02_32_08 timestamp=000134 receiver=10 cavs=[10, 9] pred_boxes=22 gt_boxes=37 comm_bytes=3024
frame=38/41 late_source=3/7 scenario=2026_07_29_02_32_08 timestamp=000134 receiver=12 cavs=[12, 7] pred_boxes=22 gt_boxes=36 comm_bytes=7424
frame=38/41 late_source=4/7 scenario=2026_07_29_02_32_08 timestamp=000134 receiver=13 cavs=[13, 14, 19] pred_boxes=1 gt_boxes=24 comm_bytes=12496
frame=38/41 late_source=5/7 scenario=2026_07_29_02_32_08 timestamp=000134 receiver=15 cavs=[15, 6] pred_boxes=19 gt_boxes=31 comm_bytes=7056
frame=38/41 late_source=6/7 scenario=2026_07_29_02_32_08 timestamp=000134 receiver=17 cavs=[17, 3, 18] pred_boxes=11 gt_boxes=20 comm_bytes=14128
frame=38/41 late_source=7/7 scenario=2026_07_29_02_32_08 timestamp=000134 receiver=20 cavs=[20, 5] pred_boxes=23 gt_boxes=33 comm_bytes=3136
sgcp_late_fusion frame=38/41 scenario=2026_07_29_02_32_08 timestamp=000134 sources=7 fused_pred_boxes=69 fused_gt_boxes=67
frame=39/41 late_source=1/6 scenario=2026_07_29_02_32_08 timestamp=000136 receiver=1 cavs=[1, 11, 15] pred_boxes=28 gt_boxes=47 comm_bytes=7456
frame=39/41 late_source=2/6 scenario=2026_07_29_02_32_08 timestamp=000136 receiver=4 cavs=[4, 7, 8] pred_boxes=27 gt_boxes=53 comm_bytes=6896
frame=39/41 late_source=3/6 scenario=2026_07_29_02_32_08 timestamp=000136 receiver=6 cavs=[6] pred_boxes=13 gt_boxes=17 comm_bytes=0
frame=39/41 late_source=4/6 scenario=2026_07_29_02_32_08 timestamp=000136 receiver=17 cavs=[17, 16, 18] pred_boxes=10 gt_boxes=23 comm_bytes=14736
frame=39/41 late_source=5/6 scenario=2026_07_29_02_32_08 timestamp=000136 receiver=19 cavs=[19, 10, 13] pred_boxes=7 gt_boxes=33 comm_bytes=7600
frame=39/41 late_source=6/6 scenario=2026_07_29_02_32_08 timestamp=000136 receiver=20 cavs=[20, 5, 14] pred_boxes=24 gt_boxes=34 comm_bytes=18080
sgcp_late_fusion frame=39/41 scenario=2026_07_29_02_32_08 timestamp=000136 sources=6 fused_pred_boxes=64 fused_gt_boxes=67
frame=40/41 late_source=1/6 scenario=2026_07_29_02_32_08 timestamp=000138 receiver=1 cavs=[1, 11, 15] pred_boxes=28 gt_boxes=48 comm_bytes=7424
frame=40/41 late_source=2/6 scenario=2026_07_29_02_32_08 timestamp=000138 receiver=4 cavs=[4, 7, 8] pred_boxes=29 gt_boxes=54 comm_bytes=7056
frame=40/41 late_source=3/6 scenario=2026_07_29_02_32_08 timestamp=000138 receiver=6 cavs=[6] pred_boxes=14 gt_boxes=17 comm_bytes=0
frame=40/41 late_source=4/6 scenario=2026_07_29_02_32_08 timestamp=000138 receiver=17 cavs=[17, 16, 18] pred_boxes=11 gt_boxes=22 comm_bytes=14928
frame=40/41 late_source=5/6 scenario=2026_07_29_02_32_08 timestamp=000138 receiver=19 cavs=[19, 10, 13] pred_boxes=8 gt_boxes=33 comm_bytes=7984
frame=40/41 late_source=6/6 scenario=2026_07_29_02_32_08 timestamp=000138 receiver=20 cavs=[20, 5, 14] pred_boxes=23 gt_boxes=34 comm_bytes=18368
sgcp_late_fusion frame=40/41 scenario=2026_07_29_02_32_08 timestamp=000138 sources=6 fused_pred_boxes=65 fused_gt_boxes=67
frame=41/41 late_source=1/6 scenario=2026_07_29_02_32_08 timestamp=000140 receiver=1 cavs=[1, 8, 11] pred_boxes=22 gt_boxes=48 comm_bytes=6112
frame=41/41 late_source=2/6 scenario=2026_07_29_02_32_08 timestamp=000140 receiver=12 cavs=[12, 7] pred_boxes=19 gt_boxes=36 comm_bytes=7472
frame=41/41 late_source=3/6 scenario=2026_07_29_02_32_08 timestamp=000140 receiver=15 cavs=[15, 6] pred_boxes=22 gt_boxes=30 comm_bytes=6704
frame=41/41 late_source=4/6 scenario=2026_07_29_02_32_08 timestamp=000140 receiver=17 cavs=[17, 16, 18] pred_boxes=10 gt_boxes=23 comm_bytes=15152
frame=41/41 late_source=5/6 scenario=2026_07_29_02_32_08 timestamp=000140 receiver=19 cavs=[19, 10, 13] pred_boxes=7 gt_boxes=33 comm_bytes=8352
frame=41/41 late_source=6/6 scenario=2026_07_29_02_32_08 timestamp=000140 receiver=20 cavs=[20, 5, 14] pred_boxes=23 gt_boxes=34 comm_bytes=19216
sgcp_late_fusion frame=41/41 scenario=2026_07_29_02_32_08 timestamp=000140 sources=6 fused_pred_boxes=63 fused_gt_boxes=66
cp counter: 41
Evaluate final average precision results:
  - Fusion method: early
  - The Average Precision at IOU 0.3 is 0.80, The Average Precision at IOU 0.5 is 0.73, The Average Precision at IOU 0.7 is 0.50
sgcp_summary frames=284 avg_comm_bytes=7158.42 total_comm_bytes=2032992 avg_source_cavs=2.44 avg_selected_grids=39.44
