conda.exe : C:\Users\sakakibara\miniconda3\envs\opencda\lib\site-packages\torch\nn\functional.py:1806: UserWarning: nn.
functional.sigmoid is deprecated. Use torch.sigmoid instead.
At C:\Users\sakakibara\miniconda3\shell\condabin\Conda.psm1:194 char:17
+ ...             & $Env:CONDA_EXE $Env:_CE_M $Env:_CE_CONDA $Command @Othe ...
+                 ~~~~~~~~~~~~~~~~~~~~~~~~~~~~~~~~~~~~~~~~~~~~~~~~~~~~~~~~~
    + CategoryInfo          : NotSpecified: (C:\Users\sakaki...igmoid instead.:String) [], RemoteException
    + FullyQualifiedErrorId : NativeCommandError
 
  warnings.warn("nn.functional.sigmoid is deprecated. Use torch.sigmoid instead.")
Format = auto
Extension = pcd
Format = auto
Extension = pcd
Format = auto
Extension = pcd
Format = auto
Extension = pcd
Format = auto
Extension = pcd
Format = auto
Extension = pcd
Format = auto
Extension = pcd
Format = auto
Extension = pcd
Format = auto
Extension = pcd
Format = auto
Extension = pcd
Format = auto
Extension = pcd
Format = auto
Extension = pcd
Format = auto
Extension = pcd
Format = auto
Extension = pcd
Format = auto
Extension = pcd
Format = auto
Extension = pcd
Format = auto
Extension = pcd
Format = auto
Extension = pcd
Format = auto
Extension = pcd
Format = auto
Extension = pcd
Format = auto
Extension = pcd
Format = auto
Extension = pcd
Format = auto
Extension = pcd
Format = auto
Extension = pcd
Format = auto
Extension = pcd
Format = auto
Extension = pcd
Format = auto
Extension = pcd
Format = auto
Extension = pcd
Format = auto
Extension = pcd
Format = auto
Extension = pcd
Format = auto
Extension = pcd
Format = auto
Extension = pcd
Format = auto
Extension = pcd
Format = auto
Extension = pcd
Format = auto
Extension = pcd
Format = auto
Extension = pcd
Format = auto
Extension = pcd
Format = auto
Extension = pcd
Format = auto
Extension = pcd
Format = auto
Extension = pcd
Format = auto
Extension = pcd
Format = auto
Extension = pcd
Format = auto
Extension = pcd
Format = auto
Extension = pcd
Format = auto
Extension = pcd
Format = auto
Extension = pcd
Format = auto
Extension = pcd
Format = auto
Extension = pcd
Format = auto
Extension = pcd
Format = auto
Extension = pcd
Format = auto
Extension = pcd
Format = auto
Extension = pcd
Format = auto
Extension = pcd
Format = auto
Extension = pcd
Format = auto
Extension = pcd
Format = auto
Extension = pcd
Format = auto
Extension = pcd
Format = auto
Extension = pcd
Format = auto
Extension = pcd
Format = auto
Extension = pcd
Format = auto
Extension = pcd
Format = auto
Extension = pcd
Format = auto
Extension = pcd
Format = auto
Extension = pcd
Format = auto
Extension = pcd
Format = auto
Extension = pcd
Format = auto
Extension = pcd
Format = auto
Extension = pcd
Format = auto
Extension = pcd
Format = auto
Extension = pcd
Format = auto
Extension = pcd
Format = auto
Extension = pcd
Format = auto
Extension = pcd
Format = auto
Extension = pcd
Format = auto
Extension = pcd
Format = auto
Extension = pcd
Format = auto
Extension = pcd
Format = auto
Extension = pcd
Format = auto
Extension = pcd
Format = auto
Extension = pcd
Format = auto
Extension = pcd
Format = auto
Extension = pcd
Format = auto
Extension = pcd
Format = auto
Extension = pcd
Format = auto
Extension = pcd
Format = auto
Extension = pcd
Format = auto
Extension = pcd
Format = auto
Extension = pcd
Format = auto
Extension = pcd
Format = auto
Extension = pcd
Format = auto
Extension = pcd
Format = auto
Extension = pcd
Format = auto
Extension = pcd
Format = auto
Extension = pcd
Format = auto
Extension = pcd
Format = auto
Extension = pcd
Format = auto
Extension = pcd
Format = auto
Extension = pcd
Format = auto
Extension = pcd
Format = auto
Extension = pcd
Format = auto
Extension = pcd
Format = auto
Extension = pcd
Format = auto
Extension = pcd
Format = auto
Extension = pcd
Format = auto
Extension = pcd
Format = auto
Extension = pcd
Format = auto
Extension = pcd
Format = auto
Extension = pcd
Format = auto
Extension = pcd
Format = auto
Extension = pcd
Format = auto
Extension = pcd
Format = auto
Extension = pcd
Format = auto
Extension = pcd
Format = auto
Extension = pcd
Format = auto
Extension = pcd
Format = auto
Extension = pcd
Format = auto
Extension = pcd
Format = auto
Extension = pcd
Format = auto
Extension = pcd
Format = auto
Extension = pcd
Format = auto
Extension = pcd
Format = auto
Extension = pcd
Format = auto
Extension = pcd
Format = auto
Extension = pcd
Format = auto
Extension = pcd
Format = auto
Extension = pcd
Format = auto
Extension = pcd
Format = auto
Extension = pcd
Format = auto
Extension = pcd
Format = auto
Extension = pcd
Format = auto
Extension = pcd
Format = auto
Extension = pcd
Format = auto
Extension = pcd
Format = auto
Extension = pcd
Format = auto
Extension = pcd
Format = auto
Extension = pcd
Format = auto
Extension = pcd
Format = auto
Extension = pcd
Format = auto
Extension = pcd
Format = auto
Extension = pcd
Format = auto
Extension = pcd
Format = auto
Extension = pcd
Format = auto
Extension = pcd
Format = auto
Extension = pcd
Format = auto
Extension = pcd
Format = auto
Extension = pcd
Format = auto
Extension = pcd
Format = auto
Extension = pcd
Format = auto
Extension = pcd
Format = auto
Extension = pcd
Format = auto
Extension = pcd
Format = auto
Extension = pcd
Format = auto
Extension = pcd
Format = auto
Extension = pcd
Format = auto
Extension = pcd
Format = auto
Extension = pcd
Format = auto
Extension = pcd
Format = auto
Extension = pcd
Format = auto
Extension = pcd
Format = auto
Extension = pcd
Format = auto
Extension = pcd
Format = auto
Extension = pcd
Format = auto
Extension = pcd
Format = auto
Extension = pcd
Format = auto
Extension = pcd
Format = auto
Extension = pcd
Format = auto
Extension = pcd
Format = auto
Extension = pcd
Format = auto
Extension = pcd
Format = auto
Extension = pcd
Format = auto
Extension = pcd
Format = auto
Extension = pcd
Format = auto
Extension = pcd
Format = auto
Extension = pcd
Format = auto
Extension = pcd
Format = auto
Extension = pcd
Format = auto
Extension = pcd
Format = auto
Extension = pcd
Format = auto
Extension = pcd
Format = auto
Extension = pcd
resuming by loading epoch 10000
frame=1/41 late_source=1/6 scenario=2026_07_15_01_26_56 timestamp=000060 receiver=4 cavs=[4, 12] pred_boxes=14 gt_boxes=34 comm_bytes=77136
frame=1/41 late_source=2/6 scenario=2026_07_15_01_26_56 timestamp=000060 receiver=11 cavs=[11, 10] pred_boxes=16 gt_boxes=38 comm_bytes=78448
frame=1/41 late_source=3/6 scenario=2026_07_15_01_26_56 timestamp=000060 receiver=13 cavs=[13, 14] pred_boxes=0 gt_boxes=11 comm_bytes=79680
frame=1/41 late_source=4/6 scenario=2026_07_15_01_26_56 timestamp=000060 receiver=15 cavs=[15, 6] pred_boxes=13 gt_boxes=17 comm_bytes=71424
frame=1/41 late_source=5/6 scenario=2026_07_15_01_26_56 timestamp=000060 receiver=16 cavs=[16, 20] pred_boxes=7 gt_boxes=26 comm_bytes=77664
frame=1/41 late_source=6/6 scenario=2026_07_15_01_26_56 timestamp=000060 receiver=17 cavs=[17, 3] pred_boxes=4 gt_boxes=16 comm_bytes=77456
sgcp_late_fusion frame=1/41 scenario=2026_07_15_01_26_56 timestamp=000060 sources=6 fused_pred_boxes=52 fused_gt_boxes=66
frame=2/41 late_source=1/6 scenario=2026_07_15_01_26_56 timestamp=000062 receiver=4 cavs=[4, 12] pred_boxes=10 gt_boxes=35 comm_bytes=76992
frame=2/41 late_source=2/6 scenario=2026_07_15_01_26_56 timestamp=000062 receiver=11 cavs=[11, 10] pred_boxes=16 gt_boxes=37 comm_bytes=78528
frame=2/41 late_source=3/6 scenario=2026_07_15_01_26_56 timestamp=000062 receiver=13 cavs=[13, 14] pred_boxes=1 gt_boxes=11 comm_bytes=79488
frame=2/41 late_source=4/6 scenario=2026_07_15_01_26_56 timestamp=000062 receiver=15 cavs=[15, 6] pred_boxes=12 gt_boxes=17 comm_bytes=71472
frame=2/41 late_source=5/6 scenario=2026_07_15_01_26_56 timestamp=000062 receiver=16 cavs=[16, 20] pred_boxes=8 gt_boxes=26 comm_bytes=77648
frame=2/41 late_source=6/6 scenario=2026_07_15_01_26_56 timestamp=000062 receiver=17 cavs=[17, 3] pred_boxes=3 gt_boxes=15 comm_bytes=77312
sgcp_late_fusion frame=2/41 scenario=2026_07_15_01_26_56 timestamp=000062 sources=6 fused_pred_boxes=48 fused_gt_boxes=65
frame=3/41 late_source=1/6 scenario=2026_07_15_01_26_56 timestamp=000064 receiver=4 cavs=[4, 12] pred_boxes=7 gt_boxes=35 comm_bytes=77040
frame=3/41 late_source=2/6 scenario=2026_07_15_01_26_56 timestamp=000064 receiver=11 cavs=[11, 10] pred_boxes=19 gt_boxes=36 comm_bytes=78384
frame=3/41 late_source=3/6 scenario=2026_07_15_01_26_56 timestamp=000064 receiver=13 cavs=[13, 14] pred_boxes=2 gt_boxes=11 comm_bytes=79552
frame=3/41 late_source=4/6 scenario=2026_07_15_01_26_56 timestamp=000064 receiver=15 cavs=[15, 6] pred_boxes=12 gt_boxes=17 comm_bytes=71920
frame=3/41 late_source=5/6 scenario=2026_07_15_01_26_56 timestamp=000064 receiver=16 cavs=[16, 20] pred_boxes=9 gt_boxes=26 comm_bytes=77664
frame=3/41 late_source=6/6 scenario=2026_07_15_01_26_56 timestamp=000064 receiver=17 cavs=[17, 3] pred_boxes=4 gt_boxes=15 comm_bytes=77152
sgcp_late_fusion frame=3/41 scenario=2026_07_15_01_26_56 timestamp=000064 sources=6 fused_pred_boxes=49 fused_gt_boxes=66
frame=4/41 late_source=1/6 scenario=2026_07_15_01_26_56 timestamp=000066 receiver=4 cavs=[4, 12] pred_boxes=7 gt_boxes=34 comm_bytes=76992
frame=4/41 late_source=2/6 scenario=2026_07_15_01_26_56 timestamp=000066 receiver=11 cavs=[11, 10] pred_boxes=16 gt_boxes=38 comm_bytes=78512
frame=4/41 late_source=3/6 scenario=2026_07_15_01_26_56 timestamp=000066 receiver=13 cavs=[13, 14] pred_boxes=1 gt_boxes=11 comm_bytes=79328
frame=4/41 late_source=4/6 scenario=2026_07_15_01_26_56 timestamp=000066 receiver=15 cavs=[15, 6] pred_boxes=12 gt_boxes=17 comm_bytes=71888
frame=4/41 late_source=5/6 scenario=2026_07_15_01_26_56 timestamp=000066 receiver=16 cavs=[16, 20] pred_boxes=8 gt_boxes=25 comm_bytes=77664
frame=4/41 late_source=6/6 scenario=2026_07_15_01_26_56 timestamp=000066 receiver=17 cavs=[17, 3] pred_boxes=3 gt_boxes=15 comm_bytes=77216
sgcp_late_fusion frame=4/41 scenario=2026_07_15_01_26_56 timestamp=000066 sources=6 fused_pred_boxes=45 fused_gt_boxes=67
frame=5/41 late_source=1/6 scenario=2026_07_15_01_26_56 timestamp=000068 receiver=4 cavs=[4, 12] pred_boxes=9 gt_boxes=35 comm_bytes=76848
frame=5/41 late_source=2/6 scenario=2026_07_15_01_26_56 timestamp=000068 receiver=11 cavs=[11, 10] pred_boxes=17 gt_boxes=36 comm_bytes=78192
frame=5/41 late_source=3/6 scenario=2026_07_15_01_26_56 timestamp=000068 receiver=13 cavs=[13, 14] pred_boxes=1 gt_boxes=11 comm_bytes=79136
frame=5/41 late_source=4/6 scenario=2026_07_15_01_26_56 timestamp=000068 receiver=15 cavs=[15, 6] pred_boxes=12 gt_boxes=16 comm_bytes=72016
frame=5/41 late_source=5/6 scenario=2026_07_15_01_26_56 timestamp=000068 receiver=16 cavs=[16, 20] pred_boxes=9 gt_boxes=25 comm_bytes=77664
frame=5/41 late_source=6/6 scenario=2026_07_15_01_26_56 timestamp=000068 receiver=17 cavs=[17, 3] pred_boxes=4 gt_boxes=15 comm_bytes=77424
sgcp_late_fusion frame=5/41 scenario=2026_07_15_01_26_56 timestamp=000068 sources=6 fused_pred_boxes=48 fused_gt_boxes=65
frame=6/41 late_source=1/6 scenario=2026_07_15_01_26_56 timestamp=000070 receiver=4 cavs=[4, 12] pred_boxes=8 gt_boxes=35 comm_bytes=76896
frame=6/41 late_source=2/6 scenario=2026_07_15_01_26_56 timestamp=000070 receiver=11 cavs=[11, 10] pred_boxes=15 gt_boxes=36 comm_bytes=78384
frame=6/41 late_source=3/6 scenario=2026_07_15_01_26_56 timestamp=000070 receiver=13 cavs=[13, 14] pred_boxes=1 gt_boxes=11 comm_bytes=78976
frame=6/41 late_source=4/6 scenario=2026_07_15_01_26_56 timestamp=000070 receiver=15 cavs=[15, 6] pred_boxes=12 gt_boxes=16 comm_bytes=72112
frame=6/41 late_source=5/6 scenario=2026_07_15_01_26_56 timestamp=000070 receiver=16 cavs=[16, 20] pred_boxes=8 gt_boxes=25 comm_bytes=77648
frame=6/41 late_source=6/6 scenario=2026_07_15_01_26_56 timestamp=000070 receiver=17 cavs=[17, 3] pred_boxes=3 gt_boxes=15 comm_bytes=77008
sgcp_late_fusion frame=6/41 scenario=2026_07_15_01_26_56 timestamp=000070 sources=6 fused_pred_boxes=44 fused_gt_boxes=65
frame=7/41 late_source=1/6 scenario=2026_07_15_01_26_56 timestamp=000072 receiver=4 cavs=[4, 12] pred_boxes=7 gt_boxes=34 comm_bytes=76784
frame=7/41 late_source=2/6 scenario=2026_07_15_01_26_56 timestamp=000072 receiver=11 cavs=[11, 10] pred_boxes=19 gt_boxes=36 comm_bytes=78288
frame=7/41 late_source=3/6 scenario=2026_07_15_01_26_56 timestamp=000072 receiver=13 cavs=[13, 14] pred_boxes=1 gt_boxes=10 comm_bytes=79168
frame=7/41 late_source=4/6 scenario=2026_07_15_01_26_56 timestamp=000072 receiver=15 cavs=[15, 6] pred_boxes=12 gt_boxes=18 comm_bytes=72016
frame=7/41 late_source=5/6 scenario=2026_07_15_01_26_56 timestamp=000072 receiver=16 cavs=[16, 20] pred_boxes=7 gt_boxes=25 comm_bytes=77616
frame=7/41 late_source=6/6 scenario=2026_07_15_01_26_56 timestamp=000072 receiver=17 cavs=[17, 3] pred_boxes=2 gt_boxes=15 comm_bytes=76880
sgcp_late_fusion frame=7/41 scenario=2026_07_15_01_26_56 timestamp=000072 sources=6 fused_pred_boxes=46 fused_gt_boxes=65
frame=8/41 late_source=1/6 scenario=2026_07_15_01_26_56 timestamp=000074 receiver=4 cavs=[4, 12] pred_boxes=8 gt_boxes=35 comm_bytes=76896
frame=8/41 late_source=2/6 scenario=2026_07_15_01_26_56 timestamp=000074 receiver=11 cavs=[11, 2] pred_boxes=15 gt_boxes=34 comm_bytes=77072
frame=8/41 late_source=3/6 scenario=2026_07_15_01_26_56 timestamp=000074 receiver=13 cavs=[13, 14] pred_boxes=1 gt_boxes=11 comm_bytes=78448
frame=8/41 late_source=4/6 scenario=2026_07_15_01_26_56 timestamp=000074 receiver=15 cavs=[15, 6] pred_boxes=12 gt_boxes=18 comm_bytes=72048
frame=8/41 late_source=5/6 scenario=2026_07_15_01_26_56 timestamp=000074 receiver=16 cavs=[16, 20] pred_boxes=10 gt_boxes=26 comm_bytes=77584
frame=8/41 late_source=6/6 scenario=2026_07_15_01_26_56 timestamp=000074 receiver=17 cavs=[17, 3] pred_boxes=2 gt_boxes=15 comm_bytes=77376
sgcp_late_fusion frame=8/41 scenario=2026_07_15_01_26_56 timestamp=000074 sources=6 fused_pred_boxes=47 fused_gt_boxes=67
frame=9/41 late_source=1/6 scenario=2026_07_15_01_26_56 timestamp=000076 receiver=4 cavs=[4, 12] pred_boxes=7 gt_boxes=33 comm_bytes=76944
frame=9/41 late_source=2/6 scenario=2026_07_15_01_26_56 timestamp=000076 receiver=11 cavs=[11, 2] pred_boxes=15 gt_boxes=34 comm_bytes=77072
frame=9/41 late_source=3/6 scenario=2026_07_15_01_26_56 timestamp=000076 receiver=13 cavs=[13, 14] pred_boxes=0 gt_boxes=11 comm_bytes=78464Format = auto
Extension = pcd
Format = auto
Extension = pcd
Format = auto
Extension = pcd
Format = auto
Extension = pcd
Format = auto
Extension = pcd
Format = auto
Extension = pcd
Format = auto
Extension = pcd
Format = auto
Extension = pcd
Format = auto
Extension = pcd
Format = auto
Extension = pcd
Format = auto
Extension = pcd
Format = auto
Extension = pcd
Format = auto
Extension = pcd
Format = auto
Extension = pcd
Format = auto
Extension = pcd
Format = auto
Extension = pcd
Format = auto
Extension = pcd
Format = auto
Extension = pcd
Format = auto
Extension = pcd
Format = auto
Extension = pcd
Format = auto
Extension = pcd
Format = auto
Extension = pcd
Format = auto
Extension = pcd
Format = auto
Extension = pcd
Format = auto
Extension = pcd
Format = auto
Extension = pcd
Format = auto
Extension = pcd
Format = auto
Extension = pcd
Format = auto
Extension = pcd
Format = auto
Extension = pcd
Format = auto
Extension = pcd
Format = auto
Extension = pcd
Format = auto
Extension = pcd
Format = auto
Extension = pcd
Format = auto
Extension = pcd
Format = auto
Extension = pcd
Format = auto
Extension = pcd
Format = auto
Extension = pcd
Format = auto
Extension = pcd
Format = auto
Extension = pcd
Format = auto
Extension = pcd
Format = auto
Extension = pcd
Format = auto
Extension = pcd
Format = auto
Extension = pcd
Format = auto
Extension = pcd
Format = auto
Extension = pcd
Format = auto
Extension = pcd
Format = auto
Extension = pcd
Format = auto
Extension = pcd
Format = auto
Extension = pcd
Format = auto
Extension = pcd
Format = auto
Extension = pcd
Format = auto
Extension = pcd
Format = auto
Extension = pcd
Format = auto
Extension = pcd
Format = auto
Extension = pcd
Format = auto
Extension = pcd
Format = auto
Extension = pcd
Format = auto
Extension = pcd
Format = auto
Extension = pcd
Format = auto
Extension = pcd
Format = auto
Extension = pcd
Format = auto
Extension = pcd
Format = auto
Extension = pcd
Format = auto
Extension = pcd
Format = auto
Extension = pcd
Format = auto
Extension = pcd
Format = auto
Extension = pcd
Format = auto
Extension = pcd
Format = auto
Extension = pcd
Format = auto
Extension = pcd
Format = auto
Extension = pcd
Format = auto
Extension = pcd
Format = auto
Extension = pcd
Format = auto
Extension = pcd
Format = auto
Extension = pcd
Format = auto
Extension = pcd
Format = auto
Extension = pcd
Format = auto
Extension = pcd
Format = auto
Extension = pcd
Format = auto
Extension = pcd
Format = auto
Extension = pcd
Format = auto
Extension = pcd
Format = auto
Extension = pcd
Format = auto
Extension = pcd
Format = auto
Extension = pcd
Format = auto
Extension = pcd
Format = auto
Extension = pcd
Format = auto
Extension = pcd
Format = auto
Extension = pcd
Format = auto
Extension = pcd
Format = auto
Extension = pcd
Format = auto
Extension = pcd
Format = auto
Extension = pcd
Format = auto
Extension = pcd
Format = auto
Extension = pcd
Format = auto
Extension = pcd
Format = auto
Extension = pcd
Format = auto
Extension = pcd
Format = auto
Extension = pcd
Format = auto
Extension = pcd
Format = auto
Extension = pcd
Format = auto
Extension = pcd
Format = auto
Extension = pcd
Format = auto
Extension = pcd
Format = auto
Extension = pcd
Format = auto
Extension = pcd
Format = auto
Extension = pcd
Format = auto
Extension = pcd
Format = auto
Extension = pcd
Format = auto
Extension = pcd
Format = auto
Extension = pcd
Format = auto
Extension = pcd
Format = auto
Extension = pcd
Format = auto
Extension = pcd
Format = auto
Extension = pcd
Format = auto
Extension = pcd
Format = auto
Extension = pcd
Format = auto
Extension = pcd
Format = auto
Extension = pcd
Format = auto
Extension = pcd
Format = auto
Extension = pcd
Format = auto
Extension = pcd
Format = auto
Extension = pcd
Format = auto
Extension = pcd
Format = auto
Extension = pcd
Format = auto
Extension = pcd
Format = auto
Extension = pcd
Format = auto
Extension = pcd
Format = auto
Extension = pcd
Format = auto
Extension = pcd
Format = auto
Extension = pcd
Format = auto
Extension = pcd
Format = auto
Extension = pcd
Format = auto
Extension = pcd
Format = auto
Extension = pcd
Format = auto
Extension = pcd
Format = auto
Extension = pcd
Format = auto
Extension = pcd
Format = auto
Extension = pcd
Format = auto
Extension = pcd
Format = auto
Extension = pcd
Format = auto
Extension = pcd
Format = auto
Extension = pcd
Format = auto
Extension = pcd
Format = auto
Extension = pcd
Format = auto
Extension = pcd
Format = auto
Extension = pcd
Format = auto
Extension = pcd
Format = auto
Extension = pcd
Format = auto
Extension = pcd
Format = auto
Extension = pcd
Format = auto
Extension = pcd
Format = auto
Extension = pcd
Format = auto
Extension = pcd
Format = auto
Extension = pcd
Format = auto
Extension = pcd
Format = auto
Extension = pcd
Format = auto
Extension = pcd
Format = auto
Extension = pcd

frame=9/41 late_source=4/6 scenario=2026_07_15_01_26_56 timestamp=000076 receiver=15 cavs=[15, 6] pred_boxes=13 gt_boxes=18 comm_bytes=72416
frame=9/41 late_source=5/6 scenario=2026_07_15_01_26_56 timestamp=000076 receiver=16 cavs=[16, 20] pred_boxes=9 gt_boxes=25 comm_bytes=77616
frame=9/41 late_source=6/6 scenario=2026_07_15_01_26_56 timestamp=000076 receiver=17 cavs=[17, 3] pred_boxes=3 gt_boxes=16 comm_bytes=76784
sgcp_late_fusion frame=9/41 scenario=2026_07_15_01_26_56 timestamp=000076 sources=6 fused_pred_boxes=46 fused_gt_boxes=67
frame=10/41 late_source=1/6 scenario=2026_07_15_01_26_56 timestamp=000078 receiver=4 cavs=[4, 12] pred_boxes=8 gt_boxes=35 comm_bytes=76912
frame=10/41 late_source=2/6 scenario=2026_07_15_01_26_56 timestamp=000078 receiver=11 cavs=[11, 2] pred_boxes=15 gt_boxes=33 comm_bytes=76736
frame=10/41 late_source=3/6 scenario=2026_07_15_01_26_56 timestamp=000078 receiver=13 cavs=[13, 14] pred_boxes=1 gt_boxes=10 comm_bytes=78144
frame=10/41 late_source=4/6 scenario=2026_07_15_01_26_56 timestamp=000078 receiver=15 cavs=[15, 6] pred_boxes=14 gt_boxes=19 comm_bytes=72512
frame=10/41 late_source=5/6 scenario=2026_07_15_01_26_56 timestamp=000078 receiver=16 cavs=[16, 20] pred_boxes=8 gt_boxes=26 comm_bytes=77664
frame=10/41 late_source=6/6 scenario=2026_07_15_01_26_56 timestamp=000078 receiver=17 cavs=[17, 3] pred_boxes=3 gt_boxes=16 comm_bytes=76880
sgcp_late_fusion frame=10/41 scenario=2026_07_15_01_26_56 timestamp=000078 sources=6 fused_pred_boxes=46 fused_gt_boxes=68
frame=11/41 late_source=1/6 scenario=2026_07_15_01_26_56 timestamp=000080 receiver=4 cavs=[4, 12] pred_boxes=7 gt_boxes=36 comm_bytes=76976
frame=11/41 late_source=2/6 scenario=2026_07_15_01_26_56 timestamp=000080 receiver=11 cavs=[11, 2] pred_boxes=18 gt_boxes=36 comm_bytes=76832
frame=11/41 late_source=3/6 scenario=2026_07_15_01_26_56 timestamp=000080 receiver=13 cavs=[13, 14] pred_boxes=1 gt_boxes=10 comm_bytes=78560
frame=11/41 late_source=4/6 scenario=2026_07_15_01_26_56 timestamp=000080 receiver=15 cavs=[15, 6] pred_boxes=13 gt_boxes=18 comm_bytes=72544
frame=11/41 late_source=5/6 scenario=2026_07_15_01_26_56 timestamp=000080 receiver=16 cavs=[16, 20] pred_boxes=10 gt_boxes=26 comm_bytes=77648
frame=11/41 late_source=6/6 scenario=2026_07_15_01_26_56 timestamp=000080 receiver=17 cavs=[17, 3] pred_boxes=4 gt_boxes=17 comm_bytes=76768
sgcp_late_fusion frame=11/41 scenario=2026_07_15_01_26_56 timestamp=000080 sources=6 fused_pred_boxes=51 fused_gt_boxes=69
frame=12/41 late_source=1/6 scenario=2026_07_15_01_26_56 timestamp=000082 receiver=4 cavs=[4, 12] pred_boxes=8 gt_boxes=35 comm_bytes=77168
frame=12/41 late_source=2/6 scenario=2026_07_15_01_26_56 timestamp=000082 receiver=11 cavs=[11, 2] pred_boxes=18 gt_boxes=34 comm_bytes=77120
frame=12/41 late_source=3/6 scenario=2026_07_15_01_26_56 timestamp=000082 receiver=13 cavs=[13, 14] pred_boxes=1 gt_boxes=10 comm_bytes=78176
frame=12/41 late_source=4/6 scenario=2026_07_15_01_26_56 timestamp=000082 receiver=15 cavs=[15, 6] pred_boxes=14 gt_boxes=18 comm_bytes=72832
frame=12/41 late_source=5/6 scenario=2026_07_15_01_26_56 timestamp=000082 receiver=16 cavs=[16, 20] pred_boxes=6 gt_boxes=27 comm_bytes=77632
frame=12/41 late_source=6/6 scenario=2026_07_15_01_26_56 timestamp=000082 receiver=17 cavs=[17, 3] pred_boxes=4 gt_boxes=17 comm_bytes=76624
sgcp_late_fusion frame=12/41 scenario=2026_07_15_01_26_56 timestamp=000082 sources=6 fused_pred_boxes=48 fused_gt_boxes=69
frame=13/41 late_source=1/6 scenario=2026_07_15_01_26_56 timestamp=000084 receiver=4 cavs=[4, 12] pred_boxes=8 gt_boxes=35 comm_bytes=77328
frame=13/41 late_source=2/6 scenario=2026_07_15_01_26_56 timestamp=000084 receiver=11 cavs=[11, 2] pred_boxes=15 gt_boxes=34 comm_bytes=77040
frame=13/41 late_source=3/6 scenario=2026_07_15_01_26_56 timestamp=000084 receiver=13 cavs=[13, 14] pred_boxes=1 gt_boxes=10 comm_bytes=77936
frame=13/41 late_source=4/6 scenario=2026_07_15_01_26_56 timestamp=000084 receiver=15 cavs=[15, 6] pred_boxes=12 gt_boxes=18 comm_bytes=72976
frame=13/41 late_source=5/6 scenario=2026_07_15_01_26_56 timestamp=000084 receiver=16 cavs=[16, 20] pred_boxes=8 gt_boxes=26 comm_bytes=77600
frame=13/41 late_source=6/6 scenario=2026_07_15_01_26_56 timestamp=000084 receiver=17 cavs=[17, 3] pred_boxes=5 gt_boxes=15 comm_bytes=76560
sgcp_late_fusion frame=13/41 scenario=2026_07_15_01_26_56 timestamp=000084 sources=6 fused_pred_boxes=48 fused_gt_boxes=68
frame=14/41 late_source=1/6 scenario=2026_07_15_01_26_56 timestamp=000086 receiver=4 cavs=[4, 12] pred_boxes=8 gt_boxes=34 comm_bytes=77472
frame=14/41 late_source=2/6 scenario=2026_07_15_01_26_56 timestamp=000086 receiver=11 cavs=[11, 2] pred_boxes=16 gt_boxes=36 comm_bytes=76752
frame=14/41 late_source=3/6 scenario=2026_07_15_01_26_56 timestamp=000086 receiver=13 cavs=[13, 14] pred_boxes=1 gt_boxes=10 comm_bytes=78400
frame=14/41 late_source=4/6 scenario=2026_07_15_01_26_56 timestamp=000086 receiver=15 cavs=[15, 6] pred_boxes=14 gt_boxes=19 comm_bytes=73040
frame=14/41 late_source=5/6 scenario=2026_07_15_01_26_56 timestamp=000086 receiver=16 cavs=[16, 20] pred_boxes=7 gt_boxes=26 comm_bytes=77600
frame=14/41 late_source=6/6 scenario=2026_07_15_01_26_56 timestamp=000086 receiver=17 cavs=[17, 3] pred_boxes=6 gt_boxes=15 comm_bytes=76624
sgcp_late_fusion frame=14/41 scenario=2026_07_15_01_26_56 timestamp=000086 sources=6 fused_pred_boxes=47 fused_gt_boxes=67
frame=15/41 late_source=1/6 scenario=2026_07_15_01_26_56 timestamp=000088 receiver=4 cavs=[4, 12] pred_boxes=8 gt_boxes=34 comm_bytes=77328
frame=15/41 late_source=2/6 scenario=2026_07_15_01_26_56 timestamp=000088 receiver=11 cavs=[11, 2] pred_boxes=17 gt_boxes=36 comm_bytes=76800
frame=15/41 late_source=3/6 scenario=2026_07_15_01_26_56 timestamp=000088 receiver=13 cavs=[13, 14] pred_boxes=1 gt_boxes=10 comm_bytes=77888
frame=15/41 late_source=4/6 scenario=2026_07_15_01_26_56 timestamp=000088 receiver=15 cavs=[15, 6] pred_boxes=14 gt_boxes=19 comm_bytes=72704
frame=15/41 late_source=5/6 scenario=2026_07_15_01_26_56 timestamp=000088 receiver=16 cavs=[16, 20] pred_boxes=11 gt_boxes=26 comm_bytes=77568
frame=15/41 late_source=6/6 scenario=2026_07_15_01_26_56 timestamp=000088 receiver=17 cavs=[17, 3] pred_boxes=6 gt_boxes=15 comm_bytes=76592
sgcp_late_fusion frame=15/41 scenario=2026_07_15_01_26_56 timestamp=000088 sources=6 fused_pred_boxes=52 fused_gt_boxes=67
frame=16/41 late_source=1/6 scenario=2026_07_15_01_26_56 timestamp=000090 receiver=4 cavs=[4, 12] pred_boxes=7 gt_boxes=35 comm_bytes=77536
frame=16/41 late_source=2/6 scenario=2026_07_15_01_26_56 timestamp=000090 receiver=11 cavs=[11, 2] pred_boxes=16 gt_boxes=35 comm_bytes=76784
frame=16/41 late_source=3/6 scenario=2026_07_15_01_26_56 timestamp=000090 receiver=13 cavs=[13, 14] pred_boxes=2 gt_boxes=10 comm_bytes=77424
frame=16/41 late_source=4/6 scenario=2026_07_15_01_26_56 timestamp=000090 receiver=15 cavs=[15, 6] pred_boxes=14 gt_boxes=19 comm_bytes=72832
frame=16/41 late_source=5/6 scenario=2026_07_15_01_26_56 timestamp=000090 receiver=16 cavs=[16, 20] pred_boxes=11 gt_boxes=27 comm_bytes=77600
frame=16/41 late_source=6/6 scenario=2026_07_15_01_26_56 timestamp=000090 receiver=17 cavs=[17, 3] pred_boxes=4 gt_boxes=15 comm_bytes=76720
sgcp_late_fusion frame=16/41 scenario=2026_07_15_01_26_56 timestamp=000090 sources=6 fused_pred_boxes=51 fused_gt_boxes=67
frame=17/41 late_source=1/6 scenario=2026_07_15_01_26_56 timestamp=000092 receiver=4 cavs=[4, 12] pred_boxes=7 gt_boxes=35 comm_bytes=77776
frame=17/41 late_source=2/6 scenario=2026_07_15_01_26_56 timestamp=000092 receiver=11 cavs=[11, 2] pred_boxes=15 gt_boxes=34 comm_bytes=76784
frame=17/41 late_source=3/6 scenario=2026_07_15_01_26_56 timestamp=000092 receiver=13 cavs=[13, 14] pred_boxes=0 gt_boxes=10 comm_bytes=77568
frame=17/41 late_source=4/6 scenario=2026_07_15_01_26_56 timestamp=000092 receiver=15 cavs=[15, 6] pred_boxes=14 gt_boxes=19 comm_bytes=72912
frame=17/41 late_source=5/6 scenario=2026_07_15_01_26_56 timestamp=000092 receiver=16 cavs=[16, 20] pred_boxes=7 gt_boxes=27 comm_bytes=77568
frame=17/41 late_source=6/6 scenario=2026_07_15_01_26_56 timestamp=000092 receiver=17 cavs=[17, 3] pred_boxes=6 gt_boxes=15 comm_bytes=76848Format = auto
Extension = pcd
Format = auto
Extension = pcd
Format = auto
Extension = pcd
Format = auto
Extension = pcd
Format = auto
Extension = pcd
Format = auto
Extension = pcd
Format = auto
Extension = pcd
Format = auto
Extension = pcd
Format = auto
Extension = pcd
Format = auto
Extension = pcd
Format = auto
Extension = pcd
Format = auto
Extension = pcd
Format = auto
Extension = pcd
Format = auto
Extension = pcd
Format = auto
Extension = pcd
Format = auto
Extension = pcd
Format = auto
Extension = pcd
Format = auto
Extension = pcd
Format = auto
Extension = pcd
Format = auto
Extension = pcd
Format = auto
Extension = pcd
Format = auto
Extension = pcd
Format = auto
Extension = pcd
Format = auto
Extension = pcd
Format = auto
Extension = pcd
Format = auto
Extension = pcd
Format = auto
Extension = pcd
Format = auto
Extension = pcd
Format = auto
Extension = pcd
Format = auto
Extension = pcd
Format = auto
Extension = pcd
Format = auto
Extension = pcd
Format = auto
Extension = pcd
Format = auto
Extension = pcd
Format = auto
Extension = pcd
Format = auto
Extension = pcd
Format = auto
Extension = pcd
Format = auto
Extension = pcd
Format = auto
Extension = pcd
Format = auto
Extension = pcd
Format = auto
Extension = pcd
Format = auto
Extension = pcd
Format = auto
Extension = pcd
Format = auto
Extension = pcd
Format = auto
Extension = pcd
Format = auto
Extension = pcd
Format = auto
Extension = pcd
Format = auto
Extension = pcd
Format = auto
Extension = pcd
Format = auto
Extension = pcd
Format = auto
Extension = pcd
Format = auto
Extension = pcd
Format = auto
Extension = pcd
Format = auto
Extension = pcd
Format = auto
Extension = pcd
Format = auto
Extension = pcd
Format = auto
Extension = pcd
Format = auto
Extension = pcd
Format = auto
Extension = pcd
Format = auto
Extension = pcd
Format = auto
Extension = pcd
Format = auto
Extension = pcd
Format = auto
Extension = pcd
Format = auto
Extension = pcd
Format = auto
Extension = pcd
Format = auto
Extension = pcd
Format = auto
Extension = pcd
Format = auto
Extension = pcd
Format = auto
Extension = pcd
Format = auto
Extension = pcd
Format = auto
Extension = pcd
Format = auto
Extension = pcd
Format = auto
Extension = pcd
Format = auto
Extension = pcd
Format = auto
Extension = pcd
Format = auto
Extension = pcd
Format = auto
Extension = pcd
Format = auto
Extension = pcd
Format = auto
Extension = pcd
Format = auto
Extension = pcd
Format = auto
Extension = pcd
Format = auto
Extension = pcd
Format = auto
Extension = pcd
Format = auto
Extension = pcd
Format = auto
Extension = pcd
Format = auto
Extension = pcd
Format = auto
Extension = pcd
Format = auto
Extension = pcd
Format = auto
Extension = pcd
Format = auto
Extension = pcd
Format = auto
Extension = pcd
Format = auto
Extension = pcd
Format = auto
Extension = pcd
Format = auto
Extension = pcd
Format = auto
Extension = pcd
Format = auto
Extension = pcd
Format = auto
Extension = pcd
Format = auto
Extension = pcd
Format = auto
Extension = pcd
Format = auto
Extension = pcd
Format = auto
Extension = pcd
Format = auto
Extension = pcd
Format = auto
Extension = pcd
Format = auto
Extension = pcd
Format = auto
Extension = pcd
Format = auto
Extension = pcd
Format = auto
Extension = pcd
Format = auto
Extension = pcd
Format = auto
Extension = pcd
Format = auto
Extension = pcd
Format = auto
Extension = pcd
Format = auto
Extension = pcd
Format = auto
Extension = pcd
Format = auto
Extension = pcd
Format = auto
Extension = pcd
Format = auto
Extension = pcd
Format = auto
Extension = pcd
Format = auto
Extension = pcd
Format = auto
Extension = pcd
Format = auto
Extension = pcd
Format = auto
Extension = pcd
Format = auto
Extension = pcd
Format = auto
Extension = pcd
Format = auto
Extension = pcd
Format = auto
Extension = pcd
Format = auto
Extension = pcd
Format = auto
Extension = pcd
Format = auto
Extension = pcd
Format = auto
Extension = pcd
Format = auto
Extension = pcd
Format = auto
Extension = pcd
Format = auto
Extension = pcd
Format = auto
Extension = pcd
Format = auto
Extension = pcd
Format = auto
Extension = pcd
Format = auto
Extension = pcd
Format = auto
Extension = pcd
Format = auto
Extension = pcd
Format = auto
Extension = pcd
Format = auto
Extension = pcd
Format = auto
Extension = pcd
Format = auto
Extension = pcd
Format = auto
Extension = pcd
Format = auto
Extension = pcd
Format = auto
Extension = pcd
Format = auto
Extension = pcd
Format = auto
Extension = pcd
Format = auto
Extension = pcd
Format = auto
Extension = pcd
Format = auto
Extension = pcd
Format = auto
Extension = pcd
Format = auto
Extension = pcd
Format = auto
Extension = pcd
Format = auto
Extension = pcd
Format = auto
Extension = pcd
Format = auto
Extension = pcd
Format = auto
Extension = pcd
Format = auto
Extension = pcd
Format = auto
Extension = pcd
Format = auto
Extension = pcd
Format = auto
Extension = pcd
Format = auto
Extension = pcd
Format = auto
Extension = pcd
Format = auto
Extension = pcd
Format = auto
Extension = pcd
Format = auto
Extension = pcd
Format = auto
Extension = pcd
Format = auto
Extension = pcd
Format = auto
Extension = pcd
Format = auto
Extension = pcd
Format = auto
Extension = pcd
Format = auto
Extension = pcd
Format = auto
Extension = pcd
Format = auto
Extension = pcd
Format = auto
Extension = pcd
Format = auto
Extension = pcd
Format = auto
Extension = pcd
Format = auto
Extension = pcd
Format = auto
Extension = pcd
Format = auto
Extension = pcd

sgcp_late_fusion frame=17/41 scenario=2026_07_15_01_26_56 timestamp=000092 sources=6 fused_pred_boxes=44 fused_gt_boxes=67
frame=18/41 late_source=1/6 scenario=2026_07_15_01_26_56 timestamp=000094 receiver=4 cavs=[4, 12] pred_boxes=9 gt_boxes=36 comm_bytes=77744
frame=18/41 late_source=2/6 scenario=2026_07_15_01_26_56 timestamp=000094 receiver=11 cavs=[11, 2] pred_boxes=17 gt_boxes=32 comm_bytes=76848
frame=18/41 late_source=3/6 scenario=2026_07_15_01_26_56 timestamp=000094 receiver=13 cavs=[13, 14] pred_boxes=1 gt_boxes=10 comm_bytes=77424
frame=18/41 late_source=4/6 scenario=2026_07_15_01_26_56 timestamp=000094 receiver=15 cavs=[15, 6] pred_boxes=14 gt_boxes=20 comm_bytes=73120
frame=18/41 late_source=5/6 scenario=2026_07_15_01_26_56 timestamp=000094 receiver=16 cavs=[16, 20] pred_boxes=9 gt_boxes=27 comm_bytes=77488
frame=18/41 late_source=6/6 scenario=2026_07_15_01_26_56 timestamp=000094 receiver=17 cavs=[17, 3] pred_boxes=5 gt_boxes=17 comm_bytes=76768
sgcp_late_fusion frame=18/41 scenario=2026_07_15_01_26_56 timestamp=000094 sources=6 fused_pred_boxes=52 fused_gt_boxes=67
frame=19/41 late_source=1/6 scenario=2026_07_15_01_26_56 timestamp=000096 receiver=4 cavs=[4, 12] pred_boxes=7 gt_boxes=34 comm_bytes=77824
frame=19/41 late_source=2/6 scenario=2026_07_15_01_26_56 timestamp=000096 receiver=11 cavs=[11, 2] pred_boxes=15 gt_boxes=32 comm_bytes=76944
frame=19/41 late_source=3/6 scenario=2026_07_15_01_26_56 timestamp=000096 receiver=13 cavs=[13, 14] pred_boxes=1 gt_boxes=10 comm_bytes=77072
frame=19/41 late_source=4/6 scenario=2026_07_15_01_26_56 timestamp=000096 receiver=15 cavs=[15, 6] pred_boxes=15 gt_boxes=19 comm_bytes=73008
frame=19/41 late_source=5/6 scenario=2026_07_15_01_26_56 timestamp=000096 receiver=16 cavs=[16, 7] pred_boxes=9 gt_boxes=23 comm_bytes=77152
frame=19/41 late_source=6/6 scenario=2026_07_15_01_26_56 timestamp=000096 receiver=17 cavs=[17, 3] pred_boxes=5 gt_boxes=17 comm_bytes=76976
sgcp_late_fusion frame=19/41 scenario=2026_07_15_01_26_56 timestamp=000096 sources=6 fused_pred_boxes=48 fused_gt_boxes=69
frame=20/41 late_source=1/6 scenario=2026_07_15_01_26_56 timestamp=000098 receiver=4 cavs=[4, 12] pred_boxes=7 gt_boxes=33 comm_bytes=78112
frame=20/41 late_source=2/6 scenario=2026_07_15_01_26_56 timestamp=000098 receiver=11 cavs=[11, 2] pred_boxes=15 gt_boxes=32 comm_bytes=76928
frame=20/41 late_source=3/6 scenario=2026_07_15_01_26_56 timestamp=000098 receiver=13 cavs=[13, 14] pred_boxes=1 gt_boxes=10 comm_bytes=76800
frame=20/41 late_source=4/6 scenario=2026_07_15_01_26_56 timestamp=000098 receiver=15 cavs=[15, 6] pred_boxes=13 gt_boxes=19 comm_bytes=72976
frame=20/41 late_source=5/6 scenario=2026_07_15_01_26_56 timestamp=000098 receiver=16 cavs=[16, 7] pred_boxes=11 gt_boxes=23 comm_bytes=77152
frame=20/41 late_source=6/6 scenario=2026_07_15_01_26_56 timestamp=000098 receiver=17 cavs=[17, 3] pred_boxes=7 gt_boxes=16 comm_bytes=76864
sgcp_late_fusion frame=20/41 scenario=2026_07_15_01_26_56 timestamp=000098 sources=6 fused_pred_boxes=47 fused_gt_boxes=69
frame=21/41 late_source=1/6 scenario=2026_07_15_01_26_56 timestamp=000100 receiver=4 cavs=[4, 12] pred_boxes=7 gt_boxes=33 comm_bytes=78160
frame=21/41 late_source=2/6 scenario=2026_07_15_01_26_56 timestamp=000100 receiver=11 cavs=[11, 2] pred_boxes=14 gt_boxes=32 comm_bytes=76976
frame=21/41 late_source=3/6 scenario=2026_07_15_01_26_56 timestamp=000100 receiver=13 cavs=[13, 14] pred_boxes=2 gt_boxes=10 comm_bytes=76688
frame=21/41 late_source=4/6 scenario=2026_07_15_01_26_56 timestamp=000100 receiver=15 cavs=[15, 6] pred_boxes=12 gt_boxes=20 comm_bytes=73104
frame=21/41 late_source=5/6 scenario=2026_07_15_01_26_56 timestamp=000100 receiver=16 cavs=[16, 7] pred_boxes=9 gt_boxes=22 comm_bytes=77088
frame=21/41 late_source=6/6 scenario=2026_07_15_01_26_56 timestamp=000100 receiver=17 cavs=[17, 3] pred_boxes=6 gt_boxes=16 comm_bytes=77104
sgcp_late_fusion frame=21/41 scenario=2026_07_15_01_26_56 timestamp=000100 sources=6 fused_pred_boxes=47 fused_gt_boxes=69
frame=22/41 late_source=1/6 scenario=2026_07_15_01_26_56 timestamp=000102 receiver=4 cavs=[4, 12] pred_boxes=6 gt_boxes=33 comm_bytes=78128
frame=22/41 late_source=2/6 scenario=2026_07_15_01_26_56 timestamp=000102 receiver=11 cavs=[11, 2] pred_boxes=14 gt_boxes=32 comm_bytes=76784
frame=22/41 late_source=3/6 scenario=2026_07_15_01_26_56 timestamp=000102 receiver=13 cavs=[13, 14] pred_boxes=1 gt_boxes=8 comm_bytes=75872
frame=22/41 late_source=4/6 scenario=2026_07_15_01_26_56 timestamp=000102 receiver=15 cavs=[15, 6] pred_boxes=14 gt_boxes=22 comm_bytes=72944
frame=22/41 late_source=5/6 scenario=2026_07_15_01_26_56 timestamp=000102 receiver=16 cavs=[16, 7] pred_boxes=7 gt_boxes=22 comm_bytes=77088
frame=22/41 late_source=6/6 scenario=2026_07_15_01_26_56 timestamp=000102 receiver=17 cavs=[17, 3] pred_boxes=7 gt_boxes=16 comm_bytes=77392
sgcp_late_fusion frame=22/41 scenario=2026_07_15_01_26_56 timestamp=000102 sources=6 fused_pred_boxes=45 fused_gt_boxes=68
frame=23/41 late_source=1/6 scenario=2026_07_15_01_26_56 timestamp=000104 receiver=4 cavs=[4, 12] pred_boxes=9 gt_boxes=33 comm_bytes=78240
frame=23/41 late_source=2/6 scenario=2026_07_15_01_26_56 timestamp=000104 receiver=11 cavs=[11, 2] pred_boxes=15 gt_boxes=31 comm_bytes=76784
frame=23/41 late_source=3/6 scenario=2026_07_15_01_26_56 timestamp=000104 receiver=13 cavs=[13, 14] pred_boxes=1 gt_boxes=9 comm_bytes=76000
frame=23/41 late_source=4/6 scenario=2026_07_15_01_26_56 timestamp=000104 receiver=15 cavs=[15, 6] pred_boxes=14 gt_boxes=23 comm_bytes=73104
frame=23/41 late_source=5/6 scenario=2026_07_15_01_26_56 timestamp=000104 receiver=16 cavs=[16, 7] pred_boxes=10 gt_boxes=21 comm_bytes=77104
frame=23/41 late_source=6/6 scenario=2026_07_15_01_26_56 timestamp=000104 receiver=17 cavs=[17, 3] pred_boxes=5 gt_boxes=17 comm_bytes=77040
sgcp_late_fusion frame=23/41 scenario=2026_07_15_01_26_56 timestamp=000104 sources=6 fused_pred_boxes=47 fused_gt_boxes=68
frame=24/41 late_source=1/6 scenario=2026_07_15_01_26_56 timestamp=000106 receiver=4 cavs=[4, 12] pred_boxes=8 gt_boxes=33 comm_bytes=78176
frame=24/41 late_source=2/6 scenario=2026_07_15_01_26_56 timestamp=000106 receiver=11 cavs=[11, 2] pred_boxes=14 gt_boxes=31 comm_bytes=76896
frame=24/41 late_source=3/6 scenario=2026_07_15_01_26_56 timestamp=000106 receiver=13 cavs=[13, 14] pred_boxes=0 gt_boxes=9 comm_bytes=75792
frame=24/41 late_source=4/6 scenario=2026_07_15_01_26_56 timestamp=000106 receiver=15 cavs=[15, 6] pred_boxes=12 gt_boxes=23 comm_bytes=73136
frame=24/41 late_source=5/6 scenario=2026_07_15_01_26_56 timestamp=000106 receiver=16 cavs=[16, 7] pred_boxes=9 gt_boxes=21 comm_bytes=77072
frame=24/41 late_source=6/6 scenario=2026_07_15_01_26_56 timestamp=000106 receiver=17 cavs=[17, 3] pred_boxes=6 gt_boxes=16 comm_bytes=77248
sgcp_late_fusion frame=24/41 scenario=2026_07_15_01_26_56 timestamp=000106 sources=6 fused_pred_boxes=46 fused_gt_boxes=67
frame=25/41 late_source=1/6 scenario=2026_07_15_01_26_56 timestamp=000108 receiver=4 cavs=[4, 12] pred_boxes=10 gt_boxes=33 comm_bytes=78320
frame=25/41 late_source=2/6 scenario=2026_07_15_01_26_56 timestamp=000108 receiver=11 cavs=[11, 2] pred_boxes=14 gt_boxes=32 comm_bytes=76896
frame=25/41 late_source=3/6 scenario=2026_07_15_01_26_56 timestamp=000108 receiver=13 cavs=[13, 14] pred_boxes=1 gt_boxes=9 comm_bytes=75328
frame=25/41 late_source=4/6 scenario=2026_07_15_01_26_56 timestamp=000108 receiver=15 cavs=[15, 6] pred_boxes=14 gt_boxes=24 comm_bytes=73296
frame=25/41 late_source=5/6 scenario=2026_07_15_01_26_56 timestamp=000108 receiver=16 cavs=[16, 20] pred_boxes=9 gt_boxes=27 comm_bytes=77200
frame=25/41 late_source=6/6 scenario=2026_07_15_01_26_56 timestamp=000108 receiver=17 cavs=[17, 3] pred_boxes=7 gt_boxes=15 comm_bytes=77104
sgcp_late_fusion frame=25/41 scenario=2026_07_15_01_26_56 timestamp=000108 sources=6 fused_pred_boxes=48 fused_gt_boxes=68
frame=26/41 late_source=1/6 scenario=2026_07_15_01_26_56 timestamp=000110 receiver=4 cavs=[4, 12] pred_boxes=9 gt_boxes=33 comm_bytes=78320
frame=26/41 late_source=2/6 scenario=2026_07_15_01_26_56 timestamp=000110 receiver=11 cavs=[11, 2] pred_boxes=14 gt_boxes=33 comm_bytes=76896Format = auto
Extension = pcd
Format = auto
Extension = pcd
Format = auto
Extension = pcd
Format = auto
Extension = pcd
Format = auto
Extension = pcd
Format = auto
Extension = pcd
Format = auto
Extension = pcd
Format = auto
Extension = pcd
Format = auto
Extension = pcd
Format = auto
Extension = pcd
Format = auto
Extension = pcd
Format = auto
Extension = pcd
Format = auto
Extension = pcd
Format = auto
Extension = pcd
Format = auto
Extension = pcd
Format = auto
Extension = pcd
Format = auto
Extension = pcd
Format = auto
Extension = pcd
Format = auto
Extension = pcd
Format = auto
Extension = pcd
Format = auto
Extension = pcd
Format = auto
Extension = pcd
Format = auto
Extension = pcd
Format = auto
Extension = pcd
Format = auto
Extension = pcd
Format = auto
Extension = pcd
Format = auto
Extension = pcd
Format = auto
Extension = pcd
Format = auto
Extension = pcd
Format = auto
Extension = pcd
Format = auto
Extension = pcd
Format = auto
Extension = pcd
Format = auto
Extension = pcd
Format = auto
Extension = pcd
Format = auto
Extension = pcd
Format = auto
Extension = pcd
Format = auto
Extension = pcd
Format = auto
Extension = pcd
Format = auto
Extension = pcd
Format = auto
Extension = pcd
Format = auto
Extension = pcd
Format = auto
Extension = pcd
Format = auto
Extension = pcd
Format = auto
Extension = pcd
Format = auto
Extension = pcd
Format = auto
Extension = pcd
Format = auto
Extension = pcd
Format = auto
Extension = pcd
Format = auto
Extension = pcd
Format = auto
Extension = pcd
Format = auto
Extension = pcd
Format = auto
Extension = pcd
Format = auto
Extension = pcd
Format = auto
Extension = pcd
Format = auto
Extension = pcd
Format = auto
Extension = pcd
Format = auto
Extension = pcd
Format = auto
Extension = pcd
Format = auto
Extension = pcd
Format = auto
Extension = pcd
Format = auto
Extension = pcd
Format = auto
Extension = pcd
Format = auto
Extension = pcd
Format = auto
Extension = pcd
Format = auto
Extension = pcd
Format = auto
Extension = pcd
Format = auto
Extension = pcd
Format = auto
Extension = pcd
Format = auto
Extension = pcd
Format = auto
Extension = pcd
Format = auto
Extension = pcd
Format = auto
Extension = pcd
Format = auto
Extension = pcd
Format = auto
Extension = pcd
Format = auto
Extension = pcd
Format = auto
Extension = pcd
Format = auto
Extension = pcd
Format = auto
Extension = pcd
Format = auto
Extension = pcd
Format = auto
Extension = pcd
Format = auto
Extension = pcd
Format = auto
Extension = pcd
Format = auto
Extension = pcd
Format = auto
Extension = pcd
Format = auto
Extension = pcd
Format = auto
Extension = pcd
Format = auto
Extension = pcd
Format = auto
Extension = pcd
Format = auto
Extension = pcd
Format = auto
Extension = pcd
Format = auto
Extension = pcd
Format = auto
Extension = pcd
Format = auto
Extension = pcd
Format = auto
Extension = pcd
Format = auto
Extension = pcd
Format = auto
Extension = pcd
Format = auto
Extension = pcd
Format = auto
Extension = pcd
Format = auto
Extension = pcd
Format = auto
Extension = pcd
Format = auto
Extension = pcd
Format = auto
Extension = pcd
Format = auto
Extension = pcd
Format = auto
Extension = pcd
Format = auto
Extension = pcd
Format = auto
Extension = pcd
Format = auto
Extension = pcd
Format = auto
Extension = pcd
Format = auto
Extension = pcd
Format = auto
Extension = pcd
Format = auto
Extension = pcd
Format = auto
Extension = pcd
Format = auto
Extension = pcd
Format = auto
Extension = pcd
Format = auto
Extension = pcd
Format = auto
Extension = pcd
Format = auto
Extension = pcd
Format = auto
Extension = pcd
Format = auto
Extension = pcd
Format = auto
Extension = pcd
Format = auto
Extension = pcd
Format = auto
Extension = pcd
Format = auto
Extension = pcd
Format = auto
Extension = pcd
Format = auto
Extension = pcd
Format = auto
Extension = pcd
Format = auto
Extension = pcd
Format = auto
Extension = pcd
Format = auto
Extension = pcd
Format = auto
Extension = pcd
Format = auto
Extension = pcd
Format = auto
Extension = pcd
Format = auto
Extension = pcd
Format = auto
Extension = pcd
Format = auto
Extension = pcd
Format = auto
Extension = pcd
Format = auto
Extension = pcd
Format = auto
Extension = pcd
Format = auto
Extension = pcd
Format = auto
Extension = pcd
Format = auto
Extension = pcd
Format = auto
Extension = pcd
Format = auto
Extension = pcd
Format = auto
Extension = pcd
Format = auto
Extension = pcd
Format = auto
Extension = pcd
Format = auto
Extension = pcd
Format = auto
Extension = pcd
Format = auto
Extension = pcd
Format = auto
Extension = pcd
Format = auto
Extension = pcd
Format = auto
Extension = pcd
Format = auto
Extension = pcd
Format = auto
Extension = pcd
Format = auto
Extension = pcd
Format = auto
Extension = pcd
Format = auto
Extension = pcd
Format = auto
Extension = pcd
Format = auto
Extension = pcd
Format = auto
Extension = pcd

frame=26/41 late_source=3/6 scenario=2026_07_15_01_26_56 timestamp=000110 receiver=13 cavs=[13, 14] pred_boxes=0 gt_boxes=9 comm_bytes=75472
frame=26/41 late_source=4/6 scenario=2026_07_15_01_26_56 timestamp=000110 receiver=15 cavs=[15, 6] pred_boxes=13 gt_boxes=24 comm_bytes=73536
frame=26/41 late_source=5/6 scenario=2026_07_15_01_26_56 timestamp=000110 receiver=16 cavs=[16, 20] pred_boxes=8 gt_boxes=26 comm_bytes=77200
frame=26/41 late_source=6/6 scenario=2026_07_15_01_26_56 timestamp=000110 receiver=17 cavs=[17, 3] pred_boxes=6 gt_boxes=15 comm_bytes=77264
sgcp_late_fusion frame=26/41 scenario=2026_07_15_01_26_56 timestamp=000110 sources=6 fused_pred_boxes=45 fused_gt_boxes=67
frame=27/41 late_source=1/6 scenario=2026_07_15_01_26_56 timestamp=000112 receiver=4 cavs=[4, 12] pred_boxes=10 gt_boxes=33 comm_bytes=78432
frame=27/41 late_source=2/6 scenario=2026_07_15_01_26_56 timestamp=000112 receiver=11 cavs=[11, 2] pred_boxes=14 gt_boxes=33 comm_bytes=76912
frame=27/41 late_source=3/6 scenario=2026_07_15_01_26_56 timestamp=000112 receiver=13 cavs=[13, 14] pred_boxes=1 gt_boxes=7 comm_bytes=74992
frame=27/41 late_source=4/6 scenario=2026_07_15_01_26_56 timestamp=000112 receiver=15 cavs=[15, 6] pred_boxes=15 gt_boxes=23 comm_bytes=73296
frame=27/41 late_source=5/6 scenario=2026_07_15_01_26_56 timestamp=000112 receiver=16 cavs=[16, 20] pred_boxes=7 gt_boxes=26 comm_bytes=77216
frame=27/41 late_source=6/6 scenario=2026_07_15_01_26_56 timestamp=000112 receiver=17 cavs=[17, 3] pred_boxes=6 gt_boxes=14 comm_bytes=77200
sgcp_late_fusion frame=27/41 scenario=2026_07_15_01_26_56 timestamp=000112 sources=6 fused_pred_boxes=45 fused_gt_boxes=66
frame=28/41 late_source=1/6 scenario=2026_07_15_01_26_56 timestamp=000114 receiver=4 cavs=[4, 12] pred_boxes=8 gt_boxes=33 comm_bytes=78608
frame=28/41 late_source=2/6 scenario=2026_07_15_01_26_56 timestamp=000114 receiver=11 cavs=[11, 2] pred_boxes=14 gt_boxes=33 comm_bytes=76880
frame=28/41 late_source=3/6 scenario=2026_07_15_01_26_56 timestamp=000114 receiver=13 cavs=[13, 14] pred_boxes=0 gt_boxes=8 comm_bytes=75264
frame=28/41 late_source=4/6 scenario=2026_07_15_01_26_56 timestamp=000114 receiver=15 cavs=[15, 6] pred_boxes=15 gt_boxes=23 comm_bytes=73200
frame=28/41 late_source=5/6 scenario=2026_07_15_01_26_56 timestamp=000114 receiver=16 cavs=[16, 20] pred_boxes=5 gt_boxes=26 comm_bytes=77216
frame=28/41 late_source=6/6 scenario=2026_07_15_01_26_56 timestamp=000114 receiver=17 cavs=[17, 3] pred_boxes=8 gt_boxes=14 comm_bytes=76880
sgcp_late_fusion frame=28/41 scenario=2026_07_15_01_26_56 timestamp=000114 sources=6 fused_pred_boxes=44 fused_gt_boxes=66
frame=29/41 late_source=1/6 scenario=2026_07_15_01_26_56 timestamp=000116 receiver=4 cavs=[4, 12] pred_boxes=8 gt_boxes=33 comm_bytes=78384
frame=29/41 late_source=2/6 scenario=2026_07_15_01_26_56 timestamp=000116 receiver=11 cavs=[11, 2] pred_boxes=13 gt_boxes=34 comm_bytes=76880
frame=29/41 late_source=3/6 scenario=2026_07_15_01_26_56 timestamp=000116 receiver=13 cavs=[13, 14] pred_boxes=0 gt_boxes=8 comm_bytes=75232
frame=29/41 late_source=4/6 scenario=2026_07_15_01_26_56 timestamp=000116 receiver=15 cavs=[15, 6] pred_boxes=13 gt_boxes=23 comm_bytes=73664
frame=29/41 late_source=5/6 scenario=2026_07_15_01_26_56 timestamp=000116 receiver=16 cavs=[16, 20] pred_boxes=12 gt_boxes=25 comm_bytes=77216
frame=29/41 late_source=6/6 scenario=2026_07_15_01_26_56 timestamp=000116 receiver=17 cavs=[17, 3] pred_boxes=6 gt_boxes=14 comm_bytes=76976
sgcp_late_fusion frame=29/41 scenario=2026_07_15_01_26_56 timestamp=000116 sources=6 fused_pred_boxes=46 fused_gt_boxes=66
frame=30/41 late_source=1/6 scenario=2026_07_15_01_26_56 timestamp=000118 receiver=4 cavs=[4, 12] pred_boxes=9 gt_boxes=32 comm_bytes=78448
frame=30/41 late_source=2/6 scenario=2026_07_15_01_26_56 timestamp=000118 receiver=11 cavs=[11, 2] pred_boxes=13 gt_boxes=34 comm_bytes=77088
frame=30/41 late_source=3/6 scenario=2026_07_15_01_26_56 timestamp=000118 receiver=13 cavs=[13, 14] pred_boxes=0 gt_boxes=8 comm_bytes=75456
frame=30/41 late_source=4/6 scenario=2026_07_15_01_26_56 timestamp=000118 receiver=15 cavs=[15, 6] pred_boxes=13 gt_boxes=22 comm_bytes=73808
frame=30/41 late_source=5/6 scenario=2026_07_15_01_26_56 timestamp=000118 receiver=16 cavs=[16, 20] pred_boxes=6 gt_boxes=26 comm_bytes=77264
frame=30/41 late_source=6/6 scenario=2026_07_15_01_26_56 timestamp=000118 receiver=17 cavs=[17, 3] pred_boxes=4 gt_boxes=14 comm_bytes=77280
sgcp_late_fusion frame=30/41 scenario=2026_07_15_01_26_56 timestamp=000118 sources=6 fused_pred_boxes=39 fused_gt_boxes=66
frame=31/41 late_source=1/6 scenario=2026_07_15_01_26_56 timestamp=000120 receiver=4 cavs=[4, 12] pred_boxes=9 gt_boxes=33 comm_bytes=78592
frame=31/41 late_source=2/6 scenario=2026_07_15_01_26_56 timestamp=000120 receiver=11 cavs=[11, 2] pred_boxes=12 gt_boxes=34 comm_bytes=77120
frame=31/41 late_source=3/6 scenario=2026_07_15_01_26_56 timestamp=000120 receiver=13 cavs=[13, 14] pred_boxes=1 gt_boxes=8 comm_bytes=75760
frame=31/41 late_source=4/6 scenario=2026_07_15_01_26_56 timestamp=000120 receiver=15 cavs=[15, 6] pred_boxes=14 gt_boxes=22 comm_bytes=73520
frame=31/41 late_source=5/6 scenario=2026_07_15_01_26_56 timestamp=000120 receiver=16 cavs=[16, 20] pred_boxes=8 gt_boxes=25 comm_bytes=77312
frame=31/41 late_source=6/6 scenario=2026_07_15_01_26_56 timestamp=000120 receiver=17 cavs=[17, 3] pred_boxes=6 gt_boxes=14 comm_bytes=77088
sgcp_late_fusion frame=31/41 scenario=2026_07_15_01_26_56 timestamp=000120 sources=6 fused_pred_boxes=42 fused_gt_boxes=66
frame=32/41 late_source=1/6 scenario=2026_07_15_01_26_56 timestamp=000122 receiver=4 cavs=[4, 12] pred_boxes=9 gt_boxes=34 comm_bytes=78640
frame=32/41 late_source=2/6 scenario=2026_07_15_01_26_56 timestamp=000122 receiver=11 cavs=[11, 2] pred_boxes=13 gt_boxes=34 comm_bytes=77104
frame=32/41 late_source=3/6 scenario=2026_07_15_01_26_56 timestamp=000122 receiver=13 cavs=[13, 14] pred_boxes=0 gt_boxes=8 comm_bytes=75632
frame=32/41 late_source=4/6 scenario=2026_07_15_01_26_56 timestamp=000122 receiver=15 cavs=[15, 6] pred_boxes=15 gt_boxes=22 comm_bytes=73728
frame=32/41 late_source=5/6 scenario=2026_07_15_01_26_56 timestamp=000122 receiver=16 cavs=[16, 20] pred_boxes=7 gt_boxes=25 comm_bytes=77296
frame=32/41 late_source=6/6 scenario=2026_07_15_01_26_56 timestamp=000122 receiver=17 cavs=[17, 3] pred_boxes=6 gt_boxes=14 comm_bytes=76736
sgcp_late_fusion frame=32/41 scenario=2026_07_15_01_26_56 timestamp=000122 sources=6 fused_pred_boxes=41 fused_gt_boxes=66
frame=33/41 late_source=1/6 scenario=2026_07_15_01_26_56 timestamp=000124 receiver=4 cavs=[4, 12] pred_boxes=9 gt_boxes=34 comm_bytes=77968
frame=33/41 late_source=2/6 scenario=2026_07_15_01_26_56 timestamp=000124 receiver=11 cavs=[11, 2] pred_boxes=15 gt_boxes=34 comm_bytes=77120
frame=33/41 late_source=3/6 scenario=2026_07_15_01_26_56 timestamp=000124 receiver=13 cavs=[13, 14] pred_boxes=0 gt_boxes=7 comm_bytes=75264
frame=33/41 late_source=4/6 scenario=2026_07_15_01_26_56 timestamp=000124 receiver=15 cavs=[15, 6] pred_boxes=14 gt_boxes=22 comm_bytes=73936
frame=33/41 late_source=5/6 scenario=2026_07_15_01_26_56 timestamp=000124 receiver=16 cavs=[16, 20] pred_boxes=7 gt_boxes=25 comm_bytes=77232
frame=33/41 late_source=6/6 scenario=2026_07_15_01_26_56 timestamp=000124 receiver=17 cavs=[17, 3] pred_boxes=6 gt_boxes=14 comm_bytes=77200
sgcp_late_fusion frame=33/41 scenario=2026_07_15_01_26_56 timestamp=000124 sources=6 fused_pred_boxes=43 fused_gt_boxes=66
frame=34/41 late_source=1/6 scenario=2026_07_15_01_26_56 timestamp=000126 receiver=4 cavs=[4, 12] pred_boxes=9 gt_boxes=34 comm_bytes=78240
frame=34/41 late_source=2/6 scenario=2026_07_15_01_26_56 timestamp=000126 receiver=11 cavs=[11, 2] pred_boxes=13 gt_boxes=34 comm_bytes=77184
frame=34/41 late_source=3/6 scenario=2026_07_15_01_26_56 timestamp=000126 receiver=13 cavs=[13, 14] pred_boxes=0 gt_boxes=7 comm_bytes=74928
frame=34/41 late_source=4/6 scenario=2026_07_15_01_26_56 timestamp=000126 receiver=15 cavs=[15, 6] pred_boxes=13 gt_boxes=23 comm_bytes=73952
frame=34/41 late_source=5/6 scenario=2026_07_15_01_26_56 timestamp=000126 receiver=16 cavs=[16, 20] pred_boxes=7 gt_boxes=26 comm_bytes=77296Format = auto
Extension = pcd
Format = auto
Extension = pcd
Format = auto
Extension = pcd
Format = auto
Extension = pcd
Format = auto
Extension = pcd
Format = auto
Extension = pcd
Format = auto
Extension = pcd
Format = auto
Extension = pcd
Format = auto
Extension = pcd
Format = auto
Extension = pcd
Format = auto
Extension = pcd
Format = auto
Extension = pcd
Format = auto
Extension = pcd
Format = auto
Extension = pcd
Format = auto
Extension = pcd
Format = auto
Extension = pcd
Format = auto
Extension = pcd
Format = auto
Extension = pcd
Format = auto
Extension = pcd
Format = auto
Extension = pcd
Format = auto
Extension = pcd
Format = auto
Extension = pcd
Format = auto
Extension = pcd
Format = auto
Extension = pcd
Format = auto
Extension = pcd
Format = auto
Extension = pcd
Format = auto
Extension = pcd
Format = auto
Extension = pcd
Format = auto
Extension = pcd
Format = auto
Extension = pcd
Format = auto
Extension = pcd
Format = auto
Extension = pcd
Format = auto
Extension = pcd
Format = auto
Extension = pcd
Format = auto
Extension = pcd
Format = auto
Extension = pcd
Format = auto
Extension = pcd
Format = auto
Extension = pcd
Format = auto
Extension = pcd
Format = auto
Extension = pcd
Format = auto
Extension = pcd
Format = auto
Extension = pcd
Format = auto
Extension = pcd
Format = auto
Extension = pcd
Format = auto
Extension = pcd
Format = auto
Extension = pcd
Format = auto
Extension = pcd
Format = auto
Extension = pcd
Format = auto
Extension = pcd
Format = auto
Extension = pcd
Format = auto
Extension = pcd
Format = auto
Extension = pcd
Format = auto
Extension = pcd
Format = auto
Extension = pcd
Format = auto
Extension = pcd
Format = auto
Extension = pcd
Format = auto
Extension = pcd
Format = auto
Extension = pcd
Format = auto
Extension = pcd
Format = auto
Extension = pcd
Format = auto
Extension = pcd
Format = auto
Extension = pcd
Format = auto
Extension = pcd
Format = auto
Extension = pcd
Format = auto
Extension = pcd
Format = auto
Extension = pcd
Format = auto
Extension = pcd
Format = auto
Extension = pcd
Format = auto
Extension = pcd
Format = auto
Extension = pcd
Format = auto
Extension = pcd
Format = auto
Extension = pcd
Format = auto
Extension = pcd
Format = auto
Extension = pcd
Format = auto
Extension = pcd
Format = auto
Extension = pcd
Format = auto
Extension = pcd
Format = auto
Extension = pcd
Format = auto
Extension = pcd
Format = auto
Extension = pcd
Format = auto
Extension = pcd
Format = auto
Extension = pcd
Format = auto
Extension = pcd
Format = auto
Extension = pcd
Format = auto
Extension = pcd
Format = auto
Extension = pcd
Format = auto
Extension = pcd
Format = auto
Extension = pcd
Format = auto
Extension = pcd
Format = auto
Extension = pcd
Format = auto
Extension = pcd
Format = auto
Extension = pcd
Format = auto
Extension = pcd
Format = auto
Extension = pcd
Format = auto
Extension = pcd
Format = auto
Extension = pcd
Format = auto
Extension = pcd
Format = auto
Extension = pcd
Format = auto
Extension = pcd
Format = auto
Extension = pcd
Format = auto
Extension = pcd
Format = auto
Extension = pcd
Format = auto
Extension = pcd
Format = auto
Extension = pcd
Format = auto
Extension = pcd
Format = auto
Extension = pcd
Format = auto
Extension = pcd
Format = auto
Extension = pcd
Format = auto
Extension = pcd
Format = auto
Extension = pcd
Format = auto
Extension = pcd
Format = auto
Extension = pcd
Format = auto
Extension = pcd
Format = auto
Extension = pcd
Format = auto
Extension = pcd
Format = auto
Extension = pcd
Format = auto
Extension = pcd
Format = auto
Extension = pcd
Format = auto
Extension = pcd
Format = auto
Extension = pcd
Format = auto
Extension = pcd
Format = auto
Extension = pcd
Format = auto
Extension = pcd
Format = auto
Extension = pcd
Format = auto
Extension = pcd
Format = auto
Extension = pcd
Format = auto
Extension = pcd
Format = auto
Extension = pcd
Format = auto
Extension = pcd
Format = auto
Extension = pcd
Format = auto
Extension = pcd
Format = auto
Extension = pcd
Format = auto
Extension = pcd
Format = auto
Extension = pcd
Format = auto
Extension = pcd
Format = auto
Extension = pcd
Format = auto
Extension = pcd
Format = auto
Extension = pcd
Format = auto
Extension = pcd
Format = auto
Extension = pcd

frame=34/41 late_source=6/6 scenario=2026_07_15_01_26_56 timestamp=000126 receiver=17 cavs=[17, 3] pred_boxes=4 gt_boxes=13 comm_bytes=77408
sgcp_late_fusion frame=34/41 scenario=2026_07_15_01_26_56 timestamp=000126 sources=6 fused_pred_boxes=40 fused_gt_boxes=66
frame=35/41 late_source=1/6 scenario=2026_07_15_01_26_56 timestamp=000128 receiver=4 cavs=[4, 12] pred_boxes=9 gt_boxes=33 comm_bytes=78272
frame=35/41 late_source=2/6 scenario=2026_07_15_01_26_56 timestamp=000128 receiver=11 cavs=[11, 2] pred_boxes=15 gt_boxes=35 comm_bytes=77056
frame=35/41 late_source=3/6 scenario=2026_07_15_01_26_56 timestamp=000128 receiver=13 cavs=[13, 14] pred_boxes=0 gt_boxes=6 comm_bytes=75520
frame=35/41 late_source=4/6 scenario=2026_07_15_01_26_56 timestamp=000128 receiver=15 cavs=[15, 6] pred_boxes=13 gt_boxes=23 comm_bytes=73968
frame=35/41 late_source=5/6 scenario=2026_07_15_01_26_56 timestamp=000128 receiver=16 cavs=[16, 20] pred_boxes=8 gt_boxes=26 comm_bytes=77424
frame=35/41 late_source=6/6 scenario=2026_07_15_01_26_56 timestamp=000128 receiver=17 cavs=[17, 3] pred_boxes=5 gt_boxes=13 comm_bytes=77536
sgcp_late_fusion frame=35/41 scenario=2026_07_15_01_26_56 timestamp=000128 sources=6 fused_pred_boxes=42 fused_gt_boxes=66
frame=36/41 late_source=1/6 scenario=2026_07_15_01_26_56 timestamp=000130 receiver=4 cavs=[4, 12] pred_boxes=9 gt_boxes=33 comm_bytes=78192
frame=36/41 late_source=2/6 scenario=2026_07_15_01_26_56 timestamp=000130 receiver=11 cavs=[11, 2] pred_boxes=14 gt_boxes=35 comm_bytes=76928
frame=36/41 late_source=3/6 scenario=2026_07_15_01_26_56 timestamp=000130 receiver=13 cavs=[13, 14] pred_boxes=0 gt_boxes=7 comm_bytes=76096
frame=36/41 late_source=4/6 scenario=2026_07_15_01_26_56 timestamp=000130 receiver=15 cavs=[15, 6] pred_boxes=12 gt_boxes=22 comm_bytes=73904
frame=36/41 late_source=5/6 scenario=2026_07_15_01_26_56 timestamp=000130 receiver=16 cavs=[16, 20] pred_boxes=7 gt_boxes=26 comm_bytes=77488
frame=36/41 late_source=6/6 scenario=2026_07_15_01_26_56 timestamp=000130 receiver=17 cavs=[17, 3] pred_boxes=5 gt_boxes=14 comm_bytes=77184
sgcp_late_fusion frame=36/41 scenario=2026_07_15_01_26_56 timestamp=000130 sources=6 fused_pred_boxes=40 fused_gt_boxes=66
frame=37/41 late_source=1/6 scenario=2026_07_15_01_26_56 timestamp=000132 receiver=4 cavs=[4, 12] pred_boxes=9 gt_boxes=33 comm_bytes=77904
frame=37/41 late_source=2/6 scenario=2026_07_15_01_26_56 timestamp=000132 receiver=11 cavs=[11, 2] pred_boxes=15 gt_boxes=35 comm_bytes=76944
frame=37/41 late_source=3/6 scenario=2026_07_15_01_26_56 timestamp=000132 receiver=13 cavs=[13, 14] pred_boxes=0 gt_boxes=7 comm_bytes=75568
frame=37/41 late_source=4/6 scenario=2026_07_15_01_26_56 timestamp=000132 receiver=15 cavs=[15, 6] pred_boxes=13 gt_boxes=22 comm_bytes=73744
frame=37/41 late_source=5/6 scenario=2026_07_15_01_26_56 timestamp=000132 receiver=16 cavs=[16, 20] pred_boxes=8 gt_boxes=26 comm_bytes=77552
frame=37/41 late_source=6/6 scenario=2026_07_15_01_26_56 timestamp=000132 receiver=17 cavs=[17, 3] pred_boxes=5 gt_boxes=14 comm_bytes=77440
sgcp_late_fusion frame=37/41 scenario=2026_07_15_01_26_56 timestamp=000132 sources=6 fused_pred_boxes=42 fused_gt_boxes=66
frame=38/41 late_source=1/6 scenario=2026_07_15_01_26_56 timestamp=000134 receiver=4 cavs=[4, 12] pred_boxes=8 gt_boxes=33 comm_bytes=78000
frame=38/41 late_source=2/6 scenario=2026_07_15_01_26_56 timestamp=000134 receiver=11 cavs=[11, 2] pred_boxes=15 gt_boxes=35 comm_bytes=76944
frame=38/41 late_source=3/6 scenario=2026_07_15_01_26_56 timestamp=000134 receiver=13 cavs=[13, 14] pred_boxes=0 gt_boxes=7 comm_bytes=75856
frame=38/41 late_source=4/6 scenario=2026_07_15_01_26_56 timestamp=000134 receiver=15 cavs=[15, 6] pred_boxes=12 gt_boxes=25 comm_bytes=73696
frame=38/41 late_source=5/6 scenario=2026_07_15_01_26_56 timestamp=000134 receiver=16 cavs=[16, 20] pred_boxes=6 gt_boxes=26 comm_bytes=77600
frame=38/41 late_source=6/6 scenario=2026_07_15_01_26_56 timestamp=000134 receiver=17 cavs=[17, 3] pred_boxes=7 gt_boxes=14 comm_bytes=77184
sgcp_late_fusion frame=38/41 scenario=2026_07_15_01_26_56 timestamp=000134 sources=6 fused_pred_boxes=40 fused_gt_boxes=66
frame=39/41 late_source=1/6 scenario=2026_07_15_01_26_56 timestamp=000136 receiver=4 cavs=[4, 12] pred_boxes=7 gt_boxes=33 comm_bytes=78096
frame=39/41 late_source=2/6 scenario=2026_07_15_01_26_56 timestamp=000136 receiver=11 cavs=[11, 2] pred_boxes=13 gt_boxes=35 comm_bytes=76960
frame=39/41 late_source=3/6 scenario=2026_07_15_01_26_56 timestamp=000136 receiver=13 cavs=[13, 14] pred_boxes=0 gt_boxes=7 comm_bytes=75376
frame=39/41 late_source=4/6 scenario=2026_07_15_01_26_56 timestamp=000136 receiver=15 cavs=[15, 6] pred_boxes=14 gt_boxes=25 comm_bytes=73792
frame=39/41 late_source=5/6 scenario=2026_07_15_01_26_56 timestamp=000136 receiver=16 cavs=[16, 20] pred_boxes=7 gt_boxes=26 comm_bytes=77648
frame=39/41 late_source=6/6 scenario=2026_07_15_01_26_56 timestamp=000136 receiver=17 cavs=[17, 3] pred_boxes=6 gt_boxes=14 comm_bytes=77968
sgcp_late_fusion frame=39/41 scenario=2026_07_15_01_26_56 timestamp=000136 sources=6 fused_pred_boxes=40 fused_gt_boxes=66
frame=40/41 late_source=1/6 scenario=2026_07_15_01_26_56 timestamp=000138 receiver=4 cavs=[4, 12] pred_boxes=9 gt_boxes=33 comm_bytes=77792
frame=40/41 late_source=2/6 scenario=2026_07_15_01_26_56 timestamp=000138 receiver=11 cavs=[11, 2] pred_boxes=13 gt_boxes=34 comm_bytes=76992
frame=40/41 late_source=3/6 scenario=2026_07_15_01_26_56 timestamp=000138 receiver=13 cavs=[13, 14] pred_boxes=0 gt_boxes=7 comm_bytes=75424
frame=40/41 late_source=4/6 scenario=2026_07_15_01_26_56 timestamp=000138 receiver=15 cavs=[15, 6] pred_boxes=12 gt_boxes=26 comm_bytes=73520
frame=40/41 late_source=5/6 scenario=2026_07_15_01_26_56 timestamp=000138 receiver=16 cavs=[16, 20] pred_boxes=7 gt_boxes=26 comm_bytes=77616
frame=40/41 late_source=6/6 scenario=2026_07_15_01_26_56 timestamp=000138 receiver=17 cavs=[17, 3] pred_boxes=4 gt_boxes=14 comm_bytes=77664
sgcp_late_fusion frame=40/41 scenario=2026_07_15_01_26_56 timestamp=000138 sources=6 fused_pred_boxes=42 fused_gt_boxes=66
frame=41/41 late_source=1/6 scenario=2026_07_15_01_26_56 timestamp=000140 receiver=4 cavs=[4, 12] pred_boxes=9 gt_boxes=33 comm_bytes=77984
frame=41/41 late_source=2/6 scenario=2026_07_15_01_26_56 timestamp=000140 receiver=11 cavs=[11, 2] pred_boxes=15 gt_boxes=34 comm_bytes=77024
frame=41/41 late_source=3/6 scenario=2026_07_15_01_26_56 timestamp=000140 receiver=13 cavs=[13, 14] pred_boxes=0 gt_boxes=6 comm_bytes=75680
frame=41/41 late_source=4/6 scenario=2026_07_15_01_26_56 timestamp=000140 receiver=15 cavs=[15, 6] pred_boxes=12 gt_boxes=24 comm_bytes=73776
frame=41/41 late_source=5/6 scenario=2026_07_15_01_26_56 timestamp=000140 receiver=16 cavs=[16, 20] pred_boxes=8 gt_boxes=26 comm_bytes=77584
frame=41/41 late_source=6/6 scenario=2026_07_15_01_26_56 timestamp=000140 receiver=17 cavs=[17, 3] pred_boxes=4 gt_boxes=14 comm_bytes=77760
sgcp_late_fusion frame=41/41 scenario=2026_07_15_01_26_56 timestamp=000140 sources=6 fused_pred_boxes=42 fused_gt_boxes=65
cp counter: 41
Evaluate final average precision results:
  - Fusion method: early
  - The Average Precision at IOU 0.3 is 0.63, The Average Precision at IOU 0.5 is 0.56, The Average Precision at IOU 0.7 is 0.22
sgcp_summary frames=246 avg_comm_bytes=76574.31 total_comm_bytes=18837280 avg_source_cavs=2.00 avg_selected_grids=37.00
