Format = auto
Extension = pcd
Format = auto
Extension = pcd
Format = auto
Extension = pcd
Format = auto
Extension = pcd
Format = auto
Extension = pcd
Format = auto
Extension = pcd
Format = auto
Extension = pcd
Format = auto
Extension = pcd
Format = auto
Extension = pcd
Format = auto
Extension = pcd
Format = auto
Extension = pcd
Format = auto
Extension = pcd
Format = auto
Extension = pcd
Format = auto
Extension = pcd
Format = auto
Extension = pcd
Format = auto
Extension = pcd
Format = auto
Extension = pcd
Format = auto
Extension = pcd
Format = auto
Extension = pcd
Format = auto
Extension = pcd
Format = auto
Extension = pcd
Format = auto
Extension = pcd
Format = auto
Extension = pcd
Format = auto
Extension = pcd
Format = auto
Extension = pcd
Format = auto
Extension = pcd
Format = auto
Extension = pcd
Format = auto
Extension = pcd
Format = auto
Extension = pcd
Format = auto
Extension = pcd
Format = auto
Extension = pcd
Format = auto
Extension = pcd
Format = auto
Extension = pcd
Format = auto
Extension = pcd
Format = auto
Extension = pcd
Format = auto
Extension = pcd
Format = auto
Extension = pcd
Format = auto
Extension = pcd
Format = auto
Extension = pcd
Format = auto
Extension = pcd
Format = auto
Extension = pcd
Format = auto
Extension = pcd
Format = auto
Extension = pcd
Format = auto
Extension = pcd
Format = auto
Extension = pcd
Format = auto
Extension = pcd
Format = auto
Extension = pcd
Format = auto
Extension = pcd
Format = auto
Extension = pcd
Format = auto
Extension = pcd
Format = auto
Extension = pcd
Format = auto
Extension = pcd
Format = auto
Extension = pcd
Format = auto
Extension = pcd
Format = auto
Extension = pcd
Format = auto
Extension = pcd
Format = auto
Extension = pcd
Format = auto
Extension = pcd
Format = auto
Extension = pcd
Format = auto
Extension = pcd
resuming by loading epoch 10000
frame=1/3 late_source=1/6 scenario=2026_07_15_01_26_56 timestamp=000060 receiver=4 cavs=[4, 12, 8] pred_boxes=30 gt_boxes=40 comm_bytes=110496
frame=1/3 late_source=2/6 scenario=2026_07_15_01_26_56 timestamp=000060 receiver=11 cavs=[11, 10, 2] pred_boxes=26 gt_boxes=45 comm_bytes=127408
frame=1/3 late_source=3/6 scenario=2026_07_15_01_26_56 timestamp=000060 receiver=13 cavs=[13, 14, 9] pred_boxes=8 gt_boxes=26 comm_bytes=141232
frame=1/3 late_source=4/6 scenario=2026_07_15_01_26_56 timestamp=000060 receiver=15 cavs=[15, 6] pred_boxes=13 gt_boxes=17 comm_bytes=71760
frame=1/3 late_source=5/6 scenario=2026_07_15_01_26_56 timestamp=000060 receiver=16 cavs=[16, 7] pred_boxes=15 gt_boxes=29 comm_bytes=74848
frame=1/3 late_source=6/6 scenario=2026_07_15_01_26_56 timestamp=000060 receiver=17 cavs=[17, 3, 18] pred_boxes=9 gt_boxes=17 comm_bytes=132704
sgcp_late_fusion frame=1/3 scenario=2026_07_15_01_26_56 timestamp=000060 sources=6 fused_pred_boxes=67 fused_gt_boxes=70
frame=2/3 late_source=1/6 scenario=2026_07_15_01_26_56 timestamp=000062 receiver=1 cavs=[1, 2, 11] pred_boxes=27 gt_boxes=40 comm_bytes=136080
frame=2/3 late_source=2/6 scenario=2026_07_15_01_26_56 timestamp=000062 receiver=12 cavs=[12, 4] pred_boxes=17 gt_boxes=35 comm_bytes=53152
frame=2/3 late_source=3/6 scenario=2026_07_15_01_26_56 timestamp=000062 receiver=15 cavs=[15, 6] pred_boxes=15 gt_boxes=17 comm_bytes=71648
frame=2/3 late_source=4/6 scenario=2026_07_15_01_26_56 timestamp=000062 receiver=16 cavs=[16, 7, 20] pred_boxes=21 gt_boxes=30 comm_bytes=123264
frame=2/3 late_source=5/6 scenario=2026_07_15_01_26_56 timestamp=000062 receiver=17 cavs=[17, 14, 3] pred_boxes=8 gt_boxes=15 comm_bytes=133296
frame=2/3 late_source=6/6 scenario=2026_07_15_01_26_56 timestamp=000062 receiver=19 cavs=[19, 10, 13] pred_boxes=14 gt_boxes=35 comm_bytes=142560
sgcp_late_fusion frame=2/3 scenario=2026_07_15_01_26_56 timestamp=000062 sources=6 fused_pred_boxes=67 fused_gt_boxes=69
frame=3/3 late_source=1/6 scenario=2026_07_15_01_26_56 timestamp=000064 receiver=1 cavs=[1, 2, 11] pred_boxes=26 gt_boxes=40 comm_bytes=135856
frame=3/3 late_source=2/6 scenario=2026_07_15_01_26_56 timestamp=000064 receiver=12 cavs=[12, 4] pred_boxes=14 gt_boxes=35 comm_bytes=52496
frame=3/3 late_source=3/6 scenario=2026_07_15_01_26_56 timestamp=000064 receiver=15 cavs=[15, 6] pred_boxes=15 gt_boxes=17 comm_bytes=72192
frame=3/3 late_source=4/6 scenario=2026_07_15_01_26_56 timestamp=000064 receiver=16 cavs=[16, 7, 20] pred_boxes=18 gt_boxes=31 comm_bytes=122704
frame=3/3 late_source=5/6 scenario=2026_07_15_01_26_56 timestamp=000064 receiver=17 cavs=[17, 14, 3] pred_boxes=8 gt_boxes=15 comm_bytes=133152
frame=3/3 late_source=6/6 scenario=2026_07_15_01_26_56 timestamp=000064 receiver=19 cavs=[19, 10, 13] pred_boxes=12 gt_boxes=34 comm_bytes=142448
sgcp_late_fusion frame=3/3 scenario=2026_07_15_01_26_56 timestamp=000064 sources=6 fused_pred_boxes=65 fused_gt_boxes=70
cp counter: 3
Evaluate final average precision results:
  - Fusion method: early
  - The Average Precision at IOU 0.3 is 0.79, The Average Precision at IOU 0.5 is 0.68, The Average Precision at IOU 0.7 is 0.28
sgcp_summary frames=18 avg_comm_bytes=109849.78 total_comm_bytes=1977296 avg_source_cavs=2.67 avg_selected_grids=88.33
C:\Users\sakakibara\miniconda3\envs\opencda\lib\site-packages\torch\nn\functional.py:1806: UserWarning: nn.functional.sigmoid is deprecated. Use torch.sigmoid instead.
  warnings.warn("nn.functional.sigmoid is deprecated. Use torch.sigmoid instead.")
