C:\Users\sakakibara\miniconda3\envs\opencda\lib\site-packages\torch\nn\functional.py:1806: UserWarning: nn.functional.sigmoid is deprecated. Use torch.sigmoid instead.
  warnings.warn("nn.functional.sigmoid is deprecated. Use torch.sigmoid instead.")
Format = auto
Extension = pcd
Format = auto
Extension = pcd
Format = auto
Extension = pcd
Format = auto
Extension = pcd
Format = auto
Extension = pcd
Format = auto
Extension = pcd
Format = auto
Extension = pcd
Format = auto
Extension = pcd
Format = auto
Extension = pcd
Format = auto
Extension = pcd
Format = auto
Extension = pcd
Format = auto
Extension = pcd
Format = auto
Extension = pcd
Format = auto
Extension = pcd
Format = auto
Extension = pcd
Format = auto
Extension = pcd
Format = auto
Extension = pcd
Format = auto
Extension = pcd
Format = auto
Extension = pcd
Format = auto
Extension = pcd
Format = auto
Extension = pcd
Format = auto
Extension = pcd
Format = auto
Extension = pcd
Format = auto
Extension = pcd
Format = auto
Extension = pcd
Format = auto
Extension = pcd
Format = auto
Extension = pcd
Format = auto
Extension = pcd
Format = auto
Extension = pcd
Format = auto
Extension = pcd
Format = auto
Extension = pcd
Format = auto
Extension = pcd
Format = auto
Extension = pcd
Format = auto
Extension = pcd
Format = auto
Extension = pcd
Format = auto
Extension = pcd
Format = auto
Extension = pcd
Format = auto
Extension = pcd
Format = auto
Extension = pcd
Format = auto
Extension = pcd
Format = auto
Extension = pcd
Format = auto
Extension = pcd
Format = auto
Extension = pcd
Format = auto
Extension = pcd
Format = auto
Extension = pcd
Format = auto
Extension = pcd
Format = auto
Extension = pcd
Format = auto
Extension = pcd
Format = auto
Extension = pcd
Format = auto
Extension = pcd
Format = auto
Extension = pcd
Format = auto
Extension = pcd
Format = auto
Extension = pcd
Format = auto
Extension = pcd
Format = auto
Extension = pcd
Format = auto
Extension = pcd
Format = auto
Extension = pcd
Format = auto
Extension = pcd
Format = auto
Extension = pcd
Format = auto
Extension = pcd
Format = auto
Extension = pcd
Format = auto
Extension = pcd
Format = auto
Extension = pcd
Format = auto
Extension = pcd
Format = auto
Extension = pcd
Format = auto
Extension = pcd
Format = auto
Extension = pcd
Format = auto
Extension = pcd
Format = auto
Extension = pcd
Format = auto
Extension = pcd
Format = auto
Extension = pcd
Format = auto
Extension = pcd
Format = auto
Extension = pcd
Format = auto
Extension = pcd
Format = auto
Extension = pcd
Format = auto
Extension = pcd
Format = auto
Extension = pcd
Format = auto
Extension = pcd
Format = auto
Extension = pcd
Format = auto
Extension = pcd
Format = auto
Extension = pcd
Format = auto
Extension = pcd
Format = auto
Extension = pcd
Format = auto
Extension = pcd
Format = auto
Extension = pcd
Format = auto
Extension = pcd
Format = auto
Extension = pcd
Format = auto
Extension = pcd
Format = auto
Extension = pcd
Format = auto
Extension = pcd
Format = auto
Extension = pcd
Format = auto
Extension = pcd
Format = auto
Extension = pcd
Format = auto
Extension = pcd
Format = auto
Extension = pcd
Format = auto
Extension = pcd
Format = auto
Extension = pcd
Format = auto
Extension = pcd
Format = auto
Extension = pcd
Format = auto
Extension = pcd
Format = auto
Extension = pcd
Format = auto
Extension = pcd
Format = auto
Extension = pcd
Format = auto
Extension = pcd
Format = auto
Extension = pcd
Format = auto
Extension = pcd
Format = auto
Extension = pcd
Format = auto
Extension = pcd
Format = auto
Extension = pcd
Format = auto
Extension = pcd
Format = auto
Extension = pcd
Format = auto
Extension = pcd
Format = auto
Extension = pcd
Format = auto
Extension = pcd
Format = auto
Extension = pcd
Format = auto
Extension = pcd
Format = auto
Extension = pcd
Format = auto
Extension = pcd
Format = auto
Extension = pcd
Format = auto
Extension = pcd
Format = auto
Extension = pcd
Format = auto
Extension = pcd
Format = auto
Extension = pcd
Format = auto
Extension = pcd
Format = auto
Extension = pcd
Format = auto
Extension = pcd
Format = auto
Extension = pcd
Format = auto
Extension = pcd
Format = auto
Extension = pcd
Format = auto
Extension = pcd
Format = auto
Extension = pcd
Format = auto
Extension = pcd
Format = auto
Extension = pcd
Format = auto
Extension = pcd
Format = auto
Extension = pcd
Format = auto
Extension = pcd
Format = auto
Extension = pcd
Format = auto
Extension = pcd
Format = auto
Extension = pcd
Format = auto
Extension = pcd
Format = auto
Extension = pcd
Format = auto
Extension = pcd
Format = auto
Extension = pcd
Format = auto
Extension = pcd
Format = auto
Extension = pcd
Format = auto
Extension = pcd
Format = auto
Extension = pcd
Format = auto
Extension = pcd
Format = auto
Extension = pcd
Format = auto
Extension = pcd
Format = auto
Extension = pcd
Format = auto
Extension = pcd
Format = auto
Extension = pcd
Format = auto
Extension = pcd
Format = auto
Extension = pcd
Format = auto
Extension = pcd
Format = auto
Extension = pcd
Format = auto
Extension = pcd
Format = auto
Extension = pcd
Format = auto
Extension = pcd
resuming by loading epoch 10000
frame=1/41 late_source=1/7 scenario=2026_07_29_02_32_08 timestamp=000060 receiver=1 cavs=[1, 11, 2] pred_boxes=25 gt_boxes=48 comm_bytes=150768
frame=1/41 late_source=2/7 scenario=2026_07_29_02_32_08 timestamp=000060 receiver=10 cavs=[10, 9] pred_boxes=18 gt_boxes=40 comm_bytes=57440
frame=1/41 late_source=3/7 scenario=2026_07_29_02_32_08 timestamp=000060 receiver=12 cavs=[12, 7, 4] pred_boxes=22 gt_boxes=52 comm_bytes=143776
frame=1/41 late_source=4/7 scenario=2026_07_29_02_32_08 timestamp=000060 receiver=13 cavs=[13, 14, 19] pred_boxes=3 gt_boxes=25 comm_bytes=150768
frame=1/41 late_source=5/7 scenario=2026_07_29_02_32_08 timestamp=000060 receiver=15 cavs=[15, 6] pred_boxes=17 gt_boxes=21 comm_bytes=72336
frame=1/41 late_source=6/7 scenario=2026_07_29_02_32_08 timestamp=000060 receiver=16 cavs=[16, 20] pred_boxes=21 gt_boxes=34 comm_bytes=48432
frame=1/41 late_source=7/7 scenario=2026_07_29_02_32_08 timestamp=000060 receiver=17 cavs=[17, 3] pred_boxes=11 gt_boxes=20 comm_bytes=71040
sgcp_late_fusion frame=1/41 scenario=2026_07_29_02_32_08 timestamp=000060 sources=7 fused_pred_boxes=71 fused_gt_boxes=71
frame=2/41 late_source=1/7 scenario=2026_07_29_02_32_08 timestamp=000062 receiver=1 cavs=[1, 11, 2] pred_boxes=25 gt_boxes=48 comm_bytes=148800
frame=2/41 late_source=2/7 scenario=2026_07_29_02_32_08 timestamp=000062 receiver=10 cavs=[10, 9] pred_boxes=17 gt_boxes=38 comm_bytes=57456
frame=2/41 late_source=3/7 scenario=2026_07_29_02_32_08 timestamp=000062 receiver=12 cavs=[12, 7, 4] pred_boxes=21 gt_boxes=53 comm_bytes=143056
frame=2/41 late_source=4/7 scenario=2026_07_29_02_32_08 timestamp=000062 receiver=13 cavs=[13, 14, 19] pred_boxes=3 gt_boxes=25 comm_bytes=152400
frame=2/41 late_source=5/7 scenario=2026_07_29_02_32_08 timestamp=000062 receiver=15 cavs=[15, 6] pred_boxes=16 gt_boxes=21 comm_bytes=72064
frame=2/41 late_source=6/7 scenario=2026_07_29_02_32_08 timestamp=000062 receiver=16 cavs=[16, 20] pred_boxes=20 gt_boxes=34 comm_bytes=48448
frame=2/41 late_source=7/7 scenario=2026_07_29_02_32_08 timestamp=000062 receiver=17 cavs=[17, 3] pred_boxes=10 gt_boxes=21 comm_bytes=70704
sgcp_late_fusion frame=2/41 scenario=2026_07_29_02_32_08 timestamp=000062 sources=7 fused_pred_boxes=69 fused_gt_boxes=71
frame=3/41 late_source=1/7 scenario=2026_07_29_02_32_08 timestamp=000064 receiver=1 cavs=[1, 11, 2] pred_boxes=24 gt_boxes=48 comm_bytes=148688
frame=3/41 late_source=2/7 scenario=2026_07_29_02_32_08 timestamp=000064 receiver=10 cavs=[10, 9] pred_boxes=16 gt_boxes=40 comm_bytes=57456
frame=3/41 late_source=3/7 scenario=2026_07_29_02_32_08 timestamp=000064 receiver=12 cavs=[12, 7, 4] pred_boxes=23 gt_boxes=54 comm_bytes=143024
frame=3/41 late_source=4/7 scenario=2026_07_29_02_32_08 timestamp=000064 receiver=13 cavs=[13, 14, 19] pred_boxes=2 gt_boxes=26 comm_bytes=151968
frame=3/41 late_source=5/7 scenario=2026_07_29_02_32_08 timestamp=000064 receiver=15 cavs=[15, 6] pred_boxes=18 gt_boxes=21 comm_bytes=71056
frame=3/41 late_source=6/7 scenario=2026_07_29_02_32_08 timestamp=000064 receiver=16 cavs=[16, 20] pred_boxes=19 gt_boxes=34 comm_bytes=45952
frame=3/41 late_source=7/7 scenario=2026_07_29_02_32_08 timestamp=000064 receiver=17 cavs=[17, 3] pred_boxes=8 gt_boxes=21 comm_bytes=67632
sgcp_late_fusion frame=3/41 scenario=2026_07_29_02_32_08 timestamp=000064 sources=7 fused_pred_boxes=71 fused_gt_boxes=71
frame=4/41 late_source=1/6 scenario=2026_07_29_02_32_08 timestamp=000066 receiver=1 cavs=[1, 11, 2] pred_boxes=25 gt_boxes=48 comm_bytes=148448
frame=4/41 late_source=2/6 scenario=2026_07_29_02_32_08 timestamp=000066 receiver=12 cavs=[12, 7, 4] pred_boxes=23 gt_boxes=52 comm_bytes=142032
frame=4/41 late_source=3/6 scenario=2026_07_29_02_32_08 timestamp=000066 receiver=13 cavs=[13, 14, 10] pred_boxes=15 gt_boxes=35 comm_bytes=170864
frame=4/41 late_source=4/6 scenario=2026_07_29_02_32_08 timestamp=000066 receiver=15 cavs=[15, 6] pred_boxes=19 gt_boxes=20 comm_bytes=70256
frame=4/41 late_source=5/6 scenario=2026_07_29_02_32_08 timestamp=000066 receiver=16 cavs=[16, 20, 5] pred_boxes=21 gt_boxes=37 comm_bytes=99552
frame=4/41 late_source=6/6 scenario=2026_07_29_02_32_08 timestamp=000066 receiver=17 cavs=[17, 3] pred_boxes=11 gt_boxes=21 comm_bytes=66416
sgcp_late_fusion frame=4/41 scenario=2026_07_29_02_32_08 timestamp=000066 sources=6 fused_pred_boxes=77 fused_gt_boxes=71
frame=5/41 late_source=1/6 scenario=2026_07_29_02_32_08 timestamp=000068 receiver=1 cavs=[1, 11, 2] pred_boxes=25 gt_boxes=48 comm_bytes=144528
frame=5/41 late_source=2/6 scenario=2026_07_29_02_32_08 timestamp=000068 receiver=12 cavs=[12, 4] pred_boxes=21 gt_boxes=45 comm_bytes=45568
frame=5/41 late_source=3/6 scenario=2026_07_29_02_32_08 timestamp=000068 receiver=13 cavs=[13, 14, 10] pred_boxes=14 gt_boxes=34 comm_bytes=170688
frame=5/41 late_source=4/6 scenario=2026_07_29_02_32_08 timestamp=000068 receiver=15 cavs=[15, 6] pred_boxes=18 gt_boxes=20 comm_bytes=69616
frame=5/41 late_source=5/6 scenario=2026_07_29_02_32_08 timestamp=000068 receiver=16 cavs=[16, 7, 20] pred_boxes=23 gt_boxes=43 comm_bytes=138432
frame=5/41 late_source=6/6 scenario=2026_07_29_02_32_08 timestamp=000068 receiver=17 cavs=[17, 3, 18] pred_boxes=7 gt_boxes=20 comm_bytes=117312
sgcp_late_fusion frame=5/41 scenario=2026_07_29_02_32_08 timestamp=000068 sources=6 fused_pred_boxes=72 fused_gt_boxes=71
frame=6/41 late_source=1/6 scenario=2026_07_29_02_32_08 timestamp=000070 receiver=1 cavs=[1, 2, 11] pred_boxes=24 gt_boxes=48 comm_bytes=150432
frame=6/41 late_source=2/6 scenario=2026_07_29_02_32_08 timestamp=000070 receiver=12 cavs=[12, 7, 4] pred_boxes=21 gt_boxes=52 comm_bytes=140768
frame=6/41 late_source=3/6 scenario=2026_07_29_02_32_08 timestamp=000070 receiver=13 cavs=[13, 14, 10] pred_boxes=12 gt_boxes=33 comm_bytes=169744
frame=6/41 late_source=4/6 scenario=2026_07_29_02_32_08 timestamp=000070 receiver=15 cavs=[15, 6] pred_boxes=18 gt_boxes=20 comm_bytes=68608
frame=6/41 late_source=5/6 scenario=2026_07_29_02_32_08 timestamp=000070 receiver=16 cavs=[16, 20, 5] pred_boxes=21 gt_boxes=37 comm_bytes=99824
frame=6/41 late_source=6/6 scenario=2026_07_29_02_32_08 timestamp=000070 receiver=17 cavs=[17, 3] pred_boxes=9 gt_boxes=20 comm_bytes=66080
sgcp_late_fusion frame=6/41 scenario=2026_07_29_02_32_08 timestamp=000070 sources=6 fused_pred_boxes=70 fused_gt_boxes=71
frame=7/41 late_source=1/6 scenario=2026_07_29_02_32_08 timestamp=000072 receiver=1 cavs=[1, 2, 11] pred_boxes=26 gt_boxes=49 comm_bytes=150384
frame=7/41 late_source=2/6 scenario=2026_07_29_02_32_08 timestamp=000072 receiver=12 cavs=[12, 7, 4] pred_boxes=20 gt_boxes=50 comm_bytes=139408
frame=7/41 late_source=3/6 scenario=2026_07_29_02_32_08 timestamp=000072 receiver=13 cavs=[13, 14, 10] pred_boxes=14 gt_boxes=34 comm_bytes=169760
frame=7/41 late_source=4/6 scenario=2026_07_29_02_32_08 timestamp=000072 receiver=15 cavs=[15, 6] pred_boxes=18 gt_boxes=20 comm_bytes=74384
frame=7/41 late_source=5/6 scenario=2026_07_29_02_32_08 timestamp=000072 receiver=16 cavs=[16, 20, 5] pred_boxes=21 gt_boxes=37 comm_bytes=106704
frame=7/41 late_source=6/6 scenario=2026_07_29_02_32_08 timestamp=000072 receiver=17 cavs=[17, 3] pred_boxes=9 gt_boxes=20 comm_bytes=64960
sgcp_late_fusion frame=7/41 scenario=2026_07_29_02_32_08 timestamp=000072 sources=6 fused_pred_boxes=73 fused_gt_boxes=70
frame=8/41 late_source=1/6 scenario=2026_07_29_02_32_08 timestamp=000074 receiver=1 cavs=[1, 2, 11] pred_boxes=29 gt_boxes=50 comm_bytes=150272
frame=8/41 late_source=2/6 scenario=2026_07_29_02_32_08 timestamp=000074 receiver=12 cavs=[12, 4] pred_boxes=17 gt_boxes=41 comm_bytes=48496
frame=8/41 late_source=3/6 scenario=2026_07_29_02_32_08 timestamp=000074 receiver=13 cavs=[13, 14, 10] pred_boxes=13 gt_boxes=32 comm_bytes=169968
frame=8/41 late_source=4/6 scenario=2026_07_29_02_32_08 timestamp=000074 receiver=15 cavs=[15, 6] pred_boxes=17 gt_boxes=21 comm_bytes=74256
frame=8/41 late_source=5/6 scenario=2026_07_29_02_32_08 timestamp=000074 receiver=16 cavs=[16, 7, 20] pred_boxes=23 gt_boxes=42 comm_bytes=139280
frame=8/41 late_source=6/6 scenario=2026_07_29_02_32_08 timestamp=000074 receiver=17 cavs=[17, 18, 3] pred_boxes=10 gt_boxes=20 comm_bytes=124928Format = auto
Extension = pcd
Format = auto
Extension = pcd
Format = auto
Extension = pcd
Format = auto
Extension = pcd
Format = auto
Extension = pcd
Format = auto
Extension = pcd
Format = auto
Extension = pcd
Format = auto
Extension = pcd
Format = auto
Extension = pcd
Format = auto
Extension = pcd
Format = auto
Extension = pcd
Format = auto
Extension = pcd
Format = auto
Extension = pcd
Format = auto
Extension = pcd
Format = auto
Extension = pcd
Format = auto
Extension = pcd
Format = auto
Extension = pcd
Format = auto
Extension = pcd
Format = auto
Extension = pcd
Format = auto
Extension = pcd
Format = auto
Extension = pcd
Format = auto
Extension = pcd
Format = auto
Extension = pcd
Format = auto
Extension = pcd
Format = auto
Extension = pcd
Format = auto
Extension = pcd
Format = auto
Extension = pcd
Format = auto
Extension = pcd
Format = auto
Extension = pcd
Format = auto
Extension = pcd
Format = auto
Extension = pcd
Format = auto
Extension = pcd
Format = auto
Extension = pcd
Format = auto
Extension = pcd
Format = auto
Extension = pcd
Format = auto
Extension = pcd
Format = auto
Extension = pcd
Format = auto
Extension = pcd
Format = auto
Extension = pcd
Format = auto
Extension = pcd
Format = auto
Extension = pcd
Format = auto
Extension = pcd
Format = auto
Extension = pcd
Format = auto
Extension = pcd
Format = auto
Extension = pcd
Format = auto
Extension = pcd
Format = auto
Extension = pcd
Format = auto
Extension = pcd
Format = auto
Extension = pcd
Format = auto
Extension = pcd
Format = auto
Extension = pcd
Format = auto
Extension = pcd
Format = auto
Extension = pcd
Format = auto
Extension = pcd
Format = auto
Extension = pcd
Format = auto
Extension = pcd
Format = auto
Extension = pcd
Format = auto
Extension = pcd
Format = auto
Extension = pcd
Format = auto
Extension = pcd
Format = auto
Extension = pcd
Format = auto
Extension = pcd
Format = auto
Extension = pcd
Format = auto
Extension = pcd
Format = auto
Extension = pcd
Format = auto
Extension = pcd
Format = auto
Extension = pcd
Format = auto
Extension = pcd
Format = auto
Extension = pcd
Format = auto
Extension = pcd
Format = auto
Extension = pcd
Format = auto
Extension = pcd
Format = auto
Extension = pcd
Format = auto
Extension = pcd
Format = auto
Extension = pcd
Format = auto
Extension = pcd
Format = auto
Extension = pcd
Format = auto
Extension = pcd
Format = auto
Extension = pcd
Format = auto
Extension = pcd
Format = auto
Extension = pcd
Format = auto
Extension = pcd
Format = auto
Extension = pcd
Format = auto
Extension = pcd
Format = auto
Extension = pcd
Format = auto
Extension = pcd
Format = auto
Extension = pcd
Format = auto
Extension = pcd
Format = auto
Extension = pcd
Format = auto
Extension = pcd
Format = auto
Extension = pcd
Format = auto
Extension = pcd
Format = auto
Extension = pcd
Format = auto
Extension = pcd
Format = auto
Extension = pcd
Format = auto
Extension = pcd
Format = auto
Extension = pcd
Format = auto
Extension = pcd
Format = auto
Extension = pcd
Format = auto
Extension = pcd
Format = auto
Extension = pcd
Format = auto
Extension = pcd
Format = auto
Extension = pcd
Format = auto
Extension = pcd
Format = auto
Extension = pcd
Format = auto
Extension = pcd
Format = auto
Extension = pcd
Format = auto
Extension = pcd
Format = auto
Extension = pcd
Format = auto
Extension = pcd
Format = auto
Extension = pcd
Format = auto
Extension = pcd
Format = auto
Extension = pcd
Format = auto
Extension = pcd
Format = auto
Extension = pcd
Format = auto
Extension = pcd
Format = auto
Extension = pcd
Format = auto
Extension = pcd
Format = auto
Extension = pcd
Format = auto
Extension = pcd
Format = auto
Extension = pcd
Format = auto
Extension = pcd
Format = auto
Extension = pcd
Format = auto
Extension = pcd
Format = auto
Extension = pcd
Format = auto
Extension = pcd
Format = auto
Extension = pcd
Format = auto
Extension = pcd
Format = auto
Extension = pcd
Format = auto
Extension = pcd
Format = auto
Extension = pcd
Format = auto
Extension = pcd
Format = auto
Extension = pcd
Format = auto
Extension = pcd
Format = auto
Extension = pcd
Format = auto
Extension = pcd
Format = auto
Extension = pcd
Format = auto
Extension = pcd
Format = auto
Extension = pcd
Format = auto
Extension = pcd
Format = auto
Extension = pcd
Format = auto
Extension = pcd
Format = auto
Extension = pcd
Format = auto
Extension = pcd
Format = auto
Extension = pcd
Format = auto
Extension = pcd
Format = auto
Extension = pcd
Format = auto
Extension = pcd
Format = auto
Extension = pcd
Format = auto
Extension = pcd
Format = auto
Extension = pcd
Format = auto
Extension = pcd
Format = auto
Extension = pcd
Format = auto
Extension = pcd
Format = auto
Extension = pcd
Format = auto
Extension = pcd
Format = auto
Extension = pcd
Format = auto
Extension = pcd
Format = auto
Extension = pcd
Format = auto
Extension = pcd

sgcp_late_fusion frame=8/41 scenario=2026_07_29_02_32_08 timestamp=000074 sources=6 fused_pred_boxes=72 fused_gt_boxes=69
frame=9/41 late_source=1/6 scenario=2026_07_29_02_32_08 timestamp=000076 receiver=1 cavs=[1, 2, 11] pred_boxes=28 gt_boxes=50 comm_bytes=150320
frame=9/41 late_source=2/6 scenario=2026_07_29_02_32_08 timestamp=000076 receiver=12 cavs=[12, 4] pred_boxes=18 gt_boxes=43 comm_bytes=48432
frame=9/41 late_source=3/6 scenario=2026_07_29_02_32_08 timestamp=000076 receiver=13 cavs=[13, 14, 10] pred_boxes=14 gt_boxes=32 comm_bytes=170736
frame=9/41 late_source=4/6 scenario=2026_07_29_02_32_08 timestamp=000076 receiver=15 cavs=[15, 6] pred_boxes=17 gt_boxes=22 comm_bytes=73776
frame=9/41 late_source=5/6 scenario=2026_07_29_02_32_08 timestamp=000076 receiver=16 cavs=[16, 7, 20] pred_boxes=22 gt_boxes=42 comm_bytes=138064
frame=9/41 late_source=6/6 scenario=2026_07_29_02_32_08 timestamp=000076 receiver=17 cavs=[17, 18, 3] pred_boxes=11 gt_boxes=20 comm_bytes=125056
sgcp_late_fusion frame=9/41 scenario=2026_07_29_02_32_08 timestamp=000076 sources=6 fused_pred_boxes=71 fused_gt_boxes=69
frame=10/41 late_source=1/6 scenario=2026_07_29_02_32_08 timestamp=000078 receiver=1 cavs=[1, 2, 11] pred_boxes=27 gt_boxes=50 comm_bytes=150560
frame=10/41 late_source=2/6 scenario=2026_07_29_02_32_08 timestamp=000078 receiver=12 cavs=[12, 4] pred_boxes=16 gt_boxes=42 comm_bytes=47952
frame=10/41 late_source=3/6 scenario=2026_07_29_02_32_08 timestamp=000078 receiver=13 cavs=[13, 14, 10] pred_boxes=14 gt_boxes=33 comm_bytes=170960
frame=10/41 late_source=4/6 scenario=2026_07_29_02_32_08 timestamp=000078 receiver=15 cavs=[15, 6] pred_boxes=18 gt_boxes=22 comm_bytes=72912
frame=10/41 late_source=5/6 scenario=2026_07_29_02_32_08 timestamp=000078 receiver=16 cavs=[16, 7, 20] pred_boxes=26 gt_boxes=42 comm_bytes=138672
frame=10/41 late_source=6/6 scenario=2026_07_29_02_32_08 timestamp=000078 receiver=17 cavs=[17, 18, 3] pred_boxes=10 gt_boxes=20 comm_bytes=125504
sgcp_late_fusion frame=10/41 scenario=2026_07_29_02_32_08 timestamp=000078 sources=6 fused_pred_boxes=73 fused_gt_boxes=69
frame=11/41 late_source=1/6 scenario=2026_07_29_02_32_08 timestamp=000080 receiver=1 cavs=[1, 2, 11] pred_boxes=27 gt_boxes=50 comm_bytes=150688
frame=11/41 late_source=2/6 scenario=2026_07_29_02_32_08 timestamp=000080 receiver=12 cavs=[12, 7, 4] pred_boxes=20 gt_boxes=50 comm_bytes=136512
frame=11/41 late_source=3/6 scenario=2026_07_29_02_32_08 timestamp=000080 receiver=13 cavs=[13, 14, 10] pred_boxes=12 gt_boxes=33 comm_bytes=170640
frame=11/41 late_source=4/6 scenario=2026_07_29_02_32_08 timestamp=000080 receiver=15 cavs=[15, 6] pred_boxes=17 gt_boxes=22 comm_bytes=70576
frame=11/41 late_source=5/6 scenario=2026_07_29_02_32_08 timestamp=000080 receiver=16 cavs=[16, 20] pred_boxes=18 gt_boxes=35 comm_bytes=52880
frame=11/41 late_source=6/6 scenario=2026_07_29_02_32_08 timestamp=000080 receiver=17 cavs=[17, 18, 3] pred_boxes=10 gt_boxes=21 comm_bytes=132544
sgcp_late_fusion frame=11/41 scenario=2026_07_29_02_32_08 timestamp=000080 sources=6 fused_pred_boxes=71 fused_gt_boxes=70
frame=12/41 late_source=1/7 scenario=2026_07_29_02_32_08 timestamp=000082 receiver=1 cavs=[1, 2, 11] pred_boxes=29 gt_boxes=50 comm_bytes=150800
frame=12/41 late_source=2/7 scenario=2026_07_29_02_32_08 timestamp=000082 receiver=10 cavs=[10, 9] pred_boxes=19 gt_boxes=38 comm_bytes=57408
frame=12/41 late_source=3/7 scenario=2026_07_29_02_32_08 timestamp=000082 receiver=12 cavs=[12, 7, 4] pred_boxes=18 gt_boxes=50 comm_bytes=135552
frame=12/41 late_source=4/7 scenario=2026_07_29_02_32_08 timestamp=000082 receiver=13 cavs=[13, 14] pred_boxes=5 gt_boxes=18 comm_bytes=90384
frame=12/41 late_source=5/7 scenario=2026_07_29_02_32_08 timestamp=000082 receiver=15 cavs=[15, 6] pred_boxes=18 gt_boxes=22 comm_bytes=69952
frame=12/41 late_source=6/7 scenario=2026_07_29_02_32_08 timestamp=000082 receiver=17 cavs=[17, 16, 3] pred_boxes=14 gt_boxes=33 comm_bytes=155184
frame=12/41 late_source=7/7 scenario=2026_07_29_02_32_08 timestamp=000082 receiver=20 cavs=[20, 5] pred_boxes=20 gt_boxes=35 comm_bytes=20336
sgcp_late_fusion frame=12/41 scenario=2026_07_29_02_32_08 timestamp=000082 sources=7 fused_pred_boxes=71 fused_gt_boxes=70
frame=13/41 late_source=1/7 scenario=2026_07_29_02_32_08 timestamp=000084 receiver=1 cavs=[1, 2, 11] pred_boxes=29 gt_boxes=48 comm_bytes=150512
frame=13/41 late_source=2/7 scenario=2026_07_29_02_32_08 timestamp=000084 receiver=10 cavs=[10, 9] pred_boxes=20 gt_boxes=37 comm_bytes=57408
frame=13/41 late_source=3/7 scenario=2026_07_29_02_32_08 timestamp=000084 receiver=12 cavs=[12, 7, 4] pred_boxes=19 gt_boxes=49 comm_bytes=134960
frame=13/41 late_source=4/7 scenario=2026_07_29_02_32_08 timestamp=000084 receiver=13 cavs=[13, 14] pred_boxes=5 gt_boxes=17 comm_bytes=90128
frame=13/41 late_source=5/7 scenario=2026_07_29_02_32_08 timestamp=000084 receiver=15 cavs=[15, 6] pred_boxes=16 gt_boxes=22 comm_bytes=70272
frame=13/41 late_source=6/7 scenario=2026_07_29_02_32_08 timestamp=000084 receiver=17 cavs=[17, 16, 3] pred_boxes=16 gt_boxes=32 comm_bytes=156128
frame=13/41 late_source=7/7 scenario=2026_07_29_02_32_08 timestamp=000084 receiver=20 cavs=[20, 5] pred_boxes=20 gt_boxes=36 comm_bytes=20176
sgcp_late_fusion frame=13/41 scenario=2026_07_29_02_32_08 timestamp=000084 sources=7 fused_pred_boxes=71 fused_gt_boxes=70
frame=14/41 late_source=1/7 scenario=2026_07_29_02_32_08 timestamp=000086 receiver=1 cavs=[1, 2, 11] pred_boxes=30 gt_boxes=49 comm_bytes=150240
frame=14/41 late_source=2/7 scenario=2026_07_29_02_32_08 timestamp=000086 receiver=10 cavs=[10, 9] pred_boxes=21 gt_boxes=39 comm_bytes=57408
frame=14/41 late_source=3/7 scenario=2026_07_29_02_32_08 timestamp=000086 receiver=12 cavs=[12, 7, 4] pred_boxes=17 gt_boxes=50 comm_bytes=133888
frame=14/41 late_source=4/7 scenario=2026_07_29_02_32_08 timestamp=000086 receiver=13 cavs=[13, 14] pred_boxes=3 gt_boxes=15 comm_bytes=89536
frame=14/41 late_source=5/7 scenario=2026_07_29_02_32_08 timestamp=000086 receiver=15 cavs=[15, 6] pred_boxes=16 gt_boxes=23 comm_bytes=71232
frame=14/41 late_source=6/7 scenario=2026_07_29_02_32_08 timestamp=000086 receiver=17 cavs=[17, 16, 3] pred_boxes=17 gt_boxes=31 comm_bytes=156752
frame=14/41 late_source=7/7 scenario=2026_07_29_02_32_08 timestamp=000086 receiver=20 cavs=[20, 5] pred_boxes=23 gt_boxes=36 comm_bytes=20320
sgcp_late_fusion frame=14/41 scenario=2026_07_29_02_32_08 timestamp=000086 sources=7 fused_pred_boxes=69 fused_gt_boxes=70
frame=15/41 late_source=1/7 scenario=2026_07_29_02_32_08 timestamp=000088 receiver=1 cavs=[1, 11, 2] pred_boxes=28 gt_boxes=49 comm_bytes=152224
frame=15/41 late_source=2/7 scenario=2026_07_29_02_32_08 timestamp=000088 receiver=10 cavs=[10, 9] pred_boxes=22 gt_boxes=39 comm_bytes=57408
frame=15/41 late_source=3/7 scenario=2026_07_29_02_32_08 timestamp=000088 receiver=12 cavs=[12, 7, 4] pred_boxes=16 gt_boxes=50 comm_bytes=136000
frame=15/41 late_source=4/7 scenario=2026_07_29_02_32_08 timestamp=000088 receiver=13 cavs=[13, 14] pred_boxes=3 gt_boxes=15 comm_bytes=86656
frame=15/41 late_source=5/7 scenario=2026_07_29_02_32_08 timestamp=000088 receiver=15 cavs=[15, 6] pred_boxes=15 gt_boxes=23 comm_bytes=72448
frame=15/41 late_source=6/7 scenario=2026_07_29_02_32_08 timestamp=000088 receiver=17 cavs=[17, 16, 3] pred_boxes=15 gt_boxes=30 comm_bytes=157536
frame=15/41 late_source=7/7 scenario=2026_07_29_02_32_08 timestamp=000088 receiver=20 cavs=[20, 5] pred_boxes=22 gt_boxes=35 comm_bytes=21088
sgcp_late_fusion frame=15/41 scenario=2026_07_29_02_32_08 timestamp=000088 sources=7 fused_pred_boxes=68 fused_gt_boxes=70
frame=16/41 late_source=1/7 scenario=2026_07_29_02_32_08 timestamp=000090 receiver=1 cavs=[1, 11, 2] pred_boxes=26 gt_boxes=49 comm_bytes=152496
frame=16/41 late_source=2/7 scenario=2026_07_29_02_32_08 timestamp=000090 receiver=10 cavs=[10, 9] pred_boxes=23 gt_boxes=39 comm_bytes=57408
frame=16/41 late_source=3/7 scenario=2026_07_29_02_32_08 timestamp=000090 receiver=12 cavs=[12, 7, 4] pred_boxes=18 gt_boxes=50 comm_bytes=136384
frame=16/41 late_source=4/7 scenario=2026_07_29_02_32_08 timestamp=000090 receiver=13 cavs=[13, 14] pred_boxes=3 gt_boxes=15 comm_bytes=84144Format = auto
Extension = pcd
Format = auto
Extension = pcd
Format = auto
Extension = pcd
Format = auto
Extension = pcd
Format = auto
Extension = pcd
Format = auto
Extension = pcd
Format = auto
Extension = pcd
Format = auto
Extension = pcd
Format = auto
Extension = pcd
Format = auto
Extension = pcd
Format = auto
Extension = pcd
Format = auto
Extension = pcd
Format = auto
Extension = pcd
Format = auto
Extension = pcd
Format = auto
Extension = pcd
Format = auto
Extension = pcd
Format = auto
Extension = pcd
Format = auto
Extension = pcd
Format = auto
Extension = pcd
Format = auto
Extension = pcd
Format = auto
Extension = pcd
Format = auto
Extension = pcd
Format = auto
Extension = pcd
Format = auto
Extension = pcd
Format = auto
Extension = pcd
Format = auto
Extension = pcd
Format = auto
Extension = pcd
Format = auto
Extension = pcd
Format = auto
Extension = pcd
Format = auto
Extension = pcd
Format = auto
Extension = pcd
Format = auto
Extension = pcd
Format = auto
Extension = pcd
Format = auto
Extension = pcd
Format = auto
Extension = pcd
Format = auto
Extension = pcd
Format = auto
Extension = pcd
Format = auto
Extension = pcd
Format = auto
Extension = pcd
Format = auto
Extension = pcd
Format = auto
Extension = pcd
Format = auto
Extension = pcd
Format = auto
Extension = pcd
Format = auto
Extension = pcd
Format = auto
Extension = pcd
Format = auto
Extension = pcd
Format = auto
Extension = pcd
Format = auto
Extension = pcd
Format = auto
Extension = pcd
Format = auto
Extension = pcd
Format = auto
Extension = pcd
Format = auto
Extension = pcd
Format = auto
Extension = pcd
Format = auto
Extension = pcd
Format = auto
Extension = pcd
Format = auto
Extension = pcd
Format = auto
Extension = pcd
Format = auto
Extension = pcd
Format = auto
Extension = pcd
Format = auto
Extension = pcd
Format = auto
Extension = pcd
Format = auto
Extension = pcd
Format = auto
Extension = pcd
Format = auto
Extension = pcd
Format = auto
Extension = pcd
Format = auto
Extension = pcd
Format = auto
Extension = pcd
Format = auto
Extension = pcd
Format = auto
Extension = pcd
Format = auto
Extension = pcd
Format = auto
Extension = pcd
Format = auto
Extension = pcd
Format = auto
Extension = pcd
Format = auto
Extension = pcd
Format = auto
Extension = pcd
Format = auto
Extension = pcd
Format = auto
Extension = pcd
Format = auto
Extension = pcd
Format = auto
Extension = pcd
Format = auto
Extension = pcd
Format = auto
Extension = pcd
Format = auto
Extension = pcd
Format = auto
Extension = pcd
Format = auto
Extension = pcd
Format = auto
Extension = pcd
Format = auto
Extension = pcd
Format = auto
Extension = pcd
Format = auto
Extension = pcd
Format = auto
Extension = pcd
Format = auto
Extension = pcd
Format = auto
Extension = pcd
Format = auto
Extension = pcd
Format = auto
Extension = pcd
Format = auto
Extension = pcd
Format = auto
Extension = pcd
Format = auto
Extension = pcd
Format = auto
Extension = pcd
Format = auto
Extension = pcd
Format = auto
Extension = pcd
Format = auto
Extension = pcd
Format = auto
Extension = pcd
Format = auto
Extension = pcd
Format = auto
Extension = pcd
Format = auto
Extension = pcd
Format = auto
Extension = pcd
Format = auto
Extension = pcd
Format = auto
Extension = pcd
Format = auto
Extension = pcd
Format = auto
Extension = pcd
Format = auto
Extension = pcd
Format = auto
Extension = pcd
Format = auto
Extension = pcd
Format = auto
Extension = pcd
Format = auto
Extension = pcd
Format = auto
Extension = pcd
Format = auto
Extension = pcd
Format = auto
Extension = pcd
Format = auto
Extension = pcd
Format = auto
Extension = pcd
Format = auto
Extension = pcd
Format = auto
Extension = pcd
Format = auto
Extension = pcd
Format = auto
Extension = pcd
Format = auto
Extension = pcd
Format = auto
Extension = pcd
Format = auto
Extension = pcd
Format = auto
Extension = pcd
Format = auto
Extension = pcd
Format = auto
Extension = pcd
Format = auto
Extension = pcd
Format = auto
Extension = pcd
Format = auto
Extension = pcd
Format = auto
Extension = pcd
Format = auto
Extension = pcd
Format = auto
Extension = pcd
Format = auto
Extension = pcd
Format = auto
Extension = pcd
Format = auto
Extension = pcd
Format = auto
Extension = pcd
Format = auto
Extension = pcd

frame=16/41 late_source=5/7 scenario=2026_07_29_02_32_08 timestamp=000090 receiver=15 cavs=[15, 6] pred_boxes=17 gt_boxes=23 comm_bytes=71632
frame=16/41 late_source=6/7 scenario=2026_07_29_02_32_08 timestamp=000090 receiver=17 cavs=[17, 16, 3] pred_boxes=16 gt_boxes=31 comm_bytes=159568
frame=16/41 late_source=7/7 scenario=2026_07_29_02_32_08 timestamp=000090 receiver=20 cavs=[20, 5] pred_boxes=20 gt_boxes=37 comm_bytes=21488
sgcp_late_fusion frame=16/41 scenario=2026_07_29_02_32_08 timestamp=000090 sources=7 fused_pred_boxes=70 fused_gt_boxes=71
frame=17/41 late_source=1/7 scenario=2026_07_29_02_32_08 timestamp=000092 receiver=1 cavs=[1, 11, 2] pred_boxes=25 gt_boxes=48 comm_bytes=152896
frame=17/41 late_source=2/7 scenario=2026_07_29_02_32_08 timestamp=000092 receiver=10 cavs=[10, 9] pred_boxes=21 gt_boxes=39 comm_bytes=57392
frame=17/41 late_source=3/7 scenario=2026_07_29_02_32_08 timestamp=000092 receiver=12 cavs=[12, 7, 4] pred_boxes=17 gt_boxes=50 comm_bytes=136608
frame=17/41 late_source=4/7 scenario=2026_07_29_02_32_08 timestamp=000092 receiver=13 cavs=[13, 14] pred_boxes=4 gt_boxes=14 comm_bytes=82176
frame=17/41 late_source=5/7 scenario=2026_07_29_02_32_08 timestamp=000092 receiver=15 cavs=[15, 6] pred_boxes=19 gt_boxes=23 comm_bytes=76928
frame=17/41 late_source=6/7 scenario=2026_07_29_02_32_08 timestamp=000092 receiver=17 cavs=[17, 16, 3] pred_boxes=15 gt_boxes=30 comm_bytes=161760
frame=17/41 late_source=7/7 scenario=2026_07_29_02_32_08 timestamp=000092 receiver=20 cavs=[20, 5] pred_boxes=24 gt_boxes=37 comm_bytes=28256
sgcp_late_fusion frame=17/41 scenario=2026_07_29_02_32_08 timestamp=000092 sources=7 fused_pred_boxes=68 fused_gt_boxes=71
frame=18/41 late_source=1/7 scenario=2026_07_29_02_32_08 timestamp=000094 receiver=1 cavs=[1, 11, 2] pred_boxes=25 gt_boxes=48 comm_bytes=152800
frame=18/41 late_source=2/7 scenario=2026_07_29_02_32_08 timestamp=000094 receiver=10 cavs=[10, 9] pred_boxes=22 gt_boxes=40 comm_bytes=57392
frame=18/41 late_source=3/7 scenario=2026_07_29_02_32_08 timestamp=000094 receiver=12 cavs=[12, 7, 4] pred_boxes=17 gt_boxes=49 comm_bytes=137024
frame=18/41 late_source=4/7 scenario=2026_07_29_02_32_08 timestamp=000094 receiver=13 cavs=[13, 14] pred_boxes=3 gt_boxes=14 comm_bytes=80112
frame=18/41 late_source=5/7 scenario=2026_07_29_02_32_08 timestamp=000094 receiver=15 cavs=[15, 6] pred_boxes=19 gt_boxes=25 comm_bytes=76112
frame=18/41 late_source=6/7 scenario=2026_07_29_02_32_08 timestamp=000094 receiver=17 cavs=[17, 16, 3] pred_boxes=16 gt_boxes=31 comm_bytes=162336
frame=18/41 late_source=7/7 scenario=2026_07_29_02_32_08 timestamp=000094 receiver=20 cavs=[20, 5] pred_boxes=23 gt_boxes=36 comm_bytes=28304
sgcp_late_fusion frame=18/41 scenario=2026_07_29_02_32_08 timestamp=000094 sources=7 fused_pred_boxes=71 fused_gt_boxes=71
frame=19/41 late_source=1/7 scenario=2026_07_29_02_32_08 timestamp=000096 receiver=1 cavs=[1, 11, 2] pred_boxes=26 gt_boxes=48 comm_bytes=152592
frame=19/41 late_source=2/7 scenario=2026_07_29_02_32_08 timestamp=000096 receiver=10 cavs=[10, 9] pred_boxes=23 gt_boxes=40 comm_bytes=57392
frame=19/41 late_source=3/7 scenario=2026_07_29_02_32_08 timestamp=000096 receiver=12 cavs=[12, 7, 4] pred_boxes=17 gt_boxes=49 comm_bytes=137168
frame=19/41 late_source=4/7 scenario=2026_07_29_02_32_08 timestamp=000096 receiver=13 cavs=[13, 14] pred_boxes=2 gt_boxes=14 comm_bytes=79664
frame=19/41 late_source=5/7 scenario=2026_07_29_02_32_08 timestamp=000096 receiver=15 cavs=[15, 6] pred_boxes=17 gt_boxes=25 comm_bytes=74864
frame=19/41 late_source=6/7 scenario=2026_07_29_02_32_08 timestamp=000096 receiver=17 cavs=[17, 16, 3] pred_boxes=16 gt_boxes=31 comm_bytes=163408
frame=19/41 late_source=7/7 scenario=2026_07_29_02_32_08 timestamp=000096 receiver=20 cavs=[20, 5] pred_boxes=21 gt_boxes=34 comm_bytes=28288
sgcp_late_fusion frame=19/41 scenario=2026_07_29_02_32_08 timestamp=000096 sources=7 fused_pred_boxes=68 fused_gt_boxes=71
frame=20/41 late_source=1/7 scenario=2026_07_29_02_32_08 timestamp=000098 receiver=1 cavs=[1, 11, 2] pred_boxes=26 gt_boxes=48 comm_bytes=152384
frame=20/41 late_source=2/7 scenario=2026_07_29_02_32_08 timestamp=000098 receiver=10 cavs=[10, 9] pred_boxes=23 gt_boxes=40 comm_bytes=57376
frame=20/41 late_source=3/7 scenario=2026_07_29_02_32_08 timestamp=000098 receiver=12 cavs=[12, 7, 4] pred_boxes=17 gt_boxes=49 comm_bytes=137712
frame=20/41 late_source=4/7 scenario=2026_07_29_02_32_08 timestamp=000098 receiver=13 cavs=[13, 14] pred_boxes=3 gt_boxes=14 comm_bytes=79984
frame=20/41 late_source=5/7 scenario=2026_07_29_02_32_08 timestamp=000098 receiver=15 cavs=[15, 6] pred_boxes=17 gt_boxes=26 comm_bytes=74128
frame=20/41 late_source=6/7 scenario=2026_07_29_02_32_08 timestamp=000098 receiver=17 cavs=[17, 16, 3] pred_boxes=15 gt_boxes=31 comm_bytes=163744
frame=20/41 late_source=7/7 scenario=2026_07_29_02_32_08 timestamp=000098 receiver=20 cavs=[20, 5] pred_boxes=22 gt_boxes=35 comm_bytes=28544
sgcp_late_fusion frame=20/41 scenario=2026_07_29_02_32_08 timestamp=000098 sources=7 fused_pred_boxes=69 fused_gt_boxes=71
frame=21/41 late_source=1/7 scenario=2026_07_29_02_32_08 timestamp=000100 receiver=1 cavs=[1, 11, 2] pred_boxes=25 gt_boxes=48 comm_bytes=152240
frame=21/41 late_source=2/7 scenario=2026_07_29_02_32_08 timestamp=000100 receiver=10 cavs=[10, 9] pred_boxes=22 gt_boxes=38 comm_bytes=57392
frame=21/41 late_source=3/7 scenario=2026_07_29_02_32_08 timestamp=000100 receiver=12 cavs=[12, 7, 4] pred_boxes=15 gt_boxes=49 comm_bytes=138112
frame=21/41 late_source=4/7 scenario=2026_07_29_02_32_08 timestamp=000100 receiver=13 cavs=[13, 14] pred_boxes=4 gt_boxes=16 comm_bytes=82640
frame=21/41 late_source=5/7 scenario=2026_07_29_02_32_08 timestamp=000100 receiver=15 cavs=[15, 6] pred_boxes=16 gt_boxes=29 comm_bytes=73760
frame=21/41 late_source=6/7 scenario=2026_07_29_02_32_08 timestamp=000100 receiver=17 cavs=[17, 16, 3] pred_boxes=15 gt_boxes=27 comm_bytes=163456
frame=21/41 late_source=7/7 scenario=2026_07_29_02_32_08 timestamp=000100 receiver=20 cavs=[20, 5] pred_boxes=25 gt_boxes=36 comm_bytes=29200
sgcp_late_fusion frame=21/41 scenario=2026_07_29_02_32_08 timestamp=000100 sources=7 fused_pred_boxes=70 fused_gt_boxes=71
frame=22/41 late_source=1/7 scenario=2026_07_29_02_32_08 timestamp=000102 receiver=1 cavs=[1, 11, 2] pred_boxes=26 gt_boxes=48 comm_bytes=152080
frame=22/41 late_source=2/7 scenario=2026_07_29_02_32_08 timestamp=000102 receiver=10 cavs=[10, 9] pred_boxes=22 gt_boxes=38 comm_bytes=57392
frame=22/41 late_source=3/7 scenario=2026_07_29_02_32_08 timestamp=000102 receiver=12 cavs=[12, 7, 4] pred_boxes=15 gt_boxes=48 comm_bytes=138048
frame=22/41 late_source=4/7 scenario=2026_07_29_02_32_08 timestamp=000102 receiver=13 cavs=[13, 14] pred_boxes=3 gt_boxes=15 comm_bytes=83328
frame=22/41 late_source=5/7 scenario=2026_07_29_02_32_08 timestamp=000102 receiver=15 cavs=[15, 6] pred_boxes=17 gt_boxes=28 comm_bytes=73296
frame=22/41 late_source=6/7 scenario=2026_07_29_02_32_08 timestamp=000102 receiver=17 cavs=[17, 16, 3] pred_boxes=15 gt_boxes=28 comm_bytes=161776
frame=22/41 late_source=7/7 scenario=2026_07_29_02_32_08 timestamp=000102 receiver=20 cavs=[20, 5] pred_boxes=21 gt_boxes=36 comm_bytes=30784
sgcp_late_fusion frame=22/41 scenario=2026_07_29_02_32_08 timestamp=000102 sources=7 fused_pred_boxes=69 fused_gt_boxes=71
frame=23/41 late_source=1/7 scenario=2026_07_29_02_32_08 timestamp=000104 receiver=1 cavs=[1, 11, 2] pred_boxes=26 gt_boxes=48 comm_bytes=152768
frame=23/41 late_source=2/7 scenario=2026_07_29_02_32_08 timestamp=000104 receiver=10 cavs=[10, 9] pred_boxes=22 gt_boxes=38 comm_bytes=57376
frame=23/41 late_source=3/7 scenario=2026_07_29_02_32_08 timestamp=000104 receiver=12 cavs=[12, 7, 4] pred_boxes=15 gt_boxes=48 comm_bytes=141072
frame=23/41 late_source=4/7 scenario=2026_07_29_02_32_08 timestamp=000104 receiver=13 cavs=[13, 14] pred_boxes=3 gt_boxes=15 comm_bytes=83856
frame=23/41 late_source=5/7 scenario=2026_07_29_02_32_08 timestamp=000104 receiver=15 cavs=[15, 6] pred_boxes=17 gt_boxes=28 comm_bytes=72944
frame=23/41 late_source=6/7 scenario=2026_07_29_02_32_08 timestamp=000104 receiver=17 cavs=[17, 16, 3] pred_boxes=17 gt_boxes=28 comm_bytes=158832Format = auto
Extension = pcd
Format = auto
Extension = pcd
Format = auto
Extension = pcd
Format = auto
Extension = pcd
Format = auto
Extension = pcd
Format = auto
Extension = pcd
Format = auto
Extension = pcd
Format = auto
Extension = pcd
Format = auto
Extension = pcd
Format = auto
Extension = pcd
Format = auto
Extension = pcd
Format = auto
Extension = pcd
Format = auto
Extension = pcd
Format = auto
Extension = pcd
Format = auto
Extension = pcd
Format = auto
Extension = pcd
Format = auto
Extension = pcd
Format = auto
Extension = pcd
Format = auto
Extension = pcd
Format = auto
Extension = pcd
Format = auto
Extension = pcd
Format = auto
Extension = pcd
Format = auto
Extension = pcd
Format = auto
Extension = pcd
Format = auto
Extension = pcd
Format = auto
Extension = pcd
Format = auto
Extension = pcd
Format = auto
Extension = pcd
Format = auto
Extension = pcd
Format = auto
Extension = pcd
Format = auto
Extension = pcd
Format = auto
Extension = pcd
Format = auto
Extension = pcd
Format = auto
Extension = pcd
Format = auto
Extension = pcd
Format = auto
Extension = pcd
Format = auto
Extension = pcd
Format = auto
Extension = pcd
Format = auto
Extension = pcd
Format = auto
Extension = pcd
Format = auto
Extension = pcd
Format = auto
Extension = pcd
Format = auto
Extension = pcd
Format = auto
Extension = pcd
Format = auto
Extension = pcd
Format = auto
Extension = pcd
Format = auto
Extension = pcd
Format = auto
Extension = pcd
Format = auto
Extension = pcd
Format = auto
Extension = pcd
Format = auto
Extension = pcd
Format = auto
Extension = pcd
Format = auto
Extension = pcd
Format = auto
Extension = pcd
Format = auto
Extension = pcd
Format = auto
Extension = pcd
Format = auto
Extension = pcd
Format = auto
Extension = pcd
Format = auto
Extension = pcd
Format = auto
Extension = pcd
Format = auto
Extension = pcd
Format = auto
Extension = pcd
Format = auto
Extension = pcd
Format = auto
Extension = pcd
Format = auto
Extension = pcd
Format = auto
Extension = pcd
Format = auto
Extension = pcd
Format = auto
Extension = pcd
Format = auto
Extension = pcd
Format = auto
Extension = pcd
Format = auto
Extension = pcd
Format = auto
Extension = pcd
Format = auto
Extension = pcd
Format = auto
Extension = pcd
Format = auto
Extension = pcd
Format = auto
Extension = pcd
Format = auto
Extension = pcd
Format = auto
Extension = pcd
Format = auto
Extension = pcd
Format = auto
Extension = pcd
Format = auto
Extension = pcd
Format = auto
Extension = pcd
Format = auto
Extension = pcd
Format = auto
Extension = pcd
Format = auto
Extension = pcd
Format = auto
Extension = pcd
Format = auto
Extension = pcd
Format = auto
Extension = pcd
Format = auto
Extension = pcd
Format = auto
Extension = pcd
Format = auto
Extension = pcd
Format = auto
Extension = pcd
Format = auto
Extension = pcd
Format = auto
Extension = pcd
Format = auto
Extension = pcd
Format = auto
Extension = pcd
Format = auto
Extension = pcd
Format = auto
Extension = pcd
Format = auto
Extension = pcd
Format = auto
Extension = pcd
Format = auto
Extension = pcd
Format = auto
Extension = pcd
Format = auto
Extension = pcd
Format = auto
Extension = pcd
Format = auto
Extension = pcd
Format = auto
Extension = pcd
Format = auto
Extension = pcd
Format = auto
Extension = pcd
Format = auto
Extension = pcd
Format = auto
Extension = pcd
Format = auto
Extension = pcd
Format = auto
Extension = pcd
Format = auto
Extension = pcd
Format = auto
Extension = pcd
Format = auto
Extension = pcd
Format = auto
Extension = pcd
Format = auto
Extension = pcd
Format = auto
Extension = pcd
Format = auto
Extension = pcd
Format = auto
Extension = pcd
Format = auto
Extension = pcd
Format = auto
Extension = pcd
Format = auto
Extension = pcd
Format = auto
Extension = pcd
Format = auto
Extension = pcd
Format = auto
Extension = pcd
Format = auto
Extension = pcd
Format = auto
Extension = pcd
Format = auto
Extension = pcd
Format = auto
Extension = pcd
Format = auto
Extension = pcd
Format = auto
Extension = pcd
Format = auto
Extension = pcd
Format = auto
Extension = pcd
Format = auto
Extension = pcd
Format = auto
Extension = pcd
Format = auto
Extension = pcd
Format = auto
Extension = pcd
Format = auto
Extension = pcd
Format = auto
Extension = pcd
Format = auto
Extension = pcd
Format = auto
Extension = pcd
Format = auto
Extension = pcd
Format = auto
Extension = pcd
Format = auto
Extension = pcd
Format = auto
Extension = pcd
Format = auto
Extension = pcd
Format = auto
Extension = pcd
Format = auto
Extension = pcd
Format = auto
Extension = pcd
Format = auto
Extension = pcd
Format = auto
Extension = pcd
Format = auto
Extension = pcd
Format = auto
Extension = pcd
Format = auto
Extension = pcd
Format = auto
Extension = pcd
Format = auto
Extension = pcd
Format = auto
Extension = pcd
Format = auto
Extension = pcd
Format = auto
Extension = pcd

frame=23/41 late_source=7/7 scenario=2026_07_29_02_32_08 timestamp=000104 receiver=20 cavs=[20, 5] pred_boxes=23 gt_boxes=36 comm_bytes=32272
sgcp_late_fusion frame=23/41 scenario=2026_07_29_02_32_08 timestamp=000104 sources=7 fused_pred_boxes=71 fused_gt_boxes=71
frame=24/41 late_source=1/6 scenario=2026_07_29_02_32_08 timestamp=000106 receiver=1 cavs=[1, 11, 2] pred_boxes=26 gt_boxes=48 comm_bytes=153120
frame=24/41 late_source=2/6 scenario=2026_07_29_02_32_08 timestamp=000106 receiver=12 cavs=[12, 7, 4] pred_boxes=16 gt_boxes=49 comm_bytes=140992
frame=24/41 late_source=3/6 scenario=2026_07_29_02_32_08 timestamp=000106 receiver=13 cavs=[13, 14, 10] pred_boxes=12 gt_boxes=33 comm_bytes=163328
frame=24/41 late_source=4/6 scenario=2026_07_29_02_32_08 timestamp=000106 receiver=15 cavs=[15, 6] pred_boxes=17 gt_boxes=28 comm_bytes=72960
frame=24/41 late_source=5/6 scenario=2026_07_29_02_32_08 timestamp=000106 receiver=17 cavs=[17, 16, 3] pred_boxes=16 gt_boxes=28 comm_bytes=157072
frame=24/41 late_source=6/6 scenario=2026_07_29_02_32_08 timestamp=000106 receiver=20 cavs=[20, 5] pred_boxes=23 gt_boxes=35 comm_bytes=33312
sgcp_late_fusion frame=24/41 scenario=2026_07_29_02_32_08 timestamp=000106 sources=6 fused_pred_boxes=66 fused_gt_boxes=70
frame=25/41 late_source=1/6 scenario=2026_07_29_02_32_08 timestamp=000108 receiver=1 cavs=[1, 11, 2] pred_boxes=25 gt_boxes=48 comm_bytes=153264
frame=25/41 late_source=2/6 scenario=2026_07_29_02_32_08 timestamp=000108 receiver=12 cavs=[12, 7, 4] pred_boxes=17 gt_boxes=50 comm_bytes=140864
frame=25/41 late_source=3/6 scenario=2026_07_29_02_32_08 timestamp=000108 receiver=13 cavs=[13, 14, 10] pred_boxes=11 gt_boxes=33 comm_bytes=162064
frame=25/41 late_source=4/6 scenario=2026_07_29_02_32_08 timestamp=000108 receiver=15 cavs=[15, 6] pred_boxes=17 gt_boxes=27 comm_bytes=73248
frame=25/41 late_source=5/6 scenario=2026_07_29_02_32_08 timestamp=000108 receiver=17 cavs=[17, 18, 16] pred_boxes=14 gt_boxes=28 comm_bytes=141408
frame=25/41 late_source=6/6 scenario=2026_07_29_02_32_08 timestamp=000108 receiver=20 cavs=[20, 5] pred_boxes=21 gt_boxes=35 comm_bytes=32944
sgcp_late_fusion frame=25/41 scenario=2026_07_29_02_32_08 timestamp=000108 sources=6 fused_pred_boxes=64 fused_gt_boxes=70
frame=26/41 late_source=1/7 scenario=2026_07_29_02_32_08 timestamp=000110 receiver=1 cavs=[1, 11, 2] pred_boxes=25 gt_boxes=48 comm_bytes=153360
frame=26/41 late_source=2/7 scenario=2026_07_29_02_32_08 timestamp=000110 receiver=10 cavs=[10, 9] pred_boxes=20 gt_boxes=38 comm_bytes=57344
frame=26/41 late_source=3/7 scenario=2026_07_29_02_32_08 timestamp=000110 receiver=12 cavs=[12, 7, 4] pred_boxes=16 gt_boxes=49 comm_bytes=142096
frame=26/41 late_source=4/7 scenario=2026_07_29_02_32_08 timestamp=000110 receiver=13 cavs=[13, 14] pred_boxes=2 gt_boxes=14 comm_bytes=81200
frame=26/41 late_source=5/7 scenario=2026_07_29_02_32_08 timestamp=000110 receiver=15 cavs=[15, 6] pred_boxes=16 gt_boxes=27 comm_bytes=73872
frame=26/41 late_source=6/7 scenario=2026_07_29_02_32_08 timestamp=000110 receiver=17 cavs=[17, 18, 16] pred_boxes=14 gt_boxes=26 comm_bytes=145168
frame=26/41 late_source=7/7 scenario=2026_07_29_02_32_08 timestamp=000110 receiver=20 cavs=[20, 5] pred_boxes=22 gt_boxes=34 comm_bytes=27376
sgcp_late_fusion frame=26/41 scenario=2026_07_29_02_32_08 timestamp=000110 sources=7 fused_pred_boxes=68 fused_gt_boxes=69
frame=27/41 late_source=1/7 scenario=2026_07_29_02_32_08 timestamp=000112 receiver=1 cavs=[1, 11, 2] pred_boxes=25 gt_boxes=48 comm_bytes=153344
frame=27/41 late_source=2/7 scenario=2026_07_29_02_32_08 timestamp=000112 receiver=10 cavs=[10, 9] pred_boxes=21 gt_boxes=38 comm_bytes=57344
frame=27/41 late_source=3/7 scenario=2026_07_29_02_32_08 timestamp=000112 receiver=12 cavs=[12, 7, 4] pred_boxes=17 gt_boxes=49 comm_bytes=141792
frame=27/41 late_source=4/7 scenario=2026_07_29_02_32_08 timestamp=000112 receiver=13 cavs=[13, 14] pred_boxes=0 gt_boxes=14 comm_bytes=78352
frame=27/41 late_source=5/7 scenario=2026_07_29_02_32_08 timestamp=000112 receiver=15 cavs=[15, 6] pred_boxes=19 gt_boxes=27 comm_bytes=78208
frame=27/41 late_source=6/7 scenario=2026_07_29_02_32_08 timestamp=000112 receiver=17 cavs=[17, 3, 16] pred_boxes=14 gt_boxes=26 comm_bytes=158208
frame=27/41 late_source=7/7 scenario=2026_07_29_02_32_08 timestamp=000112 receiver=20 cavs=[20, 5] pred_boxes=20 gt_boxes=34 comm_bytes=28368
sgcp_late_fusion frame=27/41 scenario=2026_07_29_02_32_08 timestamp=000112 sources=7 fused_pred_boxes=70 fused_gt_boxes=69
frame=28/41 late_source=1/7 scenario=2026_07_29_02_32_08 timestamp=000114 receiver=1 cavs=[1, 11, 2] pred_boxes=28 gt_boxes=48 comm_bytes=153344
frame=28/41 late_source=2/7 scenario=2026_07_29_02_32_08 timestamp=000114 receiver=10 cavs=[10, 9] pred_boxes=23 gt_boxes=38 comm_bytes=57280
frame=28/41 late_source=3/7 scenario=2026_07_29_02_32_08 timestamp=000114 receiver=12 cavs=[12, 7, 4] pred_boxes=17 gt_boxes=48 comm_bytes=141440
frame=28/41 late_source=4/7 scenario=2026_07_29_02_32_08 timestamp=000114 receiver=13 cavs=[13, 14] pred_boxes=0 gt_boxes=14 comm_bytes=76112
frame=28/41 late_source=5/7 scenario=2026_07_29_02_32_08 timestamp=000114 receiver=15 cavs=[15, 6] pred_boxes=18 gt_boxes=27 comm_bytes=74944
frame=28/41 late_source=6/7 scenario=2026_07_29_02_32_08 timestamp=000114 receiver=17 cavs=[17, 3, 16] pred_boxes=15 gt_boxes=24 comm_bytes=158928
frame=28/41 late_source=7/7 scenario=2026_07_29_02_32_08 timestamp=000114 receiver=20 cavs=[20, 5] pred_boxes=23 gt_boxes=34 comm_bytes=29776
sgcp_late_fusion frame=28/41 scenario=2026_07_29_02_32_08 timestamp=000114 sources=7 fused_pred_boxes=69 fused_gt_boxes=68
frame=29/41 late_source=1/7 scenario=2026_07_29_02_32_08 timestamp=000116 receiver=1 cavs=[1, 11, 2] pred_boxes=26 gt_boxes=48 comm_bytes=153296
frame=29/41 late_source=2/7 scenario=2026_07_29_02_32_08 timestamp=000116 receiver=10 cavs=[10, 9] pred_boxes=22 gt_boxes=37 comm_bytes=57168
frame=29/41 late_source=3/7 scenario=2026_07_29_02_32_08 timestamp=000116 receiver=12 cavs=[12, 7, 4] pred_boxes=17 gt_boxes=48 comm_bytes=140832
frame=29/41 late_source=4/7 scenario=2026_07_29_02_32_08 timestamp=000116 receiver=13 cavs=[13, 14] pred_boxes=2 gt_boxes=13 comm_bytes=74464
frame=29/41 late_source=5/7 scenario=2026_07_29_02_32_08 timestamp=000116 receiver=15 cavs=[15, 6] pred_boxes=18 gt_boxes=28 comm_bytes=75280
frame=29/41 late_source=6/7 scenario=2026_07_29_02_32_08 timestamp=000116 receiver=17 cavs=[17, 3, 16] pred_boxes=13 gt_boxes=23 comm_bytes=158672
frame=29/41 late_source=7/7 scenario=2026_07_29_02_32_08 timestamp=000116 receiver=20 cavs=[20, 5] pred_boxes=20 gt_boxes=33 comm_bytes=31424
sgcp_late_fusion frame=29/41 scenario=2026_07_29_02_32_08 timestamp=000116 sources=7 fused_pred_boxes=70 fused_gt_boxes=68
frame=30/41 late_source=1/7 scenario=2026_07_29_02_32_08 timestamp=000118 receiver=1 cavs=[1, 11, 2] pred_boxes=27 gt_boxes=48 comm_bytes=153232
frame=30/41 late_source=2/7 scenario=2026_07_29_02_32_08 timestamp=000118 receiver=10 cavs=[10, 9] pred_boxes=24 gt_boxes=37 comm_bytes=57136
frame=30/41 late_source=3/7 scenario=2026_07_29_02_32_08 timestamp=000118 receiver=12 cavs=[12, 7, 4] pred_boxes=15 gt_boxes=50 comm_bytes=140848
frame=30/41 late_source=4/7 scenario=2026_07_29_02_32_08 timestamp=000118 receiver=13 cavs=[13, 14] pred_boxes=1 gt_boxes=14 comm_bytes=74080
frame=30/41 late_source=5/7 scenario=2026_07_29_02_32_08 timestamp=000118 receiver=15 cavs=[15, 6] pred_boxes=19 gt_boxes=28 comm_bytes=78368
frame=30/41 late_source=6/7 scenario=2026_07_29_02_32_08 timestamp=000118 receiver=17 cavs=[17, 3, 16] pred_boxes=12 gt_boxes=24 comm_bytes=159904
frame=30/41 late_source=7/7 scenario=2026_07_29_02_32_08 timestamp=000118 receiver=20 cavs=[20, 5] pred_boxes=21 gt_boxes=33 comm_bytes=31968
sgcp_late_fusion frame=30/41 scenario=2026_07_29_02_32_08 timestamp=000118 sources=7 fused_pred_boxes=67 fused_gt_boxes=68
frame=31/41 late_source=1/7 scenario=2026_07_29_02_32_08 timestamp=000120 receiver=1 cavs=[1, 11, 2] pred_boxes=25 gt_boxes=48 comm_bytes=153632
frame=31/41 late_source=2/7 scenario=2026_07_29_02_32_08 timestamp=000120 receiver=10 cavs=[10, 9] pred_boxes=22 gt_boxes=37 comm_bytes=57136Format = auto
Extension = pcd
Format = auto
Extension = pcd
Format = auto
Extension = pcd
Format = auto
Extension = pcd
Format = auto
Extension = pcd
Format = auto
Extension = pcd
Format = auto
Extension = pcd
Format = auto
Extension = pcd
Format = auto
Extension = pcd
Format = auto
Extension = pcd
Format = auto
Extension = pcd
Format = auto
Extension = pcd
Format = auto
Extension = pcd
Format = auto
Extension = pcd
Format = auto
Extension = pcd
Format = auto
Extension = pcd
Format = auto
Extension = pcd
Format = auto
Extension = pcd
Format = auto
Extension = pcd
Format = auto
Extension = pcd
Format = auto
Extension = pcd
Format = auto
Extension = pcd
Format = auto
Extension = pcd
Format = auto
Extension = pcd
Format = auto
Extension = pcd
Format = auto
Extension = pcd
Format = auto
Extension = pcd
Format = auto
Extension = pcd
Format = auto
Extension = pcd
Format = auto
Extension = pcd
Format = auto
Extension = pcd
Format = auto
Extension = pcd
Format = auto
Extension = pcd
Format = auto
Extension = pcd
Format = auto
Extension = pcd
Format = auto
Extension = pcd
Format = auto
Extension = pcd
Format = auto
Extension = pcd
Format = auto
Extension = pcd
Format = auto
Extension = pcd
Format = auto
Extension = pcd
Format = auto
Extension = pcd
Format = auto
Extension = pcd
Format = auto
Extension = pcd
Format = auto
Extension = pcd
Format = auto
Extension = pcd
Format = auto
Extension = pcd
Format = auto
Extension = pcd
Format = auto
Extension = pcd
Format = auto
Extension = pcd
Format = auto
Extension = pcd
Format = auto
Extension = pcd
Format = auto
Extension = pcd
Format = auto
Extension = pcd
Format = auto
Extension = pcd
Format = auto
Extension = pcd
Format = auto
Extension = pcd
Format = auto
Extension = pcd
Format = auto
Extension = pcd
Format = auto
Extension = pcd
Format = auto
Extension = pcd
Format = auto
Extension = pcd
Format = auto
Extension = pcd
Format = auto
Extension = pcd
Format = auto
Extension = pcd
Format = auto
Extension = pcd
Format = auto
Extension = pcd
Format = auto
Extension = pcd
Format = auto
Extension = pcd
Format = auto
Extension = pcd
Format = auto
Extension = pcd
Format = auto
Extension = pcd
Format = auto
Extension = pcd
Format = auto
Extension = pcd
Format = auto
Extension = pcd
Format = auto
Extension = pcd
Format = auto
Extension = pcd
Format = auto
Extension = pcd
Format = auto
Extension = pcd
Format = auto
Extension = pcd
Format = auto
Extension = pcd
Format = auto
Extension = pcd
Format = auto
Extension = pcd
Format = auto
Extension = pcd
Format = auto
Extension = pcd
Format = auto
Extension = pcd
Format = auto
Extension = pcd
Format = auto
Extension = pcd
Format = auto
Extension = pcd
Format = auto
Extension = pcd
Format = auto
Extension = pcd
Format = auto
Extension = pcd
Format = auto
Extension = pcd
Format = auto
Extension = pcd
Format = auto
Extension = pcd
Format = auto
Extension = pcd
Format = auto
Extension = pcd
Format = auto
Extension = pcd
Format = auto
Extension = pcd
Format = auto
Extension = pcd
Format = auto
Extension = pcd
Format = auto
Extension = pcd
Format = auto
Extension = pcd
Format = auto
Extension = pcd
Format = auto
Extension = pcd
Format = auto
Extension = pcd
Format = auto
Extension = pcd
Format = auto
Extension = pcd
Format = auto
Extension = pcd
Format = auto
Extension = pcd
Format = auto
Extension = pcd
Format = auto
Extension = pcd
Format = auto
Extension = pcd
Format = auto
Extension = pcd
Format = auto
Extension = pcd
Format = auto
Extension = pcd
Format = auto
Extension = pcd
Format = auto
Extension = pcd
Format = auto
Extension = pcd
Format = auto
Extension = pcd
Format = auto
Extension = pcd
Format = auto
Extension = pcd
Format = auto
Extension = pcd
Format = auto
Extension = pcd
Format = auto
Extension = pcd
Format = auto
Extension = pcd
Format = auto
Extension = pcd
Format = auto
Extension = pcd
Format = auto
Extension = pcd
Format = auto
Extension = pcd
Format = auto
Extension = pcd
Format = auto
Extension = pcd
Format = auto
Extension = pcd
Format = auto
Extension = pcd
Format = auto
Extension = pcd
Format = auto
Extension = pcd
Format = auto
Extension = pcd
Format = auto
Extension = pcd
Format = auto
Extension = pcd
Format = auto
Extension = pcd

frame=31/41 late_source=3/7 scenario=2026_07_29_02_32_08 timestamp=000120 receiver=12 cavs=[12, 7, 4] pred_boxes=15 gt_boxes=50 comm_bytes=138256
frame=31/41 late_source=4/7 scenario=2026_07_29_02_32_08 timestamp=000120 receiver=13 cavs=[13, 14] pred_boxes=1 gt_boxes=12 comm_bytes=74080
frame=31/41 late_source=5/7 scenario=2026_07_29_02_32_08 timestamp=000120 receiver=15 cavs=[15, 6] pred_boxes=18 gt_boxes=28 comm_bytes=78544
frame=31/41 late_source=6/7 scenario=2026_07_29_02_32_08 timestamp=000120 receiver=17 cavs=[17, 3, 16] pred_boxes=11 gt_boxes=23 comm_bytes=161408
frame=31/41 late_source=7/7 scenario=2026_07_29_02_32_08 timestamp=000120 receiver=20 cavs=[20, 5] pred_boxes=21 gt_boxes=33 comm_bytes=34352
sgcp_late_fusion frame=31/41 scenario=2026_07_29_02_32_08 timestamp=000120 sources=7 fused_pred_boxes=66 fused_gt_boxes=68
frame=32/41 late_source=1/7 scenario=2026_07_29_02_32_08 timestamp=000122 receiver=1 cavs=[1, 11, 2] pred_boxes=25 gt_boxes=47 comm_bytes=153568
frame=32/41 late_source=2/7 scenario=2026_07_29_02_32_08 timestamp=000122 receiver=10 cavs=[10, 9] pred_boxes=24 gt_boxes=38 comm_bytes=57152
frame=32/41 late_source=3/7 scenario=2026_07_29_02_32_08 timestamp=000122 receiver=12 cavs=[12, 7, 4] pred_boxes=16 gt_boxes=50 comm_bytes=139920
frame=32/41 late_source=4/7 scenario=2026_07_29_02_32_08 timestamp=000122 receiver=13 cavs=[13, 14] pred_boxes=0 gt_boxes=13 comm_bytes=74816
frame=32/41 late_source=5/7 scenario=2026_07_29_02_32_08 timestamp=000122 receiver=15 cavs=[15, 6] pred_boxes=18 gt_boxes=29 comm_bytes=78304
frame=32/41 late_source=6/7 scenario=2026_07_29_02_32_08 timestamp=000122 receiver=17 cavs=[17, 3, 16] pred_boxes=12 gt_boxes=23 comm_bytes=162544
frame=32/41 late_source=7/7 scenario=2026_07_29_02_32_08 timestamp=000122 receiver=20 cavs=[20, 5] pred_boxes=22 gt_boxes=33 comm_bytes=35744
sgcp_late_fusion frame=32/41 scenario=2026_07_29_02_32_08 timestamp=000122 sources=7 fused_pred_boxes=67 fused_gt_boxes=68
frame=33/41 late_source=1/7 scenario=2026_07_29_02_32_08 timestamp=000124 receiver=1 cavs=[1, 11, 2] pred_boxes=25 gt_boxes=46 comm_bytes=153088
frame=33/41 late_source=2/7 scenario=2026_07_29_02_32_08 timestamp=000124 receiver=10 cavs=[10, 9] pred_boxes=22 gt_boxes=37 comm_bytes=57216
frame=33/41 late_source=3/7 scenario=2026_07_29_02_32_08 timestamp=000124 receiver=12 cavs=[12, 7, 4] pred_boxes=15 gt_boxes=50 comm_bytes=139440
frame=33/41 late_source=4/7 scenario=2026_07_29_02_32_08 timestamp=000124 receiver=13 cavs=[13, 14] pred_boxes=0 gt_boxes=12 comm_bytes=75376
frame=33/41 late_source=5/7 scenario=2026_07_29_02_32_08 timestamp=000124 receiver=15 cavs=[15, 6] pred_boxes=19 gt_boxes=30 comm_bytes=77696
frame=33/41 late_source=6/7 scenario=2026_07_29_02_32_08 timestamp=000124 receiver=17 cavs=[17, 3, 16] pred_boxes=12 gt_boxes=24 comm_bytes=162496
frame=33/41 late_source=7/7 scenario=2026_07_29_02_32_08 timestamp=000124 receiver=20 cavs=[20, 5] pred_boxes=21 gt_boxes=33 comm_bytes=37056
sgcp_late_fusion frame=33/41 scenario=2026_07_29_02_32_08 timestamp=000124 sources=7 fused_pred_boxes=66 fused_gt_boxes=68
frame=34/41 late_source=1/7 scenario=2026_07_29_02_32_08 timestamp=000126 receiver=1 cavs=[1, 11, 2] pred_boxes=25 gt_boxes=46 comm_bytes=152960
frame=34/41 late_source=2/7 scenario=2026_07_29_02_32_08 timestamp=000126 receiver=10 cavs=[10, 9] pred_boxes=23 gt_boxes=37 comm_bytes=50080
frame=34/41 late_source=3/7 scenario=2026_07_29_02_32_08 timestamp=000126 receiver=12 cavs=[12, 7, 4] pred_boxes=15 gt_boxes=50 comm_bytes=139328
frame=34/41 late_source=4/7 scenario=2026_07_29_02_32_08 timestamp=000126 receiver=13 cavs=[13, 14] pred_boxes=0 gt_boxes=11 comm_bytes=77168
frame=34/41 late_source=5/7 scenario=2026_07_29_02_32_08 timestamp=000126 receiver=15 cavs=[15, 6] pred_boxes=21 gt_boxes=31 comm_bytes=77680
frame=34/41 late_source=6/7 scenario=2026_07_29_02_32_08 timestamp=000126 receiver=17 cavs=[17, 3, 16] pred_boxes=12 gt_boxes=24 comm_bytes=163312
frame=34/41 late_source=7/7 scenario=2026_07_29_02_32_08 timestamp=000126 receiver=20 cavs=[20, 5] pred_boxes=22 gt_boxes=33 comm_bytes=38736
sgcp_late_fusion frame=34/41 scenario=2026_07_29_02_32_08 timestamp=000126 sources=7 fused_pred_boxes=68 fused_gt_boxes=68
frame=35/41 late_source=1/7 scenario=2026_07_29_02_32_08 timestamp=000128 receiver=1 cavs=[1, 11, 2] pred_boxes=25 gt_boxes=46 comm_bytes=152848
frame=35/41 late_source=2/7 scenario=2026_07_29_02_32_08 timestamp=000128 receiver=10 cavs=[10, 9] pred_boxes=24 gt_boxes=37 comm_bytes=50160
frame=35/41 late_source=3/7 scenario=2026_07_29_02_32_08 timestamp=000128 receiver=12 cavs=[12, 7, 4] pred_boxes=15 gt_boxes=49 comm_bytes=138832
frame=35/41 late_source=4/7 scenario=2026_07_29_02_32_08 timestamp=000128 receiver=13 cavs=[13, 14] pred_boxes=1 gt_boxes=12 comm_bytes=77120
frame=35/41 late_source=5/7 scenario=2026_07_29_02_32_08 timestamp=000128 receiver=15 cavs=[15, 6] pred_boxes=19 gt_boxes=30 comm_bytes=79744
frame=35/41 late_source=6/7 scenario=2026_07_29_02_32_08 timestamp=000128 receiver=17 cavs=[17, 3, 16] pred_boxes=12 gt_boxes=24 comm_bytes=163328
frame=35/41 late_source=7/7 scenario=2026_07_29_02_32_08 timestamp=000128 receiver=20 cavs=[20, 5] pred_boxes=20 gt_boxes=33 comm_bytes=38656
sgcp_late_fusion frame=35/41 scenario=2026_07_29_02_32_08 timestamp=000128 sources=7 fused_pred_boxes=67 fused_gt_boxes=68
frame=36/41 late_source=1/7 scenario=2026_07_29_02_32_08 timestamp=000130 receiver=1 cavs=[1, 11, 2] pred_boxes=26 gt_boxes=45 comm_bytes=152784
frame=36/41 late_source=2/7 scenario=2026_07_29_02_32_08 timestamp=000130 receiver=10 cavs=[10, 9] pred_boxes=22 gt_boxes=37 comm_bytes=50272
frame=36/41 late_source=3/7 scenario=2026_07_29_02_32_08 timestamp=000130 receiver=12 cavs=[12, 7, 4] pred_boxes=15 gt_boxes=48 comm_bytes=138336
frame=36/41 late_source=4/7 scenario=2026_07_29_02_32_08 timestamp=000130 receiver=13 cavs=[13, 14] pred_boxes=0 gt_boxes=13 comm_bytes=76928
frame=36/41 late_source=5/7 scenario=2026_07_29_02_32_08 timestamp=000130 receiver=15 cavs=[15, 6] pred_boxes=18 gt_boxes=29 comm_bytes=78832
frame=36/41 late_source=6/7 scenario=2026_07_29_02_32_08 timestamp=000130 receiver=17 cavs=[17, 3, 16] pred_boxes=12 gt_boxes=23 comm_bytes=161760
frame=36/41 late_source=7/7 scenario=2026_07_29_02_32_08 timestamp=000130 receiver=20 cavs=[20, 5] pred_boxes=20 gt_boxes=32 comm_bytes=40160
sgcp_late_fusion frame=36/41 scenario=2026_07_29_02_32_08 timestamp=000130 sources=7 fused_pred_boxes=66 fused_gt_boxes=67
frame=37/41 late_source=1/6 scenario=2026_07_29_02_32_08 timestamp=000132 receiver=1 cavs=[1, 11, 2] pred_boxes=26 gt_boxes=45 comm_bytes=152752
frame=37/41 late_source=2/6 scenario=2026_07_29_02_32_08 timestamp=000132 receiver=12 cavs=[12, 7, 4] pred_boxes=15 gt_boxes=47 comm_bytes=138848
frame=37/41 late_source=3/6 scenario=2026_07_29_02_32_08 timestamp=000132 receiver=13 cavs=[13, 10, 9] pred_boxes=12 gt_boxes=37 comm_bytes=155248
frame=37/41 late_source=4/6 scenario=2026_07_29_02_32_08 timestamp=000132 receiver=15 cavs=[15, 6] pred_boxes=20 gt_boxes=29 comm_bytes=79040
frame=37/41 late_source=5/6 scenario=2026_07_29_02_32_08 timestamp=000132 receiver=17 cavs=[17, 3, 16] pred_boxes=13 gt_boxes=23 comm_bytes=159264
frame=37/41 late_source=6/6 scenario=2026_07_29_02_32_08 timestamp=000132 receiver=20 cavs=[20, 5] pred_boxes=24 gt_boxes=33 comm_bytes=41104
sgcp_late_fusion frame=37/41 scenario=2026_07_29_02_32_08 timestamp=000132 sources=6 fused_pred_boxes=65 fused_gt_boxes=67
frame=38/41 late_source=1/6 scenario=2026_07_29_02_32_08 timestamp=000134 receiver=1 cavs=[1, 11, 2] pred_boxes=26 gt_boxes=45 comm_bytes=152720
frame=38/41 late_source=2/6 scenario=2026_07_29_02_32_08 timestamp=000134 receiver=12 cavs=[12, 7, 4] pred_boxes=14 gt_boxes=47 comm_bytes=139328
frame=38/41 late_source=3/6 scenario=2026_07_29_02_32_08 timestamp=000134 receiver=13 cavs=[13, 10, 9] pred_boxes=13 gt_boxes=37 comm_bytes=155312
frame=38/41 late_source=4/6 scenario=2026_07_29_02_32_08 timestamp=000134 receiver=15 cavs=[15, 6] pred_boxes=18 gt_boxes=31 comm_bytes=78272
frame=38/41 late_source=5/6 scenario=2026_07_29_02_32_08 timestamp=000134 receiver=17 cavs=[17, 3, 16] pred_boxes=12 gt_boxes=23 comm_bytes=156848Format = auto
Extension = pcd
Format = auto
Extension = pcd
Format = auto
Extension = pcd
Format = auto
Extension = pcd
Format = auto
Extension = pcd
Format = auto
Extension = pcd
Format = auto
Extension = pcd
Format = auto
Extension = pcd
Format = auto
Extension = pcd
Format = auto
Extension = pcd
Format = auto
Extension = pcd
Format = auto
Extension = pcd
Format = auto
Extension = pcd
Format = auto
Extension = pcd
Format = auto
Extension = pcd
Format = auto
Extension = pcd
Format = auto
Extension = pcd
Format = auto
Extension = pcd
Format = auto
Extension = pcd
Format = auto
Extension = pcd
Format = auto
Extension = pcd
Format = auto
Extension = pcd
Format = auto
Extension = pcd
Format = auto
Extension = pcd
Format = auto
Extension = pcd
Format = auto
Extension = pcd
Format = auto
Extension = pcd
Format = auto
Extension = pcd
Format = auto
Extension = pcd
Format = auto
Extension = pcd
Format = auto
Extension = pcd
Format = auto
Extension = pcd
Format = auto
Extension = pcd
Format = auto
Extension = pcd
Format = auto
Extension = pcd
Format = auto
Extension = pcd
Format = auto
Extension = pcd
Format = auto
Extension = pcd
Format = auto
Extension = pcd
Format = auto
Extension = pcd
Format = auto
Extension = pcd
Format = auto
Extension = pcd
Format = auto
Extension = pcd
Format = auto
Extension = pcd
Format = auto
Extension = pcd
Format = auto
Extension = pcd
Format = auto
Extension = pcd
Format = auto
Extension = pcd
Format = auto
Extension = pcd
Format = auto
Extension = pcd
Format = auto
Extension = pcd
Format = auto
Extension = pcd
Format = auto
Extension = pcd
Format = auto
Extension = pcd
Format = auto
Extension = pcd
Format = auto
Extension = pcd
Format = auto
Extension = pcd
Format = auto
Extension = pcd
Format = auto
Extension = pcd
Format = auto
Extension = pcd

frame=38/41 late_source=6/6 scenario=2026_07_29_02_32_08 timestamp=000134 receiver=20 cavs=[20, 5] pred_boxes=23 gt_boxes=33 comm_bytes=42128
sgcp_late_fusion frame=38/41 scenario=2026_07_29_02_32_08 timestamp=000134 sources=6 fused_pred_boxes=63 fused_gt_boxes=67
frame=39/41 late_source=1/6 scenario=2026_07_29_02_32_08 timestamp=000136 receiver=1 cavs=[1, 11, 2] pred_boxes=27 gt_boxes=46 comm_bytes=152688
frame=39/41 late_source=2/6 scenario=2026_07_29_02_32_08 timestamp=000136 receiver=12 cavs=[12, 7, 4] pred_boxes=14 gt_boxes=46 comm_bytes=140064
frame=39/41 late_source=3/6 scenario=2026_07_29_02_32_08 timestamp=000136 receiver=13 cavs=[13, 10, 14] pred_boxes=12 gt_boxes=32 comm_bytes=155328
frame=39/41 late_source=4/6 scenario=2026_07_29_02_32_08 timestamp=000136 receiver=15 cavs=[15, 6] pred_boxes=22 gt_boxes=31 comm_bytes=77936
frame=39/41 late_source=5/6 scenario=2026_07_29_02_32_08 timestamp=000136 receiver=17 cavs=[17, 18, 16] pred_boxes=12 gt_boxes=23 comm_bytes=143344
frame=39/41 late_source=6/6 scenario=2026_07_29_02_32_08 timestamp=000136 receiver=20 cavs=[20, 5] pred_boxes=23 gt_boxes=34 comm_bytes=43312
sgcp_late_fusion frame=39/41 scenario=2026_07_29_02_32_08 timestamp=000136 sources=6 fused_pred_boxes=64 fused_gt_boxes=67
frame=40/41 late_source=1/6 scenario=2026_07_29_02_32_08 timestamp=000138 receiver=1 cavs=[1, 11, 2] pred_boxes=27 gt_boxes=47 comm_bytes=152768
frame=40/41 late_source=2/6 scenario=2026_07_29_02_32_08 timestamp=000138 receiver=12 cavs=[12, 7, 4] pred_boxes=14 gt_boxes=47 comm_bytes=140704
frame=40/41 late_source=3/6 scenario=2026_07_29_02_32_08 timestamp=000138 receiver=13 cavs=[13, 10, 14] pred_boxes=12 gt_boxes=32 comm_bytes=155392
frame=40/41 late_source=4/6 scenario=2026_07_29_02_32_08 timestamp=000138 receiver=15 cavs=[15, 6] pred_boxes=22 gt_boxes=31 comm_bytes=77776
frame=40/41 late_source=5/6 scenario=2026_07_29_02_32_08 timestamp=000138 receiver=17 cavs=[17, 3, 16] pred_boxes=13 gt_boxes=22 comm_bytes=150848
frame=40/41 late_source=6/6 scenario=2026_07_29_02_32_08 timestamp=000138 receiver=20 cavs=[20, 5] pred_boxes=23 gt_boxes=34 comm_bytes=43824
sgcp_late_fusion frame=40/41 scenario=2026_07_29_02_32_08 timestamp=000138 sources=6 fused_pred_boxes=66 fused_gt_boxes=67
frame=41/41 late_source=1/6 scenario=2026_07_29_02_32_08 timestamp=000140 receiver=1 cavs=[1, 11, 2] pred_boxes=27 gt_boxes=46 comm_bytes=152864
frame=41/41 late_source=2/6 scenario=2026_07_29_02_32_08 timestamp=000140 receiver=12 cavs=[12, 7, 4] pred_boxes=14 gt_boxes=47 comm_bytes=141552
frame=41/41 late_source=3/6 scenario=2026_07_29_02_32_08 timestamp=000140 receiver=13 cavs=[13, 10, 9] pred_boxes=10 gt_boxes=35 comm_bytes=155360
frame=41/41 late_source=4/6 scenario=2026_07_29_02_32_08 timestamp=000140 receiver=15 cavs=[15, 6] pred_boxes=20 gt_boxes=30 comm_bytes=77376
frame=41/41 late_source=5/6 scenario=2026_07_29_02_32_08 timestamp=000140 receiver=17 cavs=[17, 3, 16] pred_boxes=12 gt_boxes=23 comm_bytes=149008
frame=41/41 late_source=6/6 scenario=2026_07_29_02_32_08 timestamp=000140 receiver=20 cavs=[20, 5] pred_boxes=23 gt_boxes=34 comm_bytes=44160
sgcp_late_fusion frame=41/41 scenario=2026_07_29_02_32_08 timestamp=000140 sources=6 fused_pred_boxes=65 fused_gt_boxes=66
cp counter: 41
Evaluate final average precision results:
  - Fusion method: early
  - The Average Precision at IOU 0.3 is 0.85, The Average Precision at IOU 0.5 is 0.81, The Average Precision at IOU 0.7 is 0.64
sgcp_summary frames=272 avg_comm_bytes=105338.82 total_comm_bytes=28652160 avg_source_cavs=2.51 avg_selected_grids=19.60
