Format = auto
Extension = pcd
Format = auto
Extension = pcd
Format = auto
Extension = pcd
Format = auto
Extension = pcd
Format = auto
Extension = pcd
Format = auto
Extension = pcd
Format = auto
Extension = pcd
Format = auto
Extension = pcd
Format = auto
Extension = pcd
Format = auto
Extension = pcd
Format = auto
Extension = pcd
Format = auto
Extension = pcd
Format = auto
Extension = pcd
Format = auto
Extension = pcd
Format = auto
Extension = pcd
Format = auto
Extension = pcd
Format = auto
Extension = pcd
Format = auto
Extension = pcd
Format = auto
Extension = pcd
Format = auto
Extension = pcd
Format = auto
Extension = pcd
Format = auto
Extension = pcd
Format = auto
Extension = pcd
Format = auto
Extension = pcd
Format = auto
Extension = pcd
Format = auto
Extension = pcd
Format = auto
Extension = pcd
Format = auto
Extension = pcd
Format = auto
Extension = pcd
Format = auto
Extension = pcd
Format = auto
Extension = pcd
Format = auto
Extension = pcd
Format = auto
Extension = pcd
Format = auto
Extension = pcd
Format = auto
Extension = pcd
Format = auto
Extension = pcd
Format = auto
Extension = pcd
Format = auto
Extension = pcd
Format = auto
Extension = pcd
Format = auto
Extension = pcd
Format = auto
Extension = pcd
Format = auto
Extension = pcd
Format = auto
Extension = pcd
Format = auto
Extension = pcd
Format = auto
Extension = pcd
Format = auto
Extension = pcd
Format = auto
Extension = pcd
Format = auto
Extension = pcd
Format = auto
Extension = pcd
Format = auto
Extension = pcd
Format = auto
Extension = pcd
Format = auto
Extension = pcd
Format = auto
Extension = pcd
Format = auto
Extension = pcd
Format = auto
Extension = pcd
Format = auto
Extension = pcd
Format = auto
Extension = pcd
Format = auto
Extension = pcd
Format = auto
Extension = pcd
Format = auto
Extension = pcd
Format = auto
Extension = pcd
Format = auto
Extension = pcd
Format = auto
Extension = pcd
Format = auto
Extension = pcd
Format = auto
Extension = pcd
Format = auto
Extension = pcd
Format = auto
Extension = pcd
Format = auto
Extension = pcd
Format = auto
Extension = pcd
Format = auto
Extension = pcd
Format = auto
Extension = pcd
Format = auto
Extension = pcd
Format = auto
Extension = pcd
Format = auto
Extension = pcd
Format = auto
Extension = pcd
Format = auto
Extension = pcd
Format = auto
Extension = pcd
Format = auto
Extension = pcd
Format = auto
Extension = pcd
Format = auto
Extension = pcd
Format = auto
Extension = pcd
Format = auto
Extension = pcd
Format = auto
Extension = pcd
Format = auto
Extension = pcd
Format = auto
Extension = pcd
Format = auto
Extension = pcd
Format = auto
Extension = pcd
Format = auto
Extension = pcd
Format = auto
Extension = pcd
Format = auto
Extension = pcd
Format = auto
Extension = pcd
Format = auto
Extension = pcd
Format = auto
Extension = pcd
Format = auto
Extension = pcd
Format = auto
Extension = pcd
Format = auto
Extension = pcd
Format = auto
Extension = pcd
Format = auto
Extension = pcd
Format = auto
Extension = pcd
Format = auto
Extension = pcd
Format = auto
Extension = pcd
Format = auto
Extension = pcd
Format = auto
Extension = pcd
Format = auto
Extension = pcd
Format = auto
Extension = pcd
Format = auto
Extension = pcd
Format = auto
Extension = pcd
Format = auto
Extension = pcd
Format = auto
Extension = pcd
Format = auto
Extension = pcd
Format = auto
Extension = pcd
Format = auto
Extension = pcd
Format = auto
Extension = pcd
Format = auto
Extension = pcd
Format = auto
Extension = pcd
Format = auto
Extension = pcd
Format = auto
Extension = pcd
Format = auto
Extension = pcd
Format = auto
Extension = pcd
Format = auto
Extension = pcd
Format = auto
Extension = pcd
Format = auto
Extension = pcd
Format = auto
Extension = pcd
Format = auto
Extension = pcd
Format = auto
Extension = pcd
Format = auto
Extension = pcd
Format = auto
Extension = pcd
Format = auto
Extension = pcd
Format = auto
Extension = pcd
Format = auto
Extension = pcd
Format = auto
Extension = pcd
Format = auto
Extension = pcd
Format = auto
Extension = pcd
Format = auto
Extension = pcd
Format = auto
Extension = pcd
Format = auto
Extension = pcd
Format = auto
Extension = pcd
Format = auto
Extension = pcd
Format = auto
Extension = pcd
Format = auto
Extension = pcd
Format = auto
Extension = pcd
Format = auto
Extension = pcd
Format = auto
Extension = pcd
Format = auto
Extension = pcd
Format = auto
Extension = pcd
Format = auto
Extension = pcd
Format = auto
Extension = pcd
Format = auto
Extension = pcd
Format = auto
Extension = pcd
Format = auto
Extension = pcd
Format = auto
Extension = pcd
Format = auto
Extension = pcd
Format = auto
Extension = pcd
Format = auto
Extension = pcd
Format = auto
Extension = pcd
Format = auto
Extension = pcd
Format = auto
Extension = pcd
Format = auto
Extension = pcd
Format = auto
Extension = pcd
Format = auto
Extension = pcd
Format = auto
Extension = pcd
Format = auto
Extension = pcd
Format = auto
Extension = pcd
Format = auto
Extension = pcd
Format = auto
Extension = pcd
Format = auto
Extension = pcd
Format = auto
Extension = pcd
Format = auto
Extension = pcd
Format = auto
Extension = pcd
Format = auto
Extension = pcd
Format = auto
Extension = pcd
Format = auto
Extension = pcd
Format = auto
Extension = pcd
Format = auto
Extension = pcd
Format = auto
Extension = pcd
Format = auto
Extension = pcd
Format = auto
Extension = pcd
Format = auto
Extension = pcd
Format = auto
Extension = pcd
Format = auto
Extension = pcd
Format = auto
Extension = pcd
Format = auto
Extension = pcd
Format = auto
Extension = pcd
Format = auto
Extension = pcd
Format = auto
Extension = pcd
Format = auto
Extension = pcd
Format = auto
Extension = pcd
Format = auto
Extension = pcd
Format = auto
Extension = pcd
Format = auto
Extension = pcd
Format = auto
Extension = pcd
Format = auto
Extension = pcd
Format = auto
Extension = pcd
Format = auto
Extension = pcd
Format = auto
Extension = pcd
Format = auto
Extension = pcd
Format = auto
Extension = pcd
Format = auto
Extension = pcd
Format = auto
Extension = pcd
Format = auto
Extension = pcd
Format = auto
Extension = pcd
Format = auto
Extension = pcd
Format = auto
Extension = pcd
Format = auto
Extension = pcd
Format = auto
Extension = pcd
Format = auto
Extension = pcd
Format = auto
Extension = pcd
Format = auto
Extension = pcd
Format = auto
Extension = pcd
Format = auto
Extension = pcd
Format = auto
Extension = pcd
Format = auto
Extension = pcd
Format = auto
Extension = pcd
Format = auto
Extension = pcd
Format = auto
Extension = pcd
Format = auto
Extension = pcd
Format = auto
Extension = pcd
Format = auto
Extension = pcd
Format = auto
Extension = pcd
Format = auto
Extension = pcd
resuming by loading epoch 10000
frame=1/11 late_source=1/5 scenario=2026_07_15_01_26_56 timestamp=000060 receiver=3 cavs=[3, 12] pred_boxes=9 gt_boxes=28 comm_bytes=1472
frame=1/11 late_source=2/5 scenario=2026_07_15_01_26_56 timestamp=000060 receiver=9 cavs=[9, 6] pred_boxes=15 gt_boxes=28 comm_bytes=57920
frame=1/11 late_source=3/5 scenario=2026_07_15_01_26_56 timestamp=000060 receiver=13 cavs=[13, 1] pred_boxes=13 gt_boxes=26 comm_bytes=42944
frame=1/11 late_source=4/5 scenario=2026_07_15_01_26_56 timestamp=000060 receiver=15 cavs=[15, 5] pred_boxes=13 gt_boxes=18 comm_bytes=576
frame=1/11 late_source=5/5 scenario=2026_07_15_01_26_56 timestamp=000060 receiver=20 cavs=[20, 18] pred_boxes=21 gt_boxes=22 comm_bytes=6160
sgcp_late_fusion frame=1/11 scenario=2026_07_15_01_26_56 timestamp=000060 sources=5 fused_pred_boxes=49 fused_gt_boxes=67
frame=2/11 late_source=1/5 scenario=2026_07_15_01_26_56 timestamp=000062 receiver=3 cavs=[3, 12] pred_boxes=7 gt_boxes=26 comm_bytes=1472
frame=2/11 late_source=2/5 scenario=2026_07_15_01_26_56 timestamp=000062 receiver=9 cavs=[9, 6] pred_boxes=13 gt_boxes=28 comm_bytes=57568
frame=2/11 late_source=3/5 scenario=2026_07_15_01_26_56 timestamp=000062 receiver=13 cavs=[13, 1] pred_boxes=12 gt_boxes=26 comm_bytes=43264
frame=2/11 late_source=4/5 scenario=2026_07_15_01_26_56 timestamp=000062 receiver=15 cavs=[15, 5] pred_boxes=15 gt_boxes=18 comm_bytes=576
frame=2/11 late_source=5/5 scenario=2026_07_15_01_26_56 timestamp=000062 receiver=20 cavs=[20, 18] pred_boxes=21 gt_boxes=23 comm_bytes=6144
sgcp_late_fusion frame=2/11 scenario=2026_07_15_01_26_56 timestamp=000062 sources=5 fused_pred_boxes=47 fused_gt_boxes=67
frame=3/11 late_source=1/5 scenario=2026_07_15_01_26_56 timestamp=000064 receiver=3 cavs=[3, 12] pred_boxes=6 gt_boxes=25 comm_bytes=1488
frame=3/11 late_source=2/5 scenario=2026_07_15_01_26_56 timestamp=000064 receiver=9 cavs=[9, 6] pred_boxes=13 gt_boxes=28 comm_bytes=57568
frame=3/11 late_source=3/5 scenario=2026_07_15_01_26_56 timestamp=000064 receiver=13 cavs=[13, 1] pred_boxes=14 gt_boxes=25 comm_bytes=43392
frame=3/11 late_source=4/5 scenario=2026_07_15_01_26_56 timestamp=000064 receiver=15 cavs=[15, 5] pred_boxes=14 gt_boxes=18 comm_bytes=576
frame=3/11 late_source=5/5 scenario=2026_07_15_01_26_56 timestamp=000064 receiver=20 cavs=[20, 18] pred_boxes=18 gt_boxes=23 comm_bytes=6256
sgcp_late_fusion frame=3/11 scenario=2026_07_15_01_26_56 timestamp=000064 sources=5 fused_pred_boxes=50 fused_gt_boxes=67
frame=4/11 late_source=1/5 scenario=2026_07_15_01_26_56 timestamp=000066 receiver=3 cavs=[3, 4] pred_boxes=4 gt_boxes=33 comm_bytes=1056
frame=4/11 late_source=2/5 scenario=2026_07_15_01_26_56 timestamp=000066 receiver=9 cavs=[9, 6] pred_boxes=13 gt_boxes=27 comm_bytes=57232
frame=4/11 late_source=3/5 scenario=2026_07_15_01_26_56 timestamp=000066 receiver=13 cavs=[13, 1] pred_boxes=13 gt_boxes=26 comm_bytes=43440
frame=4/11 late_source=4/5 scenario=2026_07_15_01_26_56 timestamp=000066 receiver=15 cavs=[15, 5] pred_boxes=13 gt_boxes=18 comm_bytes=576
frame=4/11 late_source=5/5 scenario=2026_07_15_01_26_56 timestamp=000066 receiver=20 cavs=[20, 18] pred_boxes=19 gt_boxes=23 comm_bytes=6400
sgcp_late_fusion frame=4/11 scenario=2026_07_15_01_26_56 timestamp=000066 sources=5 fused_pred_boxes=47 fused_gt_boxes=66
frame=5/11 late_source=1/5 scenario=2026_07_15_01_26_56 timestamp=000068 receiver=3 cavs=[3, 12] pred_boxes=7 gt_boxes=26 comm_bytes=1488
frame=5/11 late_source=2/5 scenario=2026_07_15_01_26_56 timestamp=000068 receiver=9 cavs=[9, 6] pred_boxes=13 gt_boxes=28 comm_bytes=57136
frame=5/11 late_source=3/5 scenario=2026_07_15_01_26_56 timestamp=000068 receiver=13 cavs=[13, 1] pred_boxes=13 gt_boxes=26 comm_bytes=43344
frame=5/11 late_source=4/5 scenario=2026_07_15_01_26_56 timestamp=000068 receiver=15 cavs=[15, 5] pred_boxes=15 gt_boxes=18 comm_bytes=576
frame=5/11 late_source=5/5 scenario=2026_07_15_01_26_56 timestamp=000068 receiver=20 cavs=[20, 18] pred_boxes=20 gt_boxes=23 comm_bytes=6608
sgcp_late_fusion frame=5/11 scenario=2026_07_15_01_26_56 timestamp=000068 sources=5 fused_pred_boxes=50 fused_gt_boxes=68
frame=6/11 late_source=1/4 scenario=2026_07_15_01_26_56 timestamp=000070 receiver=3 cavs=[3, 12] pred_boxes=7 gt_boxes=26 comm_bytes=1456
frame=6/11 late_source=2/4 scenario=2026_07_15_01_26_56 timestamp=000070 receiver=9 cavs=[9, 6] pred_boxes=13 gt_boxes=27 comm_bytes=56704
frame=6/11 late_source=3/4 scenario=2026_07_15_01_26_56 timestamp=000070 receiver=13 cavs=[13, 2] pred_boxes=14 gt_boxes=29 comm_bytes=48576
frame=6/11 late_source=4/4 scenario=2026_07_15_01_26_56 timestamp=000070 receiver=15 cavs=[15, 20] pred_boxes=14 gt_boxes=28 comm_bytes=1840
sgcp_late_fusion frame=6/11 scenario=2026_07_15_01_26_56 timestamp=000070 sources=4 fused_pred_boxes=36 fused_gt_boxes=64
frame=7/11 late_source=1/5 scenario=2026_07_15_01_26_56 timestamp=000072 receiver=3 cavs=[3, 12] pred_boxes=8 gt_boxes=22 comm_bytes=1408
frame=7/11 late_source=2/5 scenario=2026_07_15_01_26_56 timestamp=000072 receiver=9 cavs=[9, 6] pred_boxes=14 gt_boxes=28 comm_bytes=56528
frame=7/11 late_source=3/5 scenario=2026_07_15_01_26_56 timestamp=000072 receiver=13 cavs=[13, 1] pred_boxes=16 gt_boxes=24 comm_bytes=43104
frame=7/11 late_source=4/5 scenario=2026_07_15_01_26_56 timestamp=000072 receiver=15 cavs=[15, 20] pred_boxes=12 gt_boxes=29 comm_bytes=1824
frame=7/11 late_source=5/5 scenario=2026_07_15_01_26_56 timestamp=000072 receiver=17 cavs=[17, 2] pred_boxes=15 gt_boxes=35 comm_bytes=20976
sgcp_late_fusion frame=7/11 scenario=2026_07_15_01_26_56 timestamp=000072 sources=5 fused_pred_boxes=46 fused_gt_boxes=68
frame=8/11 late_source=1/4 scenario=2026_07_15_01_26_56 timestamp=000074 receiver=3 cavs=[3, 12] pred_boxes=7 gt_boxes=25 comm_bytes=1392
frame=8/11 late_source=2/4 scenario=2026_07_15_01_26_56 timestamp=000074 receiver=9 cavs=[9, 6] pred_boxes=16 gt_boxes=28 comm_bytes=56432
frame=8/11 late_source=3/4 scenario=2026_07_15_01_26_56 timestamp=000074 receiver=13 cavs=[13, 1] pred_boxes=17 gt_boxes=25 comm_bytes=43088
frame=8/11 late_source=4/4 scenario=2026_07_15_01_26_56 timestamp=000074 receiver=15 cavs=[15, 20] pred_boxes=13 gt_boxes=28 comm_bytes=1824
sgcp_late_fusion frame=8/11 scenario=2026_07_15_01_26_56 timestamp=000074 sources=4 fused_pred_boxes=45 fused_gt_boxes=65
frame=9/11 late_source=1/4 scenario=2026_07_15_01_26_56 timestamp=000076 receiver=3 cavs=[3, 12] pred_boxes=6 gt_boxes=23 comm_bytes=1440
frame=9/11 late_source=2/4 scenario=2026_07_15_01_26_56 timestamp=000076 receiver=9 cavs=[9, 6] pred_boxes=13 gt_boxes=29 comm_bytes=56368
frame=9/11 late_source=3/4 scenario=2026_07_15_01_26_56 timestamp=000076 receiver=13 cavs=[13, 1] pred_boxes=14 gt_boxes=26 comm_bytes=43088
frame=9/11 late_source=4/4 scenario=2026_07_15_01_26_56 timestamp=000076 receiver=15 cavs=[15, 20] pred_boxes=14 gt_boxes=29 comm_bytes=1792
sgcp_late_fusion frame=9/11 scenario=2026_07_15_01_26_56 timestamp=000076 sources=4 fused_pred_boxes=39 fused_gt_boxes=65
frame=10/11 late_source=1/3 scenario=2026_07_15_01_26_56 timestamp=000078 receiver=3 cavs=[3, 12] pred_boxes=5 gt_boxes=24 comm_bytes=1424
frame=10/11 late_source=2/3 scenario=2026_07_15_01_26_56 timestamp=000078 receiver=9 cavs=[9, 6] pred_boxes=14 gt_boxes=30 comm_bytes=56336
frame=10/11 late_source=3/3 scenario=2026_07_15_01_26_56 timestamp=000078 receiver=15 cavs=[15, 20] pred_boxes=13 gt_boxes=29 comm_bytes=1808
sgcp_late_fusion frame=10/11 scenario=2026_07_15_01_26_56 timestamp=000078 sources=3 fused_pred_boxes=29 fused_gt_boxes=60
frame=11/11 late_source=1/3 scenario=2026_07_15_01_26_56 timestamp=000080 receiver=3 cavs=[3, 12] pred_boxes=5 gt_boxes=24 comm_bytes=1456
frame=11/11 late_source=2/3 scenario=2026_07_15_01_26_56 timestamp=000080 receiver=9 cavs=[9, 6] pred_boxes=16 gt_boxes=30 comm_bytes=55984
frame=11/11 late_source=3/3 scenario=2026_07_15_01_26_56 timestamp=000080 receiver=15 cavs=[15, 20] pred_boxes=12 gt_boxes=28 comm_bytes=1808
sgcp_late_fusion frame=11/11 scenario=2026_07_15_01_26_56 timestamp=000080 sources=3 fused_pred_boxes=28 fused_gt_boxes=60
cp counter: 11
conda.exe : C:\Users\sakakibara\miniconda3\envs\opencda\lib\site-packages\torch\nn\functional.py:1806: UserWarning: nn.
functional.sigmoid is deprecated. Use torch.sigmoid instead.
At C:\Users\sakakibara\miniconda3\shell\condabin\Conda.psm1:194 char:17
+ ...             & $Env:CONDA_EXE $Env:_CE_M $Env:_CE_CONDA $Command @Othe ...
+                 ~~~~~~~~~~~~~~~~~~~~~~~~~~~~~~~~~~~~~~~~~~~~~~~~~~~~~~~~~
    + CategoryInfo          : NotSpecified: (C:\Users\sakaki...igmoid instead.:String) [], RemoteException
    + FullyQualifiedErrorId : NativeCommandError
 
  warnings.warn("nn.functional.sigmoid is deprecated. Use torch.sigmoid instead.")
Evaluate final average precision results:
  - Fusion method: early
  - The Average Precision at IOU 0.3 is 0.48, The Average Precision at IOU 0.5 is 0.35, The Average Precision at IOU 0.7 is 0.12
sgcp_summary frames=48 avg_comm_bytes=22956.00 total_comm_bytes=1101888 avg_source_cavs=2.00 avg_selected_grids=14.25
