COMMAND: C:\Users\sakakibara\miniconda3\envs\opencda\python.exe -m opencda.tools.offline_inference --dataset-root D:\Data\Carla --scenario-id 2026_07_29_02_32_08 --ego-cav-id 1 --max-frames 41 --fusion-method early --coperception-yaml docs\doc_workspace\SGCP\artifacts\early_from_late_checkpoint_20260719\enable_coperception_early_from_attentive.yaml --bandwidth-mhz 40 --num-channels 10 --channel-estimator ns3 --ns3-tb-size-bytes 899 --ns3-slot-duration-ms 0.5 --ns3-subchannel-prbs 10 --ns3-symbols-per-slot 12 --ns3-mcs 28 --communication-deadline-ms 60 --gt-scope sample --cav-count 5 --sgcp-constrained --clustering singleton --sgcp-receiver-policy all-cavs --sgcp-upload-mode head_only --sgcp-trace-output docs\doc_workspace\SGCP\artifacts\dense_cav_sweep_20260731\N5\no_collaboration_trace.csv --eval-stats-output docs\doc_workspace\SGCP\artifacts\dense_cav_sweep_20260731\N5\no_collaboration_eval_stats.csv

Format = auto
Extension = pcd
Format = auto
Extension = pcd
Format = auto
Extension = pcd
Format = auto
Extension = pcd
Format = auto
Extension = pcd
Format = auto
Extension = pcd
Format = auto
Extension = pcd
Format = auto
Extension = pcd
Format = auto
Extension = pcd
Format = auto
Extension = pcd
Format = auto
Extension = pcd
Format = auto
Extension = pcd
Format = auto
Extension = pcd
Format = auto
Extension = pcd
Format = auto
Extension = pcd
Format = auto
Extension = pcd
Format = auto
Extension = pcd
Format = auto
Extension = pcd
Format = auto
Extension = pcd
Format = auto
Extension = pcd
Format = auto
Extension = pcd
Format = auto
Extension = pcd
Format = auto
Extension = pcd
Format = auto
Extension = pcd
Format = auto
Extension = pcd
Format = auto
Extension = pcd
Format = auto
Extension = pcd
Format = auto
Extension = pcd
Format = auto
Extension = pcd
Format = auto
Extension = pcd
resuming by loading epoch 10000
frame=1/41 receiver_sample=1/5 scenario=2026_07_29_02_32_08 timestamp=000060 cavs=[1]
sgcp_constrained receiver=1 policy=all-cavs sources=[1] clusters=5 ra=potential_game comm_bytes=0 selected_grids={}
fusion_method=early pred_boxes=21 gt_boxes=41
pred_scores_shape=(21,)
frame=1/41 receiver_sample=2/5 scenario=2026_07_29_02_32_08 timestamp=000060 cavs=[2]
sgcp_constrained receiver=2 policy=all-cavs sources=[2] clusters=5 ra=potential_game comm_bytes=0 selected_grids={}
fusion_method=early pred_boxes=22 gt_boxes=38
pred_scores_shape=(22,)
frame=1/41 receiver_sample=3/5 scenario=2026_07_29_02_32_08 timestamp=000060 cavs=[3]
sgcp_constrained receiver=3 policy=all-cavs sources=[3] clusters=5 ra=potential_game comm_bytes=0 selected_grids={}
fusion_method=early pred_boxes=18 gt_boxes=27
pred_scores_shape=(18,)
frame=1/41 receiver_sample=4/5 scenario=2026_07_29_02_32_08 timestamp=000060 cavs=[4]
sgcp_constrained receiver=4 policy=all-cavs sources=[4] clusters=5 ra=potential_game comm_bytes=0 selected_grids={}
fusion_method=early pred_boxes=20 gt_boxes=34
pred_scores_shape=(20,)
frame=1/41 receiver_sample=5/5 scenario=2026_07_29_02_32_08 timestamp=000060 cavs=[5]
sgcp_constrained receiver=5 policy=all-cavs sources=[5] clusters=5 ra=potential_game comm_bytes=0 selected_grids={}
fusion_method=early pred_boxes=19 gt_boxes=39
pred_scores_shape=(19,)
frame=2/41 receiver_sample=1/5 scenario=2026_07_29_02_32_08 timestamp=000062 cavs=[1]
sgcp_constrained receiver=1 policy=all-cavs sources=[1] clusters=5 ra=potential_game comm_bytes=0 selected_grids={}
fusion_method=early pred_boxes=21 gt_boxes=42
pred_scores_shape=(21,)
frame=2/41 receiver_sample=2/5 scenario=2026_07_29_02_32_08 timestamp=000062 cavs=[2]
sgcp_constrained receiver=2 policy=all-cavs sources=[2] clusters=5 ra=potential_game comm_bytes=0 selected_grids={}
fusion_method=early pred_boxes=21 gt_boxes=38
pred_scores_shape=(21,)
frame=2/41 receiver_sample=3/5 scenario=2026_07_29_02_32_08 timestamp=000062 cavs=[3]
sgcp_constrained receiver=3 policy=all-cavs sources=[3] clusters=5 ra=potential_game comm_bytes=0 selected_grids={}
fusion_method=early pred_boxes=20 gt_boxes=27
pred_scores_shape=(20,)
frame=2/41 receiver_sample=4/5 scenario=2026_07_29_02_32_08 timestamp=000062 cavs=[4]
sgcp_constrained receiver=4 policy=all-cavs sources=[4] clusters=5 ra=potential_game comm_bytes=0 selected_grids={}
fusion_method=early pred_boxes=18 gt_boxes=34
pred_scores_shape=(18,)
frame=2/41 receiver_sample=5/5 scenario=2026_07_29_02_32_08 timestamp=000062 cavs=[5]
sgcp_constrained receiver=5 policy=all-cavs sources=[5] clusters=5 ra=potential_game comm_bytes=0 selected_grids={}
fusion_method=early pred_boxes=18 gt_boxes=38
pred_scores_shape=(18,)
frame=3/41 receiver_sample=1/5 scenario=2026_07_29_02_32_08 timestamp=000064 cavs=[1]
sgcp_constrained receiver=1 policy=all-cavs sources=[1] clusters=5 ra=potential_game comm_bytes=0 selected_grids={}
fusion_method=early pred_boxes=22 gt_boxes=40
pred_scores_shape=(22,)
frame=3/41 receiver_sample=2/5 scenario=2026_07_29_02_32_08 timestamp=000064 cavs=[2]
sgcp_constrained receiver=2 policy=all-cavs sources=[2] clusters=5 ra=potential_game comm_bytes=0 selected_grids={}
fusion_method=early pred_boxes=21 gt_boxes=38
pred_scores_shape=(21,)
frame=3/41 receiver_sample=3/5 scenario=2026_07_29_02_32_08 timestamp=000064 cavs=[3]
sgcp_constrained receiver=3 policy=all-cavs sources=[3] clusters=5 ra=potential_game comm_bytes=0 selected_grids={}
fusion_method=early pred_boxes=18 gt_boxes=27
pred_scores_shape=(18,)
frame=3/41 receiver_sample=4/5 scenario=2026_07_29_02_32_08 timestamp=000064 cavs=[4]
sgcp_constrained receiver=4 policy=all-cavs sources=[4] clusters=5 ra=potential_game comm_bytes=0 selected_grids={}
fusion_method=early pred_boxes=19 gt_boxes=36
pred_scores_shape=(19,)
frame=3/41 receiver_sample=5/5 scenario=2026_07_29_02_32_08 timestamp=000064 cavs=[5]
sgcp_constrained receiver=5 policy=all-cavs sources=[5] clusters=5 ra=potential_game comm_bytes=0 selected_grids={}
fusion_method=early pred_boxes=18 gt_boxes=38
pred_scores_shape=(18,)
frame=4/41 receiver_sample=1/5 scenario=2026_07_29_02_32_08 timestamp=000066 cavs=[1]
sgcp_constrained receiver=1 policy=all-cavs sources=[1] clusters=5 ra=potential_game comm_bytes=0 selected_grids={}
fusion_method=early pred_boxes=21 gt_boxes=40
pred_scores_shape=(21,)
frame=4/41 receiver_sample=2/5 scenario=2026_07_29_02_32_08 timestamp=000066 cavs=[2]
sgcp_constrained receiver=2 policy=all-cavs sources=[2] clusters=5 ra=potential_game comm_bytes=0 selected_grids={}
fusion_method=early pred_boxes=21 gt_boxes=38
pred_scores_shape=(21,)
frame=4/41 receiver_sample=3/5 scenario=2026_07_29_02_32_08 timestamp=000066 cavs=[3]
sgcp_constrained receiver=3 policy=all-cavs sources=[3] clusters=5 ra=potential_game comm_bytes=0 selected_grids={}
fusion_method=early pred_boxes=19 gt_boxes=27
pred_scores_shape=(19,)
frame=4/41 receiver_sample=4/5 scenario=2026_07_29_02_32_08 timestamp=000066 cavs=[4]
sgcp_constrained receiver=4 policy=all-cavs sources=[4] clusters=5 ra=potential_game comm_bytes=0 selected_grids={}
fusion_method=early pred_boxes=20 gt_boxes=36
pred_scores_shape=(20,)
frame=4/41 receiver_sample=5/5 scenario=2026_07_29_02_32_08 timestamp=000066 cavs=[5]
sgcp_constrained receiver=5 policy=all-cavs sources=[5] clusters=5 ra=potential_game comm_bytes=0 selected_grids={}
fusion_method=early pred_boxes=16 gt_boxes=39
pred_scores_shape=(16,)
frame=5/41 receiver_sample=1/5 scenario=2026_07_29_02_32_08 timestamp=000068 cavs=[1]
sgcp_constrained receiver=1 policy=all-cavs sources=[1] clusters=5 ra=potential_game comm_bytes=0 selected_grids={}
fusion_method=early pred_boxes=20 gt_boxes=40
pred_scores_shape=(20,)
frame=5/41 receiver_sample=2/5 scenario=2026_07_29_02_32_08 timestamp=000068 cavs=[2]
sgcp_constrained receiver=2 policy=all-cavs sources=[2] clusters=5 ra=potential_game comm_bytes=0 selected_grids={}
fusion_method=early pred_boxes=21 gt_boxes=37
pred_scores_shape=(21,)
frame=5/41 receiver_sample=3/5 scenario=2026_07_29_02_32_08 timestamp=000068 cavs=[3]
sgcp_constrained receiver=3 policy=all-cavs sources=[3] clusters=5 ra=potential_game comm_bytes=0 selected_grids={}
fusion_method=early pred_boxes=18 gt_boxes=26
pred_scores_shape=(18,)
frame=5/41 receiver_sample=4/5 scenario=2026_07_29_02_32_08 timestamp=000068 cavs=[4]
sgcp_constrained receiver=4 policy=all-cavs sources=[4] clusters=5 ra=potential_game comm_bytes=0 selected_grids={}
fusion_method=early pred_boxes=17 gt_boxes=36
pred_scores_shape=(17,)
frame=5/41 receiver_sample=5/5 scenario=2026_07_29_02_32_08 timestamp=000068 cavs=[5]
sgcp_constrained receiver=5 policy=all-cavs sources=[5] clusters=5 ra=potential_game comm_bytes=0 selected_grids={}
fusion_method=early pred_boxes=18 gt_boxes=39
pred_scores_shape=(18,)
frame=6/41 receiver_sample=1/5 scenario=2026_07_29_02_32_08 timestamp=000070 cavs=[1]
sgcp_constrained receiver=1 policy=all-cavs sources=[1] clusters=5 ra=potential_game comm_bytes=0 selected_grids={}
fusion_method=early pred_boxes=21 gt_boxes=41
pred_scores_shape=(21,)
frame=6/41 receiver_sample=2/5 scenario=2026_07_29_02_32_08 timestamp=000070 cavs=[2]
sgcp_constrained receiver=2 policy=all-cavs sources=[2] clusters=5 ra=potential_game comm_bytes=0 selected_grids={}
fusion_method=early pred_boxes=22 gt_boxes=37
pred_scores_shape=(22,)
frame=6/41 receiver_sample=3/5 scenario=2026_07_29_02_32_08 timestamp=000070 cavs=[3]
sgcp_constrained receiver=3 policy=all-cavs sources=[3] clusters=5 ra=potential_game comm_bytes=0 selected_grids={}
fusion_method=early pred_boxes=18 gt_boxes=26
pred_scores_shape=(18,)
frame=6/41 receiver_sample=4/5 scenario=2026_07_29_02_32_08 timestamp=000070 cavs=[4]
sgcp_constrained receiver=4 policy=all-cavs sources=[4] clusters=5 ra=potential_game comm_bytes=0 selected_grids={}
fusion_method=early pred_boxes=21 gt_boxes=37
pred_scores_shape=(21,)
frame=6/41 receiver_sample=5/5 scenario=2026_07_29_02_32_08 timestamp=000070 cavs=[5]
sgcp_constrained receiver=5 policy=all-cavs sources=[5] clusters=5 ra=potential_game comm_bytes=0 selected_grids={}Format = auto
Extension = pcd
Format = auto
Extension = pcd
Format = auto
Extension = pcd
Format = auto
Extension = pcd
Format = auto
Extension = pcd
Format = auto
Extension = pcd
Format = auto
Extension = pcd
Format = auto
Extension = pcd
Format = auto
Extension = pcd
Format = auto
Extension = pcd
Format = auto
Extension = pcd
Format = auto
Extension = pcd
Format = auto
Extension = pcd
Format = auto
Extension = pcd
Format = auto
Extension = pcd
Format = auto
Extension = pcd
Format = auto
Extension = pcd
Format = auto
Extension = pcd
Format = auto
Extension = pcd
Format = auto
Extension = pcd
Format = auto
Extension = pcd
Format = auto
Extension = pcd
Format = auto
Extension = pcd
Format = auto
Extension = pcd
Format = auto
Extension = pcd
Format = auto
Extension = pcd
Format = auto
Extension = pcd
Format = auto
Extension = pcd
Format = auto
Extension = pcd
Format = auto
Extension = pcd

fusion_method=early pred_boxes=18 gt_boxes=38
pred_scores_shape=(18,)
frame=7/41 receiver_sample=1/5 scenario=2026_07_29_02_32_08 timestamp=000072 cavs=[1]
sgcp_constrained receiver=1 policy=all-cavs sources=[1] clusters=5 ra=potential_game comm_bytes=0 selected_grids={}
fusion_method=early pred_boxes=23 gt_boxes=43
pred_scores_shape=(23,)
frame=7/41 receiver_sample=2/5 scenario=2026_07_29_02_32_08 timestamp=000072 cavs=[2]
sgcp_constrained receiver=2 policy=all-cavs sources=[2] clusters=5 ra=potential_game comm_bytes=0 selected_grids={}
fusion_method=early pred_boxes=21 gt_boxes=38
pred_scores_shape=(21,)
frame=7/41 receiver_sample=3/5 scenario=2026_07_29_02_32_08 timestamp=000072 cavs=[3]
sgcp_constrained receiver=3 policy=all-cavs sources=[3] clusters=5 ra=potential_game comm_bytes=0 selected_grids={}
fusion_method=early pred_boxes=19 gt_boxes=26
pred_scores_shape=(19,)
frame=7/41 receiver_sample=4/5 scenario=2026_07_29_02_32_08 timestamp=000072 cavs=[4]
sgcp_constrained receiver=4 policy=all-cavs sources=[4] clusters=5 ra=potential_game comm_bytes=0 selected_grids={}
fusion_method=early pred_boxes=17 gt_boxes=37
pred_scores_shape=(17,)
frame=7/41 receiver_sample=5/5 scenario=2026_07_29_02_32_08 timestamp=000072 cavs=[5]
sgcp_constrained receiver=5 policy=all-cavs sources=[5] clusters=5 ra=potential_game comm_bytes=0 selected_grids={}
fusion_method=early pred_boxes=21 gt_boxes=38
pred_scores_shape=(21,)
frame=8/41 receiver_sample=1/5 scenario=2026_07_29_02_32_08 timestamp=000074 cavs=[1]
sgcp_constrained receiver=1 policy=all-cavs sources=[1] clusters=5 ra=potential_game comm_bytes=0 selected_grids={}
fusion_method=early pred_boxes=25 gt_boxes=44
pred_scores_shape=(25,)
frame=8/41 receiver_sample=2/5 scenario=2026_07_29_02_32_08 timestamp=000074 cavs=[2]
sgcp_constrained receiver=2 policy=all-cavs sources=[2] clusters=5 ra=potential_game comm_bytes=0 selected_grids={}
fusion_method=early pred_boxes=21 gt_boxes=38
pred_scores_shape=(21,)
frame=8/41 receiver_sample=3/5 scenario=2026_07_29_02_32_08 timestamp=000074 cavs=[3]
sgcp_constrained receiver=3 policy=all-cavs sources=[3] clusters=5 ra=potential_game comm_bytes=0 selected_grids={}
fusion_method=early pred_boxes=20 gt_boxes=26
pred_scores_shape=(20,)
frame=8/41 receiver_sample=4/5 scenario=2026_07_29_02_32_08 timestamp=000074 cavs=[4]
sgcp_constrained receiver=4 policy=all-cavs sources=[4] clusters=5 ra=potential_game comm_bytes=0 selected_grids={}
fusion_method=early pred_boxes=19 gt_boxes=37
pred_scores_shape=(19,)
frame=8/41 receiver_sample=5/5 scenario=2026_07_29_02_32_08 timestamp=000074 cavs=[5]
sgcp_constrained receiver=5 policy=all-cavs sources=[5] clusters=5 ra=potential_game comm_bytes=0 selected_grids={}
fusion_method=early pred_boxes=19 gt_boxes=35
pred_scores_shape=(19,)
frame=9/41 receiver_sample=1/5 scenario=2026_07_29_02_32_08 timestamp=000076 cavs=[1]
sgcp_constrained receiver=1 policy=all-cavs sources=[1] clusters=5 ra=potential_game comm_bytes=0 selected_grids={}
fusion_method=early pred_boxes=24 gt_boxes=42
pred_scores_shape=(24,)
frame=9/41 receiver_sample=2/5 scenario=2026_07_29_02_32_08 timestamp=000076 cavs=[2]
sgcp_constrained receiver=2 policy=all-cavs sources=[2] clusters=5 ra=potential_game comm_bytes=0 selected_grids={}
fusion_method=early pred_boxes=22 gt_boxes=38
pred_scores_shape=(22,)
frame=9/41 receiver_sample=3/5 scenario=2026_07_29_02_32_08 timestamp=000076 cavs=[3]
sgcp_constrained receiver=3 policy=all-cavs sources=[3] clusters=5 ra=potential_game comm_bytes=0 selected_grids={}
fusion_method=early pred_boxes=19 gt_boxes=26
pred_scores_shape=(19,)
frame=9/41 receiver_sample=4/5 scenario=2026_07_29_02_32_08 timestamp=000076 cavs=[4]
sgcp_constrained receiver=4 policy=all-cavs sources=[4] clusters=5 ra=potential_game comm_bytes=0 selected_grids={}
fusion_method=early pred_boxes=19 gt_boxes=39
pred_scores_shape=(19,)
frame=9/41 receiver_sample=5/5 scenario=2026_07_29_02_32_08 timestamp=000076 cavs=[5]
sgcp_constrained receiver=5 policy=all-cavs sources=[5] clusters=5 ra=potential_game comm_bytes=0 selected_grids={}
fusion_method=early pred_boxes=21 gt_boxes=38
pred_scores_shape=(21,)
frame=10/41 receiver_sample=1/5 scenario=2026_07_29_02_32_08 timestamp=000078 cavs=[1]
sgcp_constrained receiver=1 policy=all-cavs sources=[1] clusters=5 ra=potential_game comm_bytes=0 selected_grids={}
fusion_method=early pred_boxes=23 gt_boxes=43
pred_scores_shape=(23,)
frame=10/41 receiver_sample=2/5 scenario=2026_07_29_02_32_08 timestamp=000078 cavs=[2]
sgcp_constrained receiver=2 policy=all-cavs sources=[2] clusters=5 ra=potential_game comm_bytes=0 selected_grids={}
fusion_method=early pred_boxes=21 gt_boxes=37
pred_scores_shape=(21,)
frame=10/41 receiver_sample=3/5 scenario=2026_07_29_02_32_08 timestamp=000078 cavs=[3]
sgcp_constrained receiver=3 policy=all-cavs sources=[3] clusters=5 ra=potential_game comm_bytes=0 selected_grids={}
fusion_method=early pred_boxes=18 gt_boxes=25
pred_scores_shape=(18,)
frame=10/41 receiver_sample=4/5 scenario=2026_07_29_02_32_08 timestamp=000078 cavs=[4]
sgcp_constrained receiver=4 policy=all-cavs sources=[4] clusters=5 ra=potential_game comm_bytes=0 selected_grids={}
fusion_method=early pred_boxes=20 gt_boxes=37
pred_scores_shape=(20,)
frame=10/41 receiver_sample=5/5 scenario=2026_07_29_02_32_08 timestamp=000078 cavs=[5]
sgcp_constrained receiver=5 policy=all-cavs sources=[5] clusters=5 ra=potential_game comm_bytes=0 selected_grids={}
fusion_method=early pred_boxes=22 gt_boxes=37
pred_scores_shape=(22,)
frame=11/41 receiver_sample=1/5 scenario=2026_07_29_02_32_08 timestamp=000080 cavs=[1]
sgcp_constrained receiver=1 policy=all-cavs sources=[1] clusters=5 ra=potential_game comm_bytes=0 selected_grids={}
fusion_method=early pred_boxes=23 gt_boxes=42
pred_scores_shape=(23,)
frame=11/41 receiver_sample=2/5 scenario=2026_07_29_02_32_08 timestamp=000080 cavs=[2]
sgcp_constrained receiver=2 policy=all-cavs sources=[2] clusters=5 ra=potential_game comm_bytes=0 selected_grids={}
fusion_method=early pred_boxes=22 gt_boxes=38
pred_scores_shape=(22,)
frame=11/41 receiver_sample=3/5 scenario=2026_07_29_02_32_08 timestamp=000080 cavs=[3]
sgcp_constrained receiver=3 policy=all-cavs sources=[3] clusters=5 ra=potential_game comm_bytes=0 selected_grids={}
fusion_method=early pred_boxes=21 gt_boxes=25
pred_scores_shape=(21,)
frame=11/41 receiver_sample=4/5 scenario=2026_07_29_02_32_08 timestamp=000080 cavs=[4]
sgcp_constrained receiver=4 policy=all-cavs sources=[4] clusters=5 ra=potential_game comm_bytes=0 selected_grids={}
fusion_method=early pred_boxes=18 gt_boxes=35
pred_scores_shape=(18,)
frame=11/41 receiver_sample=5/5 scenario=2026_07_29_02_32_08 timestamp=000080 cavs=[5]
sgcp_constrained receiver=5 policy=all-cavs sources=[5] clusters=5 ra=potential_game comm_bytes=0 selected_grids={}
fusion_method=early pred_boxes=20 gt_boxes=39
pred_scores_shape=(20,)
frame=12/41 receiver_sample=1/5 scenario=2026_07_29_02_32_08 timestamp=000082 cavs=[1]
sgcp_constrained receiver=1 policy=all-cavs sources=[1] clusters=5 ra=potential_game comm_bytes=0 selected_grids={}
fusion_method=early pred_boxes=24 gt_boxes=42
pred_scores_shape=(24,)
frame=12/41 receiver_sample=2/5 scenario=2026_07_29_02_32_08 timestamp=000082 cavs=[2]
sgcp_constrained receiver=2 policy=all-cavs sources=[2] clusters=5 ra=potential_game comm_bytes=0 selected_grids={}
fusion_method=early pred_boxes=19 gt_boxes=39
pred_scores_shape=(19,)
frame=12/41 receiver_sample=3/5 scenario=2026_07_29_02_32_08 timestamp=000082 cavs=[3]
sgcp_constrained receiver=3 policy=all-cavs sources=[3] clusters=5 ra=potential_game comm_bytes=0 selected_grids={}
fusion_method=early pred_boxes=17 gt_boxes=26
pred_scores_shape=(17,)
frame=12/41 receiver_sample=4/5 scenario=2026_07_29_02_32_08 timestamp=000082 cavs=[4]
sgcp_constrained receiver=4 policy=all-cavs sources=[4] clusters=5 ra=potential_game comm_bytes=0 selected_grids={}
fusion_method=early pred_boxes=21 gt_boxes=36
pred_scores_shape=(21,)
frame=12/41 receiver_sample=5/5 scenario=2026_07_29_02_32_08 timestamp=000082 cavs=[5]
sgcp_constrained receiver=5 policy=all-cavs sources=[5] clusters=5 ra=potential_game comm_bytes=0 selected_grids={}Format = auto
Extension = pcd
Format = auto
Extension = pcd
Format = auto
Extension = pcd
Format = auto
Extension = pcd
Format = auto
Extension = pcd
Format = auto
Extension = pcd
Format = auto
Extension = pcd
Format = auto
Extension = pcd
Format = auto
Extension = pcd
Format = auto
Extension = pcd
Format = auto
Extension = pcd
Format = auto
Extension = pcd
Format = auto
Extension = pcd
Format = auto
Extension = pcd
Format = auto
Extension = pcd
Format = auto
Extension = pcd
Format = auto
Extension = pcd
Format = auto
Extension = pcd
Format = auto
Extension = pcd
Format = auto
Extension = pcd
Format = auto
Extension = pcd
Format = auto
Extension = pcd
Format = auto
Extension = pcd
Format = auto
Extension = pcd
Format = auto
Extension = pcd
Format = auto
Extension = pcd
Format = auto
Extension = pcd
Format = auto
Extension = pcd
Format = auto
Extension = pcd
Format = auto
Extension = pcd

fusion_method=early pred_boxes=20 gt_boxes=38
pred_scores_shape=(20,)
frame=13/41 receiver_sample=1/5 scenario=2026_07_29_02_32_08 timestamp=000084 cavs=[1]
sgcp_constrained receiver=1 policy=all-cavs sources=[1] clusters=5 ra=potential_game comm_bytes=0 selected_grids={}
fusion_method=early pred_boxes=27 gt_boxes=42
pred_scores_shape=(27,)
frame=13/41 receiver_sample=2/5 scenario=2026_07_29_02_32_08 timestamp=000084 cavs=[2]
sgcp_constrained receiver=2 policy=all-cavs sources=[2] clusters=5 ra=potential_game comm_bytes=0 selected_grids={}
fusion_method=early pred_boxes=21 gt_boxes=38
pred_scores_shape=(21,)
frame=13/41 receiver_sample=3/5 scenario=2026_07_29_02_32_08 timestamp=000084 cavs=[3]
sgcp_constrained receiver=3 policy=all-cavs sources=[3] clusters=5 ra=potential_game comm_bytes=0 selected_grids={}
fusion_method=early pred_boxes=18 gt_boxes=26
pred_scores_shape=(18,)
frame=13/41 receiver_sample=4/5 scenario=2026_07_29_02_32_08 timestamp=000084 cavs=[4]
sgcp_constrained receiver=4 policy=all-cavs sources=[4] clusters=5 ra=potential_game comm_bytes=0 selected_grids={}
fusion_method=early pred_boxes=19 gt_boxes=37
pred_scores_shape=(19,)
frame=13/41 receiver_sample=5/5 scenario=2026_07_29_02_32_08 timestamp=000084 cavs=[5]
sgcp_constrained receiver=5 policy=all-cavs sources=[5] clusters=5 ra=potential_game comm_bytes=0 selected_grids={}
fusion_method=early pred_boxes=20 gt_boxes=39
pred_scores_shape=(20,)
frame=14/41 receiver_sample=1/5 scenario=2026_07_29_02_32_08 timestamp=000086 cavs=[1]
sgcp_constrained receiver=1 policy=all-cavs sources=[1] clusters=5 ra=potential_game comm_bytes=0 selected_grids={}
fusion_method=early pred_boxes=26 gt_boxes=41
pred_scores_shape=(26,)
frame=14/41 receiver_sample=2/5 scenario=2026_07_29_02_32_08 timestamp=000086 cavs=[2]
sgcp_constrained receiver=2 policy=all-cavs sources=[2] clusters=5 ra=potential_game comm_bytes=0 selected_grids={}
fusion_method=early pred_boxes=19 gt_boxes=39
pred_scores_shape=(19,)
frame=14/41 receiver_sample=3/5 scenario=2026_07_29_02_32_08 timestamp=000086 cavs=[3]
sgcp_constrained receiver=3 policy=all-cavs sources=[3] clusters=5 ra=potential_game comm_bytes=0 selected_grids={}
fusion_method=early pred_boxes=18 gt_boxes=26
pred_scores_shape=(18,)
frame=14/41 receiver_sample=4/5 scenario=2026_07_29_02_32_08 timestamp=000086 cavs=[4]
sgcp_constrained receiver=4 policy=all-cavs sources=[4] clusters=5 ra=potential_game comm_bytes=0 selected_grids={}
fusion_method=early pred_boxes=20 gt_boxes=38
pred_scores_shape=(20,)
frame=14/41 receiver_sample=5/5 scenario=2026_07_29_02_32_08 timestamp=000086 cavs=[5]
sgcp_constrained receiver=5 policy=all-cavs sources=[5] clusters=5 ra=potential_game comm_bytes=0 selected_grids={}
fusion_method=early pred_boxes=22 gt_boxes=39
pred_scores_shape=(22,)
frame=15/41 receiver_sample=1/5 scenario=2026_07_29_02_32_08 timestamp=000088 cavs=[1]
sgcp_constrained receiver=1 policy=all-cavs sources=[1] clusters=5 ra=potential_game comm_bytes=0 selected_grids={}
fusion_method=early pred_boxes=24 gt_boxes=41
pred_scores_shape=(24,)
frame=15/41 receiver_sample=2/5 scenario=2026_07_29_02_32_08 timestamp=000088 cavs=[2]
sgcp_constrained receiver=2 policy=all-cavs sources=[2] clusters=5 ra=potential_game comm_bytes=0 selected_grids={}
fusion_method=early pred_boxes=19 gt_boxes=39
pred_scores_shape=(19,)
frame=15/41 receiver_sample=3/5 scenario=2026_07_29_02_32_08 timestamp=000088 cavs=[3]
sgcp_constrained receiver=3 policy=all-cavs sources=[3] clusters=5 ra=potential_game comm_bytes=0 selected_grids={}
fusion_method=early pred_boxes=17 gt_boxes=26
pred_scores_shape=(17,)
frame=15/41 receiver_sample=4/5 scenario=2026_07_29_02_32_08 timestamp=000088 cavs=[4]
sgcp_constrained receiver=4 policy=all-cavs sources=[4] clusters=5 ra=potential_game comm_bytes=0 selected_grids={}
fusion_method=early pred_boxes=19 gt_boxes=38
pred_scores_shape=(19,)
frame=15/41 receiver_sample=5/5 scenario=2026_07_29_02_32_08 timestamp=000088 cavs=[5]
sgcp_constrained receiver=5 policy=all-cavs sources=[5] clusters=5 ra=potential_game comm_bytes=0 selected_grids={}
fusion_method=early pred_boxes=17 gt_boxes=39
pred_scores_shape=(17,)
frame=16/41 receiver_sample=1/5 scenario=2026_07_29_02_32_08 timestamp=000090 cavs=[1]
sgcp_constrained receiver=1 policy=all-cavs sources=[1] clusters=5 ra=potential_game comm_bytes=0 selected_grids={}
fusion_method=early pred_boxes=23 gt_boxes=40
pred_scores_shape=(23,)
frame=16/41 receiver_sample=2/5 scenario=2026_07_29_02_32_08 timestamp=000090 cavs=[2]
sgcp_constrained receiver=2 policy=all-cavs sources=[2] clusters=5 ra=potential_game comm_bytes=0 selected_grids={}
fusion_method=early pred_boxes=19 gt_boxes=39
pred_scores_shape=(19,)
frame=16/41 receiver_sample=3/5 scenario=2026_07_29_02_32_08 timestamp=000090 cavs=[3]
sgcp_constrained receiver=3 policy=all-cavs sources=[3] clusters=5 ra=potential_game comm_bytes=0 selected_grids={}
fusion_method=early pred_boxes=18 gt_boxes=24
pred_scores_shape=(18,)
frame=16/41 receiver_sample=4/5 scenario=2026_07_29_02_32_08 timestamp=000090 cavs=[4]
sgcp_constrained receiver=4 policy=all-cavs sources=[4] clusters=5 ra=potential_game comm_bytes=0 selected_grids={}
fusion_method=early pred_boxes=20 gt_boxes=38
pred_scores_shape=(20,)
frame=16/41 receiver_sample=5/5 scenario=2026_07_29_02_32_08 timestamp=000090 cavs=[5]
sgcp_constrained receiver=5 policy=all-cavs sources=[5] clusters=5 ra=potential_game comm_bytes=0 selected_grids={}
fusion_method=early pred_boxes=20 gt_boxes=39
pred_scores_shape=(20,)
frame=17/41 receiver_sample=1/5 scenario=2026_07_29_02_32_08 timestamp=000092 cavs=[1]
sgcp_constrained receiver=1 policy=all-cavs sources=[1] clusters=5 ra=potential_game comm_bytes=0 selected_grids={}
fusion_method=early pred_boxes=20 gt_boxes=40
pred_scores_shape=(20,)
frame=17/41 receiver_sample=2/5 scenario=2026_07_29_02_32_08 timestamp=000092 cavs=[2]
sgcp_constrained receiver=2 policy=all-cavs sources=[2] clusters=5 ra=potential_game comm_bytes=0 selected_grids={}
fusion_method=early pred_boxes=19 gt_boxes=38
pred_scores_shape=(19,)
frame=17/41 receiver_sample=3/5 scenario=2026_07_29_02_32_08 timestamp=000092 cavs=[3]
sgcp_constrained receiver=3 policy=all-cavs sources=[3] clusters=5 ra=potential_game comm_bytes=0 selected_grids={}
fusion_method=early pred_boxes=16 gt_boxes=24
pred_scores_shape=(16,)
frame=17/41 receiver_sample=4/5 scenario=2026_07_29_02_32_08 timestamp=000092 cavs=[4]
sgcp_constrained receiver=4 policy=all-cavs sources=[4] clusters=5 ra=potential_game comm_bytes=0 selected_grids={}
fusion_method=early pred_boxes=19 gt_boxes=38
pred_scores_shape=(19,)
frame=17/41 receiver_sample=5/5 scenario=2026_07_29_02_32_08 timestamp=000092 cavs=[5]
sgcp_constrained receiver=5 policy=all-cavs sources=[5] clusters=5 ra=potential_game comm_bytes=0 selected_grids={}
fusion_method=early pred_boxes=19 gt_boxes=40
pred_scores_shape=(19,)
frame=18/41 receiver_sample=1/5 scenario=2026_07_29_02_32_08 timestamp=000094 cavs=[1]
sgcp_constrained receiver=1 policy=all-cavs sources=[1] clusters=5 ra=potential_game comm_bytes=0 selected_grids={}
fusion_method=early pred_boxes=20 gt_boxes=40
pred_scores_shape=(20,)
frame=18/41 receiver_sample=2/5 scenario=2026_07_29_02_32_08 timestamp=000094 cavs=[2]
sgcp_constrained receiver=2 policy=all-cavs sources=[2] clusters=5 ra=potential_game comm_bytes=0 selected_grids={}
fusion_method=early pred_boxes=19 gt_boxes=38
pred_scores_shape=(19,)
frame=18/41 receiver_sample=3/5 scenario=2026_07_29_02_32_08 timestamp=000094 cavs=[3]
sgcp_constrained receiver=3 policy=all-cavs sources=[3] clusters=5 ra=potential_game comm_bytes=0 selected_grids={}
fusion_method=early pred_boxes=18 gt_boxes=25
pred_scores_shape=(18,)
frame=18/41 receiver_sample=4/5 scenario=2026_07_29_02_32_08 timestamp=000094 cavs=[4]
sgcp_constrained receiver=4 policy=all-cavs sources=[4] clusters=5 ra=potential_game comm_bytes=0 selected_grids={}
fusion_method=early pred_boxes=19 gt_boxes=38
pred_scores_shape=(19,)
frame=18/41 receiver_sample=5/5 scenario=2026_07_29_02_32_08 timestamp=000094 cavs=[5]Format = auto
Extension = pcd
Format = auto
Extension = pcd
Format = auto
Extension = pcd
Format = auto
Extension = pcd
Format = auto
Extension = pcd
Format = auto
Extension = pcd
Format = auto
Extension = pcd
Format = auto
Extension = pcd
Format = auto
Extension = pcd
Format = auto
Extension = pcd
Format = auto
Extension = pcd
Format = auto
Extension = pcd
Format = auto
Extension = pcd
Format = auto
Extension = pcd
Format = auto
Extension = pcd
Format = auto
Extension = pcd
Format = auto
Extension = pcd
Format = auto
Extension = pcd
Format = auto
Extension = pcd
Format = auto
Extension = pcd
Format = auto
Extension = pcd
Format = auto
Extension = pcd
Format = auto
Extension = pcd
Format = auto
Extension = pcd
Format = auto
Extension = pcd
Format = auto
Extension = pcd
Format = auto
Extension = pcd
Format = auto
Extension = pcd
Format = auto
Extension = pcd
Format = auto
Extension = pcd

sgcp_constrained receiver=5 policy=all-cavs sources=[5] clusters=5 ra=potential_game comm_bytes=0 selected_grids={}
fusion_method=early pred_boxes=24 gt_boxes=38
pred_scores_shape=(24,)
frame=19/41 receiver_sample=1/5 scenario=2026_07_29_02_32_08 timestamp=000096 cavs=[1]
sgcp_constrained receiver=1 policy=all-cavs sources=[1] clusters=5 ra=potential_game comm_bytes=0 selected_grids={}
fusion_method=early pred_boxes=23 gt_boxes=42
pred_scores_shape=(23,)
frame=19/41 receiver_sample=2/5 scenario=2026_07_29_02_32_08 timestamp=000096 cavs=[2]
sgcp_constrained receiver=2 policy=all-cavs sources=[2] clusters=5 ra=potential_game comm_bytes=0 selected_grids={}
fusion_method=early pred_boxes=18 gt_boxes=39
pred_scores_shape=(18,)
frame=19/41 receiver_sample=3/5 scenario=2026_07_29_02_32_08 timestamp=000096 cavs=[3]
sgcp_constrained receiver=3 policy=all-cavs sources=[3] clusters=5 ra=potential_game comm_bytes=0 selected_grids={}
fusion_method=early pred_boxes=17 gt_boxes=23
pred_scores_shape=(17,)
frame=19/41 receiver_sample=4/5 scenario=2026_07_29_02_32_08 timestamp=000096 cavs=[4]
sgcp_constrained receiver=4 policy=all-cavs sources=[4] clusters=5 ra=potential_game comm_bytes=0 selected_grids={}
fusion_method=early pred_boxes=22 gt_boxes=37
pred_scores_shape=(22,)
frame=19/41 receiver_sample=5/5 scenario=2026_07_29_02_32_08 timestamp=000096 cavs=[5]
sgcp_constrained receiver=5 policy=all-cavs sources=[5] clusters=5 ra=potential_game comm_bytes=0 selected_grids={}
fusion_method=early pred_boxes=18 gt_boxes=38
pred_scores_shape=(18,)
frame=20/41 receiver_sample=1/5 scenario=2026_07_29_02_32_08 timestamp=000098 cavs=[1]
sgcp_constrained receiver=1 policy=all-cavs sources=[1] clusters=5 ra=potential_game comm_bytes=0 selected_grids={}
fusion_method=early pred_boxes=22 gt_boxes=41
pred_scores_shape=(22,)
frame=20/41 receiver_sample=2/5 scenario=2026_07_29_02_32_08 timestamp=000098 cavs=[2]
sgcp_constrained receiver=2 policy=all-cavs sources=[2] clusters=5 ra=potential_game comm_bytes=0 selected_grids={}
fusion_method=early pred_boxes=18 gt_boxes=38
pred_scores_shape=(18,)
frame=20/41 receiver_sample=3/5 scenario=2026_07_29_02_32_08 timestamp=000098 cavs=[3]
sgcp_constrained receiver=3 policy=all-cavs sources=[3] clusters=5 ra=potential_game comm_bytes=0 selected_grids={}
fusion_method=early pred_boxes=17 gt_boxes=23
pred_scores_shape=(17,)
frame=20/41 receiver_sample=4/5 scenario=2026_07_29_02_32_08 timestamp=000098 cavs=[4]
sgcp_constrained receiver=4 policy=all-cavs sources=[4] clusters=5 ra=potential_game comm_bytes=0 selected_grids={}
fusion_method=early pred_boxes=19 gt_boxes=37
pred_scores_shape=(19,)
frame=20/41 receiver_sample=5/5 scenario=2026_07_29_02_32_08 timestamp=000098 cavs=[5]
sgcp_constrained receiver=5 policy=all-cavs sources=[5] clusters=5 ra=potential_game comm_bytes=0 selected_grids={}
fusion_method=early pred_boxes=22 gt_boxes=38
pred_scores_shape=(22,)
frame=21/41 receiver_sample=1/5 scenario=2026_07_29_02_32_08 timestamp=000100 cavs=[1]
sgcp_constrained receiver=1 policy=all-cavs sources=[1] clusters=5 ra=potential_game comm_bytes=0 selected_grids={}
fusion_method=early pred_boxes=21 gt_boxes=39
pred_scores_shape=(21,)
frame=21/41 receiver_sample=2/5 scenario=2026_07_29_02_32_08 timestamp=000100 cavs=[2]
sgcp_constrained receiver=2 policy=all-cavs sources=[2] clusters=5 ra=potential_game comm_bytes=0 selected_grids={}
fusion_method=early pred_boxes=18 gt_boxes=39
pred_scores_shape=(18,)
frame=21/41 receiver_sample=3/5 scenario=2026_07_29_02_32_08 timestamp=000100 cavs=[3]
sgcp_constrained receiver=3 policy=all-cavs sources=[3] clusters=5 ra=potential_game comm_bytes=0 selected_grids={}
fusion_method=early pred_boxes=17 gt_boxes=23
pred_scores_shape=(17,)
frame=21/41 receiver_sample=4/5 scenario=2026_07_29_02_32_08 timestamp=000100 cavs=[4]
sgcp_constrained receiver=4 policy=all-cavs sources=[4] clusters=5 ra=potential_game comm_bytes=0 selected_grids={}
fusion_method=early pred_boxes=20 gt_boxes=37
pred_scores_shape=(20,)
frame=21/41 receiver_sample=5/5 scenario=2026_07_29_02_32_08 timestamp=000100 cavs=[5]
sgcp_constrained receiver=5 policy=all-cavs sources=[5] clusters=5 ra=potential_game comm_bytes=0 selected_grids={}
fusion_method=early pred_boxes=22 gt_boxes=39
pred_scores_shape=(22,)
frame=22/41 receiver_sample=1/5 scenario=2026_07_29_02_32_08 timestamp=000102 cavs=[1]
sgcp_constrained receiver=1 policy=all-cavs sources=[1] clusters=5 ra=potential_game comm_bytes=0 selected_grids={}
fusion_method=early pred_boxes=23 gt_boxes=40
pred_scores_shape=(23,)
frame=22/41 receiver_sample=2/5 scenario=2026_07_29_02_32_08 timestamp=000102 cavs=[2]
sgcp_constrained receiver=2 policy=all-cavs sources=[2] clusters=5 ra=potential_game comm_bytes=0 selected_grids={}
fusion_method=early pred_boxes=18 gt_boxes=39
pred_scores_shape=(18,)
frame=22/41 receiver_sample=3/5 scenario=2026_07_29_02_32_08 timestamp=000102 cavs=[3]
sgcp_constrained receiver=3 policy=all-cavs sources=[3] clusters=5 ra=potential_game comm_bytes=0 selected_grids={}
fusion_method=early pred_boxes=15 gt_boxes=23
pred_scores_shape=(15,)
frame=22/41 receiver_sample=4/5 scenario=2026_07_29_02_32_08 timestamp=000102 cavs=[4]
sgcp_constrained receiver=4 policy=all-cavs sources=[4] clusters=5 ra=potential_game comm_bytes=0 selected_grids={}
fusion_method=early pred_boxes=19 gt_boxes=36
pred_scores_shape=(19,)
frame=22/41 receiver_sample=5/5 scenario=2026_07_29_02_32_08 timestamp=000102 cavs=[5]
sgcp_constrained receiver=5 policy=all-cavs sources=[5] clusters=5 ra=potential_game comm_bytes=0 selected_grids={}
fusion_method=early pred_boxes=21 gt_boxes=39
pred_scores_shape=(21,)
frame=23/41 receiver_sample=1/5 scenario=2026_07_29_02_32_08 timestamp=000104 cavs=[1]
sgcp_constrained receiver=1 policy=all-cavs sources=[1] clusters=5 ra=potential_game comm_bytes=0 selected_grids={}
fusion_method=early pred_boxes=22 gt_boxes=41
pred_scores_shape=(22,)
frame=23/41 receiver_sample=2/5 scenario=2026_07_29_02_32_08 timestamp=000104 cavs=[2]
sgcp_constrained receiver=2 policy=all-cavs sources=[2] clusters=5 ra=potential_game comm_bytes=0 selected_grids={}
fusion_method=early pred_boxes=20 gt_boxes=39
pred_scores_shape=(20,)
frame=23/41 receiver_sample=3/5 scenario=2026_07_29_02_32_08 timestamp=000104 cavs=[3]
sgcp_constrained receiver=3 policy=all-cavs sources=[3] clusters=5 ra=potential_game comm_bytes=0 selected_grids={}
fusion_method=early pred_boxes=16 gt_boxes=22
pred_scores_shape=(16,)
frame=23/41 receiver_sample=4/5 scenario=2026_07_29_02_32_08 timestamp=000104 cavs=[4]
sgcp_constrained receiver=4 policy=all-cavs sources=[4] clusters=5 ra=potential_game comm_bytes=0 selected_grids={}
fusion_method=early pred_boxes=19 gt_boxes=36
pred_scores_shape=(19,)
frame=23/41 receiver_sample=5/5 scenario=2026_07_29_02_32_08 timestamp=000104 cavs=[5]
sgcp_constrained receiver=5 policy=all-cavs sources=[5] clusters=5 ra=potential_game comm_bytes=0 selected_grids={}
fusion_method=early pred_boxes=21 gt_boxes=39
pred_scores_shape=(21,)
frame=24/41 receiver_sample=1/5 scenario=2026_07_29_02_32_08 timestamp=000106 cavs=[1]
sgcp_constrained receiver=1 policy=all-cavs sources=[1] clusters=5 ra=potential_game comm_bytes=0 selected_grids={}
fusion_method=early pred_boxes=22 gt_boxes=39
pred_scores_shape=(22,)
frame=24/41 receiver_sample=2/5 scenario=2026_07_29_02_32_08 timestamp=000106 cavs=[2]
sgcp_constrained receiver=2 policy=all-cavs sources=[2] clusters=5 ra=potential_game comm_bytes=0 selected_grids={}
fusion_method=early pred_boxes=20 gt_boxes=39
pred_scores_shape=(20,)
frame=24/41 receiver_sample=3/5 scenario=2026_07_29_02_32_08 timestamp=000106 cavs=[3]
sgcp_constrained receiver=3 policy=all-cavs sources=[3] clusters=5 ra=potential_game comm_bytes=0 selected_grids={}
fusion_method=early pred_boxes=17 gt_boxes=22
pred_scores_shape=(17,)
frame=24/41 receiver_sample=4/5 scenario=2026_07_29_02_32_08 timestamp=000106 cavs=[4]
sgcp_constrained receiver=4 policy=all-cavs sources=[4] clusters=5 ra=potential_game comm_bytes=0 selected_grids={}
fusion_method=early pred_boxes=19 gt_boxes=36Format = auto
Extension = pcd
Format = auto
Extension = pcd
Format = auto
Extension = pcd
Format = auto
Extension = pcd
Format = auto
Extension = pcd
Format = auto
Extension = pcd
Format = auto
Extension = pcd
Format = auto
Extension = pcd
Format = auto
Extension = pcd
Format = auto
Extension = pcd
Format = auto
Extension = pcd
Format = auto
Extension = pcd
Format = auto
Extension = pcd
Format = auto
Extension = pcd
Format = auto
Extension = pcd
Format = auto
Extension = pcd
Format = auto
Extension = pcd
Format = auto
Extension = pcd
Format = auto
Extension = pcd
Format = auto
Extension = pcd
Format = auto
Extension = pcd
Format = auto
Extension = pcd
Format = auto
Extension = pcd
Format = auto
Extension = pcd
Format = auto
Extension = pcd
Format = auto
Extension = pcd
Format = auto
Extension = pcd
Format = auto
Extension = pcd
Format = auto
Extension = pcd
Format = auto
Extension = pcd

pred_scores_shape=(19,)
frame=24/41 receiver_sample=5/5 scenario=2026_07_29_02_32_08 timestamp=000106 cavs=[5]
sgcp_constrained receiver=5 policy=all-cavs sources=[5] clusters=5 ra=potential_game comm_bytes=0 selected_grids={}
fusion_method=early pred_boxes=19 gt_boxes=38
pred_scores_shape=(19,)
frame=25/41 receiver_sample=1/5 scenario=2026_07_29_02_32_08 timestamp=000108 cavs=[1]
sgcp_constrained receiver=1 policy=all-cavs sources=[1] clusters=5 ra=potential_game comm_bytes=0 selected_grids={}
fusion_method=early pred_boxes=21 gt_boxes=41
pred_scores_shape=(21,)
frame=25/41 receiver_sample=2/5 scenario=2026_07_29_02_32_08 timestamp=000108 cavs=[2]
sgcp_constrained receiver=2 policy=all-cavs sources=[2] clusters=5 ra=potential_game comm_bytes=0 selected_grids={}
fusion_method=early pred_boxes=21 gt_boxes=39
pred_scores_shape=(21,)
frame=25/41 receiver_sample=3/5 scenario=2026_07_29_02_32_08 timestamp=000108 cavs=[3]
sgcp_constrained receiver=3 policy=all-cavs sources=[3] clusters=5 ra=potential_game comm_bytes=0 selected_grids={}
fusion_method=early pred_boxes=17 gt_boxes=21
pred_scores_shape=(17,)
frame=25/41 receiver_sample=4/5 scenario=2026_07_29_02_32_08 timestamp=000108 cavs=[4]
sgcp_constrained receiver=4 policy=all-cavs sources=[4] clusters=5 ra=potential_game comm_bytes=0 selected_grids={}
fusion_method=early pred_boxes=19 gt_boxes=36
pred_scores_shape=(19,)
frame=25/41 receiver_sample=5/5 scenario=2026_07_29_02_32_08 timestamp=000108 cavs=[5]
sgcp_constrained receiver=5 policy=all-cavs sources=[5] clusters=5 ra=potential_game comm_bytes=0 selected_grids={}
fusion_method=early pred_boxes=22 gt_boxes=40
pred_scores_shape=(22,)
frame=26/41 receiver_sample=1/5 scenario=2026_07_29_02_32_08 timestamp=000110 cavs=[1]
sgcp_constrained receiver=1 policy=all-cavs sources=[1] clusters=5 ra=potential_game comm_bytes=0 selected_grids={}
fusion_method=early pred_boxes=20 gt_boxes=41
pred_scores_shape=(20,)
frame=26/41 receiver_sample=2/5 scenario=2026_07_29_02_32_08 timestamp=000110 cavs=[2]
sgcp_constrained receiver=2 policy=all-cavs sources=[2] clusters=5 ra=potential_game comm_bytes=0 selected_grids={}
fusion_method=early pred_boxes=21 gt_boxes=38
pred_scores_shape=(21,)
frame=26/41 receiver_sample=3/5 scenario=2026_07_29_02_32_08 timestamp=000110 cavs=[3]
sgcp_constrained receiver=3 policy=all-cavs sources=[3] clusters=5 ra=potential_game comm_bytes=0 selected_grids={}
fusion_method=early pred_boxes=16 gt_boxes=21
pred_scores_shape=(16,)
frame=26/41 receiver_sample=4/5 scenario=2026_07_29_02_32_08 timestamp=000110 cavs=[4]
sgcp_constrained receiver=4 policy=all-cavs sources=[4] clusters=5 ra=potential_game comm_bytes=0 selected_grids={}
fusion_method=early pred_boxes=18 gt_boxes=36
pred_scores_shape=(18,)
frame=26/41 receiver_sample=5/5 scenario=2026_07_29_02_32_08 timestamp=000110 cavs=[5]
sgcp_constrained receiver=5 policy=all-cavs sources=[5] clusters=5 ra=potential_game comm_bytes=0 selected_grids={}
fusion_method=early pred_boxes=21 gt_boxes=39
pred_scores_shape=(21,)
frame=27/41 receiver_sample=1/5 scenario=2026_07_29_02_32_08 timestamp=000112 cavs=[1]
sgcp_constrained receiver=1 policy=all-cavs sources=[1] clusters=5 ra=potential_game comm_bytes=0 selected_grids={}
fusion_method=early pred_boxes=21 gt_boxes=42
pred_scores_shape=(21,)
frame=27/41 receiver_sample=2/5 scenario=2026_07_29_02_32_08 timestamp=000112 cavs=[2]
sgcp_constrained receiver=2 policy=all-cavs sources=[2] clusters=5 ra=potential_game comm_bytes=0 selected_grids={}
fusion_method=early pred_boxes=20 gt_boxes=37
pred_scores_shape=(20,)
frame=27/41 receiver_sample=3/5 scenario=2026_07_29_02_32_08 timestamp=000112 cavs=[3]
sgcp_constrained receiver=3 policy=all-cavs sources=[3] clusters=5 ra=potential_game comm_bytes=0 selected_grids={}
fusion_method=early pred_boxes=14 gt_boxes=21
pred_scores_shape=(14,)
frame=27/41 receiver_sample=4/5 scenario=2026_07_29_02_32_08 timestamp=000112 cavs=[4]
sgcp_constrained receiver=4 policy=all-cavs sources=[4] clusters=5 ra=potential_game comm_bytes=0 selected_grids={}
fusion_method=early pred_boxes=19 gt_boxes=36
pred_scores_shape=(19,)
frame=27/41 receiver_sample=5/5 scenario=2026_07_29_02_32_08 timestamp=000112 cavs=[5]
sgcp_constrained receiver=5 policy=all-cavs sources=[5] clusters=5 ra=potential_game comm_bytes=0 selected_grids={}
fusion_method=early pred_boxes=21 gt_boxes=40
pred_scores_shape=(21,)
frame=28/41 receiver_sample=1/5 scenario=2026_07_29_02_32_08 timestamp=000114 cavs=[1]
sgcp_constrained receiver=1 policy=all-cavs sources=[1] clusters=5 ra=potential_game comm_bytes=0 selected_grids={}
fusion_method=early pred_boxes=24 gt_boxes=42
pred_scores_shape=(24,)
frame=28/41 receiver_sample=2/5 scenario=2026_07_29_02_32_08 timestamp=000114 cavs=[2]
sgcp_constrained receiver=2 policy=all-cavs sources=[2] clusters=5 ra=potential_game comm_bytes=0 selected_grids={}
fusion_method=early pred_boxes=19 gt_boxes=38
pred_scores_shape=(19,)
frame=28/41 receiver_sample=3/5 scenario=2026_07_29_02_32_08 timestamp=000114 cavs=[3]
sgcp_constrained receiver=3 policy=all-cavs sources=[3] clusters=5 ra=potential_game comm_bytes=0 selected_grids={}
fusion_method=early pred_boxes=14 gt_boxes=20
pred_scores_shape=(14,)
frame=28/41 receiver_sample=4/5 scenario=2026_07_29_02_32_08 timestamp=000114 cavs=[4]
sgcp_constrained receiver=4 policy=all-cavs sources=[4] clusters=5 ra=potential_game comm_bytes=0 selected_grids={}
fusion_method=early pred_boxes=18 gt_boxes=35
pred_scores_shape=(18,)
frame=28/41 receiver_sample=5/5 scenario=2026_07_29_02_32_08 timestamp=000114 cavs=[5]
sgcp_constrained receiver=5 policy=all-cavs sources=[5] clusters=5 ra=potential_game comm_bytes=0 selected_grids={}
fusion_method=early pred_boxes=18 gt_boxes=40
pred_scores_shape=(18,)
frame=29/41 receiver_sample=1/5 scenario=2026_07_29_02_32_08 timestamp=000116 cavs=[1]
sgcp_constrained receiver=1 policy=all-cavs sources=[1] clusters=5 ra=potential_game comm_bytes=0 selected_grids={}
fusion_method=early pred_boxes=23 gt_boxes=42
pred_scores_shape=(23,)
frame=29/41 receiver_sample=2/5 scenario=2026_07_29_02_32_08 timestamp=000116 cavs=[2]
sgcp_constrained receiver=2 policy=all-cavs sources=[2] clusters=5 ra=potential_game comm_bytes=0 selected_grids={}
fusion_method=early pred_boxes=18 gt_boxes=38
pred_scores_shape=(18,)
frame=29/41 receiver_sample=3/5 scenario=2026_07_29_02_32_08 timestamp=000116 cavs=[3]
sgcp_constrained receiver=3 policy=all-cavs sources=[3] clusters=5 ra=potential_game comm_bytes=0 selected_grids={}
fusion_method=early pred_boxes=14 gt_boxes=18
pred_scores_shape=(14,)
frame=29/41 receiver_sample=4/5 scenario=2026_07_29_02_32_08 timestamp=000116 cavs=[4]
sgcp_constrained receiver=4 policy=all-cavs sources=[4] clusters=5 ra=potential_game comm_bytes=0 selected_grids={}
fusion_method=early pred_boxes=19 gt_boxes=36
pred_scores_shape=(19,)
frame=29/41 receiver_sample=5/5 scenario=2026_07_29_02_32_08 timestamp=000116 cavs=[5]
sgcp_constrained receiver=5 policy=all-cavs sources=[5] clusters=5 ra=potential_game comm_bytes=0 selected_grids={}
fusion_method=early pred_boxes=21 gt_boxes=37
pred_scores_shape=(21,)
frame=30/41 receiver_sample=1/5 scenario=2026_07_29_02_32_08 timestamp=000118 cavs=[1]
sgcp_constrained receiver=1 policy=all-cavs sources=[1] clusters=5 ra=potential_game comm_bytes=0 selected_grids={}
fusion_method=early pred_boxes=24 gt_boxes=41
pred_scores_shape=(24,)
frame=30/41 receiver_sample=2/5 scenario=2026_07_29_02_32_08 timestamp=000118 cavs=[2]
sgcp_constrained receiver=2 policy=all-cavs sources=[2] clusters=5 ra=potential_game comm_bytes=0 selected_grids={}
fusion_method=early pred_boxes=19 gt_boxes=38
pred_scores_shape=(19,)
frame=30/41 receiver_sample=3/5 scenario=2026_07_29_02_32_08 timestamp=000118 cavs=[3]
sgcp_constrained receiver=3 policy=all-cavs sources=[3] clusters=5 ra=potential_game comm_bytes=0 selected_grids={}
fusion_method=early pred_boxes=15 gt_boxes=18
pred_scores_shape=(15,)
frame=30/41 receiver_sample=4/5 scenario=2026_07_29_02_32_08 timestamp=000118 cavs=[4]
sgcp_constrained receiver=4 policy=all-cavs sources=[4] clusters=5 ra=potential_game comm_bytes=0 selected_grids={}Format = auto
Extension = pcd
Format = auto
Extension = pcd
Format = auto
Extension = pcd
Format = auto
Extension = pcd
Format = auto
Extension = pcd
Format = auto
Extension = pcd
Format = auto
Extension = pcd
Format = auto
Extension = pcd
Format = auto
Extension = pcd
Format = auto
Extension = pcd
Format = auto
Extension = pcd
Format = auto
Extension = pcd
Format = auto
Extension = pcd
Format = auto
Extension = pcd
Format = auto
Extension = pcd
Format = auto
Extension = pcd
Format = auto
Extension = pcd
Format = auto
Extension = pcd
Format = auto
Extension = pcd
Format = auto
Extension = pcd
Format = auto
Extension = pcd
Format = auto
Extension = pcd
Format = auto
Extension = pcd
Format = auto
Extension = pcd
Format = auto
Extension = pcd
Format = auto
Extension = pcd
Format = auto
Extension = pcd
Format = auto
Extension = pcd
Format = auto
Extension = pcd
Format = auto
Extension = pcd

fusion_method=early pred_boxes=18 gt_boxes=36
pred_scores_shape=(18,)
frame=30/41 receiver_sample=5/5 scenario=2026_07_29_02_32_08 timestamp=000118 cavs=[5]
sgcp_constrained receiver=5 policy=all-cavs sources=[5] clusters=5 ra=potential_game comm_bytes=0 selected_grids={}
fusion_method=early pred_boxes=21 gt_boxes=37
pred_scores_shape=(21,)
frame=31/41 receiver_sample=1/5 scenario=2026_07_29_02_32_08 timestamp=000120 cavs=[1]
sgcp_constrained receiver=1 policy=all-cavs sources=[1] clusters=5 ra=potential_game comm_bytes=0 selected_grids={}
fusion_method=early pred_boxes=22 gt_boxes=41
pred_scores_shape=(22,)
frame=31/41 receiver_sample=2/5 scenario=2026_07_29_02_32_08 timestamp=000120 cavs=[2]
sgcp_constrained receiver=2 policy=all-cavs sources=[2] clusters=5 ra=potential_game comm_bytes=0 selected_grids={}
fusion_method=early pred_boxes=19 gt_boxes=38
pred_scores_shape=(19,)
frame=31/41 receiver_sample=3/5 scenario=2026_07_29_02_32_08 timestamp=000120 cavs=[3]
sgcp_constrained receiver=3 policy=all-cavs sources=[3] clusters=5 ra=potential_game comm_bytes=0 selected_grids={}
fusion_method=early pred_boxes=14 gt_boxes=18
pred_scores_shape=(14,)
frame=31/41 receiver_sample=4/5 scenario=2026_07_29_02_32_08 timestamp=000120 cavs=[4]
sgcp_constrained receiver=4 policy=all-cavs sources=[4] clusters=5 ra=potential_game comm_bytes=0 selected_grids={}
fusion_method=early pred_boxes=19 gt_boxes=35
pred_scores_shape=(19,)
frame=31/41 receiver_sample=5/5 scenario=2026_07_29_02_32_08 timestamp=000120 cavs=[5]
sgcp_constrained receiver=5 policy=all-cavs sources=[5] clusters=5 ra=potential_game comm_bytes=0 selected_grids={}
fusion_method=early pred_boxes=21 gt_boxes=36
pred_scores_shape=(21,)
frame=32/41 receiver_sample=1/5 scenario=2026_07_29_02_32_08 timestamp=000122 cavs=[1]
sgcp_constrained receiver=1 policy=all-cavs sources=[1] clusters=5 ra=potential_game comm_bytes=0 selected_grids={}
fusion_method=early pred_boxes=22 gt_boxes=40
pred_scores_shape=(22,)
frame=32/41 receiver_sample=2/5 scenario=2026_07_29_02_32_08 timestamp=000122 cavs=[2]
sgcp_constrained receiver=2 policy=all-cavs sources=[2] clusters=5 ra=potential_game comm_bytes=0 selected_grids={}
fusion_method=early pred_boxes=20 gt_boxes=38
pred_scores_shape=(20,)
frame=32/41 receiver_sample=3/5 scenario=2026_07_29_02_32_08 timestamp=000122 cavs=[3]
sgcp_constrained receiver=3 policy=all-cavs sources=[3] clusters=5 ra=potential_game comm_bytes=0 selected_grids={}
fusion_method=early pred_boxes=15 gt_boxes=18
pred_scores_shape=(15,)
frame=32/41 receiver_sample=4/5 scenario=2026_07_29_02_32_08 timestamp=000122 cavs=[4]
sgcp_constrained receiver=4 policy=all-cavs sources=[4] clusters=5 ra=potential_game comm_bytes=0 selected_grids={}
fusion_method=early pred_boxes=19 gt_boxes=36
pred_scores_shape=(19,)
frame=32/41 receiver_sample=5/5 scenario=2026_07_29_02_32_08 timestamp=000122 cavs=[5]
sgcp_constrained receiver=5 policy=all-cavs sources=[5] clusters=5 ra=potential_game comm_bytes=0 selected_grids={}
fusion_method=early pred_boxes=20 gt_boxes=36
pred_scores_shape=(20,)
frame=33/41 receiver_sample=1/5 scenario=2026_07_29_02_32_08 timestamp=000124 cavs=[1]
sgcp_constrained receiver=1 policy=all-cavs sources=[1] clusters=5 ra=potential_game comm_bytes=0 selected_grids={}
fusion_method=early pred_boxes=21 gt_boxes=40
pred_scores_shape=(21,)
frame=33/41 receiver_sample=2/5 scenario=2026_07_29_02_32_08 timestamp=000124 cavs=[2]
sgcp_constrained receiver=2 policy=all-cavs sources=[2] clusters=5 ra=potential_game comm_bytes=0 selected_grids={}
fusion_method=early pred_boxes=20 gt_boxes=38
pred_scores_shape=(20,)
frame=33/41 receiver_sample=3/5 scenario=2026_07_29_02_32_08 timestamp=000124 cavs=[3]
sgcp_constrained receiver=3 policy=all-cavs sources=[3] clusters=5 ra=potential_game comm_bytes=0 selected_grids={}
fusion_method=early pred_boxes=14 gt_boxes=19
pred_scores_shape=(14,)
frame=33/41 receiver_sample=4/5 scenario=2026_07_29_02_32_08 timestamp=000124 cavs=[4]
sgcp_constrained receiver=4 policy=all-cavs sources=[4] clusters=5 ra=potential_game comm_bytes=0 selected_grids={}
fusion_method=early pred_boxes=17 gt_boxes=35
pred_scores_shape=(17,)
frame=33/41 receiver_sample=5/5 scenario=2026_07_29_02_32_08 timestamp=000124 cavs=[5]
sgcp_constrained receiver=5 policy=all-cavs sources=[5] clusters=5 ra=potential_game comm_bytes=0 selected_grids={}
fusion_method=early pred_boxes=24 gt_boxes=36
pred_scores_shape=(24,)
frame=34/41 receiver_sample=1/5 scenario=2026_07_29_02_32_08 timestamp=000126 cavs=[1]
sgcp_constrained receiver=1 policy=all-cavs sources=[1] clusters=5 ra=potential_game comm_bytes=0 selected_grids={}
fusion_method=early pred_boxes=21 gt_boxes=40
pred_scores_shape=(21,)
frame=34/41 receiver_sample=2/5 scenario=2026_07_29_02_32_08 timestamp=000126 cavs=[2]
sgcp_constrained receiver=2 policy=all-cavs sources=[2] clusters=5 ra=potential_game comm_bytes=0 selected_grids={}
fusion_method=early pred_boxes=19 gt_boxes=38
pred_scores_shape=(19,)
frame=34/41 receiver_sample=3/5 scenario=2026_07_29_02_32_08 timestamp=000126 cavs=[3]
sgcp_constrained receiver=3 policy=all-cavs sources=[3] clusters=5 ra=potential_game comm_bytes=0 selected_grids={}
fusion_method=early pred_boxes=14 gt_boxes=19
pred_scores_shape=(14,)
frame=34/41 receiver_sample=4/5 scenario=2026_07_29_02_32_08 timestamp=000126 cavs=[4]
sgcp_constrained receiver=4 policy=all-cavs sources=[4] clusters=5 ra=potential_game comm_bytes=0 selected_grids={}
fusion_method=early pred_boxes=18 gt_boxes=34
pred_scores_shape=(18,)
frame=34/41 receiver_sample=5/5 scenario=2026_07_29_02_32_08 timestamp=000126 cavs=[5]
sgcp_constrained receiver=5 policy=all-cavs sources=[5] clusters=5 ra=potential_game comm_bytes=0 selected_grids={}
fusion_method=early pred_boxes=23 gt_boxes=35
pred_scores_shape=(23,)
frame=35/41 receiver_sample=1/5 scenario=2026_07_29_02_32_08 timestamp=000128 cavs=[1]
sgcp_constrained receiver=1 policy=all-cavs sources=[1] clusters=5 ra=potential_game comm_bytes=0 selected_grids={}
fusion_method=early pred_boxes=21 gt_boxes=41
pred_scores_shape=(21,)
frame=35/41 receiver_sample=2/5 scenario=2026_07_29_02_32_08 timestamp=000128 cavs=[2]
sgcp_constrained receiver=2 policy=all-cavs sources=[2] clusters=5 ra=potential_game comm_bytes=0 selected_grids={}
fusion_method=early pred_boxes=19 gt_boxes=38
pred_scores_shape=(19,)
frame=35/41 receiver_sample=3/5 scenario=2026_07_29_02_32_08 timestamp=000128 cavs=[3]
sgcp_constrained receiver=3 policy=all-cavs sources=[3] clusters=5 ra=potential_game comm_bytes=0 selected_grids={}
fusion_method=early pred_boxes=14 gt_boxes=19
pred_scores_shape=(14,)
frame=35/41 receiver_sample=4/5 scenario=2026_07_29_02_32_08 timestamp=000128 cavs=[4]
sgcp_constrained receiver=4 policy=all-cavs sources=[4] clusters=5 ra=potential_game comm_bytes=0 selected_grids={}
fusion_method=early pred_boxes=17 gt_boxes=34
pred_scores_shape=(17,)
frame=35/41 receiver_sample=5/5 scenario=2026_07_29_02_32_08 timestamp=000128 cavs=[5]
sgcp_constrained receiver=5 policy=all-cavs sources=[5] clusters=5 ra=potential_game comm_bytes=0 selected_grids={}
fusion_method=early pred_boxes=23 gt_boxes=35
pred_scores_shape=(23,)
frame=36/41 receiver_sample=1/5 scenario=2026_07_29_02_32_08 timestamp=000130 cavs=[1]
sgcp_constrained receiver=1 policy=all-cavs sources=[1] clusters=5 ra=potential_game comm_bytes=0 selected_grids={}
fusion_method=early pred_boxes=22 gt_boxes=41
pred_scores_shape=(22,)
frame=36/41 receiver_sample=2/5 scenario=2026_07_29_02_32_08 timestamp=000130 cavs=[2]
sgcp_constrained receiver=2 policy=all-cavs sources=[2] clusters=5 ra=potential_game comm_bytes=0 selected_grids={}
fusion_method=early pred_boxes=19 gt_boxes=39
pred_scores_shape=(19,)
frame=36/41 receiver_sample=3/5 scenario=2026_07_29_02_32_08 timestamp=000130 cavs=[3]
sgcp_constrained receiver=3 policy=all-cavs sources=[3] clusters=5 ra=potential_game comm_bytes=0 selected_grids={}
fusion_method=early pred_boxes=15 gt_boxes=19
pred_scores_shape=(15,)
frame=36/41 receiver_sample=4/5 scenario=2026_07_29_02_32_08 timestamp=000130 cavs=[4]Format = auto
Extension = pcd
Format = auto
Extension = pcd
Format = auto
Extension = pcd
Format = auto
Extension = pcd
Format = auto
Extension = pcd
Format = auto
Extension = pcd
Format = auto
Extension = pcd
Format = auto
Extension = pcd
Format = auto
Extension = pcd
Format = auto
Extension = pcd
Format = auto
Extension = pcd
Format = auto
Extension = pcd
Format = auto
Extension = pcd
Format = auto
Extension = pcd
Format = auto
Extension = pcd
Format = auto
Extension = pcd
Format = auto
Extension = pcd
Format = auto
Extension = pcd
Format = auto
Extension = pcd
Format = auto
Extension = pcd
Format = auto
Extension = pcd
Format = auto
Extension = pcd
Format = auto
Extension = pcd
Format = auto
Extension = pcd
Format = auto
Extension = pcd
C:\Users\sakakibara\miniconda3\envs\opencda\lib\site-packages\torch\nn\functional.py:1806: UserWarning: nn.functional.sigmoid is deprecated. Use torch.sigmoid instead.
  warnings.warn("nn.functional.sigmoid is deprecated. Use torch.sigmoid instead.")

sgcp_constrained receiver=4 policy=all-cavs sources=[4] clusters=5 ra=potential_game comm_bytes=0 selected_grids={}
fusion_method=early pred_boxes=16 gt_boxes=34
pred_scores_shape=(16,)
frame=36/41 receiver_sample=5/5 scenario=2026_07_29_02_32_08 timestamp=000130 cavs=[5]
sgcp_constrained receiver=5 policy=all-cavs sources=[5] clusters=5 ra=potential_game comm_bytes=0 selected_grids={}
fusion_method=early pred_boxes=20 gt_boxes=34
pred_scores_shape=(20,)
frame=37/41 receiver_sample=1/5 scenario=2026_07_29_02_32_08 timestamp=000132 cavs=[1]
sgcp_constrained receiver=1 policy=all-cavs sources=[1] clusters=5 ra=potential_game comm_bytes=0 selected_grids={}
fusion_method=early pred_boxes=22 gt_boxes=41
pred_scores_shape=(22,)
frame=37/41 receiver_sample=2/5 scenario=2026_07_29_02_32_08 timestamp=000132 cavs=[2]
sgcp_constrained receiver=2 policy=all-cavs sources=[2] clusters=5 ra=potential_game comm_bytes=0 selected_grids={}
fusion_method=early pred_boxes=19 gt_boxes=39
pred_scores_shape=(19,)
frame=37/41 receiver_sample=3/5 scenario=2026_07_29_02_32_08 timestamp=000132 cavs=[3]
sgcp_constrained receiver=3 policy=all-cavs sources=[3] clusters=5 ra=potential_game comm_bytes=0 selected_grids={}
fusion_method=early pred_boxes=15 gt_boxes=17
pred_scores_shape=(15,)
frame=37/41 receiver_sample=4/5 scenario=2026_07_29_02_32_08 timestamp=000132 cavs=[4]
sgcp_constrained receiver=4 policy=all-cavs sources=[4] clusters=5 ra=potential_game comm_bytes=0 selected_grids={}
fusion_method=early pred_boxes=18 gt_boxes=34
pred_scores_shape=(18,)
frame=37/41 receiver_sample=5/5 scenario=2026_07_29_02_32_08 timestamp=000132 cavs=[5]
sgcp_constrained receiver=5 policy=all-cavs sources=[5] clusters=5 ra=potential_game comm_bytes=0 selected_grids={}
fusion_method=early pred_boxes=28 gt_boxes=34
pred_scores_shape=(28,)
frame=38/41 receiver_sample=1/5 scenario=2026_07_29_02_32_08 timestamp=000134 cavs=[1]
sgcp_constrained receiver=1 policy=all-cavs sources=[1] clusters=5 ra=potential_game comm_bytes=0 selected_grids={}
fusion_method=early pred_boxes=22 gt_boxes=40
pred_scores_shape=(22,)
frame=38/41 receiver_sample=2/5 scenario=2026_07_29_02_32_08 timestamp=000134 cavs=[2]
sgcp_constrained receiver=2 policy=all-cavs sources=[2] clusters=5 ra=potential_game comm_bytes=0 selected_grids={}
fusion_method=early pred_boxes=19 gt_boxes=39
pred_scores_shape=(19,)
frame=38/41 receiver_sample=3/5 scenario=2026_07_29_02_32_08 timestamp=000134 cavs=[3]
sgcp_constrained receiver=3 policy=all-cavs sources=[3] clusters=5 ra=potential_game comm_bytes=0 selected_grids={}
fusion_method=early pred_boxes=13 gt_boxes=16
pred_scores_shape=(13,)
frame=38/41 receiver_sample=4/5 scenario=2026_07_29_02_32_08 timestamp=000134 cavs=[4]
sgcp_constrained receiver=4 policy=all-cavs sources=[4] clusters=5 ra=potential_game comm_bytes=0 selected_grids={}
fusion_method=early pred_boxes=19 gt_boxes=34
pred_scores_shape=(19,)
frame=38/41 receiver_sample=5/5 scenario=2026_07_29_02_32_08 timestamp=000134 cavs=[5]
sgcp_constrained receiver=5 policy=all-cavs sources=[5] clusters=5 ra=potential_game comm_bytes=0 selected_grids={}
fusion_method=early pred_boxes=20 gt_boxes=35
pred_scores_shape=(20,)
frame=39/41 receiver_sample=1/5 scenario=2026_07_29_02_32_08 timestamp=000136 cavs=[1]
sgcp_constrained receiver=1 policy=all-cavs sources=[1] clusters=5 ra=potential_game comm_bytes=0 selected_grids={}
fusion_method=early pred_boxes=23 gt_boxes=39
pred_scores_shape=(23,)
frame=39/41 receiver_sample=2/5 scenario=2026_07_29_02_32_08 timestamp=000136 cavs=[2]
sgcp_constrained receiver=2 policy=all-cavs sources=[2] clusters=5 ra=potential_game comm_bytes=0 selected_grids={}
fusion_method=early pred_boxes=19 gt_boxes=40
pred_scores_shape=(19,)
frame=39/41 receiver_sample=3/5 scenario=2026_07_29_02_32_08 timestamp=000136 cavs=[3]
sgcp_constrained receiver=3 policy=all-cavs sources=[3] clusters=5 ra=potential_game comm_bytes=0 selected_grids={}
fusion_method=early pred_boxes=13 gt_boxes=16
pred_scores_shape=(13,)
frame=39/41 receiver_sample=4/5 scenario=2026_07_29_02_32_08 timestamp=000136 cavs=[4]
sgcp_constrained receiver=4 policy=all-cavs sources=[4] clusters=5 ra=potential_game comm_bytes=0 selected_grids={}
fusion_method=early pred_boxes=18 gt_boxes=34
pred_scores_shape=(18,)
frame=39/41 receiver_sample=5/5 scenario=2026_07_29_02_32_08 timestamp=000136 cavs=[5]
sgcp_constrained receiver=5 policy=all-cavs sources=[5] clusters=5 ra=potential_game comm_bytes=0 selected_grids={}
fusion_method=early pred_boxes=25 gt_boxes=36
pred_scores_shape=(25,)
frame=40/41 receiver_sample=1/5 scenario=2026_07_29_02_32_08 timestamp=000138 cavs=[1]
sgcp_constrained receiver=1 policy=all-cavs sources=[1] clusters=5 ra=potential_game comm_bytes=0 selected_grids={}
fusion_method=early pred_boxes=22 gt_boxes=40
pred_scores_shape=(22,)
frame=40/41 receiver_sample=2/5 scenario=2026_07_29_02_32_08 timestamp=000138 cavs=[2]
sgcp_constrained receiver=2 policy=all-cavs sources=[2] clusters=5 ra=potential_game comm_bytes=0 selected_grids={}
fusion_method=early pred_boxes=19 gt_boxes=40
pred_scores_shape=(19,)
frame=40/41 receiver_sample=3/5 scenario=2026_07_29_02_32_08 timestamp=000138 cavs=[3]
sgcp_constrained receiver=3 policy=all-cavs sources=[3] clusters=5 ra=potential_game comm_bytes=0 selected_grids={}
fusion_method=early pred_boxes=13 gt_boxes=16
pred_scores_shape=(13,)
frame=40/41 receiver_sample=4/5 scenario=2026_07_29_02_32_08 timestamp=000138 cavs=[4]
sgcp_constrained receiver=4 policy=all-cavs sources=[4] clusters=5 ra=potential_game comm_bytes=0 selected_grids={}
fusion_method=early pred_boxes=17 gt_boxes=35
pred_scores_shape=(17,)
frame=40/41 receiver_sample=5/5 scenario=2026_07_29_02_32_08 timestamp=000138 cavs=[5]
sgcp_constrained receiver=5 policy=all-cavs sources=[5] clusters=5 ra=potential_game comm_bytes=0 selected_grids={}
fusion_method=early pred_boxes=27 gt_boxes=37
pred_scores_shape=(27,)
frame=41/41 receiver_sample=1/5 scenario=2026_07_29_02_32_08 timestamp=000140 cavs=[1]
sgcp_constrained receiver=1 policy=all-cavs sources=[1] clusters=5 ra=potential_game comm_bytes=0 selected_grids={}
fusion_method=early pred_boxes=22 gt_boxes=40
pred_scores_shape=(22,)
frame=41/41 receiver_sample=2/5 scenario=2026_07_29_02_32_08 timestamp=000140 cavs=[2]
sgcp_constrained receiver=2 policy=all-cavs sources=[2] clusters=5 ra=potential_game comm_bytes=0 selected_grids={}
fusion_method=early pred_boxes=19 gt_boxes=39
pred_scores_shape=(19,)
frame=41/41 receiver_sample=3/5 scenario=2026_07_29_02_32_08 timestamp=000140 cavs=[3]
sgcp_constrained receiver=3 policy=all-cavs sources=[3] clusters=5 ra=potential_game comm_bytes=0 selected_grids={}
fusion_method=early pred_boxes=14 gt_boxes=16
pred_scores_shape=(14,)
frame=41/41 receiver_sample=4/5 scenario=2026_07_29_02_32_08 timestamp=000140 cavs=[4]
sgcp_constrained receiver=4 policy=all-cavs sources=[4] clusters=5 ra=potential_game comm_bytes=0 selected_grids={}
fusion_method=early pred_boxes=17 gt_boxes=35
pred_scores_shape=(17,)
frame=41/41 receiver_sample=5/5 scenario=2026_07_29_02_32_08 timestamp=000140 cavs=[5]
sgcp_constrained receiver=5 policy=all-cavs sources=[5] clusters=5 ra=potential_game comm_bytes=0 selected_grids={}
fusion_method=early pred_boxes=23 gt_boxes=37
pred_scores_shape=(23,)
cp counter: 205
Evaluate final average precision results:
  - Fusion method: early
  - The Average Precision at IOU 0.3 is 0.53, The Average Precision at IOU 0.5 is 0.47, The Average Precision at IOU 0.7 is 0.34
sgcp_summary frames=205 avg_comm_bytes=0.00 total_comm_bytes=0 avg_source_cavs=1.00 avg_selected_grids=0.00
