COMMAND: C:\Users\sakakibara\miniconda3\envs\opencda\python.exe -m opencda.tools.offline_inference --dataset-root D:\Data\Carla --scenario-id 2026_07_29_02_32_08 --ego-cav-id 1 --max-frames 1 --fusion-method early --coperception-yaml docs\doc_workspace\SGCP\artifacts\multi_backbone_20260731\enable_coperception_second_early.yaml --bandwidth-mhz 40 --num-channels 10 --channel-estimator ns3 --ns3-tb-size-bytes 899 --ns3-slot-duration-ms 0.5 --ns3-subchannel-prbs 10 --ns3-symbols-per-slot 12 --ns3-mcs 28 --communication-deadline-ms 60 --sgcp-constrained --clustering potential_verified_cov_coalition_game --resource-allocation dynamic_cv --sgcp-receiver-policy all-cluster-heads --sgcp-upload-mode grid --sgcp-inter-cluster-late-fusion --n-max 5 --rho-th 2 --head-rb-budget 2 --sgcp-frame-mbps-budget 40.0 --upload-density-cap-rho 2 --sgcp-trace-output docs\doc_workspace\SGCP\artifacts\multi_backbone_20260731\second_smoke_dense\sgcp_trace.csv --eval-stats-output docs\doc_workspace\SGCP\artifacts\multi_backbone_20260731\second_smoke_dense\sgcp_eval_stats.csv

Format = auto
Extension = pcd
Format = auto
Extension = pcd
Format = auto
Extension = pcd
Format = auto
Extension = pcd
Format = auto
Extension = pcd
Format = auto
Extension = pcd
Format = auto
Extension = pcd
Format = auto
Extension = pcd
Format = auto
Extension = pcd
Format = auto
Extension = pcd
Format = auto
Extension = pcd
Format = auto
Extension = pcd
Format = auto
Extension = pcd
Format = auto
Extension = pcd
Format = auto
Extension = pcd
Format = auto
Extension = pcd
Format = auto
Extension = pcd
Format = auto
Extension = pcd
Format = auto
Extension = pcd
Format = auto
Extension = pcd
C:\Users\sakakibara\miniconda3\envs\opencda\lib\site-packages\torch\nn\functional.py:1806: UserWarning: nn.functional.sigmoid is deprecated. Use torch.sigmoid instead.
  warnings.warn("nn.functional.sigmoid is deprecated. Use torch.sigmoid instead.")
resuming by loading epoch 10000
frame=1/1 late_source=1/7 scenario=2026_07_29_02_32_08 timestamp=000060 receiver=1 cavs=[1, 11] pred_boxes=21 gt_boxes=47 comm_bytes=39920
frame=1/1 late_source=2/7 scenario=2026_07_29_02_32_08 timestamp=000060 receiver=10 cavs=[10, 9] pred_boxes=20 gt_boxes=40 comm_bytes=20944
frame=1/1 late_source=3/7 scenario=2026_07_29_02_32_08 timestamp=000060 receiver=12 cavs=[12, 7] pred_boxes=26 gt_boxes=47 comm_bytes=45776
frame=1/1 late_source=4/7 scenario=2026_07_29_02_32_08 timestamp=000060 receiver=13 cavs=[13, 14, 19] pred_boxes=3 gt_boxes=25 comm_bytes=87680
frame=1/1 late_source=5/7 scenario=2026_07_29_02_32_08 timestamp=000060 receiver=15 cavs=[15, 6] pred_boxes=14 gt_boxes=21 comm_bytes=41872
frame=1/1 late_source=6/7 scenario=2026_07_29_02_32_08 timestamp=000060 receiver=16 cavs=[16, 5, 20] pred_boxes=24 gt_boxes=37 comm_bytes=37680
frame=1/1 late_source=7/7 scenario=2026_07_29_02_32_08 timestamp=000060 receiver=17 cavs=[17, 3, 18] pred_boxes=9 gt_boxes=20 comm_bytes=56240
sgcp_late_fusion frame=1/1 scenario=2026_07_29_02_32_08 timestamp=000060 sources=7 fused_pred_boxes=67 fused_gt_boxes=71
