C:\Users\sakakibara\miniconda3\envs\opencda\lib\site-packages\torch\nn\functional.py:1806: UserWarning: nn.functional.sigmoid is deprecated. Use torch.sigmoid instead.
  warnings.warn("nn.functional.sigmoid is deprecated. Use torch.sigmoid instead.")
Format = auto
Extension = pcd
Format = auto
Extension = pcd
Format = auto
Extension = pcd
Format = auto
Extension = pcd
Format = auto
Extension = pcd
Format = auto
Extension = pcd
Format = auto
Extension = pcd
Format = auto
Extension = pcd
Format = auto
Extension = pcd
Format = auto
Extension = pcd
Format = auto
Extension = pcd
Format = auto
Extension = pcd
Format = auto
Extension = pcd
Format = auto
Extension = pcd
Format = auto
Extension = pcd
Format = auto
Extension = pcd
Format = auto
Extension = pcd
Format = auto
Extension = pcd
Format = auto
Extension = pcd
Format = auto
Extension = pcd
Format = auto
Extension = pcd
Format = auto
Extension = pcd
Format = auto
Extension = pcd
Format = auto
Extension = pcd
Format = auto
Extension = pcd
Format = auto
Extension = pcd
Format = auto
Extension = pcd
Format = auto
Extension = pcd
Format = auto
Extension = pcd
Format = auto
Extension = pcd
Format = auto
Extension = pcd
Format = auto
Extension = pcd
Format = auto
Extension = pcd
Format = auto
Extension = pcd
Format = auto
Extension = pcd
Format = auto
Extension = pcd
Format = auto
Extension = pcd
Format = auto
Extension = pcd
Format = auto
Extension = pcd
Format = auto
Extension = pcd
Format = auto
Extension = pcd
Format = auto
Extension = pcd
Format = auto
Extension = pcd
Format = auto
Extension = pcd
Format = auto
Extension = pcd
Format = auto
Extension = pcd
Format = auto
Extension = pcd
Format = auto
Extension = pcd
Format = auto
Extension = pcd
Format = auto
Extension = pcd
Format = auto
Extension = pcd
Format = auto
Extension = pcd
Format = auto
Extension = pcd
Format = auto
Extension = pcd
Format = auto
Extension = pcd
Format = auto
Extension = pcd
Format = auto
Extension = pcd
Format = auto
Extension = pcd
Format = auto
Extension = pcd
Format = auto
Extension = pcd
Format = auto
Extension = pcd
Format = auto
Extension = pcd
Format = auto
Extension = pcd
Format = auto
Extension = pcd
Format = auto
Extension = pcd
Format = auto
Extension = pcd
Format = auto
Extension = pcd
Format = auto
Extension = pcd
Format = auto
Extension = pcd
Format = auto
Extension = pcd
Format = auto
Extension = pcd
Format = auto
Extension = pcd
Format = auto
Extension = pcd
Format = auto
Extension = pcd
Format = auto
Extension = pcd
Format = auto
Extension = pcd
Format = auto
Extension = pcd
Format = auto
Extension = pcd
Format = auto
Extension = pcd
Format = auto
Extension = pcd
Format = auto
Extension = pcd
Format = auto
Extension = pcd
Format = auto
Extension = pcd
Format = auto
Extension = pcd
Format = auto
Extension = pcd
Format = auto
Extension = pcd
Format = auto
Extension = pcd
Format = auto
Extension = pcd
Format = auto
Extension = pcd
Format = auto
Extension = pcd
Format = auto
Extension = pcd
Format = auto
Extension = pcd
Format = auto
Extension = pcd
Format = auto
Extension = pcd
Format = auto
Extension = pcd
Format = auto
Extension = pcd
Format = auto
Extension = pcd
Format = auto
Extension = pcd
Format = auto
Extension = pcd
Format = auto
Extension = pcd
Format = auto
Extension = pcd
Format = auto
Extension = pcd
Format = auto
Extension = pcd
Format = auto
Extension = pcd
Format = auto
Extension = pcd
Format = auto
Extension = pcd
Format = auto
Extension = pcd
Format = auto
Extension = pcd
Format = auto
Extension = pcd
Format = auto
Extension = pcd
Format = auto
Extension = pcd
Format = auto
Extension = pcd
Format = auto
Extension = pcd
Format = auto
Extension = pcd
Format = auto
Extension = pcd
Format = auto
Extension = pcd
Format = auto
Extension = pcd
Format = auto
Extension = pcd
Format = auto
Extension = pcd
Format = auto
Extension = pcd
Format = auto
Extension = pcd
Format = auto
Extension = pcd
Format = auto
Extension = pcd
Format = auto
Extension = pcd
Format = auto
Extension = pcd
Format = auto
Extension = pcd
Format = auto
Extension = pcd
Format = auto
Extension = pcd
Format = auto
Extension = pcd
Format = auto
Extension = pcd
Format = auto
Extension = pcd
Format = auto
Extension = pcd
Format = auto
Extension = pcd
Format = auto
Extension = pcd
Format = auto
Extension = pcd
Format = auto
Extension = pcd
Format = auto
Extension = pcd
Format = auto
Extension = pcd
Format = auto
Extension = pcd
Format = auto
Extension = pcd
Format = auto
Extension = pcd
Format = auto
Extension = pcd
Format = auto
Extension = pcd
Format = auto
Extension = pcd
Format = auto
Extension = pcd
Format = auto
Extension = pcd
Format = auto
Extension = pcd
Format = auto
Extension = pcd
Format = auto
Extension = pcd
Format = auto
Extension = pcd
Format = auto
Extension = pcd
Format = auto
Extension = pcd
Format = auto
Extension = pcd
Format = auto
Extension = pcd
Format = auto
Extension = pcd
Format = auto
Extension = pcd
Format = auto
Extension = pcd
Format = auto
Extension = pcd
Format = auto
Extension = pcd
Format = auto
Extension = pcd
resuming by loading epoch 10000
frame=1/41 late_source=1/7 scenario=2026_07_29_02_32_08 timestamp=000060 receiver=1 cavs=[1, 11, 2] pred_boxes=25 gt_boxes=48 comm_bytes=160704
frame=1/41 late_source=2/7 scenario=2026_07_29_02_32_08 timestamp=000060 receiver=10 cavs=[10, 9] pred_boxes=18 gt_boxes=40 comm_bytes=59008
frame=1/41 late_source=3/7 scenario=2026_07_29_02_32_08 timestamp=000060 receiver=12 cavs=[12, 7, 4] pred_boxes=24 gt_boxes=52 comm_bytes=151376
frame=1/41 late_source=4/7 scenario=2026_07_29_02_32_08 timestamp=000060 receiver=13 cavs=[13, 14, 19] pred_boxes=3 gt_boxes=25 comm_bytes=160032
frame=1/41 late_source=5/7 scenario=2026_07_29_02_32_08 timestamp=000060 receiver=15 cavs=[15, 6] pred_boxes=17 gt_boxes=21 comm_bytes=75568
frame=1/41 late_source=6/7 scenario=2026_07_29_02_32_08 timestamp=000060 receiver=16 cavs=[16, 20] pred_boxes=21 gt_boxes=34 comm_bytes=50384
frame=1/41 late_source=7/7 scenario=2026_07_29_02_32_08 timestamp=000060 receiver=17 cavs=[17, 3] pred_boxes=11 gt_boxes=20 comm_bytes=75488
sgcp_late_fusion frame=1/41 scenario=2026_07_29_02_32_08 timestamp=000060 sources=7 fused_pred_boxes=69 fused_gt_boxes=71
frame=2/41 late_source=1/7 scenario=2026_07_29_02_32_08 timestamp=000062 receiver=1 cavs=[1, 11, 2] pred_boxes=25 gt_boxes=48 comm_bytes=158672
frame=2/41 late_source=2/7 scenario=2026_07_29_02_32_08 timestamp=000062 receiver=10 cavs=[10, 9] pred_boxes=17 gt_boxes=38 comm_bytes=59024
frame=2/41 late_source=3/7 scenario=2026_07_29_02_32_08 timestamp=000062 receiver=12 cavs=[12, 7, 4] pred_boxes=25 gt_boxes=53 comm_bytes=150160
frame=2/41 late_source=4/7 scenario=2026_07_29_02_32_08 timestamp=000062 receiver=13 cavs=[13, 14, 19] pred_boxes=3 gt_boxes=25 comm_bytes=160912
frame=2/41 late_source=5/7 scenario=2026_07_29_02_32_08 timestamp=000062 receiver=15 cavs=[15, 6] pred_boxes=16 gt_boxes=21 comm_bytes=74848
frame=2/41 late_source=6/7 scenario=2026_07_29_02_32_08 timestamp=000062 receiver=16 cavs=[16, 20] pred_boxes=20 gt_boxes=34 comm_bytes=50400
frame=2/41 late_source=7/7 scenario=2026_07_29_02_32_08 timestamp=000062 receiver=17 cavs=[17, 3] pred_boxes=9 gt_boxes=21 comm_bytes=73792
sgcp_late_fusion frame=2/41 scenario=2026_07_29_02_32_08 timestamp=000062 sources=7 fused_pred_boxes=70 fused_gt_boxes=71
frame=3/41 late_source=1/7 scenario=2026_07_29_02_32_08 timestamp=000064 receiver=1 cavs=[1, 11, 2] pred_boxes=25 gt_boxes=48 comm_bytes=158672
frame=3/41 late_source=2/7 scenario=2026_07_29_02_32_08 timestamp=000064 receiver=10 cavs=[10, 9] pred_boxes=16 gt_boxes=40 comm_bytes=59024
frame=3/41 late_source=3/7 scenario=2026_07_29_02_32_08 timestamp=000064 receiver=12 cavs=[12, 7, 4] pred_boxes=26 gt_boxes=54 comm_bytes=149872
frame=3/41 late_source=4/7 scenario=2026_07_29_02_32_08 timestamp=000064 receiver=13 cavs=[13, 14, 19] pred_boxes=2 gt_boxes=26 comm_bytes=160976
frame=3/41 late_source=5/7 scenario=2026_07_29_02_32_08 timestamp=000064 receiver=15 cavs=[15, 6] pred_boxes=18 gt_boxes=21 comm_bytes=73888
frame=3/41 late_source=6/7 scenario=2026_07_29_02_32_08 timestamp=000064 receiver=16 cavs=[16, 20] pred_boxes=18 gt_boxes=34 comm_bytes=50432
frame=3/41 late_source=7/7 scenario=2026_07_29_02_32_08 timestamp=000064 receiver=17 cavs=[17, 3] pred_boxes=9 gt_boxes=21 comm_bytes=72912
sgcp_late_fusion frame=3/41 scenario=2026_07_29_02_32_08 timestamp=000064 sources=7 fused_pred_boxes=73 fused_gt_boxes=71
frame=4/41 late_source=1/6 scenario=2026_07_29_02_32_08 timestamp=000066 receiver=1 cavs=[1, 11, 2] pred_boxes=25 gt_boxes=48 comm_bytes=158688
frame=4/41 late_source=2/6 scenario=2026_07_29_02_32_08 timestamp=000066 receiver=12 cavs=[12, 7, 4] pred_boxes=28 gt_boxes=52 comm_bytes=148832
frame=4/41 late_source=3/6 scenario=2026_07_29_02_32_08 timestamp=000066 receiver=13 cavs=[13, 14, 10] pred_boxes=15 gt_boxes=35 comm_bytes=180240
frame=4/41 late_source=4/6 scenario=2026_07_29_02_32_08 timestamp=000066 receiver=15 cavs=[15, 6] pred_boxes=19 gt_boxes=20 comm_bytes=73216
frame=4/41 late_source=5/6 scenario=2026_07_29_02_32_08 timestamp=000066 receiver=16 cavs=[16, 20, 5] pred_boxes=21 gt_boxes=37 comm_bytes=103456
frame=4/41 late_source=6/6 scenario=2026_07_29_02_32_08 timestamp=000066 receiver=17 cavs=[17, 3] pred_boxes=12 gt_boxes=21 comm_bytes=71648
sgcp_late_fusion frame=4/41 scenario=2026_07_29_02_32_08 timestamp=000066 sources=6 fused_pred_boxes=77 fused_gt_boxes=71
frame=5/41 late_source=1/6 scenario=2026_07_29_02_32_08 timestamp=000068 receiver=1 cavs=[1, 11, 2] pred_boxes=25 gt_boxes=48 comm_bytes=152992
frame=5/41 late_source=2/6 scenario=2026_07_29_02_32_08 timestamp=000068 receiver=12 cavs=[12, 4] pred_boxes=22 gt_boxes=45 comm_bytes=48592
frame=5/41 late_source=3/6 scenario=2026_07_29_02_32_08 timestamp=000068 receiver=13 cavs=[13, 14, 10] pred_boxes=14 gt_boxes=34 comm_bytes=179984
frame=5/41 late_source=4/6 scenario=2026_07_29_02_32_08 timestamp=000068 receiver=15 cavs=[15, 6] pred_boxes=18 gt_boxes=20 comm_bytes=78896
frame=5/41 late_source=5/6 scenario=2026_07_29_02_32_08 timestamp=000068 receiver=16 cavs=[16, 7, 20] pred_boxes=23 gt_boxes=43 comm_bytes=145680
frame=5/41 late_source=6/6 scenario=2026_07_29_02_32_08 timestamp=000068 receiver=17 cavs=[17, 3, 18] pred_boxes=7 gt_boxes=20 comm_bytes=126352
sgcp_late_fusion frame=5/41 scenario=2026_07_29_02_32_08 timestamp=000068 sources=6 fused_pred_boxes=72 fused_gt_boxes=71
frame=6/41 late_source=1/6 scenario=2026_07_29_02_32_08 timestamp=000070 receiver=1 cavs=[1, 2, 11] pred_boxes=24 gt_boxes=48 comm_bytes=159584
frame=6/41 late_source=2/6 scenario=2026_07_29_02_32_08 timestamp=000070 receiver=12 cavs=[12, 7, 4] pred_boxes=23 gt_boxes=52 comm_bytes=147856
frame=6/41 late_source=3/6 scenario=2026_07_29_02_32_08 timestamp=000070 receiver=13 cavs=[13, 14, 10] pred_boxes=12 gt_boxes=33 comm_bytes=178640
frame=6/41 late_source=4/6 scenario=2026_07_29_02_32_08 timestamp=000070 receiver=15 cavs=[15, 6] pred_boxes=18 gt_boxes=20 comm_bytes=77904
frame=6/41 late_source=5/6 scenario=2026_07_29_02_32_08 timestamp=000070 receiver=16 cavs=[16, 20, 5] pred_boxes=21 gt_boxes=37 comm_bytes=103648
frame=6/41 late_source=6/6 scenario=2026_07_29_02_32_08 timestamp=000070 receiver=17 cavs=[17, 3] pred_boxes=9 gt_boxes=20 comm_bytes=71600
sgcp_late_fusion frame=6/41 scenario=2026_07_29_02_32_08 timestamp=000070 sources=6 fused_pred_boxes=71 fused_gt_boxes=71
frame=7/41 late_source=1/6 scenario=2026_07_29_02_32_08 timestamp=000072 receiver=1 cavs=[1, 2, 11] pred_boxes=27 gt_boxes=49 comm_bytes=159840
frame=7/41 late_source=2/6 scenario=2026_07_29_02_32_08 timestamp=000072 receiver=12 cavs=[12, 7, 4] pred_boxes=23 gt_boxes=50 comm_bytes=146480
frame=7/41 late_source=3/6 scenario=2026_07_29_02_32_08 timestamp=000072 receiver=13 cavs=[13, 14, 10] pred_boxes=14 gt_boxes=34 comm_bytes=179232
frame=7/41 late_source=4/6 scenario=2026_07_29_02_32_08 timestamp=000072 receiver=15 cavs=[15, 6] pred_boxes=18 gt_boxes=20 comm_bytes=77264
frame=7/41 late_source=5/6 scenario=2026_07_29_02_32_08 timestamp=000072 receiver=16 cavs=[16, 20] pred_boxes=20 gt_boxes=34 comm_bytes=55168
frame=7/41 late_source=6/6 scenario=2026_07_29_02_32_08 timestamp=000072 receiver=17 cavs=[17, 18, 3] pred_boxes=10 gt_boxes=20 comm_bytes=135312
sgcp_late_fusion frame=7/41 scenario=2026_07_29_02_32_08 timestamp=000072 sources=6 fused_pred_boxes=75 fused_gt_boxes=70
frame=8/41 late_source=1/6 scenario=2026_07_29_02_32_08 timestamp=000074 receiver=1 cavs=[1, 2, 11] pred_boxes=29 gt_boxes=50 comm_bytes=159856
frame=8/41 late_source=2/6 scenario=2026_07_29_02_32_08 timestamp=000074 receiver=12 cavs=[12, 4] pred_boxes=15 gt_boxes=41 comm_bytes=53872
frame=8/41 late_source=3/6 scenario=2026_07_29_02_32_08 timestamp=000074 receiver=13 cavs=[13, 14, 10] pred_boxes=13 gt_boxes=32 comm_bytes=179728
frame=8/41 late_source=4/6 scenario=2026_07_29_02_32_08 timestamp=000074 receiver=15 cavs=[15, 6] pred_boxes=17 gt_boxes=21 comm_bytes=77424
frame=8/41 late_source=5/6 scenario=2026_07_29_02_32_08 timestamp=000074 receiver=16 cavs=[16, 7, 20] pred_boxes=24 gt_boxes=42 comm_bytes=146400
frame=8/41 late_source=6/6 scenario=2026_07_29_02_32_08 timestamp=000074 receiver=17 cavs=[17, 18, 3] pred_boxes=10 gt_boxes=20 comm_bytes=134176Format = auto
Extension = pcd
Format = auto
Extension = pcd
Format = auto
Extension = pcd
Format = auto
Extension = pcd
Format = auto
Extension = pcd
Format = auto
Extension = pcd
Format = auto
Extension = pcd
Format = auto
Extension = pcd
Format = auto
Extension = pcd
Format = auto
Extension = pcd
Format = auto
Extension = pcd
Format = auto
Extension = pcd
Format = auto
Extension = pcd
Format = auto
Extension = pcd
Format = auto
Extension = pcd
Format = auto
Extension = pcd
Format = auto
Extension = pcd
Format = auto
Extension = pcd
Format = auto
Extension = pcd
Format = auto
Extension = pcd
Format = auto
Extension = pcd
Format = auto
Extension = pcd
Format = auto
Extension = pcd
Format = auto
Extension = pcd
Format = auto
Extension = pcd
Format = auto
Extension = pcd
Format = auto
Extension = pcd
Format = auto
Extension = pcd
Format = auto
Extension = pcd
Format = auto
Extension = pcd
Format = auto
Extension = pcd
Format = auto
Extension = pcd
Format = auto
Extension = pcd
Format = auto
Extension = pcd
Format = auto
Extension = pcd
Format = auto
Extension = pcd
Format = auto
Extension = pcd
Format = auto
Extension = pcd
Format = auto
Extension = pcd
Format = auto
Extension = pcd
Format = auto
Extension = pcd
Format = auto
Extension = pcd
Format = auto
Extension = pcd
Format = auto
Extension = pcd
Format = auto
Extension = pcd
Format = auto
Extension = pcd
Format = auto
Extension = pcd
Format = auto
Extension = pcd
Format = auto
Extension = pcd
Format = auto
Extension = pcd
Format = auto
Extension = pcd
Format = auto
Extension = pcd
Format = auto
Extension = pcd
Format = auto
Extension = pcd
Format = auto
Extension = pcd
Format = auto
Extension = pcd
Format = auto
Extension = pcd
Format = auto
Extension = pcd
Format = auto
Extension = pcd
Format = auto
Extension = pcd
Format = auto
Extension = pcd
Format = auto
Extension = pcd
Format = auto
Extension = pcd
Format = auto
Extension = pcd
Format = auto
Extension = pcd
Format = auto
Extension = pcd
Format = auto
Extension = pcd
Format = auto
Extension = pcd
Format = auto
Extension = pcd
Format = auto
Extension = pcd
Format = auto
Extension = pcd
Format = auto
Extension = pcd
Format = auto
Extension = pcd
Format = auto
Extension = pcd
Format = auto
Extension = pcd
Format = auto
Extension = pcd
Format = auto
Extension = pcd
Format = auto
Extension = pcd
Format = auto
Extension = pcd
Format = auto
Extension = pcd
Format = auto
Extension = pcd
Format = auto
Extension = pcd
Format = auto
Extension = pcd
Format = auto
Extension = pcd
Format = auto
Extension = pcd
Format = auto
Extension = pcd
Format = auto
Extension = pcd
Format = auto
Extension = pcd
Format = auto
Extension = pcd
Format = auto
Extension = pcd
Format = auto
Extension = pcd
Format = auto
Extension = pcd
Format = auto
Extension = pcd
Format = auto
Extension = pcd
Format = auto
Extension = pcd
Format = auto
Extension = pcd
Format = auto
Extension = pcd
Format = auto
Extension = pcd
Format = auto
Extension = pcd
Format = auto
Extension = pcd
Format = auto
Extension = pcd
Format = auto
Extension = pcd
Format = auto
Extension = pcd
Format = auto
Extension = pcd
Format = auto
Extension = pcd
Format = auto
Extension = pcd
Format = auto
Extension = pcd
Format = auto
Extension = pcd
Format = auto
Extension = pcd
Format = auto
Extension = pcd
Format = auto
Extension = pcd
Format = auto
Extension = pcd
Format = auto
Extension = pcd
Format = auto
Extension = pcd
Format = auto
Extension = pcd
Format = auto
Extension = pcd
Format = auto
Extension = pcd
Format = auto
Extension = pcd
Format = auto
Extension = pcd
Format = auto
Extension = pcd
Format = auto
Extension = pcd
Format = auto
Extension = pcd
Format = auto
Extension = pcd
Format = auto
Extension = pcd
Format = auto
Extension = pcd
Format = auto
Extension = pcd
Format = auto
Extension = pcd
Format = auto
Extension = pcd
Format = auto
Extension = pcd
Format = auto
Extension = pcd
Format = auto
Extension = pcd
Format = auto
Extension = pcd
Format = auto
Extension = pcd
Format = auto
Extension = pcd
Format = auto
Extension = pcd
Format = auto
Extension = pcd
Format = auto
Extension = pcd
Format = auto
Extension = pcd
Format = auto
Extension = pcd
Format = auto
Extension = pcd
Format = auto
Extension = pcd
Format = auto
Extension = pcd
Format = auto
Extension = pcd
Format = auto
Extension = pcd
Format = auto
Extension = pcd
Format = auto
Extension = pcd
Format = auto
Extension = pcd
Format = auto
Extension = pcd
Format = auto
Extension = pcd
Format = auto
Extension = pcd
Format = auto
Extension = pcd
Format = auto
Extension = pcd
Format = auto
Extension = pcd
Format = auto
Extension = pcd
Format = auto
Extension = pcd
Format = auto
Extension = pcd
Format = auto
Extension = pcd
Format = auto
Extension = pcd
Format = auto
Extension = pcd
Format = auto
Extension = pcd

sgcp_late_fusion frame=8/41 scenario=2026_07_29_02_32_08 timestamp=000074 sources=6 fused_pred_boxes=72 fused_gt_boxes=69
frame=9/41 late_source=1/6 scenario=2026_07_29_02_32_08 timestamp=000076 receiver=1 cavs=[1, 2, 11] pred_boxes=28 gt_boxes=50 comm_bytes=159728
frame=9/41 late_source=2/6 scenario=2026_07_29_02_32_08 timestamp=000076 receiver=12 cavs=[12, 4] pred_boxes=18 gt_boxes=43 comm_bytes=53520
frame=9/41 late_source=3/6 scenario=2026_07_29_02_32_08 timestamp=000076 receiver=13 cavs=[13, 14, 10] pred_boxes=14 gt_boxes=32 comm_bytes=180064
frame=9/41 late_source=4/6 scenario=2026_07_29_02_32_08 timestamp=000076 receiver=15 cavs=[15, 6] pred_boxes=17 gt_boxes=22 comm_bytes=76992
frame=9/41 late_source=5/6 scenario=2026_07_29_02_32_08 timestamp=000076 receiver=16 cavs=[16, 7, 20] pred_boxes=22 gt_boxes=42 comm_bytes=146432
frame=9/41 late_source=6/6 scenario=2026_07_29_02_32_08 timestamp=000076 receiver=17 cavs=[17, 18, 3] pred_boxes=11 gt_boxes=20 comm_bytes=136256
sgcp_late_fusion frame=9/41 scenario=2026_07_29_02_32_08 timestamp=000076 sources=6 fused_pred_boxes=69 fused_gt_boxes=69
frame=10/41 late_source=1/6 scenario=2026_07_29_02_32_08 timestamp=000078 receiver=1 cavs=[1, 2, 11] pred_boxes=28 gt_boxes=50 comm_bytes=159536
frame=10/41 late_source=2/6 scenario=2026_07_29_02_32_08 timestamp=000078 receiver=12 cavs=[12, 4] pred_boxes=16 gt_boxes=42 comm_bytes=51072
frame=10/41 late_source=3/6 scenario=2026_07_29_02_32_08 timestamp=000078 receiver=13 cavs=[13, 14, 10] pred_boxes=14 gt_boxes=33 comm_bytes=180272
frame=10/41 late_source=4/6 scenario=2026_07_29_02_32_08 timestamp=000078 receiver=15 cavs=[15, 6] pred_boxes=18 gt_boxes=22 comm_bytes=76272
frame=10/41 late_source=5/6 scenario=2026_07_29_02_32_08 timestamp=000078 receiver=16 cavs=[16, 7, 20] pred_boxes=26 gt_boxes=42 comm_bytes=145968
frame=10/41 late_source=6/6 scenario=2026_07_29_02_32_08 timestamp=000078 receiver=17 cavs=[17, 18, 3] pred_boxes=11 gt_boxes=20 comm_bytes=134320
sgcp_late_fusion frame=10/41 scenario=2026_07_29_02_32_08 timestamp=000078 sources=6 fused_pred_boxes=73 fused_gt_boxes=69
frame=11/41 late_source=1/6 scenario=2026_07_29_02_32_08 timestamp=000080 receiver=1 cavs=[1, 2, 11] pred_boxes=28 gt_boxes=50 comm_bytes=159328
frame=11/41 late_source=2/6 scenario=2026_07_29_02_32_08 timestamp=000080 receiver=12 cavs=[12, 7, 4] pred_boxes=23 gt_boxes=50 comm_bytes=144032
frame=11/41 late_source=3/6 scenario=2026_07_29_02_32_08 timestamp=000080 receiver=13 cavs=[13, 14, 10] pred_boxes=14 gt_boxes=33 comm_bytes=179856
frame=11/41 late_source=4/6 scenario=2026_07_29_02_32_08 timestamp=000080 receiver=15 cavs=[15, 6] pred_boxes=17 gt_boxes=22 comm_bytes=74064
frame=11/41 late_source=5/6 scenario=2026_07_29_02_32_08 timestamp=000080 receiver=16 cavs=[16, 20] pred_boxes=20 gt_boxes=35 comm_bytes=54656
frame=11/41 late_source=6/6 scenario=2026_07_29_02_32_08 timestamp=000080 receiver=17 cavs=[17, 18, 3] pred_boxes=11 gt_boxes=21 comm_bytes=141968
sgcp_late_fusion frame=11/41 scenario=2026_07_29_02_32_08 timestamp=000080 sources=6 fused_pred_boxes=72 fused_gt_boxes=70
frame=12/41 late_source=1/7 scenario=2026_07_29_02_32_08 timestamp=000082 receiver=1 cavs=[1, 2, 11] pred_boxes=31 gt_boxes=50 comm_bytes=159280
frame=12/41 late_source=2/7 scenario=2026_07_29_02_32_08 timestamp=000082 receiver=10 cavs=[10, 9] pred_boxes=19 gt_boxes=38 comm_bytes=58976
frame=12/41 late_source=3/7 scenario=2026_07_29_02_32_08 timestamp=000082 receiver=12 cavs=[12, 7, 4] pred_boxes=22 gt_boxes=50 comm_bytes=143072
frame=12/41 late_source=4/7 scenario=2026_07_29_02_32_08 timestamp=000082 receiver=13 cavs=[13, 14] pred_boxes=5 gt_boxes=18 comm_bytes=94560
frame=12/41 late_source=5/7 scenario=2026_07_29_02_32_08 timestamp=000082 receiver=15 cavs=[15, 6] pred_boxes=19 gt_boxes=22 comm_bytes=73424
frame=12/41 late_source=6/7 scenario=2026_07_29_02_32_08 timestamp=000082 receiver=17 cavs=[17, 16, 3] pred_boxes=14 gt_boxes=33 comm_bytes=166512
frame=12/41 late_source=7/7 scenario=2026_07_29_02_32_08 timestamp=000082 receiver=20 cavs=[20, 5] pred_boxes=21 gt_boxes=35 comm_bytes=22288
sgcp_late_fusion frame=12/41 scenario=2026_07_29_02_32_08 timestamp=000082 sources=7 fused_pred_boxes=73 fused_gt_boxes=70
frame=13/41 late_source=1/7 scenario=2026_07_29_02_32_08 timestamp=000084 receiver=1 cavs=[1, 2, 11] pred_boxes=28 gt_boxes=48 comm_bytes=158800
frame=13/41 late_source=2/7 scenario=2026_07_29_02_32_08 timestamp=000084 receiver=10 cavs=[10, 9] pred_boxes=21 gt_boxes=37 comm_bytes=58976
frame=13/41 late_source=3/7 scenario=2026_07_29_02_32_08 timestamp=000084 receiver=12 cavs=[12, 7, 4] pred_boxes=20 gt_boxes=49 comm_bytes=142848
frame=13/41 late_source=4/7 scenario=2026_07_29_02_32_08 timestamp=000084 receiver=13 cavs=[13, 14] pred_boxes=5 gt_boxes=17 comm_bytes=94304
frame=13/41 late_source=5/7 scenario=2026_07_29_02_32_08 timestamp=000084 receiver=15 cavs=[15, 6] pred_boxes=17 gt_boxes=22 comm_bytes=73728
frame=13/41 late_source=6/7 scenario=2026_07_29_02_32_08 timestamp=000084 receiver=17 cavs=[17, 16, 3] pred_boxes=17 gt_boxes=32 comm_bytes=167280
frame=13/41 late_source=7/7 scenario=2026_07_29_02_32_08 timestamp=000084 receiver=20 cavs=[20, 5] pred_boxes=21 gt_boxes=36 comm_bytes=22224
sgcp_late_fusion frame=13/41 scenario=2026_07_29_02_32_08 timestamp=000084 sources=7 fused_pred_boxes=73 fused_gt_boxes=70
frame=14/41 late_source=1/7 scenario=2026_07_29_02_32_08 timestamp=000086 receiver=1 cavs=[1, 11, 2] pred_boxes=30 gt_boxes=49 comm_bytes=163344
frame=14/41 late_source=2/7 scenario=2026_07_29_02_32_08 timestamp=000086 receiver=10 cavs=[10, 9] pred_boxes=21 gt_boxes=39 comm_bytes=58976
frame=14/41 late_source=3/7 scenario=2026_07_29_02_32_08 timestamp=000086 receiver=12 cavs=[12, 7, 4] pred_boxes=18 gt_boxes=50 comm_bytes=144640
frame=14/41 late_source=4/7 scenario=2026_07_29_02_32_08 timestamp=000086 receiver=13 cavs=[13, 14] pred_boxes=3 gt_boxes=15 comm_bytes=93712
frame=14/41 late_source=5/7 scenario=2026_07_29_02_32_08 timestamp=000086 receiver=15 cavs=[15, 6] pred_boxes=16 gt_boxes=23 comm_bytes=74400
frame=14/41 late_source=6/7 scenario=2026_07_29_02_32_08 timestamp=000086 receiver=17 cavs=[17, 16, 3] pred_boxes=17 gt_boxes=31 comm_bytes=167536
frame=14/41 late_source=7/7 scenario=2026_07_29_02_32_08 timestamp=000086 receiver=20 cavs=[20, 5] pred_boxes=24 gt_boxes=36 comm_bytes=22512
sgcp_late_fusion frame=14/41 scenario=2026_07_29_02_32_08 timestamp=000086 sources=7 fused_pred_boxes=70 fused_gt_boxes=70
frame=15/41 late_source=1/7 scenario=2026_07_29_02_32_08 timestamp=000088 receiver=1 cavs=[1, 11, 2] pred_boxes=28 gt_boxes=49 comm_bytes=163216
frame=15/41 late_source=2/7 scenario=2026_07_29_02_32_08 timestamp=000088 receiver=10 cavs=[10, 9] pred_boxes=22 gt_boxes=39 comm_bytes=58976
frame=15/41 late_source=3/7 scenario=2026_07_29_02_32_08 timestamp=000088 receiver=12 cavs=[12, 7, 4] pred_boxes=17 gt_boxes=50 comm_bytes=144288
frame=15/41 late_source=4/7 scenario=2026_07_29_02_32_08 timestamp=000088 receiver=13 cavs=[13, 14] pred_boxes=3 gt_boxes=15 comm_bytes=91056
frame=15/41 late_source=5/7 scenario=2026_07_29_02_32_08 timestamp=000088 receiver=15 cavs=[15, 6] pred_boxes=15 gt_boxes=23 comm_bytes=77216
frame=15/41 late_source=6/7 scenario=2026_07_29_02_32_08 timestamp=000088 receiver=17 cavs=[17, 16, 3] pred_boxes=16 gt_boxes=30 comm_bytes=168000
frame=15/41 late_source=7/7 scenario=2026_07_29_02_32_08 timestamp=000088 receiver=20 cavs=[20, 5] pred_boxes=23 gt_boxes=35 comm_bytes=22816
sgcp_late_fusion frame=15/41 scenario=2026_07_29_02_32_08 timestamp=000088 sources=7 fused_pred_boxes=69 fused_gt_boxes=70
frame=16/41 late_source=1/7 scenario=2026_07_29_02_32_08 timestamp=000090 receiver=1 cavs=[1, 11, 2] pred_boxes=26 gt_boxes=49 comm_bytes=163312
frame=16/41 late_source=2/7 scenario=2026_07_29_02_32_08 timestamp=000090 receiver=10 cavs=[10, 9] pred_boxes=23 gt_boxes=39 comm_bytes=59104
frame=16/41 late_source=3/7 scenario=2026_07_29_02_32_08 timestamp=000090 receiver=12 cavs=[12, 7, 4] pred_boxes=18 gt_boxes=50 comm_bytes=144560
frame=16/41 late_source=4/7 scenario=2026_07_29_02_32_08 timestamp=000090 receiver=13 cavs=[13, 14] pred_boxes=3 gt_boxes=15 comm_bytes=88480Format = auto
Extension = pcd
Format = auto
Extension = pcd
Format = auto
Extension = pcd
Format = auto
Extension = pcd
Format = auto
Extension = pcd
Format = auto
Extension = pcd
Format = auto
Extension = pcd
Format = auto
Extension = pcd
Format = auto
Extension = pcd
Format = auto
Extension = pcd
Format = auto
Extension = pcd
Format = auto
Extension = pcd
Format = auto
Extension = pcd
Format = auto
Extension = pcd
Format = auto
Extension = pcd
Format = auto
Extension = pcd
Format = auto
Extension = pcd
Format = auto
Extension = pcd
Format = auto
Extension = pcd
Format = auto
Extension = pcd
Format = auto
Extension = pcd
Format = auto
Extension = pcd
Format = auto
Extension = pcd
Format = auto
Extension = pcd
Format = auto
Extension = pcd
Format = auto
Extension = pcd
Format = auto
Extension = pcd
Format = auto
Extension = pcd
Format = auto
Extension = pcd
Format = auto
Extension = pcd
Format = auto
Extension = pcd
Format = auto
Extension = pcd
Format = auto
Extension = pcd
Format = auto
Extension = pcd
Format = auto
Extension = pcd
Format = auto
Extension = pcd
Format = auto
Extension = pcd
Format = auto
Extension = pcd
Format = auto
Extension = pcd
Format = auto
Extension = pcd
Format = auto
Extension = pcd
Format = auto
Extension = pcd
Format = auto
Extension = pcd
Format = auto
Extension = pcd
Format = auto
Extension = pcd
Format = auto
Extension = pcd
Format = auto
Extension = pcd
Format = auto
Extension = pcd
Format = auto
Extension = pcd
Format = auto
Extension = pcd
Format = auto
Extension = pcd
Format = auto
Extension = pcd
Format = auto
Extension = pcd
Format = auto
Extension = pcd
Format = auto
Extension = pcd
Format = auto
Extension = pcd
Format = auto
Extension = pcd
Format = auto
Extension = pcd
Format = auto
Extension = pcd
Format = auto
Extension = pcd
Format = auto
Extension = pcd
Format = auto
Extension = pcd
Format = auto
Extension = pcd
Format = auto
Extension = pcd
Format = auto
Extension = pcd
Format = auto
Extension = pcd
Format = auto
Extension = pcd
Format = auto
Extension = pcd
Format = auto
Extension = pcd
Format = auto
Extension = pcd
Format = auto
Extension = pcd
Format = auto
Extension = pcd
Format = auto
Extension = pcd
Format = auto
Extension = pcd
Format = auto
Extension = pcd
Format = auto
Extension = pcd
Format = auto
Extension = pcd
Format = auto
Extension = pcd
Format = auto
Extension = pcd
Format = auto
Extension = pcd
Format = auto
Extension = pcd
Format = auto
Extension = pcd
Format = auto
Extension = pcd
Format = auto
Extension = pcd
Format = auto
Extension = pcd
Format = auto
Extension = pcd
Format = auto
Extension = pcd
Format = auto
Extension = pcd
Format = auto
Extension = pcd
Format = auto
Extension = pcd
Format = auto
Extension = pcd
Format = auto
Extension = pcd
Format = auto
Extension = pcd
Format = auto
Extension = pcd
Format = auto
Extension = pcd
Format = auto
Extension = pcd
Format = auto
Extension = pcd
Format = auto
Extension = pcd
Format = auto
Extension = pcd
Format = auto
Extension = pcd
Format = auto
Extension = pcd
Format = auto
Extension = pcd
Format = auto
Extension = pcd
Format = auto
Extension = pcd
Format = auto
Extension = pcd
Format = auto
Extension = pcd
Format = auto
Extension = pcd
Format = auto
Extension = pcd
Format = auto
Extension = pcd
Format = auto
Extension = pcd
Format = auto
Extension = pcd
Format = auto
Extension = pcd
Format = auto
Extension = pcd
Format = auto
Extension = pcd
Format = auto
Extension = pcd
Format = auto
Extension = pcd
Format = auto
Extension = pcd
Format = auto
Extension = pcd
Format = auto
Extension = pcd
Format = auto
Extension = pcd
Format = auto
Extension = pcd
Format = auto
Extension = pcd
Format = auto
Extension = pcd
Format = auto
Extension = pcd
Format = auto
Extension = pcd
Format = auto
Extension = pcd
Format = auto
Extension = pcd
Format = auto
Extension = pcd
Format = auto
Extension = pcd
Format = auto
Extension = pcd
Format = auto
Extension = pcd
Format = auto
Extension = pcd
Format = auto
Extension = pcd
Format = auto
Extension = pcd
Format = auto
Extension = pcd
Format = auto
Extension = pcd
Format = auto
Extension = pcd
Format = auto
Extension = pcd
Format = auto
Extension = pcd
Format = auto
Extension = pcd

frame=16/41 late_source=5/7 scenario=2026_07_29_02_32_08 timestamp=000090 receiver=15 cavs=[15, 6] pred_boxes=17 gt_boxes=23 comm_bytes=76448
frame=16/41 late_source=6/7 scenario=2026_07_29_02_32_08 timestamp=000090 receiver=17 cavs=[17, 16, 3] pred_boxes=16 gt_boxes=31 comm_bytes=169552
frame=16/41 late_source=7/7 scenario=2026_07_29_02_32_08 timestamp=000090 receiver=20 cavs=[20, 5] pred_boxes=21 gt_boxes=37 comm_bytes=30336
sgcp_late_fusion frame=16/41 scenario=2026_07_29_02_32_08 timestamp=000090 sources=7 fused_pred_boxes=69 fused_gt_boxes=71
frame=17/41 late_source=1/7 scenario=2026_07_29_02_32_08 timestamp=000092 receiver=1 cavs=[1, 11, 2] pred_boxes=25 gt_boxes=48 comm_bytes=163664
frame=17/41 late_source=2/7 scenario=2026_07_29_02_32_08 timestamp=000092 receiver=10 cavs=[10, 9] pred_boxes=21 gt_boxes=39 comm_bytes=59104
frame=17/41 late_source=3/7 scenario=2026_07_29_02_32_08 timestamp=000092 receiver=12 cavs=[12, 7, 4] pred_boxes=18 gt_boxes=50 comm_bytes=144800
frame=17/41 late_source=4/7 scenario=2026_07_29_02_32_08 timestamp=000092 receiver=13 cavs=[13, 14] pred_boxes=4 gt_boxes=14 comm_bytes=86672
frame=17/41 late_source=5/7 scenario=2026_07_29_02_32_08 timestamp=000092 receiver=15 cavs=[15, 6] pred_boxes=19 gt_boxes=23 comm_bytes=80576
frame=17/41 late_source=6/7 scenario=2026_07_29_02_32_08 timestamp=000092 receiver=17 cavs=[17, 16, 3] pred_boxes=17 gt_boxes=30 comm_bytes=171392
frame=17/41 late_source=7/7 scenario=2026_07_29_02_32_08 timestamp=000092 receiver=20 cavs=[20, 5] pred_boxes=23 gt_boxes=37 comm_bytes=30288
sgcp_late_fusion frame=17/41 scenario=2026_07_29_02_32_08 timestamp=000092 sources=7 fused_pred_boxes=68 fused_gt_boxes=71
frame=18/41 late_source=1/7 scenario=2026_07_29_02_32_08 timestamp=000094 receiver=1 cavs=[1, 11, 2] pred_boxes=25 gt_boxes=48 comm_bytes=163472
frame=18/41 late_source=2/7 scenario=2026_07_29_02_32_08 timestamp=000094 receiver=10 cavs=[10, 9] pred_boxes=22 gt_boxes=40 comm_bytes=59088
frame=18/41 late_source=3/7 scenario=2026_07_29_02_32_08 timestamp=000094 receiver=12 cavs=[12, 7, 4] pred_boxes=19 gt_boxes=49 comm_bytes=145136
frame=18/41 late_source=4/7 scenario=2026_07_29_02_32_08 timestamp=000094 receiver=13 cavs=[13, 14] pred_boxes=3 gt_boxes=14 comm_bytes=85216
frame=18/41 late_source=5/7 scenario=2026_07_29_02_32_08 timestamp=000094 receiver=15 cavs=[15, 6] pred_boxes=19 gt_boxes=25 comm_bytes=81264
frame=18/41 late_source=6/7 scenario=2026_07_29_02_32_08 timestamp=000094 receiver=17 cavs=[17, 16, 3] pred_boxes=17 gt_boxes=31 comm_bytes=171648
frame=18/41 late_source=7/7 scenario=2026_07_29_02_32_08 timestamp=000094 receiver=20 cavs=[20, 5] pred_boxes=23 gt_boxes=36 comm_bytes=30416
sgcp_late_fusion frame=18/41 scenario=2026_07_29_02_32_08 timestamp=000094 sources=7 fused_pred_boxes=73 fused_gt_boxes=71
frame=19/41 late_source=1/7 scenario=2026_07_29_02_32_08 timestamp=000096 receiver=1 cavs=[1, 11, 2] pred_boxes=26 gt_boxes=48 comm_bytes=162992
frame=19/41 late_source=2/7 scenario=2026_07_29_02_32_08 timestamp=000096 receiver=10 cavs=[10, 9] pred_boxes=23 gt_boxes=40 comm_bytes=59056
frame=19/41 late_source=3/7 scenario=2026_07_29_02_32_08 timestamp=000096 receiver=12 cavs=[12, 7, 4] pred_boxes=18 gt_boxes=49 comm_bytes=145008
frame=19/41 late_source=4/7 scenario=2026_07_29_02_32_08 timestamp=000096 receiver=13 cavs=[13, 14] pred_boxes=2 gt_boxes=14 comm_bytes=84720
frame=19/41 late_source=5/7 scenario=2026_07_29_02_32_08 timestamp=000096 receiver=15 cavs=[15, 6] pred_boxes=17 gt_boxes=25 comm_bytes=78240
frame=19/41 late_source=6/7 scenario=2026_07_29_02_32_08 timestamp=000096 receiver=17 cavs=[17, 16, 3] pred_boxes=18 gt_boxes=31 comm_bytes=172592
frame=19/41 late_source=7/7 scenario=2026_07_29_02_32_08 timestamp=000096 receiver=20 cavs=[20, 5] pred_boxes=25 gt_boxes=34 comm_bytes=31024
sgcp_late_fusion frame=19/41 scenario=2026_07_29_02_32_08 timestamp=000096 sources=7 fused_pred_boxes=70 fused_gt_boxes=71
frame=20/41 late_source=1/7 scenario=2026_07_29_02_32_08 timestamp=000098 receiver=1 cavs=[1, 11, 2] pred_boxes=26 gt_boxes=48 comm_bytes=162768
frame=20/41 late_source=2/7 scenario=2026_07_29_02_32_08 timestamp=000098 receiver=10 cavs=[10, 9] pred_boxes=23 gt_boxes=40 comm_bytes=59024
frame=20/41 late_source=3/7 scenario=2026_07_29_02_32_08 timestamp=000098 receiver=12 cavs=[12, 7, 4] pred_boxes=18 gt_boxes=49 comm_bytes=145408
frame=20/41 late_source=4/7 scenario=2026_07_29_02_32_08 timestamp=000098 receiver=13 cavs=[13, 14] pred_boxes=3 gt_boxes=14 comm_bytes=85312
frame=20/41 late_source=5/7 scenario=2026_07_29_02_32_08 timestamp=000098 receiver=15 cavs=[15, 6] pred_boxes=17 gt_boxes=26 comm_bytes=77984
frame=20/41 late_source=6/7 scenario=2026_07_29_02_32_08 timestamp=000098 receiver=17 cavs=[17, 16, 3] pred_boxes=16 gt_boxes=31 comm_bytes=172448
frame=20/41 late_source=7/7 scenario=2026_07_29_02_32_08 timestamp=000098 receiver=20 cavs=[20, 5] pred_boxes=22 gt_boxes=35 comm_bytes=31200
sgcp_late_fusion frame=20/41 scenario=2026_07_29_02_32_08 timestamp=000098 sources=7 fused_pred_boxes=69 fused_gt_boxes=71
frame=21/41 late_source=1/7 scenario=2026_07_29_02_32_08 timestamp=000100 receiver=1 cavs=[1, 11, 2] pred_boxes=25 gt_boxes=48 comm_bytes=164544
frame=21/41 late_source=2/7 scenario=2026_07_29_02_32_08 timestamp=000100 receiver=10 cavs=[10, 9] pred_boxes=22 gt_boxes=38 comm_bytes=59008
frame=21/41 late_source=3/7 scenario=2026_07_29_02_32_08 timestamp=000100 receiver=12 cavs=[12, 7, 4] pred_boxes=19 gt_boxes=49 comm_bytes=145904
frame=21/41 late_source=4/7 scenario=2026_07_29_02_32_08 timestamp=000100 receiver=13 cavs=[13, 14] pred_boxes=4 gt_boxes=16 comm_bytes=87728
frame=21/41 late_source=5/7 scenario=2026_07_29_02_32_08 timestamp=000100 receiver=15 cavs=[15, 6] pred_boxes=16 gt_boxes=29 comm_bytes=77776
frame=21/41 late_source=6/7 scenario=2026_07_29_02_32_08 timestamp=000100 receiver=17 cavs=[17, 16, 3] pred_boxes=16 gt_boxes=27 comm_bytes=172400
frame=21/41 late_source=7/7 scenario=2026_07_29_02_32_08 timestamp=000100 receiver=20 cavs=[20, 5] pred_boxes=25 gt_boxes=36 comm_bytes=32640
sgcp_late_fusion frame=21/41 scenario=2026_07_29_02_32_08 timestamp=000100 sources=7 fused_pred_boxes=72 fused_gt_boxes=71
frame=22/41 late_source=1/7 scenario=2026_07_29_02_32_08 timestamp=000102 receiver=1 cavs=[1, 11, 2] pred_boxes=26 gt_boxes=48 comm_bytes=164736
frame=22/41 late_source=2/7 scenario=2026_07_29_02_32_08 timestamp=000102 receiver=10 cavs=[10, 9] pred_boxes=22 gt_boxes=38 comm_bytes=58992
frame=22/41 late_source=3/7 scenario=2026_07_29_02_32_08 timestamp=000102 receiver=12 cavs=[12, 7, 4] pred_boxes=19 gt_boxes=48 comm_bytes=148976
frame=22/41 late_source=4/7 scenario=2026_07_29_02_32_08 timestamp=000102 receiver=13 cavs=[13, 14] pred_boxes=3 gt_boxes=15 comm_bytes=88288
frame=22/41 late_source=5/7 scenario=2026_07_29_02_32_08 timestamp=000102 receiver=15 cavs=[15, 6] pred_boxes=17 gt_boxes=28 comm_bytes=76784
frame=22/41 late_source=6/7 scenario=2026_07_29_02_32_08 timestamp=000102 receiver=17 cavs=[17, 16, 3] pred_boxes=16 gt_boxes=28 comm_bytes=172080
frame=22/41 late_source=7/7 scenario=2026_07_29_02_32_08 timestamp=000102 receiver=20 cavs=[20, 5] pred_boxes=21 gt_boxes=36 comm_bytes=33568
sgcp_late_fusion frame=22/41 scenario=2026_07_29_02_32_08 timestamp=000102 sources=7 fused_pred_boxes=70 fused_gt_boxes=71
frame=23/41 late_source=1/7 scenario=2026_07_29_02_32_08 timestamp=000104 receiver=1 cavs=[1, 11, 2] pred_boxes=26 gt_boxes=48 comm_bytes=164800
frame=23/41 late_source=2/7 scenario=2026_07_29_02_32_08 timestamp=000104 receiver=10 cavs=[10, 9] pred_boxes=22 gt_boxes=38 comm_bytes=58944
frame=23/41 late_source=3/7 scenario=2026_07_29_02_32_08 timestamp=000104 receiver=12 cavs=[12, 7, 4] pred_boxes=18 gt_boxes=48 comm_bytes=148880
frame=23/41 late_source=4/7 scenario=2026_07_29_02_32_08 timestamp=000104 receiver=13 cavs=[13, 14] pred_boxes=3 gt_boxes=15 comm_bytes=88496
frame=23/41 late_source=5/7 scenario=2026_07_29_02_32_08 timestamp=000104 receiver=15 cavs=[15, 6] pred_boxes=17 gt_boxes=28 comm_bytes=81184
frame=23/41 late_source=6/7 scenario=2026_07_29_02_32_08 timestamp=000104 receiver=17 cavs=[17, 16, 3] pred_boxes=16 gt_boxes=28 comm_bytes=169552Format = auto
Extension = pcd
Format = auto
Extension = pcd
Format = auto
Extension = pcd
Format = auto
Extension = pcd
Format = auto
Extension = pcd
Format = auto
Extension = pcd
Format = auto
Extension = pcd
Format = auto
Extension = pcd
Format = auto
Extension = pcd
Format = auto
Extension = pcd
Format = auto
Extension = pcd
Format = auto
Extension = pcd
Format = auto
Extension = pcd
Format = auto
Extension = pcd
Format = auto
Extension = pcd
Format = auto
Extension = pcd
Format = auto
Extension = pcd
Format = auto
Extension = pcd
Format = auto
Extension = pcd
Format = auto
Extension = pcd
Format = auto
Extension = pcd
Format = auto
Extension = pcd
Format = auto
Extension = pcd
Format = auto
Extension = pcd
Format = auto
Extension = pcd
Format = auto
Extension = pcd
Format = auto
Extension = pcd
Format = auto
Extension = pcd
Format = auto
Extension = pcd
Format = auto
Extension = pcd
Format = auto
Extension = pcd
Format = auto
Extension = pcd
Format = auto
Extension = pcd
Format = auto
Extension = pcd
Format = auto
Extension = pcd
Format = auto
Extension = pcd
Format = auto
Extension = pcd
Format = auto
Extension = pcd
Format = auto
Extension = pcd
Format = auto
Extension = pcd
Format = auto
Extension = pcd
Format = auto
Extension = pcd
Format = auto
Extension = pcd
Format = auto
Extension = pcd
Format = auto
Extension = pcd
Format = auto
Extension = pcd
Format = auto
Extension = pcd
Format = auto
Extension = pcd
Format = auto
Extension = pcd
Format = auto
Extension = pcd
Format = auto
Extension = pcd
Format = auto
Extension = pcd
Format = auto
Extension = pcd
Format = auto
Extension = pcd
Format = auto
Extension = pcd
Format = auto
Extension = pcd
Format = auto
Extension = pcd
Format = auto
Extension = pcd
Format = auto
Extension = pcd
Format = auto
Extension = pcd
Format = auto
Extension = pcd
Format = auto
Extension = pcd
Format = auto
Extension = pcd
Format = auto
Extension = pcd
Format = auto
Extension = pcd
Format = auto
Extension = pcd
Format = auto
Extension = pcd
Format = auto
Extension = pcd
Format = auto
Extension = pcd
Format = auto
Extension = pcd
Format = auto
Extension = pcd
Format = auto
Extension = pcd
Format = auto
Extension = pcd
Format = auto
Extension = pcd
Format = auto
Extension = pcd
Format = auto
Extension = pcd
Format = auto
Extension = pcd
Format = auto
Extension = pcd
Format = auto
Extension = pcd
Format = auto
Extension = pcd
Format = auto
Extension = pcd
Format = auto
Extension = pcd
Format = auto
Extension = pcd
Format = auto
Extension = pcd
Format = auto
Extension = pcd
Format = auto
Extension = pcd
Format = auto
Extension = pcd
Format = auto
Extension = pcd
Format = auto
Extension = pcd
Format = auto
Extension = pcd
Format = auto
Extension = pcd
Format = auto
Extension = pcd
Format = auto
Extension = pcd
Format = auto
Extension = pcd
Format = auto
Extension = pcd
Format = auto
Extension = pcd
Format = auto
Extension = pcd
Format = auto
Extension = pcd
Format = auto
Extension = pcd
Format = auto
Extension = pcd
Format = auto
Extension = pcd
Format = auto
Extension = pcd
Format = auto
Extension = pcd
Format = auto
Extension = pcd
Format = auto
Extension = pcd
Format = auto
Extension = pcd
Format = auto
Extension = pcd
Format = auto
Extension = pcd
Format = auto
Extension = pcd
Format = auto
Extension = pcd
Format = auto
Extension = pcd
Format = auto
Extension = pcd
Format = auto
Extension = pcd
Format = auto
Extension = pcd
Format = auto
Extension = pcd
Format = auto
Extension = pcd
Format = auto
Extension = pcd
Format = auto
Extension = pcd
Format = auto
Extension = pcd
Format = auto
Extension = pcd
Format = auto
Extension = pcd
Format = auto
Extension = pcd
Format = auto
Extension = pcd
Format = auto
Extension = pcd
Format = auto
Extension = pcd
Format = auto
Extension = pcd
Format = auto
Extension = pcd
Format = auto
Extension = pcd
Format = auto
Extension = pcd
Format = auto
Extension = pcd
Format = auto
Extension = pcd
Format = auto
Extension = pcd
Format = auto
Extension = pcd
Format = auto
Extension = pcd
Format = auto
Extension = pcd
Format = auto
Extension = pcd
Format = auto
Extension = pcd
Format = auto
Extension = pcd
Format = auto
Extension = pcd
Format = auto
Extension = pcd
Format = auto
Extension = pcd
Format = auto
Extension = pcd
Format = auto
Extension = pcd
Format = auto
Extension = pcd
Format = auto
Extension = pcd
Format = auto
Extension = pcd
Format = auto
Extension = pcd
Format = auto
Extension = pcd
Format = auto
Extension = pcd
Format = auto
Extension = pcd
Format = auto
Extension = pcd
Format = auto
Extension = pcd
Format = auto
Extension = pcd
Format = auto
Extension = pcd
Format = auto
Extension = pcd
Format = auto
Extension = pcd
Format = auto
Extension = pcd
Format = auto
Extension = pcd
Format = auto
Extension = pcd
Format = auto
Extension = pcd

frame=23/41 late_source=7/7 scenario=2026_07_29_02_32_08 timestamp=000104 receiver=20 cavs=[20, 5] pred_boxes=23 gt_boxes=36 comm_bytes=34048
sgcp_late_fusion frame=23/41 scenario=2026_07_29_02_32_08 timestamp=000104 sources=7 fused_pred_boxes=71 fused_gt_boxes=71
frame=24/41 late_source=1/6 scenario=2026_07_29_02_32_08 timestamp=000106 receiver=1 cavs=[1, 11, 2] pred_boxes=26 gt_boxes=48 comm_bytes=164992
frame=24/41 late_source=2/6 scenario=2026_07_29_02_32_08 timestamp=000106 receiver=12 cavs=[12, 7, 4] pred_boxes=17 gt_boxes=49 comm_bytes=150720
frame=24/41 late_source=3/6 scenario=2026_07_29_02_32_08 timestamp=000106 receiver=13 cavs=[13, 14, 10] pred_boxes=13 gt_boxes=33 comm_bytes=173072
frame=24/41 late_source=4/6 scenario=2026_07_29_02_32_08 timestamp=000106 receiver=15 cavs=[15, 6] pred_boxes=18 gt_boxes=28 comm_bytes=76304
frame=24/41 late_source=5/6 scenario=2026_07_29_02_32_08 timestamp=000106 receiver=17 cavs=[17, 16, 3] pred_boxes=16 gt_boxes=28 comm_bytes=166624
frame=24/41 late_source=6/6 scenario=2026_07_29_02_32_08 timestamp=000106 receiver=20 cavs=[20, 5] pred_boxes=23 gt_boxes=35 comm_bytes=35024
sgcp_late_fusion frame=24/41 scenario=2026_07_29_02_32_08 timestamp=000106 sources=6 fused_pred_boxes=68 fused_gt_boxes=70
frame=25/41 late_source=1/6 scenario=2026_07_29_02_32_08 timestamp=000108 receiver=1 cavs=[1, 11, 2] pred_boxes=25 gt_boxes=48 comm_bytes=163504
frame=25/41 late_source=2/6 scenario=2026_07_29_02_32_08 timestamp=000108 receiver=12 cavs=[12, 7, 4] pred_boxes=18 gt_boxes=50 comm_bytes=150736
frame=25/41 late_source=3/6 scenario=2026_07_29_02_32_08 timestamp=000108 receiver=13 cavs=[13, 14, 10] pred_boxes=13 gt_boxes=33 comm_bytes=171840
frame=25/41 late_source=4/6 scenario=2026_07_29_02_32_08 timestamp=000108 receiver=15 cavs=[15, 6] pred_boxes=17 gt_boxes=27 comm_bytes=76592
frame=25/41 late_source=5/6 scenario=2026_07_29_02_32_08 timestamp=000108 receiver=17 cavs=[17, 16, 3] pred_boxes=14 gt_boxes=28 comm_bytes=163408
frame=25/41 late_source=6/6 scenario=2026_07_29_02_32_08 timestamp=000108 receiver=20 cavs=[20, 5] pred_boxes=21 gt_boxes=35 comm_bytes=35664
sgcp_late_fusion frame=25/41 scenario=2026_07_29_02_32_08 timestamp=000108 sources=6 fused_pred_boxes=65 fused_gt_boxes=70
frame=26/41 late_source=1/7 scenario=2026_07_29_02_32_08 timestamp=000110 receiver=1 cavs=[1, 11, 2] pred_boxes=25 gt_boxes=48 comm_bytes=163664
frame=26/41 late_source=2/7 scenario=2026_07_29_02_32_08 timestamp=000110 receiver=10 cavs=[10, 9] pred_boxes=20 gt_boxes=38 comm_bytes=58912
frame=26/41 late_source=3/7 scenario=2026_07_29_02_32_08 timestamp=000110 receiver=12 cavs=[12, 7, 4] pred_boxes=16 gt_boxes=49 comm_bytes=150464
frame=26/41 late_source=4/7 scenario=2026_07_29_02_32_08 timestamp=000110 receiver=13 cavs=[13, 14] pred_boxes=2 gt_boxes=14 comm_bytes=85728
frame=26/41 late_source=5/7 scenario=2026_07_29_02_32_08 timestamp=000110 receiver=15 cavs=[15, 6] pred_boxes=16 gt_boxes=27 comm_bytes=81728
frame=26/41 late_source=6/7 scenario=2026_07_29_02_32_08 timestamp=000110 receiver=17 cavs=[17, 18, 16] pred_boxes=14 gt_boxes=26 comm_bytes=154880
frame=26/41 late_source=7/7 scenario=2026_07_29_02_32_08 timestamp=000110 receiver=20 cavs=[20, 5] pred_boxes=22 gt_boxes=34 comm_bytes=28944
sgcp_late_fusion frame=26/41 scenario=2026_07_29_02_32_08 timestamp=000110 sources=7 fused_pred_boxes=68 fused_gt_boxes=69
frame=27/41 late_source=1/7 scenario=2026_07_29_02_32_08 timestamp=000112 receiver=1 cavs=[1, 11, 2] pred_boxes=25 gt_boxes=48 comm_bytes=163712
frame=27/41 late_source=2/7 scenario=2026_07_29_02_32_08 timestamp=000112 receiver=10 cavs=[10, 9] pred_boxes=21 gt_boxes=38 comm_bytes=58912
frame=27/41 late_source=3/7 scenario=2026_07_29_02_32_08 timestamp=000112 receiver=12 cavs=[12, 7, 4] pred_boxes=18 gt_boxes=49 comm_bytes=150128
frame=27/41 late_source=4/7 scenario=2026_07_29_02_32_08 timestamp=000112 receiver=13 cavs=[13, 14] pred_boxes=0 gt_boxes=14 comm_bytes=82816
frame=27/41 late_source=5/7 scenario=2026_07_29_02_32_08 timestamp=000112 receiver=15 cavs=[15, 6] pred_boxes=19 gt_boxes=27 comm_bytes=81872
frame=27/41 late_source=6/7 scenario=2026_07_29_02_32_08 timestamp=000112 receiver=17 cavs=[17, 3, 16] pred_boxes=14 gt_boxes=26 comm_bytes=168832
frame=27/41 late_source=7/7 scenario=2026_07_29_02_32_08 timestamp=000112 receiver=20 cavs=[20, 5] pred_boxes=20 gt_boxes=34 comm_bytes=30032
sgcp_late_fusion frame=27/41 scenario=2026_07_29_02_32_08 timestamp=000112 sources=7 fused_pred_boxes=70 fused_gt_boxes=69
frame=28/41 late_source=1/7 scenario=2026_07_29_02_32_08 timestamp=000114 receiver=1 cavs=[1, 11, 2] pred_boxes=28 gt_boxes=48 comm_bytes=163760
frame=28/41 late_source=2/7 scenario=2026_07_29_02_32_08 timestamp=000114 receiver=10 cavs=[10, 9] pred_boxes=23 gt_boxes=38 comm_bytes=58848
frame=28/41 late_source=3/7 scenario=2026_07_29_02_32_08 timestamp=000114 receiver=12 cavs=[12, 7, 4] pred_boxes=18 gt_boxes=48 comm_bytes=149968
frame=28/41 late_source=4/7 scenario=2026_07_29_02_32_08 timestamp=000114 receiver=13 cavs=[13, 14] pred_boxes=0 gt_boxes=14 comm_bytes=81152
frame=28/41 late_source=5/7 scenario=2026_07_29_02_32_08 timestamp=000114 receiver=15 cavs=[15, 6] pred_boxes=18 gt_boxes=27 comm_bytes=82784
frame=28/41 late_source=6/7 scenario=2026_07_29_02_32_08 timestamp=000114 receiver=17 cavs=[17, 3, 16] pred_boxes=15 gt_boxes=24 comm_bytes=169280
frame=28/41 late_source=7/7 scenario=2026_07_29_02_32_08 timestamp=000114 receiver=20 cavs=[20, 5] pred_boxes=23 gt_boxes=34 comm_bytes=31312
sgcp_late_fusion frame=28/41 scenario=2026_07_29_02_32_08 timestamp=000114 sources=7 fused_pred_boxes=70 fused_gt_boxes=68
frame=29/41 late_source=1/7 scenario=2026_07_29_02_32_08 timestamp=000116 receiver=1 cavs=[1, 11, 2] pred_boxes=26 gt_boxes=48 comm_bytes=163760
frame=29/41 late_source=2/7 scenario=2026_07_29_02_32_08 timestamp=000116 receiver=10 cavs=[10, 9] pred_boxes=22 gt_boxes=37 comm_bytes=58736
frame=29/41 late_source=3/7 scenario=2026_07_29_02_32_08 timestamp=000116 receiver=12 cavs=[12, 7, 4] pred_boxes=18 gt_boxes=48 comm_bytes=149216
frame=29/41 late_source=4/7 scenario=2026_07_29_02_32_08 timestamp=000116 receiver=13 cavs=[13, 14] pred_boxes=2 gt_boxes=13 comm_bytes=79792
frame=29/41 late_source=5/7 scenario=2026_07_29_02_32_08 timestamp=000116 receiver=15 cavs=[15, 6] pred_boxes=18 gt_boxes=28 comm_bytes=82912
frame=29/41 late_source=6/7 scenario=2026_07_29_02_32_08 timestamp=000116 receiver=17 cavs=[17, 3, 16] pred_boxes=12 gt_boxes=23 comm_bytes=168944
frame=29/41 late_source=7/7 scenario=2026_07_29_02_32_08 timestamp=000116 receiver=20 cavs=[20, 5] pred_boxes=20 gt_boxes=33 comm_bytes=33152
sgcp_late_fusion frame=29/41 scenario=2026_07_29_02_32_08 timestamp=000116 sources=7 fused_pred_boxes=70 fused_gt_boxes=68
frame=30/41 late_source=1/7 scenario=2026_07_29_02_32_08 timestamp=000118 receiver=1 cavs=[1, 11, 2] pred_boxes=26 gt_boxes=48 comm_bytes=163728
frame=30/41 late_source=2/7 scenario=2026_07_29_02_32_08 timestamp=000118 receiver=10 cavs=[10, 9] pred_boxes=24 gt_boxes=37 comm_bytes=58704
frame=30/41 late_source=3/7 scenario=2026_07_29_02_32_08 timestamp=000118 receiver=12 cavs=[12, 7, 4] pred_boxes=16 gt_boxes=50 comm_bytes=149600
frame=30/41 late_source=4/7 scenario=2026_07_29_02_32_08 timestamp=000118 receiver=13 cavs=[13, 14] pred_boxes=1 gt_boxes=14 comm_bytes=78992
frame=30/41 late_source=5/7 scenario=2026_07_29_02_32_08 timestamp=000118 receiver=15 cavs=[15, 6] pred_boxes=19 gt_boxes=28 comm_bytes=82096
frame=30/41 late_source=6/7 scenario=2026_07_29_02_32_08 timestamp=000118 receiver=17 cavs=[17, 3, 16] pred_boxes=12 gt_boxes=24 comm_bytes=170000
frame=30/41 late_source=7/7 scenario=2026_07_29_02_32_08 timestamp=000118 receiver=20 cavs=[20, 5] pred_boxes=21 gt_boxes=33 comm_bytes=34624
sgcp_late_fusion frame=30/41 scenario=2026_07_29_02_32_08 timestamp=000118 sources=7 fused_pred_boxes=67 fused_gt_boxes=68
frame=31/41 late_source=1/7 scenario=2026_07_29_02_32_08 timestamp=000120 receiver=1 cavs=[1, 11, 2] pred_boxes=25 gt_boxes=48 comm_bytes=163728
frame=31/41 late_source=2/7 scenario=2026_07_29_02_32_08 timestamp=000120 receiver=10 cavs=[10, 9] pred_boxes=22 gt_boxes=37 comm_bytes=58704Format = auto
Extension = pcd
Format = auto
Extension = pcd
Format = auto
Extension = pcd
Format = auto
Extension = pcd
Format = auto
Extension = pcd
Format = auto
Extension = pcd
Format = auto
Extension = pcd
Format = auto
Extension = pcd
Format = auto
Extension = pcd
Format = auto
Extension = pcd
Format = auto
Extension = pcd
Format = auto
Extension = pcd
Format = auto
Extension = pcd
Format = auto
Extension = pcd
Format = auto
Extension = pcd
Format = auto
Extension = pcd
Format = auto
Extension = pcd
Format = auto
Extension = pcd
Format = auto
Extension = pcd
Format = auto
Extension = pcd
Format = auto
Extension = pcd
Format = auto
Extension = pcd
Format = auto
Extension = pcd
Format = auto
Extension = pcd
Format = auto
Extension = pcd
Format = auto
Extension = pcd
Format = auto
Extension = pcd
Format = auto
Extension = pcd
Format = auto
Extension = pcd
Format = auto
Extension = pcd
Format = auto
Extension = pcd
Format = auto
Extension = pcd
Format = auto
Extension = pcd
Format = auto
Extension = pcd
Format = auto
Extension = pcd
Format = auto
Extension = pcd
Format = auto
Extension = pcd
Format = auto
Extension = pcd
Format = auto
Extension = pcd
Format = auto
Extension = pcd
Format = auto
Extension = pcd
Format = auto
Extension = pcd
Format = auto
Extension = pcd
Format = auto
Extension = pcd
Format = auto
Extension = pcd
Format = auto
Extension = pcd
Format = auto
Extension = pcd
Format = auto
Extension = pcd
Format = auto
Extension = pcd
Format = auto
Extension = pcd
Format = auto
Extension = pcd
Format = auto
Extension = pcd
Format = auto
Extension = pcd
Format = auto
Extension = pcd
Format = auto
Extension = pcd
Format = auto
Extension = pcd
Format = auto
Extension = pcd
Format = auto
Extension = pcd
Format = auto
Extension = pcd
Format = auto
Extension = pcd
Format = auto
Extension = pcd
Format = auto
Extension = pcd
Format = auto
Extension = pcd
Format = auto
Extension = pcd
Format = auto
Extension = pcd
Format = auto
Extension = pcd
Format = auto
Extension = pcd
Format = auto
Extension = pcd
Format = auto
Extension = pcd
Format = auto
Extension = pcd
Format = auto
Extension = pcd
Format = auto
Extension = pcd
Format = auto
Extension = pcd
Format = auto
Extension = pcd
Format = auto
Extension = pcd
Format = auto
Extension = pcd
Format = auto
Extension = pcd
Format = auto
Extension = pcd
Format = auto
Extension = pcd
Format = auto
Extension = pcd
Format = auto
Extension = pcd
Format = auto
Extension = pcd
Format = auto
Extension = pcd
Format = auto
Extension = pcd
Format = auto
Extension = pcd
Format = auto
Extension = pcd
Format = auto
Extension = pcd
Format = auto
Extension = pcd
Format = auto
Extension = pcd
Format = auto
Extension = pcd
Format = auto
Extension = pcd
Format = auto
Extension = pcd
Format = auto
Extension = pcd
Format = auto
Extension = pcd
Format = auto
Extension = pcd
Format = auto
Extension = pcd
Format = auto
Extension = pcd
Format = auto
Extension = pcd
Format = auto
Extension = pcd
Format = auto
Extension = pcd
Format = auto
Extension = pcd
Format = auto
Extension = pcd
Format = auto
Extension = pcd
Format = auto
Extension = pcd
Format = auto
Extension = pcd
Format = auto
Extension = pcd
Format = auto
Extension = pcd
Format = auto
Extension = pcd
Format = auto
Extension = pcd
Format = auto
Extension = pcd
Format = auto
Extension = pcd
Format = auto
Extension = pcd
Format = auto
Extension = pcd
Format = auto
Extension = pcd
Format = auto
Extension = pcd
Format = auto
Extension = pcd
Format = auto
Extension = pcd
Format = auto
Extension = pcd
Format = auto
Extension = pcd
Format = auto
Extension = pcd
Format = auto
Extension = pcd
Format = auto
Extension = pcd
Format = auto
Extension = pcd
Format = auto
Extension = pcd
Format = auto
Extension = pcd
Format = auto
Extension = pcd
Format = auto
Extension = pcd
Format = auto
Extension = pcd
Format = auto
Extension = pcd
Format = auto
Extension = pcd
Format = auto
Extension = pcd
Format = auto
Extension = pcd
Format = auto
Extension = pcd
Format = auto
Extension = pcd
Format = auto
Extension = pcd
Format = auto
Extension = pcd
Format = auto
Extension = pcd
Format = auto
Extension = pcd
Format = auto
Extension = pcd
Format = auto
Extension = pcd

frame=31/41 late_source=3/7 scenario=2026_07_29_02_32_08 timestamp=000120 receiver=12 cavs=[12, 7, 4] pred_boxes=15 gt_boxes=50 comm_bytes=146352
frame=31/41 late_source=4/7 scenario=2026_07_29_02_32_08 timestamp=000120 receiver=13 cavs=[13, 14] pred_boxes=1 gt_boxes=12 comm_bytes=79040
frame=31/41 late_source=5/7 scenario=2026_07_29_02_32_08 timestamp=000120 receiver=15 cavs=[15, 6] pred_boxes=18 gt_boxes=28 comm_bytes=82224
frame=31/41 late_source=6/7 scenario=2026_07_29_02_32_08 timestamp=000120 receiver=17 cavs=[17, 3, 16] pred_boxes=12 gt_boxes=23 comm_bytes=171744
frame=31/41 late_source=7/7 scenario=2026_07_29_02_32_08 timestamp=000120 receiver=20 cavs=[20, 5] pred_boxes=21 gt_boxes=33 comm_bytes=36416
sgcp_late_fusion frame=31/41 scenario=2026_07_29_02_32_08 timestamp=000120 sources=7 fused_pred_boxes=66 fused_gt_boxes=68
frame=32/41 late_source=1/7 scenario=2026_07_29_02_32_08 timestamp=000122 receiver=1 cavs=[1, 11, 2] pred_boxes=25 gt_boxes=47 comm_bytes=163664
frame=32/41 late_source=2/7 scenario=2026_07_29_02_32_08 timestamp=000122 receiver=10 cavs=[10, 9] pred_boxes=24 gt_boxes=38 comm_bytes=58720
frame=32/41 late_source=3/7 scenario=2026_07_29_02_32_08 timestamp=000122 receiver=12 cavs=[12, 7, 4] pred_boxes=16 gt_boxes=50 comm_bytes=148432
frame=32/41 late_source=4/7 scenario=2026_07_29_02_32_08 timestamp=000122 receiver=13 cavs=[13, 14] pred_boxes=0 gt_boxes=13 comm_bytes=79584
frame=32/41 late_source=5/7 scenario=2026_07_29_02_32_08 timestamp=000122 receiver=15 cavs=[15, 6] pred_boxes=18 gt_boxes=29 comm_bytes=81936
frame=32/41 late_source=6/7 scenario=2026_07_29_02_32_08 timestamp=000122 receiver=17 cavs=[17, 3, 16] pred_boxes=12 gt_boxes=23 comm_bytes=172416
frame=32/41 late_source=7/7 scenario=2026_07_29_02_32_08 timestamp=000122 receiver=20 cavs=[20, 5] pred_boxes=22 gt_boxes=33 comm_bytes=37888
sgcp_late_fusion frame=32/41 scenario=2026_07_29_02_32_08 timestamp=000122 sources=7 fused_pred_boxes=67 fused_gt_boxes=68
frame=33/41 late_source=1/7 scenario=2026_07_29_02_32_08 timestamp=000124 receiver=1 cavs=[1, 11, 2] pred_boxes=25 gt_boxes=46 comm_bytes=163696
frame=33/41 late_source=2/7 scenario=2026_07_29_02_32_08 timestamp=000124 receiver=10 cavs=[10, 9] pred_boxes=22 gt_boxes=37 comm_bytes=58784
frame=33/41 late_source=3/7 scenario=2026_07_29_02_32_08 timestamp=000124 receiver=12 cavs=[12, 7, 4] pred_boxes=16 gt_boxes=50 comm_bytes=148304
frame=33/41 late_source=4/7 scenario=2026_07_29_02_32_08 timestamp=000124 receiver=13 cavs=[13, 14] pred_boxes=0 gt_boxes=12 comm_bytes=80240
frame=33/41 late_source=5/7 scenario=2026_07_29_02_32_08 timestamp=000124 receiver=15 cavs=[15, 6] pred_boxes=19 gt_boxes=30 comm_bytes=81104
frame=33/41 late_source=6/7 scenario=2026_07_29_02_32_08 timestamp=000124 receiver=17 cavs=[17, 3, 16] pred_boxes=12 gt_boxes=24 comm_bytes=172320
frame=33/41 late_source=7/7 scenario=2026_07_29_02_32_08 timestamp=000124 receiver=20 cavs=[20, 5] pred_boxes=21 gt_boxes=33 comm_bytes=39088
sgcp_late_fusion frame=33/41 scenario=2026_07_29_02_32_08 timestamp=000124 sources=7 fused_pred_boxes=66 fused_gt_boxes=68
frame=34/41 late_source=1/7 scenario=2026_07_29_02_32_08 timestamp=000126 receiver=1 cavs=[1, 11, 2] pred_boxes=25 gt_boxes=46 comm_bytes=163680
frame=34/41 late_source=2/7 scenario=2026_07_29_02_32_08 timestamp=000126 receiver=10 cavs=[10, 9] pred_boxes=23 gt_boxes=37 comm_bytes=58784
frame=34/41 late_source=3/7 scenario=2026_07_29_02_32_08 timestamp=000126 receiver=12 cavs=[12, 7, 4] pred_boxes=14 gt_boxes=50 comm_bytes=148224
frame=34/41 late_source=4/7 scenario=2026_07_29_02_32_08 timestamp=000126 receiver=13 cavs=[13, 14] pred_boxes=0 gt_boxes=11 comm_bytes=81744
frame=34/41 late_source=5/7 scenario=2026_07_29_02_32_08 timestamp=000126 receiver=15 cavs=[15, 6] pred_boxes=21 gt_boxes=31 comm_bytes=81120
frame=34/41 late_source=6/7 scenario=2026_07_29_02_32_08 timestamp=000126 receiver=17 cavs=[17, 3, 16] pred_boxes=13 gt_boxes=24 comm_bytes=173152
frame=34/41 late_source=7/7 scenario=2026_07_29_02_32_08 timestamp=000126 receiver=20 cavs=[20, 5] pred_boxes=22 gt_boxes=33 comm_bytes=40752
sgcp_late_fusion frame=34/41 scenario=2026_07_29_02_32_08 timestamp=000126 sources=7 fused_pred_boxes=67 fused_gt_boxes=68
frame=35/41 late_source=1/7 scenario=2026_07_29_02_32_08 timestamp=000128 receiver=1 cavs=[1, 11, 2] pred_boxes=25 gt_boxes=46 comm_bytes=163616
frame=35/41 late_source=2/7 scenario=2026_07_29_02_32_08 timestamp=000128 receiver=10 cavs=[10, 9] pred_boxes=24 gt_boxes=37 comm_bytes=51520
frame=35/41 late_source=3/7 scenario=2026_07_29_02_32_08 timestamp=000128 receiver=12 cavs=[12, 7, 4] pred_boxes=15 gt_boxes=49 comm_bytes=147360
frame=35/41 late_source=4/7 scenario=2026_07_29_02_32_08 timestamp=000128 receiver=13 cavs=[13, 14] pred_boxes=1 gt_boxes=12 comm_bytes=81728
frame=35/41 late_source=5/7 scenario=2026_07_29_02_32_08 timestamp=000128 receiver=15 cavs=[15, 6] pred_boxes=19 gt_boxes=30 comm_bytes=83648
frame=35/41 late_source=6/7 scenario=2026_07_29_02_32_08 timestamp=000128 receiver=17 cavs=[17, 3, 16] pred_boxes=13 gt_boxes=24 comm_bytes=172944
frame=35/41 late_source=7/7 scenario=2026_07_29_02_32_08 timestamp=000128 receiver=20 cavs=[20, 5] pred_boxes=21 gt_boxes=33 comm_bytes=41584
sgcp_late_fusion frame=35/41 scenario=2026_07_29_02_32_08 timestamp=000128 sources=7 fused_pred_boxes=67 fused_gt_boxes=68
frame=36/41 late_source=1/7 scenario=2026_07_29_02_32_08 timestamp=000130 receiver=1 cavs=[1, 11, 2] pred_boxes=26 gt_boxes=45 comm_bytes=163568
frame=36/41 late_source=2/7 scenario=2026_07_29_02_32_08 timestamp=000130 receiver=10 cavs=[10, 9] pred_boxes=22 gt_boxes=37 comm_bytes=51632
frame=36/41 late_source=3/7 scenario=2026_07_29_02_32_08 timestamp=000130 receiver=12 cavs=[12, 7, 4] pred_boxes=16 gt_boxes=48 comm_bytes=146912
frame=36/41 late_source=4/7 scenario=2026_07_29_02_32_08 timestamp=000130 receiver=13 cavs=[13, 14] pred_boxes=0 gt_boxes=13 comm_bytes=81376
frame=36/41 late_source=5/7 scenario=2026_07_29_02_32_08 timestamp=000130 receiver=15 cavs=[15, 6] pred_boxes=18 gt_boxes=29 comm_bytes=82656
frame=36/41 late_source=6/7 scenario=2026_07_29_02_32_08 timestamp=000130 receiver=17 cavs=[17, 3, 16] pred_boxes=12 gt_boxes=23 comm_bytes=171264
frame=36/41 late_source=7/7 scenario=2026_07_29_02_32_08 timestamp=000130 receiver=20 cavs=[20, 5] pred_boxes=21 gt_boxes=32 comm_bytes=43168
sgcp_late_fusion frame=36/41 scenario=2026_07_29_02_32_08 timestamp=000130 sources=7 fused_pred_boxes=66 fused_gt_boxes=67
frame=37/41 late_source=1/6 scenario=2026_07_29_02_32_08 timestamp=000132 receiver=1 cavs=[1, 11, 2] pred_boxes=26 gt_boxes=45 comm_bytes=163472
frame=37/41 late_source=2/6 scenario=2026_07_29_02_32_08 timestamp=000132 receiver=12 cavs=[12, 7, 4] pred_boxes=15 gt_boxes=47 comm_bytes=147152
frame=37/41 late_source=3/6 scenario=2026_07_29_02_32_08 timestamp=000132 receiver=13 cavs=[13, 10, 9] pred_boxes=12 gt_boxes=37 comm_bytes=165904
frame=37/41 late_source=4/6 scenario=2026_07_29_02_32_08 timestamp=000132 receiver=15 cavs=[15, 6] pred_boxes=21 gt_boxes=29 comm_bytes=83056
frame=37/41 late_source=5/6 scenario=2026_07_29_02_32_08 timestamp=000132 receiver=17 cavs=[17, 3, 16] pred_boxes=14 gt_boxes=23 comm_bytes=169184
frame=37/41 late_source=6/6 scenario=2026_07_29_02_32_08 timestamp=000132 receiver=20 cavs=[20, 5] pred_boxes=24 gt_boxes=33 comm_bytes=44208
sgcp_late_fusion frame=37/41 scenario=2026_07_29_02_32_08 timestamp=000132 sources=6 fused_pred_boxes=65 fused_gt_boxes=67
frame=38/41 late_source=1/6 scenario=2026_07_29_02_32_08 timestamp=000134 receiver=1 cavs=[1, 11, 2] pred_boxes=26 gt_boxes=45 comm_bytes=163328
frame=38/41 late_source=2/6 scenario=2026_07_29_02_32_08 timestamp=000134 receiver=12 cavs=[12, 7, 4] pred_boxes=14 gt_boxes=47 comm_bytes=147472
frame=38/41 late_source=3/6 scenario=2026_07_29_02_32_08 timestamp=000134 receiver=13 cavs=[13, 10, 9] pred_boxes=13 gt_boxes=37 comm_bytes=165968
frame=38/41 late_source=4/6 scenario=2026_07_29_02_32_08 timestamp=000134 receiver=15 cavs=[15, 6] pred_boxes=19 gt_boxes=31 comm_bytes=82384
frame=38/41 late_source=5/6 scenario=2026_07_29_02_32_08 timestamp=000134 receiver=17 cavs=[17, 3, 16] pred_boxes=12 gt_boxes=23 comm_bytes=166800Format = auto
Extension = pcd
Format = auto
Extension = pcd
Format = auto
Extension = pcd
Format = auto
Extension = pcd
Format = auto
Extension = pcd
Format = auto
Extension = pcd
Format = auto
Extension = pcd
Format = auto
Extension = pcd
Format = auto
Extension = pcd
Format = auto
Extension = pcd
Format = auto
Extension = pcd
Format = auto
Extension = pcd
Format = auto
Extension = pcd
Format = auto
Extension = pcd
Format = auto
Extension = pcd
Format = auto
Extension = pcd
Format = auto
Extension = pcd
Format = auto
Extension = pcd
Format = auto
Extension = pcd
Format = auto
Extension = pcd
Format = auto
Extension = pcd
Format = auto
Extension = pcd
Format = auto
Extension = pcd
Format = auto
Extension = pcd
Format = auto
Extension = pcd
Format = auto
Extension = pcd
Format = auto
Extension = pcd
Format = auto
Extension = pcd
Format = auto
Extension = pcd
Format = auto
Extension = pcd
Format = auto
Extension = pcd
Format = auto
Extension = pcd
Format = auto
Extension = pcd
Format = auto
Extension = pcd
Format = auto
Extension = pcd
Format = auto
Extension = pcd
Format = auto
Extension = pcd
Format = auto
Extension = pcd
Format = auto
Extension = pcd
Format = auto
Extension = pcd
Format = auto
Extension = pcd
Format = auto
Extension = pcd
Format = auto
Extension = pcd
Format = auto
Extension = pcd
Format = auto
Extension = pcd
Format = auto
Extension = pcd
Format = auto
Extension = pcd
Format = auto
Extension = pcd
Format = auto
Extension = pcd
Format = auto
Extension = pcd
Format = auto
Extension = pcd
Format = auto
Extension = pcd
Format = auto
Extension = pcd
Format = auto
Extension = pcd
Format = auto
Extension = pcd
Format = auto
Extension = pcd
Format = auto
Extension = pcd
Format = auto
Extension = pcd
Format = auto
Extension = pcd
Format = auto
Extension = pcd

frame=38/41 late_source=6/6 scenario=2026_07_29_02_32_08 timestamp=000134 receiver=20 cavs=[20, 5] pred_boxes=23 gt_boxes=33 comm_bytes=45024
sgcp_late_fusion frame=38/41 scenario=2026_07_29_02_32_08 timestamp=000134 sources=6 fused_pred_boxes=63 fused_gt_boxes=67
frame=39/41 late_source=1/6 scenario=2026_07_29_02_32_08 timestamp=000136 receiver=1 cavs=[1, 11, 2] pred_boxes=27 gt_boxes=46 comm_bytes=163120
frame=39/41 late_source=2/6 scenario=2026_07_29_02_32_08 timestamp=000136 receiver=12 cavs=[12, 7, 4] pred_boxes=14 gt_boxes=46 comm_bytes=147872
frame=39/41 late_source=3/6 scenario=2026_07_29_02_32_08 timestamp=000136 receiver=13 cavs=[13, 10, 9] pred_boxes=11 gt_boxes=36 comm_bytes=165952
frame=39/41 late_source=4/6 scenario=2026_07_29_02_32_08 timestamp=000136 receiver=15 cavs=[15, 6] pred_boxes=22 gt_boxes=31 comm_bytes=82144
frame=39/41 late_source=5/6 scenario=2026_07_29_02_32_08 timestamp=000136 receiver=17 cavs=[17, 18, 16] pred_boxes=12 gt_boxes=23 comm_bytes=151248
frame=39/41 late_source=6/6 scenario=2026_07_29_02_32_08 timestamp=000136 receiver=20 cavs=[20, 5] pred_boxes=23 gt_boxes=34 comm_bytes=46224
sgcp_late_fusion frame=39/41 scenario=2026_07_29_02_32_08 timestamp=000136 sources=6 fused_pred_boxes=64 fused_gt_boxes=67
frame=40/41 late_source=1/6 scenario=2026_07_29_02_32_08 timestamp=000138 receiver=1 cavs=[1, 11, 2] pred_boxes=27 gt_boxes=47 comm_bytes=163024
frame=40/41 late_source=2/6 scenario=2026_07_29_02_32_08 timestamp=000138 receiver=12 cavs=[12, 7, 4] pred_boxes=14 gt_boxes=47 comm_bytes=148256
frame=40/41 late_source=3/6 scenario=2026_07_29_02_32_08 timestamp=000138 receiver=13 cavs=[13, 10, 9] pred_boxes=12 gt_boxes=36 comm_bytes=165984
frame=40/41 late_source=4/6 scenario=2026_07_29_02_32_08 timestamp=000138 receiver=15 cavs=[15, 6] pred_boxes=22 gt_boxes=31 comm_bytes=82176
frame=40/41 late_source=5/6 scenario=2026_07_29_02_32_08 timestamp=000138 receiver=17 cavs=[17, 3, 16] pred_boxes=13 gt_boxes=22 comm_bytes=160704
frame=40/41 late_source=6/6 scenario=2026_07_29_02_32_08 timestamp=000138 receiver=20 cavs=[20, 5] pred_boxes=23 gt_boxes=34 comm_bytes=46544
sgcp_late_fusion frame=40/41 scenario=2026_07_29_02_32_08 timestamp=000138 sources=6 fused_pred_boxes=66 fused_gt_boxes=67
frame=41/41 late_source=1/6 scenario=2026_07_29_02_32_08 timestamp=000140 receiver=1 cavs=[1, 11, 2] pred_boxes=27 gt_boxes=46 comm_bytes=163120
frame=41/41 late_source=2/6 scenario=2026_07_29_02_32_08 timestamp=000140 receiver=12 cavs=[12, 7, 4] pred_boxes=14 gt_boxes=47 comm_bytes=149072
frame=41/41 late_source=3/6 scenario=2026_07_29_02_32_08 timestamp=000140 receiver=13 cavs=[13, 10, 9] pred_boxes=10 gt_boxes=35 comm_bytes=166016
frame=41/41 late_source=4/6 scenario=2026_07_29_02_32_08 timestamp=000140 receiver=15 cavs=[15, 6] pred_boxes=19 gt_boxes=30 comm_bytes=81968
frame=41/41 late_source=5/6 scenario=2026_07_29_02_32_08 timestamp=000140 receiver=17 cavs=[17, 3, 16] pred_boxes=12 gt_boxes=23 comm_bytes=159200
frame=41/41 late_source=6/6 scenario=2026_07_29_02_32_08 timestamp=000140 receiver=20 cavs=[20, 5] pred_boxes=23 gt_boxes=34 comm_bytes=46256
sgcp_late_fusion frame=41/41 scenario=2026_07_29_02_32_08 timestamp=000140 sources=6 fused_pred_boxes=64 fused_gt_boxes=66
cp counter: 41
Evaluate final average precision results:
  - Fusion method: early
  - The Average Precision at IOU 0.3 is 0.85, The Average Precision at IOU 0.5 is 0.81, The Average Precision at IOU 0.7 is 0.65
sgcp_summary frames=272 avg_comm_bytes=111874.06 total_comm_bytes=30429744 avg_source_cavs=2.51 avg_selected_grids=22.61
