conda.exe : C:\Users\sakakibara\miniconda3\envs\opencda\lib\site-packages\torch\nn\functional.py:1806: UserWarning: nn.
functional.sigmoid is deprecated. Use torch.sigmoid instead.
At C:\Users\sakakibara\miniconda3\shell\condabin\Conda.psm1:194 char:17
+ ...             & $Env:CONDA_EXE $Env:_CE_M $Env:_CE_CONDA $Command @Othe ...
+                 ~~~~~~~~~~~~~~~~~~~~~~~~~~~~~~~~~~~~~~~~~~~~~~~~~~~~~~~~~
    + CategoryInfo          : NotSpecified: (C:\Users\sakaki...igmoid instead.:String) [], RemoteException
    + FullyQualifiedErrorId : NativeCommandError
 
  warnings.warn("nn.functional.sigmoid is deprecated. Use torch.sigmoid instead.")
Format = auto
Extension = pcd
Format = auto
Extension = pcd
Format = auto
Extension = pcd
Format = auto
Extension = pcd
Format = auto
Extension = pcd
Format = auto
Extension = pcd
Format = auto
Extension = pcd
Format = auto
Extension = pcd
Format = auto
Extension = pcd
Format = auto
Extension = pcd
Format = auto
Extension = pcd
Format = auto
Extension = pcd
Format = auto
Extension = pcd
Format = auto
Extension = pcd
Format = auto
Extension = pcd
Format = auto
Extension = pcd
Format = auto
Extension = pcd
Format = auto
Extension = pcd
Format = auto
Extension = pcd
Format = auto
Extension = pcd
Format = auto
Extension = pcd
Format = auto
Extension = pcd
Format = auto
Extension = pcd
Format = auto
Extension = pcd
Format = auto
Extension = pcd
Format = auto
Extension = pcd
Format = auto
Extension = pcd
Format = auto
Extension = pcd
Format = auto
Extension = pcd
Format = auto
Extension = pcd
Format = auto
Extension = pcd
Format = auto
Extension = pcd
Format = auto
Extension = pcd
Format = auto
Extension = pcd
Format = auto
Extension = pcd
Format = auto
Extension = pcd
Format = auto
Extension = pcd
Format = auto
Extension = pcd
Format = auto
Extension = pcd
Format = auto
Extension = pcd
Format = auto
Extension = pcd
Format = auto
Extension = pcd
Format = auto
Extension = pcd
Format = auto
Extension = pcd
Format = auto
Extension = pcd
Format = auto
Extension = pcd
Format = auto
Extension = pcd
Format = auto
Extension = pcd
Format = auto
Extension = pcd
Format = auto
Extension = pcd
Format = auto
Extension = pcd
Format = auto
Extension = pcd
Format = auto
Extension = pcd
Format = auto
Extension = pcd
Format = auto
Extension = pcd
Format = auto
Extension = pcd
Format = auto
Extension = pcd
Format = auto
Extension = pcd
Format = auto
Extension = pcd
Format = auto
Extension = pcd
Format = auto
Extension = pcd
Format = auto
Extension = pcd
Format = auto
Extension = pcd
Format = auto
Extension = pcd
Format = auto
Extension = pcd
Format = auto
Extension = pcd
Format = auto
Extension = pcd
Format = auto
Extension = pcd
Format = auto
Extension = pcd
Format = auto
Extension = pcd
Format = auto
Extension = pcd
Format = auto
Extension = pcd
Format = auto
Extension = pcd
Format = auto
Extension = pcd
Format = auto
Extension = pcd
Format = auto
Extension = pcd
Format = auto
Extension = pcd
Format = auto
Extension = pcd
Format = auto
Extension = pcd
Format = auto
Extension = pcd
Format = auto
Extension = pcd
Format = auto
Extension = pcd
Format = auto
Extension = pcd
Format = auto
Extension = pcd
Format = auto
Extension = pcd
Format = auto
Extension = pcd
Format = auto
Extension = pcd
Format = auto
Extension = pcd
Format = auto
Extension = pcd
Format = auto
Extension = pcd
Format = auto
Extension = pcd
Format = auto
Extension = pcd
Format = auto
Extension = pcd
Format = auto
Extension = pcd
Format = auto
Extension = pcd
Format = auto
Extension = pcd
Format = auto
Extension = pcd
Format = auto
Extension = pcd
Format = auto
Extension = pcd
Format = auto
Extension = pcd
Format = auto
Extension = pcd
Format = auto
Extension = pcd
Format = auto
Extension = pcd
Format = auto
Extension = pcd
Format = auto
Extension = pcd
Format = auto
Extension = pcd
Format = auto
Extension = pcd
Format = auto
Extension = pcd
Format = auto
Extension = pcd
Format = auto
Extension = pcd
Format = auto
Extension = pcd
Format = auto
Extension = pcd
Format = auto
Extension = pcd
Format = auto
Extension = pcd
Format = auto
Extension = pcd
Format = auto
Extension = pcd
Format = auto
Extension = pcd
Format = auto
Extension = pcd
Format = auto
Extension = pcd
Format = auto
Extension = pcd
Format = auto
Extension = pcd
Format = auto
Extension = pcd
Format = auto
Extension = pcd
Format = auto
Extension = pcd
Format = auto
Extension = pcd
Format = auto
Extension = pcd
Format = auto
Extension = pcd
Format = auto
Extension = pcd
Format = auto
Extension = pcd
Format = auto
Extension = pcd
Format = auto
Extension = pcd
Format = auto
Extension = pcd
Format = auto
Extension = pcd
Format = auto
Extension = pcd
Format = auto
Extension = pcd
Format = auto
Extension = pcd
Format = auto
Extension = pcd
Format = auto
Extension = pcd
Format = auto
Extension = pcd
Format = auto
Extension = pcd
Format = auto
Extension = pcd
Format = auto
Extension = pcd
Format = auto
Extension = pcd
Format = auto
Extension = pcd
Format = auto
Extension = pcd
Format = auto
Extension = pcd
Format = auto
Extension = pcd
Format = auto
Extension = pcd
Format = auto
Extension = pcd
Format = auto
Extension = pcd
Format = auto
Extension = pcd
Format = auto
Extension = pcd
Format = auto
Extension = pcd
Format = auto
Extension = pcd
Format = auto
Extension = pcd
Format = auto
Extension = pcd
Format = auto
Extension = pcd
Format = auto
Extension = pcd
Format = auto
Extension = pcd
Format = auto
Extension = pcd
Format = auto
Extension = pcd
Format = auto
Extension = pcd
Format = auto
Extension = pcd
Format = auto
Extension = pcd
Format = auto
Extension = pcd
Format = auto
Extension = pcd
Format = auto
Extension = pcd
Format = auto
Extension = pcd
Format = auto
Extension = pcd
Format = auto
Extension = pcd
Format = auto
Extension = pcd
Format = auto
Extension = pcd
Format = auto
Extension = pcd
Format = auto
Extension = pcd
Format = auto
Extension = pcd
Format = auto
Extension = pcd
Format = auto
Extension = pcd
Format = auto
Extension = pcd
Format = auto
Extension = pcd
Format = auto
Extension = pcd
resuming by loading epoch 10000
frame=1/41 late_source=1/6 scenario=2026_07_15_01_26_56 timestamp=000060 receiver=4 cavs=[4, 8] pred_boxes=9 gt_boxes=36 comm_bytes=76544
frame=1/41 late_source=2/6 scenario=2026_07_15_01_26_56 timestamp=000060 receiver=11 cavs=[11, 9] pred_boxes=12 gt_boxes=26 comm_bytes=77168
frame=1/41 late_source=3/6 scenario=2026_07_15_01_26_56 timestamp=000060 receiver=13 cavs=[13, 5] pred_boxes=1 gt_boxes=20 comm_bytes=77312
frame=1/41 late_source=4/6 scenario=2026_07_15_01_26_56 timestamp=000060 receiver=15 cavs=[15, 6] pred_boxes=12 gt_boxes=17 comm_bytes=71760
frame=1/41 late_source=5/6 scenario=2026_07_15_01_26_56 timestamp=000060 receiver=16 cavs=[16, 7] pred_boxes=9 gt_boxes=29 comm_bytes=74048
frame=1/41 late_source=6/6 scenario=2026_07_15_01_26_56 timestamp=000060 receiver=17 cavs=[17, 18] pred_boxes=1 gt_boxes=11 comm_bytes=79600
sgcp_late_fusion frame=1/41 scenario=2026_07_15_01_26_56 timestamp=000060 sources=6 fused_pred_boxes=41 fused_gt_boxes=64
frame=2/41 late_source=1/6 scenario=2026_07_15_01_26_56 timestamp=000062 receiver=1 cavs=[1, 11] pred_boxes=17 gt_boxes=29 comm_bytes=72960
frame=2/41 late_source=2/6 scenario=2026_07_15_01_26_56 timestamp=000062 receiver=12 cavs=[12, 8] pred_boxes=7 gt_boxes=33 comm_bytes=76880
frame=2/41 late_source=3/6 scenario=2026_07_15_01_26_56 timestamp=000062 receiver=15 cavs=[15, 6] pred_boxes=12 gt_boxes=17 comm_bytes=71648
frame=2/41 late_source=4/6 scenario=2026_07_15_01_26_56 timestamp=000062 receiver=16 cavs=[16, 5] pred_boxes=7 gt_boxes=29 comm_bytes=73072
frame=2/41 late_source=5/6 scenario=2026_07_15_01_26_56 timestamp=000062 receiver=17 cavs=[17, 18] pred_boxes=1 gt_boxes=10 comm_bytes=79824
frame=2/41 late_source=6/6 scenario=2026_07_15_01_26_56 timestamp=000062 receiver=19 cavs=[19, 10] pred_boxes=6 gt_boxes=32 comm_bytes=78160
sgcp_late_fusion frame=2/41 scenario=2026_07_15_01_26_56 timestamp=000062 sources=6 fused_pred_boxes=48 fused_gt_boxes=68
frame=3/41 late_source=1/6 scenario=2026_07_15_01_26_56 timestamp=000064 receiver=1 cavs=[1, 11] pred_boxes=16 gt_boxes=28 comm_bytes=73008
frame=3/41 late_source=2/6 scenario=2026_07_15_01_26_56 timestamp=000064 receiver=12 cavs=[12, 8] pred_boxes=9 gt_boxes=32 comm_bytes=76800
frame=3/41 late_source=3/6 scenario=2026_07_15_01_26_56 timestamp=000064 receiver=15 cavs=[15, 6] pred_boxes=11 gt_boxes=17 comm_bytes=72192
frame=3/41 late_source=4/6 scenario=2026_07_15_01_26_56 timestamp=000064 receiver=16 cavs=[16, 5] pred_boxes=7 gt_boxes=28 comm_bytes=72592
frame=3/41 late_source=5/6 scenario=2026_07_15_01_26_56 timestamp=000064 receiver=17 cavs=[17, 18] pred_boxes=1 gt_boxes=10 comm_bytes=79840
frame=3/41 late_source=6/6 scenario=2026_07_15_01_26_56 timestamp=000064 receiver=19 cavs=[19, 10] pred_boxes=7 gt_boxes=31 comm_bytes=78000
sgcp_late_fusion frame=3/41 scenario=2026_07_15_01_26_56 timestamp=000064 sources=6 fused_pred_boxes=49 fused_gt_boxes=69
frame=4/41 late_source=1/6 scenario=2026_07_15_01_26_56 timestamp=000066 receiver=1 cavs=[1, 11] pred_boxes=16 gt_boxes=30 comm_bytes=73008
frame=4/41 late_source=2/6 scenario=2026_07_15_01_26_56 timestamp=000066 receiver=12 cavs=[12, 8] pred_boxes=6 gt_boxes=33 comm_bytes=76832
frame=4/41 late_source=3/6 scenario=2026_07_15_01_26_56 timestamp=000066 receiver=15 cavs=[15, 6] pred_boxes=12 gt_boxes=17 comm_bytes=72112
frame=4/41 late_source=4/6 scenario=2026_07_15_01_26_56 timestamp=000066 receiver=16 cavs=[16, 5] pred_boxes=6 gt_boxes=28 comm_bytes=72304
frame=4/41 late_source=5/6 scenario=2026_07_15_01_26_56 timestamp=000066 receiver=17 cavs=[17, 18] pred_boxes=0 gt_boxes=10 comm_bytes=79632
frame=4/41 late_source=6/6 scenario=2026_07_15_01_26_56 timestamp=000066 receiver=19 cavs=[19, 10] pred_boxes=6 gt_boxes=32 comm_bytes=78032
sgcp_late_fusion frame=4/41 scenario=2026_07_15_01_26_56 timestamp=000066 sources=6 fused_pred_boxes=43 fused_gt_boxes=69
frame=5/41 late_source=1/6 scenario=2026_07_15_01_26_56 timestamp=000068 receiver=1 cavs=[1, 8] pred_boxes=10 gt_boxes=31 comm_bytes=69616
frame=5/41 late_source=2/6 scenario=2026_07_15_01_26_56 timestamp=000068 receiver=4 cavs=[4, 12] pred_boxes=11 gt_boxes=35 comm_bytes=36688
frame=5/41 late_source=3/6 scenario=2026_07_15_01_26_56 timestamp=000068 receiver=13 cavs=[13, 9] pred_boxes=4 gt_boxes=26 comm_bytes=60336
frame=5/41 late_source=4/6 scenario=2026_07_15_01_26_56 timestamp=000068 receiver=15 cavs=[15, 6] pred_boxes=12 gt_boxes=16 comm_bytes=72224
frame=5/41 late_source=5/6 scenario=2026_07_15_01_26_56 timestamp=000068 receiver=16 cavs=[16, 5] pred_boxes=8 gt_boxes=27 comm_bytes=72352
frame=5/41 late_source=6/6 scenario=2026_07_15_01_26_56 timestamp=000068 receiver=17 cavs=[17, 18] pred_boxes=2 gt_boxes=10 comm_bytes=79840
sgcp_late_fusion frame=5/41 scenario=2026_07_15_01_26_56 timestamp=000068 sources=6 fused_pred_boxes=42 fused_gt_boxes=68
frame=6/41 late_source=1/6 scenario=2026_07_15_01_26_56 timestamp=000070 receiver=1 cavs=[1, 4] pred_boxes=16 gt_boxes=34 comm_bytes=77232
frame=6/41 late_source=2/6 scenario=2026_07_15_01_26_56 timestamp=000070 receiver=11 cavs=[11, 8] pred_boxes=15 gt_boxes=32 comm_bytes=76016
frame=6/41 late_source=3/6 scenario=2026_07_15_01_26_56 timestamp=000070 receiver=13 cavs=[13, 9] pred_boxes=4 gt_boxes=25 comm_bytes=60256
frame=6/41 late_source=4/6 scenario=2026_07_15_01_26_56 timestamp=000070 receiver=15 cavs=[15, 6] pred_boxes=12 gt_boxes=16 comm_bytes=72160
frame=6/41 late_source=5/6 scenario=2026_07_15_01_26_56 timestamp=000070 receiver=16 cavs=[16, 5] pred_boxes=7 gt_boxes=27 comm_bytes=72144
frame=6/41 late_source=6/6 scenario=2026_07_15_01_26_56 timestamp=000070 receiver=17 cavs=[17, 18] pred_boxes=1 gt_boxes=10 comm_bytes=80368
sgcp_late_fusion frame=6/41 scenario=2026_07_15_01_26_56 timestamp=000070 sources=6 fused_pred_boxes=45 fused_gt_boxes=66
frame=7/41 late_source=1/6 scenario=2026_07_15_01_26_56 timestamp=000072 receiver=1 cavs=[1, 8] pred_boxes=9 gt_boxes=32 comm_bytes=69712
frame=7/41 late_source=2/6 scenario=2026_07_15_01_26_56 timestamp=000072 receiver=4 cavs=[4, 12] pred_boxes=7 gt_boxes=34 comm_bytes=39200
frame=7/41 late_source=3/6 scenario=2026_07_15_01_26_56 timestamp=000072 receiver=13 cavs=[13, 9] pred_boxes=4 gt_boxes=24 comm_bytes=60304
frame=7/41 late_source=4/6 scenario=2026_07_15_01_26_56 timestamp=000072 receiver=15 cavs=[15, 6] pred_boxes=11 gt_boxes=18 comm_bytes=71920
frame=7/41 late_source=5/6 scenario=2026_07_15_01_26_56 timestamp=000072 receiver=16 cavs=[16, 5] pred_boxes=7 gt_boxes=26 comm_bytes=72288
frame=7/41 late_source=6/6 scenario=2026_07_15_01_26_56 timestamp=000072 receiver=17 cavs=[17, 18] pred_boxes=0 gt_boxes=10 comm_bytes=79712
sgcp_late_fusion frame=7/41 scenario=2026_07_15_01_26_56 timestamp=000072 sources=6 fused_pred_boxes=36 fused_gt_boxes=68
frame=8/41 late_source=1/6 scenario=2026_07_15_01_26_56 timestamp=000074 receiver=1 cavs=[1, 8] pred_boxes=9 gt_boxes=32 comm_bytes=70160
frame=8/41 late_source=2/6 scenario=2026_07_15_01_26_56 timestamp=000074 receiver=12 cavs=[12] pred_boxes=6 gt_boxes=19 comm_bytes=0
frame=8/41 late_source=3/6 scenario=2026_07_15_01_26_56 timestamp=000074 receiver=13 cavs=[13, 9] pred_boxes=5 gt_boxes=25 comm_bytes=60320
frame=8/41 late_source=4/6 scenario=2026_07_15_01_26_56 timestamp=000074 receiver=15 cavs=[15, 6] pred_boxes=12 gt_boxes=18 comm_bytes=71856
frame=8/41 late_source=5/6 scenario=2026_07_15_01_26_56 timestamp=000074 receiver=17 cavs=[17, 18] pred_boxes=0 gt_boxes=10 comm_bytes=79392
frame=8/41 late_source=6/6 scenario=2026_07_15_01_26_56 timestamp=000074 receiver=20 cavs=[20, 7] pred_boxes=16 gt_boxes=26 comm_bytes=74000
sgcp_late_fusion frame=8/41 scenario=2026_07_15_01_26_56 timestamp=000074 sources=6 fused_pred_boxes=43 fused_gt_boxes=68
frame=9/41 late_source=1/6 scenario=2026_07_15_01_26_56 timestamp=000076 receiver=1 cavs=[1, 8] pred_boxes=10 gt_boxes=32 comm_bytes=70144
frame=9/41 late_source=2/6 scenario=2026_07_15_01_26_56 timestamp=000076 receiver=4 cavs=[4, 12] pred_boxes=8 gt_boxes=33 comm_bytes=42272
frame=9/41 late_source=3/6 scenario=2026_07_15_01_26_56 timestamp=000076 receiver=13 cavs=[13, 5] pred_boxes=2 gt_boxes=21 comm_bytes=77504Format = auto
Extension = pcd
Format = auto
Extension = pcd
Format = auto
Extension = pcd
Format = auto
Extension = pcd
Format = auto
Extension = pcd
Format = auto
Extension = pcd
Format = auto
Extension = pcd
Format = auto
Extension = pcd
Format = auto
Extension = pcd
Format = auto
Extension = pcd
Format = auto
Extension = pcd
Format = auto
Extension = pcd
Format = auto
Extension = pcd
Format = auto
Extension = pcd
Format = auto
Extension = pcd
Format = auto
Extension = pcd
Format = auto
Extension = pcd
Format = auto
Extension = pcd
Format = auto
Extension = pcd
Format = auto
Extension = pcd
Format = auto
Extension = pcd
Format = auto
Extension = pcd
Format = auto
Extension = pcd
Format = auto
Extension = pcd
Format = auto
Extension = pcd
Format = auto
Extension = pcd
Format = auto
Extension = pcd
Format = auto
Extension = pcd
Format = auto
Extension = pcd
Format = auto
Extension = pcd
Format = auto
Extension = pcd
Format = auto
Extension = pcd
Format = auto
Extension = pcd
Format = auto
Extension = pcd
Format = auto
Extension = pcd
Format = auto
Extension = pcd
Format = auto
Extension = pcd
Format = auto
Extension = pcd
Format = auto
Extension = pcd
Format = auto
Extension = pcd
Format = auto
Extension = pcd
Format = auto
Extension = pcd
Format = auto
Extension = pcd
Format = auto
Extension = pcd
Format = auto
Extension = pcd
Format = auto
Extension = pcd
Format = auto
Extension = pcd
Format = auto
Extension = pcd
Format = auto
Extension = pcd
Format = auto
Extension = pcd
Format = auto
Extension = pcd
Format = auto
Extension = pcd
Format = auto
Extension = pcd
Format = auto
Extension = pcd
Format = auto
Extension = pcd
Format = auto
Extension = pcd
Format = auto
Extension = pcd
Format = auto
Extension = pcd
Format = auto
Extension = pcd
Format = auto
Extension = pcd
Format = auto
Extension = pcd
Format = auto
Extension = pcd
Format = auto
Extension = pcd
Format = auto
Extension = pcd
Format = auto
Extension = pcd
Format = auto
Extension = pcd
Format = auto
Extension = pcd
Format = auto
Extension = pcd
Format = auto
Extension = pcd
Format = auto
Extension = pcd
Format = auto
Extension = pcd
Format = auto
Extension = pcd
Format = auto
Extension = pcd
Format = auto
Extension = pcd
Format = auto
Extension = pcd
Format = auto
Extension = pcd
Format = auto
Extension = pcd
Format = auto
Extension = pcd
Format = auto
Extension = pcd
Format = auto
Extension = pcd
Format = auto
Extension = pcd
Format = auto
Extension = pcd
Format = auto
Extension = pcd
Format = auto
Extension = pcd
Format = auto
Extension = pcd
Format = auto
Extension = pcd
Format = auto
Extension = pcd
Format = auto
Extension = pcd
Format = auto
Extension = pcd
Format = auto
Extension = pcd
Format = auto
Extension = pcd
Format = auto
Extension = pcd
Format = auto
Extension = pcd
Format = auto
Extension = pcd
Format = auto
Extension = pcd
Format = auto
Extension = pcd
Format = auto
Extension = pcd
Format = auto
Extension = pcd
Format = auto
Extension = pcd
Format = auto
Extension = pcd
Format = auto
Extension = pcd
Format = auto
Extension = pcd
Format = auto
Extension = pcd
Format = auto
Extension = pcd
Format = auto
Extension = pcd
Format = auto
Extension = pcd
Format = auto
Extension = pcd
Format = auto
Extension = pcd
Format = auto
Extension = pcd
Format = auto
Extension = pcd
Format = auto
Extension = pcd
Format = auto
Extension = pcd
Format = auto
Extension = pcd
Format = auto
Extension = pcd
Format = auto
Extension = pcd
Format = auto
Extension = pcd
Format = auto
Extension = pcd
Format = auto
Extension = pcd
Format = auto
Extension = pcd
Format = auto
Extension = pcd
Format = auto
Extension = pcd
Format = auto
Extension = pcd
Format = auto
Extension = pcd
Format = auto
Extension = pcd
Format = auto
Extension = pcd
Format = auto
Extension = pcd
Format = auto
Extension = pcd
Format = auto
Extension = pcd
Format = auto
Extension = pcd
Format = auto
Extension = pcd
Format = auto
Extension = pcd
Format = auto
Extension = pcd
Format = auto
Extension = pcd
Format = auto
Extension = pcd
Format = auto
Extension = pcd
Format = auto
Extension = pcd
Format = auto
Extension = pcd
Format = auto
Extension = pcd
Format = auto
Extension = pcd
Format = auto
Extension = pcd
Format = auto
Extension = pcd
Format = auto
Extension = pcd
Format = auto
Extension = pcd
Format = auto
Extension = pcd
Format = auto
Extension = pcd
Format = auto
Extension = pcd
Format = auto
Extension = pcd
Format = auto
Extension = pcd
Format = auto
Extension = pcd
Format = auto
Extension = pcd
Format = auto
Extension = pcd
Format = auto
Extension = pcd
Format = auto
Extension = pcd
Format = auto
Extension = pcd
Format = auto
Extension = pcd
Format = auto
Extension = pcd
Format = auto
Extension = pcd
Format = auto
Extension = pcd
Format = auto
Extension = pcd
Format = auto
Extension = pcd

frame=9/41 late_source=4/6 scenario=2026_07_15_01_26_56 timestamp=000076 receiver=15 cavs=[15, 6] pred_boxes=11 gt_boxes=18 comm_bytes=72208
frame=9/41 late_source=5/6 scenario=2026_07_15_01_26_56 timestamp=000076 receiver=16 cavs=[16, 9] pred_boxes=8 gt_boxes=27 comm_bytes=77024
frame=9/41 late_source=6/6 scenario=2026_07_15_01_26_56 timestamp=000076 receiver=17 cavs=[17, 18] pred_boxes=1 gt_boxes=11 comm_bytes=79520
sgcp_late_fusion frame=9/41 scenario=2026_07_15_01_26_56 timestamp=000076 sources=6 fused_pred_boxes=36 fused_gt_boxes=68
frame=10/41 late_source=1/6 scenario=2026_07_15_01_26_56 timestamp=000078 receiver=1 cavs=[1, 8] pred_boxes=11 gt_boxes=32 comm_bytes=70160
frame=10/41 late_source=2/6 scenario=2026_07_15_01_26_56 timestamp=000078 receiver=4 cavs=[4, 12] pred_boxes=8 gt_boxes=35 comm_bytes=43520
frame=10/41 late_source=3/6 scenario=2026_07_15_01_26_56 timestamp=000078 receiver=13 cavs=[13, 9] pred_boxes=4 gt_boxes=25 comm_bytes=60304
frame=10/41 late_source=4/6 scenario=2026_07_15_01_26_56 timestamp=000078 receiver=15 cavs=[15, 6] pred_boxes=13 gt_boxes=19 comm_bytes=72208
frame=10/41 late_source=5/6 scenario=2026_07_15_01_26_56 timestamp=000078 receiver=16 cavs=[16, 5] pred_boxes=7 gt_boxes=26 comm_bytes=72032
frame=10/41 late_source=6/6 scenario=2026_07_15_01_26_56 timestamp=000078 receiver=17 cavs=[17, 18] pred_boxes=3 gt_boxes=11 comm_bytes=79888
sgcp_late_fusion frame=10/41 scenario=2026_07_15_01_26_56 timestamp=000078 sources=6 fused_pred_boxes=42 fused_gt_boxes=69
frame=11/41 late_source=1/6 scenario=2026_07_15_01_26_56 timestamp=000080 receiver=1 cavs=[1, 8] pred_boxes=11 gt_boxes=31 comm_bytes=70176
frame=11/41 late_source=2/6 scenario=2026_07_15_01_26_56 timestamp=000080 receiver=4 cavs=[4, 12] pred_boxes=7 gt_boxes=36 comm_bytes=45376
frame=11/41 late_source=3/6 scenario=2026_07_15_01_26_56 timestamp=000080 receiver=13 cavs=[13, 9] pred_boxes=3 gt_boxes=25 comm_bytes=60224
frame=11/41 late_source=4/6 scenario=2026_07_15_01_26_56 timestamp=000080 receiver=15 cavs=[15, 6] pred_boxes=11 gt_boxes=18 comm_bytes=72192
frame=11/41 late_source=5/6 scenario=2026_07_15_01_26_56 timestamp=000080 receiver=16 cavs=[16, 5] pred_boxes=4 gt_boxes=25 comm_bytes=72128
frame=11/41 late_source=6/6 scenario=2026_07_15_01_26_56 timestamp=000080 receiver=17 cavs=[17] pred_boxes=3 gt_boxes=11 comm_bytes=0
sgcp_late_fusion frame=11/41 scenario=2026_07_15_01_26_56 timestamp=000080 sources=6 fused_pred_boxes=37 fused_gt_boxes=69
frame=12/41 late_source=1/6 scenario=2026_07_15_01_26_56 timestamp=000082 receiver=1 cavs=[1, 8] pred_boxes=9 gt_boxes=31 comm_bytes=70176
frame=12/41 late_source=2/6 scenario=2026_07_15_01_26_56 timestamp=000082 receiver=12 cavs=[12, 7] pred_boxes=12 gt_boxes=33 comm_bytes=78208
frame=12/41 late_source=3/6 scenario=2026_07_15_01_26_56 timestamp=000082 receiver=13 cavs=[13, 9] pred_boxes=4 gt_boxes=25 comm_bytes=60320
frame=12/41 late_source=4/6 scenario=2026_07_15_01_26_56 timestamp=000082 receiver=15 cavs=[15, 6] pred_boxes=13 gt_boxes=18 comm_bytes=72432
frame=12/41 late_source=5/6 scenario=2026_07_15_01_26_56 timestamp=000082 receiver=17 cavs=[17, 3] pred_boxes=4 gt_boxes=17 comm_bytes=64272
frame=12/41 late_source=6/6 scenario=2026_07_15_01_26_56 timestamp=000082 receiver=20 cavs=[20, 5] pred_boxes=10 gt_boxes=26 comm_bytes=23024
sgcp_late_fusion frame=12/41 scenario=2026_07_15_01_26_56 timestamp=000082 sources=6 fused_pred_boxes=43 fused_gt_boxes=69
frame=13/41 late_source=1/6 scenario=2026_07_15_01_26_56 timestamp=000084 receiver=1 cavs=[1, 8] pred_boxes=10 gt_boxes=31 comm_bytes=70176
frame=13/41 late_source=2/6 scenario=2026_07_15_01_26_56 timestamp=000084 receiver=12 cavs=[12, 7] pred_boxes=12 gt_boxes=29 comm_bytes=78272
frame=13/41 late_source=3/6 scenario=2026_07_15_01_26_56 timestamp=000084 receiver=13 cavs=[13, 9] pred_boxes=4 gt_boxes=25 comm_bytes=60272
frame=13/41 late_source=4/6 scenario=2026_07_15_01_26_56 timestamp=000084 receiver=15 cavs=[15, 6] pred_boxes=11 gt_boxes=18 comm_bytes=72496
frame=13/41 late_source=5/6 scenario=2026_07_15_01_26_56 timestamp=000084 receiver=17 cavs=[17, 3] pred_boxes=5 gt_boxes=15 comm_bytes=65344
frame=13/41 late_source=6/6 scenario=2026_07_15_01_26_56 timestamp=000084 receiver=20 cavs=[20, 5] pred_boxes=8 gt_boxes=26 comm_bytes=23280
sgcp_late_fusion frame=13/41 scenario=2026_07_15_01_26_56 timestamp=000084 sources=6 fused_pred_boxes=44 fused_gt_boxes=68
frame=14/41 late_source=1/6 scenario=2026_07_15_01_26_56 timestamp=000086 receiver=1 cavs=[1, 8] pred_boxes=10 gt_boxes=31 comm_bytes=70192
frame=14/41 late_source=2/6 scenario=2026_07_15_01_26_56 timestamp=000086 receiver=12 cavs=[12, 7] pred_boxes=14 gt_boxes=32 comm_bytes=78352
frame=14/41 late_source=3/6 scenario=2026_07_15_01_26_56 timestamp=000086 receiver=13 cavs=[13, 9] pred_boxes=4 gt_boxes=25 comm_bytes=60272
frame=14/41 late_source=4/6 scenario=2026_07_15_01_26_56 timestamp=000086 receiver=15 cavs=[15, 6] pred_boxes=13 gt_boxes=19 comm_bytes=72464
frame=14/41 late_source=5/6 scenario=2026_07_15_01_26_56 timestamp=000086 receiver=17 cavs=[17, 3] pred_boxes=5 gt_boxes=15 comm_bytes=66208
frame=14/41 late_source=6/6 scenario=2026_07_15_01_26_56 timestamp=000086 receiver=20 cavs=[20, 5] pred_boxes=8 gt_boxes=26 comm_bytes=23024
sgcp_late_fusion frame=14/41 scenario=2026_07_15_01_26_56 timestamp=000086 sources=6 fused_pred_boxes=45 fused_gt_boxes=70
frame=15/41 late_source=1/6 scenario=2026_07_15_01_26_56 timestamp=000088 receiver=1 cavs=[1, 8] pred_boxes=9 gt_boxes=31 comm_bytes=70192
frame=15/41 late_source=2/6 scenario=2026_07_15_01_26_56 timestamp=000088 receiver=12 cavs=[12, 7] pred_boxes=15 gt_boxes=32 comm_bytes=78352
frame=15/41 late_source=3/6 scenario=2026_07_15_01_26_56 timestamp=000088 receiver=13 cavs=[13, 9] pred_boxes=3 gt_boxes=25 comm_bytes=60320
frame=15/41 late_source=4/6 scenario=2026_07_15_01_26_56 timestamp=000088 receiver=15 cavs=[15, 6] pred_boxes=12 gt_boxes=19 comm_bytes=71888
frame=15/41 late_source=5/6 scenario=2026_07_15_01_26_56 timestamp=000088 receiver=17 cavs=[17, 3] pred_boxes=5 gt_boxes=15 comm_bytes=66608
frame=15/41 late_source=6/6 scenario=2026_07_15_01_26_56 timestamp=000088 receiver=20 cavs=[20, 5] pred_boxes=12 gt_boxes=27 comm_bytes=23520
sgcp_late_fusion frame=15/41 scenario=2026_07_15_01_26_56 timestamp=000088 sources=6 fused_pred_boxes=49 fused_gt_boxes=70
frame=16/41 late_source=1/6 scenario=2026_07_15_01_26_56 timestamp=000090 receiver=1 cavs=[1, 8] pred_boxes=10 gt_boxes=30 comm_bytes=70224
frame=16/41 late_source=2/6 scenario=2026_07_15_01_26_56 timestamp=000090 receiver=12 cavs=[12, 7] pred_boxes=13 gt_boxes=30 comm_bytes=78480
frame=16/41 late_source=3/6 scenario=2026_07_15_01_26_56 timestamp=000090 receiver=13 cavs=[13, 9] pred_boxes=4 gt_boxes=25 comm_bytes=60304
frame=16/41 late_source=4/6 scenario=2026_07_15_01_26_56 timestamp=000090 receiver=15 cavs=[15, 6] pred_boxes=13 gt_boxes=19 comm_bytes=71536
frame=16/41 late_source=5/6 scenario=2026_07_15_01_26_56 timestamp=000090 receiver=17 cavs=[17, 3] pred_boxes=5 gt_boxes=15 comm_bytes=67104
frame=16/41 late_source=6/6 scenario=2026_07_15_01_26_56 timestamp=000090 receiver=20 cavs=[20, 5] pred_boxes=11 gt_boxes=27 comm_bytes=23328
sgcp_late_fusion frame=16/41 scenario=2026_07_15_01_26_56 timestamp=000090 sources=6 fused_pred_boxes=47 fused_gt_boxes=70
frame=17/41 late_source=1/6 scenario=2026_07_15_01_26_56 timestamp=000092 receiver=1 cavs=[1, 8] pred_boxes=10 gt_boxes=30 comm_bytes=70208
frame=17/41 late_source=2/6 scenario=2026_07_15_01_26_56 timestamp=000092 receiver=12 cavs=[12, 7] pred_boxes=12 gt_boxes=28 comm_bytes=78416
frame=17/41 late_source=3/6 scenario=2026_07_15_01_26_56 timestamp=000092 receiver=13 cavs=[13, 9] pred_boxes=3 gt_boxes=25 comm_bytes=58816
frame=17/41 late_source=4/6 scenario=2026_07_15_01_26_56 timestamp=000092 receiver=15 cavs=[15, 6] pred_boxes=14 gt_boxes=19 comm_bytes=74384
frame=17/41 late_source=5/6 scenario=2026_07_15_01_26_56 timestamp=000092 receiver=17 cavs=[17, 3] pred_boxes=4 gt_boxes=15 comm_bytes=68944
frame=17/41 late_source=6/6 scenario=2026_07_15_01_26_56 timestamp=000092 receiver=20 cavs=[20, 5] pred_boxes=12 gt_boxes=27 comm_bytes=23488Format = auto
Extension = pcd
Format = auto
Extension = pcd
Format = auto
Extension = pcd
Format = auto
Extension = pcd
Format = auto
Extension = pcd
Format = auto
Extension = pcd
Format = auto
Extension = pcd
Format = auto
Extension = pcd
Format = auto
Extension = pcd
Format = auto
Extension = pcd
Format = auto
Extension = pcd
Format = auto
Extension = pcd
Format = auto
Extension = pcd
Format = auto
Extension = pcd
Format = auto
Extension = pcd
Format = auto
Extension = pcd
Format = auto
Extension = pcd
Format = auto
Extension = pcd
Format = auto
Extension = pcd
Format = auto
Extension = pcd
Format = auto
Extension = pcd
Format = auto
Extension = pcd
Format = auto
Extension = pcd
Format = auto
Extension = pcd
Format = auto
Extension = pcd
Format = auto
Extension = pcd
Format = auto
Extension = pcd
Format = auto
Extension = pcd
Format = auto
Extension = pcd
Format = auto
Extension = pcd
Format = auto
Extension = pcd
Format = auto
Extension = pcd
Format = auto
Extension = pcd
Format = auto
Extension = pcd
Format = auto
Extension = pcd
Format = auto
Extension = pcd
Format = auto
Extension = pcd
Format = auto
Extension = pcd
Format = auto
Extension = pcd
Format = auto
Extension = pcd
Format = auto
Extension = pcd
Format = auto
Extension = pcd
Format = auto
Extension = pcd
Format = auto
Extension = pcd
Format = auto
Extension = pcd
Format = auto
Extension = pcd
Format = auto
Extension = pcd
Format = auto
Extension = pcd
Format = auto
Extension = pcd
Format = auto
Extension = pcd
Format = auto
Extension = pcd
Format = auto
Extension = pcd
Format = auto
Extension = pcd
Format = auto
Extension = pcd
Format = auto
Extension = pcd
Format = auto
Extension = pcd
Format = auto
Extension = pcd
Format = auto
Extension = pcd
Format = auto
Extension = pcd
Format = auto
Extension = pcd
Format = auto
Extension = pcd
Format = auto
Extension = pcd
Format = auto
Extension = pcd
Format = auto
Extension = pcd
Format = auto
Extension = pcd
Format = auto
Extension = pcd
Format = auto
Extension = pcd
Format = auto
Extension = pcd
Format = auto
Extension = pcd
Format = auto
Extension = pcd
Format = auto
Extension = pcd
Format = auto
Extension = pcd
Format = auto
Extension = pcd
Format = auto
Extension = pcd
Format = auto
Extension = pcd
Format = auto
Extension = pcd
Format = auto
Extension = pcd
Format = auto
Extension = pcd
Format = auto
Extension = pcd
Format = auto
Extension = pcd
Format = auto
Extension = pcd
Format = auto
Extension = pcd
Format = auto
Extension = pcd
Format = auto
Extension = pcd
Format = auto
Extension = pcd
Format = auto
Extension = pcd
Format = auto
Extension = pcd
Format = auto
Extension = pcd
Format = auto
Extension = pcd
Format = auto
Extension = pcd
Format = auto
Extension = pcd
Format = auto
Extension = pcd
Format = auto
Extension = pcd
Format = auto
Extension = pcd
Format = auto
Extension = pcd
Format = auto
Extension = pcd
Format = auto
Extension = pcd
Format = auto
Extension = pcd
Format = auto
Extension = pcd
Format = auto
Extension = pcd
Format = auto
Extension = pcd
Format = auto
Extension = pcd
Format = auto
Extension = pcd
Format = auto
Extension = pcd
Format = auto
Extension = pcd
Format = auto
Extension = pcd
Format = auto
Extension = pcd
Format = auto
Extension = pcd
Format = auto
Extension = pcd
Format = auto
Extension = pcd
Format = auto
Extension = pcd
Format = auto
Extension = pcd
Format = auto
Extension = pcd
Format = auto
Extension = pcd
Format = auto
Extension = pcd
Format = auto
Extension = pcd
Format = auto
Extension = pcd
Format = auto
Extension = pcd
Format = auto
Extension = pcd
Format = auto
Extension = pcd
Format = auto
Extension = pcd
Format = auto
Extension = pcd
Format = auto
Extension = pcd
Format = auto
Extension = pcd
Format = auto
Extension = pcd
Format = auto
Extension = pcd
Format = auto
Extension = pcd
Format = auto
Extension = pcd
Format = auto
Extension = pcd
Format = auto
Extension = pcd
Format = auto
Extension = pcd
Format = auto
Extension = pcd
Format = auto
Extension = pcd
Format = auto
Extension = pcd
Format = auto
Extension = pcd
Format = auto
Extension = pcd
Format = auto
Extension = pcd
Format = auto
Extension = pcd
Format = auto
Extension = pcd
Format = auto
Extension = pcd
Format = auto
Extension = pcd
Format = auto
Extension = pcd
Format = auto
Extension = pcd
Format = auto
Extension = pcd
Format = auto
Extension = pcd
Format = auto
Extension = pcd
Format = auto
Extension = pcd
Format = auto
Extension = pcd
Format = auto
Extension = pcd
Format = auto
Extension = pcd
Format = auto
Extension = pcd
Format = auto
Extension = pcd
Format = auto
Extension = pcd
Format = auto
Extension = pcd
Format = auto
Extension = pcd
Format = auto
Extension = pcd
Format = auto
Extension = pcd
Format = auto
Extension = pcd
Format = auto
Extension = pcd
Format = auto
Extension = pcd
Format = auto
Extension = pcd
Format = auto
Extension = pcd
Format = auto
Extension = pcd
Format = auto
Extension = pcd
Format = auto
Extension = pcd
Format = auto
Extension = pcd
Format = auto
Extension = pcd
Format = auto
Extension = pcd
Format = auto
Extension = pcd
Format = auto
Extension = pcd
Format = auto
Extension = pcd
Format = auto
Extension = pcd
Format = auto
Extension = pcd
Format = auto
Extension = pcd
Format = auto
Extension = pcd
Format = auto
Extension = pcd
Format = auto
Extension = pcd
Format = auto
Extension = pcd
Format = auto
Extension = pcd
Format = auto
Extension = pcd

sgcp_late_fusion frame=17/41 scenario=2026_07_15_01_26_56 timestamp=000092 sources=6 fused_pred_boxes=47 fused_gt_boxes=70
frame=18/41 late_source=1/6 scenario=2026_07_15_01_26_56 timestamp=000094 receiver=1 cavs=[1, 8] pred_boxes=9 gt_boxes=29 comm_bytes=70240
frame=18/41 late_source=2/6 scenario=2026_07_15_01_26_56 timestamp=000094 receiver=12 cavs=[12, 7] pred_boxes=13 gt_boxes=31 comm_bytes=78368
frame=18/41 late_source=3/6 scenario=2026_07_15_01_26_56 timestamp=000094 receiver=13 cavs=[13, 9] pred_boxes=3 gt_boxes=25 comm_bytes=58800
frame=18/41 late_source=4/6 scenario=2026_07_15_01_26_56 timestamp=000094 receiver=15 cavs=[15, 6] pred_boxes=14 gt_boxes=20 comm_bytes=74432
frame=18/41 late_source=5/6 scenario=2026_07_15_01_26_56 timestamp=000094 receiver=17 cavs=[17, 3] pred_boxes=5 gt_boxes=17 comm_bytes=70496
frame=18/41 late_source=6/6 scenario=2026_07_15_01_26_56 timestamp=000094 receiver=20 cavs=[20, 5] pred_boxes=12 gt_boxes=27 comm_bytes=23648
sgcp_late_fusion frame=18/41 scenario=2026_07_15_01_26_56 timestamp=000094 sources=6 fused_pred_boxes=47 fused_gt_boxes=70
frame=19/41 late_source=1/6 scenario=2026_07_15_01_26_56 timestamp=000096 receiver=1 cavs=[1, 8] pred_boxes=9 gt_boxes=29 comm_bytes=70272
frame=19/41 late_source=2/6 scenario=2026_07_15_01_26_56 timestamp=000096 receiver=12 cavs=[12, 7] pred_boxes=11 gt_boxes=26 comm_bytes=78352
frame=19/41 late_source=3/6 scenario=2026_07_15_01_26_56 timestamp=000096 receiver=13 cavs=[13, 9] pred_boxes=2 gt_boxes=25 comm_bytes=58800
frame=19/41 late_source=4/6 scenario=2026_07_15_01_26_56 timestamp=000096 receiver=15 cavs=[15, 2] pred_boxes=21 gt_boxes=26 comm_bytes=77792
frame=19/41 late_source=5/6 scenario=2026_07_15_01_26_56 timestamp=000096 receiver=17 cavs=[17, 3] pred_boxes=5 gt_boxes=17 comm_bytes=72128
frame=19/41 late_source=6/6 scenario=2026_07_15_01_26_56 timestamp=000096 receiver=20 cavs=[20, 5] pred_boxes=11 gt_boxes=28 comm_bytes=23632
sgcp_late_fusion frame=19/41 scenario=2026_07_15_01_26_56 timestamp=000096 sources=6 fused_pred_boxes=47 fused_gt_boxes=63
frame=20/41 late_source=1/6 scenario=2026_07_15_01_26_56 timestamp=000098 receiver=1 cavs=[1, 8] pred_boxes=9 gt_boxes=29 comm_bytes=70256
frame=20/41 late_source=2/6 scenario=2026_07_15_01_26_56 timestamp=000098 receiver=12 cavs=[12, 7] pred_boxes=12 gt_boxes=25 comm_bytes=78320
frame=20/41 late_source=3/6 scenario=2026_07_15_01_26_56 timestamp=000098 receiver=13 cavs=[13, 9] pred_boxes=3 gt_boxes=25 comm_bytes=58800
frame=20/41 late_source=4/6 scenario=2026_07_15_01_26_56 timestamp=000098 receiver=15 cavs=[15, 6] pred_boxes=15 gt_boxes=19 comm_bytes=74288
frame=20/41 late_source=5/6 scenario=2026_07_15_01_26_56 timestamp=000098 receiver=17 cavs=[17, 3] pred_boxes=5 gt_boxes=16 comm_bytes=73184
frame=20/41 late_source=6/6 scenario=2026_07_15_01_26_56 timestamp=000098 receiver=20 cavs=[20, 5] pred_boxes=9 gt_boxes=29 comm_bytes=23824
sgcp_late_fusion frame=20/41 scenario=2026_07_15_01_26_56 timestamp=000098 sources=6 fused_pred_boxes=46 fused_gt_boxes=69
frame=21/41 late_source=1/6 scenario=2026_07_15_01_26_56 timestamp=000100 receiver=1 cavs=[1, 8] pred_boxes=10 gt_boxes=29 comm_bytes=70240
frame=21/41 late_source=2/6 scenario=2026_07_15_01_26_56 timestamp=000100 receiver=12 cavs=[12, 7] pred_boxes=10 gt_boxes=24 comm_bytes=78288
frame=21/41 late_source=3/6 scenario=2026_07_15_01_26_56 timestamp=000100 receiver=13 cavs=[13, 9] pred_boxes=4 gt_boxes=23 comm_bytes=58768
frame=21/41 late_source=4/6 scenario=2026_07_15_01_26_56 timestamp=000100 receiver=15 cavs=[15, 6] pred_boxes=12 gt_boxes=20 comm_bytes=74320
frame=21/41 late_source=5/6 scenario=2026_07_15_01_26_56 timestamp=000100 receiver=17 cavs=[17, 3] pred_boxes=6 gt_boxes=16 comm_bytes=74576
frame=21/41 late_source=6/6 scenario=2026_07_15_01_26_56 timestamp=000100 receiver=20 cavs=[20, 5] pred_boxes=11 gt_boxes=28 comm_bytes=23376
sgcp_late_fusion frame=21/41 scenario=2026_07_15_01_26_56 timestamp=000100 sources=6 fused_pred_boxes=44 fused_gt_boxes=70
frame=22/41 late_source=1/6 scenario=2026_07_15_01_26_56 timestamp=000102 receiver=1 cavs=[1, 8] pred_boxes=9 gt_boxes=30 comm_bytes=70288
frame=22/41 late_source=2/6 scenario=2026_07_15_01_26_56 timestamp=000102 receiver=12 cavs=[12, 7] pred_boxes=12 gt_boxes=23 comm_bytes=78272
frame=22/41 late_source=3/6 scenario=2026_07_15_01_26_56 timestamp=000102 receiver=13 cavs=[13, 19] pred_boxes=0 gt_boxes=17 comm_bytes=73920
frame=22/41 late_source=4/6 scenario=2026_07_15_01_26_56 timestamp=000102 receiver=15 cavs=[15, 6] pred_boxes=14 gt_boxes=22 comm_bytes=74336
frame=22/41 late_source=5/6 scenario=2026_07_15_01_26_56 timestamp=000102 receiver=17 cavs=[17, 3] pred_boxes=6 gt_boxes=16 comm_bytes=75200
frame=22/41 late_source=6/6 scenario=2026_07_15_01_26_56 timestamp=000102 receiver=20 cavs=[20, 5] pred_boxes=11 gt_boxes=31 comm_bytes=24448
sgcp_late_fusion frame=22/41 scenario=2026_07_15_01_26_56 timestamp=000102 sources=6 fused_pred_boxes=45 fused_gt_boxes=71
frame=23/41 late_source=1/6 scenario=2026_07_15_01_26_56 timestamp=000104 receiver=1 cavs=[1, 8] pred_boxes=9 gt_boxes=29 comm_bytes=70288
frame=23/41 late_source=2/6 scenario=2026_07_15_01_26_56 timestamp=000104 receiver=12 cavs=[12] pred_boxes=6 gt_boxes=11 comm_bytes=0
frame=23/41 late_source=3/6 scenario=2026_07_15_01_26_56 timestamp=000104 receiver=13 cavs=[13, 19] pred_boxes=0 gt_boxes=18 comm_bytes=73904
frame=23/41 late_source=4/6 scenario=2026_07_15_01_26_56 timestamp=000104 receiver=15 cavs=[15, 6] pred_boxes=15 gt_boxes=23 comm_bytes=74608
frame=23/41 late_source=5/6 scenario=2026_07_15_01_26_56 timestamp=000104 receiver=17 cavs=[17, 7] pred_boxes=11 gt_boxes=16 comm_bytes=76208
frame=23/41 late_source=6/6 scenario=2026_07_15_01_26_56 timestamp=000104 receiver=20 cavs=[20, 5] pred_boxes=8 gt_boxes=30 comm_bytes=24192
sgcp_late_fusion frame=23/41 scenario=2026_07_15_01_26_56 timestamp=000104 sources=6 fused_pred_boxes=41 fused_gt_boxes=70
frame=24/41 late_source=1/6 scenario=2026_07_15_01_26_56 timestamp=000106 receiver=1 cavs=[1, 8] pred_boxes=11 gt_boxes=29 comm_bytes=70256
frame=24/41 late_source=2/6 scenario=2026_07_15_01_26_56 timestamp=000106 receiver=12 cavs=[12] pred_boxes=5 gt_boxes=11 comm_bytes=0
frame=24/41 late_source=3/6 scenario=2026_07_15_01_26_56 timestamp=000106 receiver=13 cavs=[13, 19] pred_boxes=1 gt_boxes=19 comm_bytes=73888
frame=24/41 late_source=4/6 scenario=2026_07_15_01_26_56 timestamp=000106 receiver=15 cavs=[15, 6] pred_boxes=12 gt_boxes=23 comm_bytes=74704
frame=24/41 late_source=5/6 scenario=2026_07_15_01_26_56 timestamp=000106 receiver=17 cavs=[17, 7] pred_boxes=11 gt_boxes=16 comm_bytes=76208
frame=24/41 late_source=6/6 scenario=2026_07_15_01_26_56 timestamp=000106 receiver=20 cavs=[20, 5] pred_boxes=7 gt_boxes=27 comm_bytes=24448
sgcp_late_fusion frame=24/41 scenario=2026_07_15_01_26_56 timestamp=000106 sources=6 fused_pred_boxes=42 fused_gt_boxes=68
frame=25/41 late_source=1/6 scenario=2026_07_15_01_26_56 timestamp=000108 receiver=1 cavs=[1, 8] pred_boxes=10 gt_boxes=31 comm_bytes=70256
frame=25/41 late_source=2/6 scenario=2026_07_15_01_26_56 timestamp=000108 receiver=12 cavs=[12] pred_boxes=6 gt_boxes=12 comm_bytes=0
frame=25/41 late_source=3/6 scenario=2026_07_15_01_26_56 timestamp=000108 receiver=13 cavs=[13, 19] pred_boxes=0 gt_boxes=19 comm_bytes=74240
frame=25/41 late_source=4/6 scenario=2026_07_15_01_26_56 timestamp=000108 receiver=15 cavs=[15, 2] pred_boxes=20 gt_boxes=29 comm_bytes=77664
frame=25/41 late_source=5/6 scenario=2026_07_15_01_26_56 timestamp=000108 receiver=17 cavs=[17, 7] pred_boxes=13 gt_boxes=16 comm_bytes=76880
frame=25/41 late_source=6/6 scenario=2026_07_15_01_26_56 timestamp=000108 receiver=20 cavs=[20, 5] pred_boxes=7 gt_boxes=28 comm_bytes=24496
sgcp_late_fusion frame=25/41 scenario=2026_07_15_01_26_56 timestamp=000108 sources=6 fused_pred_boxes=44 fused_gt_boxes=63
frame=26/41 late_source=1/6 scenario=2026_07_15_01_26_56 timestamp=000110 receiver=1 cavs=[1, 8] pred_boxes=11 gt_boxes=31 comm_bytes=70224
frame=26/41 late_source=2/6 scenario=2026_07_15_01_26_56 timestamp=000110 receiver=12 cavs=[12] pred_boxes=4 gt_boxes=12 comm_bytes=0Format = auto
Extension = pcd
Format = auto
Extension = pcd
Format = auto
Extension = pcd
Format = auto
Extension = pcd
Format = auto
Extension = pcd
Format = auto
Extension = pcd
Format = auto
Extension = pcd
Format = auto
Extension = pcd
Format = auto
Extension = pcd
Format = auto
Extension = pcd
Format = auto
Extension = pcd
Format = auto
Extension = pcd
Format = auto
Extension = pcd
Format = auto
Extension = pcd
Format = auto
Extension = pcd
Format = auto
Extension = pcd
Format = auto
Extension = pcd
Format = auto
Extension = pcd
Format = auto
Extension = pcd
Format = auto
Extension = pcd
Format = auto
Extension = pcd
Format = auto
Extension = pcd
Format = auto
Extension = pcd
Format = auto
Extension = pcd
Format = auto
Extension = pcd
Format = auto
Extension = pcd
Format = auto
Extension = pcd
Format = auto
Extension = pcd
Format = auto
Extension = pcd
Format = auto
Extension = pcd
Format = auto
Extension = pcd
Format = auto
Extension = pcd
Format = auto
Extension = pcd
Format = auto
Extension = pcd
Format = auto
Extension = pcd
Format = auto
Extension = pcd
Format = auto
Extension = pcd
Format = auto
Extension = pcd
Format = auto
Extension = pcd
Format = auto
Extension = pcd
Format = auto
Extension = pcd
Format = auto
Extension = pcd
Format = auto
Extension = pcd
Format = auto
Extension = pcd
Format = auto
Extension = pcd
Format = auto
Extension = pcd
Format = auto
Extension = pcd
Format = auto
Extension = pcd
Format = auto
Extension = pcd
Format = auto
Extension = pcd
Format = auto
Extension = pcd
Format = auto
Extension = pcd
Format = auto
Extension = pcd
Format = auto
Extension = pcd
Format = auto
Extension = pcd
Format = auto
Extension = pcd
Format = auto
Extension = pcd
Format = auto
Extension = pcd
Format = auto
Extension = pcd
Format = auto
Extension = pcd
Format = auto
Extension = pcd
Format = auto
Extension = pcd
Format = auto
Extension = pcd
Format = auto
Extension = pcd
Format = auto
Extension = pcd
Format = auto
Extension = pcd
Format = auto
Extension = pcd
Format = auto
Extension = pcd
Format = auto
Extension = pcd
Format = auto
Extension = pcd
Format = auto
Extension = pcd
Format = auto
Extension = pcd
Format = auto
Extension = pcd
Format = auto
Extension = pcd
Format = auto
Extension = pcd
Format = auto
Extension = pcd
Format = auto
Extension = pcd
Format = auto
Extension = pcd
Format = auto
Extension = pcd
Format = auto
Extension = pcd
Format = auto
Extension = pcd
Format = auto
Extension = pcd
Format = auto
Extension = pcd
Format = auto
Extension = pcd
Format = auto
Extension = pcd
Format = auto
Extension = pcd
Format = auto
Extension = pcd
Format = auto
Extension = pcd
Format = auto
Extension = pcd
Format = auto
Extension = pcd
Format = auto
Extension = pcd
Format = auto
Extension = pcd
Format = auto
Extension = pcd
Format = auto
Extension = pcd
Format = auto
Extension = pcd
Format = auto
Extension = pcd
Format = auto
Extension = pcd
Format = auto
Extension = pcd
Format = auto
Extension = pcd
Format = auto
Extension = pcd
Format = auto
Extension = pcd
Format = auto
Extension = pcd
Format = auto
Extension = pcd
Format = auto
Extension = pcd
Format = auto
Extension = pcd
Format = auto
Extension = pcd
Format = auto
Extension = pcd
Format = auto
Extension = pcd
Format = auto
Extension = pcd
Format = auto
Extension = pcd
Format = auto
Extension = pcd
Format = auto
Extension = pcd
Format = auto
Extension = pcd
Format = auto
Extension = pcd
Format = auto
Extension = pcd
Format = auto
Extension = pcd
Format = auto
Extension = pcd
Format = auto
Extension = pcd
Format = auto
Extension = pcd
Format = auto
Extension = pcd
Format = auto
Extension = pcd
Format = auto
Extension = pcd
Format = auto
Extension = pcd
Format = auto
Extension = pcd
Format = auto
Extension = pcd
Format = auto
Extension = pcd
Format = auto
Extension = pcd
Format = auto
Extension = pcd
Format = auto
Extension = pcd
Format = auto
Extension = pcd
Format = auto
Extension = pcd
Format = auto
Extension = pcd
Format = auto
Extension = pcd
Format = auto
Extension = pcd
Format = auto
Extension = pcd
Format = auto
Extension = pcd
Format = auto
Extension = pcd
Format = auto
Extension = pcd
Format = auto
Extension = pcd
Format = auto
Extension = pcd
Format = auto
Extension = pcd
Format = auto
Extension = pcd
Format = auto
Extension = pcd
Format = auto
Extension = pcd
Format = auto
Extension = pcd
Format = auto
Extension = pcd
Format = auto
Extension = pcd
Format = auto
Extension = pcd
Format = auto
Extension = pcd
Format = auto
Extension = pcd
Format = auto
Extension = pcd
Format = auto
Extension = pcd
Format = auto
Extension = pcd
Format = auto
Extension = pcd
Format = auto
Extension = pcd
Format = auto
Extension = pcd
Format = auto
Extension = pcd
Format = auto
Extension = pcd
Format = auto
Extension = pcd
Format = auto
Extension = pcd

frame=26/41 late_source=3/6 scenario=2026_07_15_01_26_56 timestamp=000110 receiver=13 cavs=[13, 19] pred_boxes=0 gt_boxes=19 comm_bytes=74240
frame=26/41 late_source=4/6 scenario=2026_07_15_01_26_56 timestamp=000110 receiver=15 cavs=[15, 2] pred_boxes=20 gt_boxes=29 comm_bytes=77680
frame=26/41 late_source=5/6 scenario=2026_07_15_01_26_56 timestamp=000110 receiver=17 cavs=[17, 7] pred_boxes=15 gt_boxes=15 comm_bytes=76864
frame=26/41 late_source=6/6 scenario=2026_07_15_01_26_56 timestamp=000110 receiver=20 cavs=[20, 5] pred_boxes=8 gt_boxes=28 comm_bytes=24544
sgcp_late_fusion frame=26/41 scenario=2026_07_15_01_26_56 timestamp=000110 sources=6 fused_pred_boxes=45 fused_gt_boxes=62
frame=27/41 late_source=1/6 scenario=2026_07_15_01_26_56 timestamp=000112 receiver=1 cavs=[1, 8] pred_boxes=9 gt_boxes=30 comm_bytes=70224
frame=27/41 late_source=2/6 scenario=2026_07_15_01_26_56 timestamp=000112 receiver=12 cavs=[12] pred_boxes=5 gt_boxes=10 comm_bytes=0
frame=27/41 late_source=3/6 scenario=2026_07_15_01_26_56 timestamp=000112 receiver=13 cavs=[13, 19] pred_boxes=1 gt_boxes=17 comm_bytes=74224
frame=27/41 late_source=4/6 scenario=2026_07_15_01_26_56 timestamp=000112 receiver=15 cavs=[15, 2] pred_boxes=20 gt_boxes=29 comm_bytes=77648
frame=27/41 late_source=5/6 scenario=2026_07_15_01_26_56 timestamp=000112 receiver=17 cavs=[17, 7] pred_boxes=12 gt_boxes=16 comm_bytes=76784
frame=27/41 late_source=6/6 scenario=2026_07_15_01_26_56 timestamp=000112 receiver=20 cavs=[20, 5] pred_boxes=10 gt_boxes=29 comm_bytes=24384
sgcp_late_fusion frame=27/41 scenario=2026_07_15_01_26_56 timestamp=000112 sources=6 fused_pred_boxes=45 fused_gt_boxes=63
frame=28/41 late_source=1/6 scenario=2026_07_15_01_26_56 timestamp=000114 receiver=1 cavs=[1, 8] pred_boxes=10 gt_boxes=30 comm_bytes=70192
frame=28/41 late_source=2/6 scenario=2026_07_15_01_26_56 timestamp=000114 receiver=12 cavs=[12] pred_boxes=4 gt_boxes=12 comm_bytes=0
frame=28/41 late_source=3/6 scenario=2026_07_15_01_26_56 timestamp=000114 receiver=13 cavs=[13, 19] pred_boxes=0 gt_boxes=18 comm_bytes=74208
frame=28/41 late_source=4/6 scenario=2026_07_15_01_26_56 timestamp=000114 receiver=15 cavs=[15, 2] pred_boxes=18 gt_boxes=29 comm_bytes=77632
frame=28/41 late_source=5/6 scenario=2026_07_15_01_26_56 timestamp=000114 receiver=17 cavs=[17, 7] pred_boxes=13 gt_boxes=17 comm_bytes=75968
frame=28/41 late_source=6/6 scenario=2026_07_15_01_26_56 timestamp=000114 receiver=20 cavs=[20, 5] pred_boxes=7 gt_boxes=29 comm_bytes=24928
sgcp_late_fusion frame=28/41 scenario=2026_07_15_01_26_56 timestamp=000114 sources=6 fused_pred_boxes=41 fused_gt_boxes=63
frame=29/41 late_source=1/6 scenario=2026_07_15_01_26_56 timestamp=000116 receiver=1 cavs=[1, 8] pred_boxes=9 gt_boxes=30 comm_bytes=70192
frame=29/41 late_source=2/6 scenario=2026_07_15_01_26_56 timestamp=000116 receiver=12 cavs=[12] pred_boxes=5 gt_boxes=10 comm_bytes=0
frame=29/41 late_source=3/6 scenario=2026_07_15_01_26_56 timestamp=000116 receiver=13 cavs=[13, 19] pred_boxes=0 gt_boxes=18 comm_bytes=74176
frame=29/41 late_source=4/6 scenario=2026_07_15_01_26_56 timestamp=000116 receiver=15 cavs=[15, 2] pred_boxes=21 gt_boxes=30 comm_bytes=77648
frame=29/41 late_source=5/6 scenario=2026_07_15_01_26_56 timestamp=000116 receiver=17 cavs=[17, 7] pred_boxes=11 gt_boxes=17 comm_bytes=75904
frame=29/41 late_source=6/6 scenario=2026_07_15_01_26_56 timestamp=000116 receiver=20 cavs=[20, 5] pred_boxes=6 gt_boxes=28 comm_bytes=25488
sgcp_late_fusion frame=29/41 scenario=2026_07_15_01_26_56 timestamp=000116 sources=6 fused_pred_boxes=42 fused_gt_boxes=63
frame=30/41 late_source=1/6 scenario=2026_07_15_01_26_56 timestamp=000118 receiver=1 cavs=[1, 8] pred_boxes=10 gt_boxes=30 comm_bytes=70224
frame=30/41 late_source=2/6 scenario=2026_07_15_01_26_56 timestamp=000118 receiver=12 cavs=[12] pred_boxes=3 gt_boxes=11 comm_bytes=0
frame=30/41 late_source=3/6 scenario=2026_07_15_01_26_56 timestamp=000118 receiver=13 cavs=[13, 19] pred_boxes=0 gt_boxes=18 comm_bytes=74192
frame=30/41 late_source=4/6 scenario=2026_07_15_01_26_56 timestamp=000118 receiver=15 cavs=[15, 2] pred_boxes=19 gt_boxes=29 comm_bytes=77808
frame=30/41 late_source=5/6 scenario=2026_07_15_01_26_56 timestamp=000118 receiver=17 cavs=[17, 7] pred_boxes=8 gt_boxes=17 comm_bytes=75840
frame=30/41 late_source=6/6 scenario=2026_07_15_01_26_56 timestamp=000118 receiver=20 cavs=[20, 5] pred_boxes=6 gt_boxes=28 comm_bytes=25264
sgcp_late_fusion frame=30/41 scenario=2026_07_15_01_26_56 timestamp=000118 sources=6 fused_pred_boxes=36 fused_gt_boxes=63
frame=31/41 late_source=1/6 scenario=2026_07_15_01_26_56 timestamp=000120 receiver=1 cavs=[1, 8] pred_boxes=9 gt_boxes=29 comm_bytes=70224
frame=31/41 late_source=2/6 scenario=2026_07_15_01_26_56 timestamp=000120 receiver=12 cavs=[12] pred_boxes=4 gt_boxes=10 comm_bytes=0
frame=31/41 late_source=3/6 scenario=2026_07_15_01_26_56 timestamp=000120 receiver=13 cavs=[13, 19] pred_boxes=1 gt_boxes=18 comm_bytes=74192
frame=31/41 late_source=4/6 scenario=2026_07_15_01_26_56 timestamp=000120 receiver=15 cavs=[15, 2] pred_boxes=18 gt_boxes=29 comm_bytes=77840
frame=31/41 late_source=5/6 scenario=2026_07_15_01_26_56 timestamp=000120 receiver=17 cavs=[17, 7] pred_boxes=13 gt_boxes=17 comm_bytes=75824
frame=31/41 late_source=6/6 scenario=2026_07_15_01_26_56 timestamp=000120 receiver=20 cavs=[20, 5] pred_boxes=6 gt_boxes=28 comm_bytes=25584
sgcp_late_fusion frame=31/41 scenario=2026_07_15_01_26_56 timestamp=000120 sources=6 fused_pred_boxes=42 fused_gt_boxes=63
frame=32/41 late_source=1/6 scenario=2026_07_15_01_26_56 timestamp=000122 receiver=1 cavs=[1, 8] pred_boxes=9 gt_boxes=29 comm_bytes=70224
frame=32/41 late_source=2/6 scenario=2026_07_15_01_26_56 timestamp=000122 receiver=12 cavs=[12] pred_boxes=4 gt_boxes=9 comm_bytes=0
frame=32/41 late_source=3/6 scenario=2026_07_15_01_26_56 timestamp=000122 receiver=13 cavs=[13, 19] pred_boxes=0 gt_boxes=18 comm_bytes=76080
frame=32/41 late_source=4/6 scenario=2026_07_15_01_26_56 timestamp=000122 receiver=15 cavs=[15, 2] pred_boxes=19 gt_boxes=29 comm_bytes=77840
frame=32/41 late_source=5/6 scenario=2026_07_15_01_26_56 timestamp=000122 receiver=17 cavs=[17, 7] pred_boxes=14 gt_boxes=17 comm_bytes=76656
frame=32/41 late_source=6/6 scenario=2026_07_15_01_26_56 timestamp=000122 receiver=20 cavs=[20, 5] pred_boxes=7 gt_boxes=27 comm_bytes=26000
sgcp_late_fusion frame=32/41 scenario=2026_07_15_01_26_56 timestamp=000122 sources=6 fused_pred_boxes=42 fused_gt_boxes=63
frame=33/41 late_source=1/6 scenario=2026_07_15_01_26_56 timestamp=000124 receiver=1 cavs=[1, 8] pred_boxes=8 gt_boxes=29 comm_bytes=70256
frame=33/41 late_source=2/6 scenario=2026_07_15_01_26_56 timestamp=000124 receiver=12 cavs=[12] pred_boxes=4 gt_boxes=10 comm_bytes=0
frame=33/41 late_source=3/6 scenario=2026_07_15_01_26_56 timestamp=000124 receiver=13 cavs=[13, 19] pred_boxes=0 gt_boxes=17 comm_bytes=76064
frame=33/41 late_source=4/6 scenario=2026_07_15_01_26_56 timestamp=000124 receiver=15 cavs=[15, 2] pred_boxes=19 gt_boxes=29 comm_bytes=77552
frame=33/41 late_source=5/6 scenario=2026_07_15_01_26_56 timestamp=000124 receiver=17 cavs=[17, 7] pred_boxes=12 gt_boxes=17 comm_bytes=76624
frame=33/41 late_source=6/6 scenario=2026_07_15_01_26_56 timestamp=000124 receiver=20 cavs=[20, 5] pred_boxes=8 gt_boxes=28 comm_bytes=25472
sgcp_late_fusion frame=33/41 scenario=2026_07_15_01_26_56 timestamp=000124 sources=6 fused_pred_boxes=41 fused_gt_boxes=63
frame=34/41 late_source=1/6 scenario=2026_07_15_01_26_56 timestamp=000126 receiver=1 cavs=[1, 8] pred_boxes=9 gt_boxes=29 comm_bytes=70256
frame=34/41 late_source=2/6 scenario=2026_07_15_01_26_56 timestamp=000126 receiver=12 cavs=[12] pred_boxes=4 gt_boxes=10 comm_bytes=0
frame=34/41 late_source=3/6 scenario=2026_07_15_01_26_56 timestamp=000126 receiver=13 cavs=[13, 19] pred_boxes=1 gt_boxes=17 comm_bytes=76096
frame=34/41 late_source=4/6 scenario=2026_07_15_01_26_56 timestamp=000126 receiver=15 cavs=[15, 2] pred_boxes=18 gt_boxes=30 comm_bytes=77584
frame=34/41 late_source=5/6 scenario=2026_07_15_01_26_56 timestamp=000126 receiver=17 cavs=[17, 7] pred_boxes=12 gt_boxes=16 comm_bytes=76640
frame=34/41 late_source=6/6 scenario=2026_07_15_01_26_56 timestamp=000126 receiver=20 cavs=[20, 9] pred_boxes=9 gt_boxes=25 comm_bytes=76848Format = auto
Extension = pcd
Format = auto
Extension = pcd
Format = auto
Extension = pcd
Format = auto
Extension = pcd
Format = auto
Extension = pcd
Format = auto
Extension = pcd
Format = auto
Extension = pcd
Format = auto
Extension = pcd
Format = auto
Extension = pcd
Format = auto
Extension = pcd
Format = auto
Extension = pcd
Format = auto
Extension = pcd
Format = auto
Extension = pcd
Format = auto
Extension = pcd
Format = auto
Extension = pcd
Format = auto
Extension = pcd
Format = auto
Extension = pcd
Format = auto
Extension = pcd
Format = auto
Extension = pcd
Format = auto
Extension = pcd
Format = auto
Extension = pcd
Format = auto
Extension = pcd
Format = auto
Extension = pcd
Format = auto
Extension = pcd
Format = auto
Extension = pcd
Format = auto
Extension = pcd
Format = auto
Extension = pcd
Format = auto
Extension = pcd
Format = auto
Extension = pcd
Format = auto
Extension = pcd
Format = auto
Extension = pcd
Format = auto
Extension = pcd
Format = auto
Extension = pcd
Format = auto
Extension = pcd
Format = auto
Extension = pcd
Format = auto
Extension = pcd
Format = auto
Extension = pcd
Format = auto
Extension = pcd
Format = auto
Extension = pcd
Format = auto
Extension = pcd
Format = auto
Extension = pcd
Format = auto
Extension = pcd
Format = auto
Extension = pcd
Format = auto
Extension = pcd
Format = auto
Extension = pcd
Format = auto
Extension = pcd
Format = auto
Extension = pcd
Format = auto
Extension = pcd
Format = auto
Extension = pcd
Format = auto
Extension = pcd
Format = auto
Extension = pcd
Format = auto
Extension = pcd
Format = auto
Extension = pcd
Format = auto
Extension = pcd
Format = auto
Extension = pcd
Format = auto
Extension = pcd
Format = auto
Extension = pcd
Format = auto
Extension = pcd
Format = auto
Extension = pcd
Format = auto
Extension = pcd
Format = auto
Extension = pcd
Format = auto
Extension = pcd
Format = auto
Extension = pcd
Format = auto
Extension = pcd
Format = auto
Extension = pcd
Format = auto
Extension = pcd
Format = auto
Extension = pcd
Format = auto
Extension = pcd
Format = auto
Extension = pcd
Format = auto
Extension = pcd
Format = auto
Extension = pcd
Format = auto
Extension = pcd
Format = auto
Extension = pcd
Format = auto
Extension = pcd
Format = auto
Extension = pcd
Format = auto
Extension = pcd
Format = auto
Extension = pcd
Format = auto
Extension = pcd
Format = auto
Extension = pcd
Format = auto
Extension = pcd
Format = auto
Extension = pcd
Format = auto
Extension = pcd
Format = auto
Extension = pcd
Format = auto
Extension = pcd
Format = auto
Extension = pcd
Format = auto
Extension = pcd
Format = auto
Extension = pcd
Format = auto
Extension = pcd
Format = auto
Extension = pcd
Format = auto
Extension = pcd
Format = auto
Extension = pcd
Format = auto
Extension = pcd
Format = auto
Extension = pcd
Format = auto
Extension = pcd
Format = auto
Extension = pcd
Format = auto
Extension = pcd
Format = auto
Extension = pcd
Format = auto
Extension = pcd
Format = auto
Extension = pcd
Format = auto
Extension = pcd
Format = auto
Extension = pcd
Format = auto
Extension = pcd
Format = auto
Extension = pcd
Format = auto
Extension = pcd
Format = auto
Extension = pcd
Format = auto
Extension = pcd
Format = auto
Extension = pcd
Format = auto
Extension = pcd
Format = auto
Extension = pcd
Format = auto
Extension = pcd
Format = auto
Extension = pcd
Format = auto
Extension = pcd
Format = auto
Extension = pcd
Format = auto
Extension = pcd
Format = auto
Extension = pcd
Format = auto
Extension = pcd
Format = auto
Extension = pcd
Format = auto
Extension = pcd
Format = auto
Extension = pcd
Format = auto
Extension = pcd
Format = auto
Extension = pcd
Format = auto
Extension = pcd
Format = auto
Extension = pcd
Format = auto
Extension = pcd
Format = auto
Extension = pcd
Format = auto
Extension = pcd
Format = auto
Extension = pcd
Format = auto
Extension = pcd
Format = auto
Extension = pcd
Format = auto
Extension = pcd
Format = auto
Extension = pcd
Format = auto
Extension = pcd
Format = auto
Extension = pcd
Format = auto
Extension = pcd
Format = auto
Extension = pcd
Format = auto
Extension = pcd
Format = auto
Extension = pcd
Format = auto
Extension = pcd
Format = auto
Extension = pcd
Format = auto
Extension = pcd

sgcp_late_fusion frame=34/41 scenario=2026_07_15_01_26_56 timestamp=000126 sources=6 fused_pred_boxes=45 fused_gt_boxes=62
frame=35/41 late_source=1/6 scenario=2026_07_15_01_26_56 timestamp=000128 receiver=1 cavs=[1, 8] pred_boxes=11 gt_boxes=28 comm_bytes=70272
frame=35/41 late_source=2/6 scenario=2026_07_15_01_26_56 timestamp=000128 receiver=12 cavs=[12] pred_boxes=3 gt_boxes=10 comm_bytes=0
frame=35/41 late_source=3/6 scenario=2026_07_15_01_26_56 timestamp=000128 receiver=13 cavs=[13, 19] pred_boxes=0 gt_boxes=16 comm_bytes=76160
frame=35/41 late_source=4/6 scenario=2026_07_15_01_26_56 timestamp=000128 receiver=15 cavs=[15, 2] pred_boxes=19 gt_boxes=31 comm_bytes=77440
frame=35/41 late_source=5/6 scenario=2026_07_15_01_26_56 timestamp=000128 receiver=17 cavs=[17, 7] pred_boxes=13 gt_boxes=16 comm_bytes=76672
frame=35/41 late_source=6/6 scenario=2026_07_15_01_26_56 timestamp=000128 receiver=20 cavs=[20, 9] pred_boxes=8 gt_boxes=25 comm_bytes=76816
sgcp_late_fusion frame=35/41 scenario=2026_07_15_01_26_56 timestamp=000128 sources=6 fused_pred_boxes=45 fused_gt_boxes=62
frame=36/41 late_source=1/6 scenario=2026_07_15_01_26_56 timestamp=000130 receiver=1 cavs=[1, 8] pred_boxes=9 gt_boxes=28 comm_bytes=70288
frame=36/41 late_source=2/6 scenario=2026_07_15_01_26_56 timestamp=000130 receiver=12 cavs=[12] pred_boxes=4 gt_boxes=10 comm_bytes=0
frame=36/41 late_source=3/6 scenario=2026_07_15_01_26_56 timestamp=000130 receiver=13 cavs=[13, 19] pred_boxes=0 gt_boxes=17 comm_bytes=76112
frame=36/41 late_source=4/6 scenario=2026_07_15_01_26_56 timestamp=000130 receiver=15 cavs=[15, 2] pred_boxes=18 gt_boxes=30 comm_bytes=77296
frame=36/41 late_source=5/6 scenario=2026_07_15_01_26_56 timestamp=000130 receiver=17 cavs=[17, 7] pred_boxes=12 gt_boxes=15 comm_bytes=75872
frame=36/41 late_source=6/6 scenario=2026_07_15_01_26_56 timestamp=000130 receiver=20 cavs=[20, 9] pred_boxes=8 gt_boxes=25 comm_bytes=76784
sgcp_late_fusion frame=36/41 scenario=2026_07_15_01_26_56 timestamp=000130 sources=6 fused_pred_boxes=43 fused_gt_boxes=61
frame=37/41 late_source=1/6 scenario=2026_07_15_01_26_56 timestamp=000132 receiver=4 cavs=[4, 8] pred_boxes=9 gt_boxes=33 comm_bytes=76640
frame=37/41 late_source=2/6 scenario=2026_07_15_01_26_56 timestamp=000132 receiver=11 cavs=[11, 9] pred_boxes=13 gt_boxes=25 comm_bytes=77024
frame=37/41 late_source=3/6 scenario=2026_07_15_01_26_56 timestamp=000132 receiver=13 cavs=[13, 14] pred_boxes=0 gt_boxes=7 comm_bytes=77104
frame=37/41 late_source=4/6 scenario=2026_07_15_01_26_56 timestamp=000132 receiver=15 cavs=[15, 6] pred_boxes=13 gt_boxes=22 comm_bytes=75648
frame=37/41 late_source=5/6 scenario=2026_07_15_01_26_56 timestamp=000132 receiver=17 cavs=[17, 7] pred_boxes=10 gt_boxes=15 comm_bytes=75920
frame=37/41 late_source=6/6 scenario=2026_07_15_01_26_56 timestamp=000132 receiver=20 cavs=[20, 19] pred_boxes=5 gt_boxes=24 comm_bytes=76016
sgcp_late_fusion frame=37/41 scenario=2026_07_15_01_26_56 timestamp=000132 sources=6 fused_pred_boxes=45 fused_gt_boxes=63
frame=38/41 late_source=1/6 scenario=2026_07_15_01_26_56 timestamp=000134 receiver=4 cavs=[4, 8] pred_boxes=8 gt_boxes=33 comm_bytes=76640
frame=38/41 late_source=2/6 scenario=2026_07_15_01_26_56 timestamp=000134 receiver=11 cavs=[11, 9] pred_boxes=12 gt_boxes=25 comm_bytes=76784
frame=38/41 late_source=3/6 scenario=2026_07_15_01_26_56 timestamp=000134 receiver=13 cavs=[13, 14] pred_boxes=0 gt_boxes=7 comm_bytes=77376
frame=38/41 late_source=4/6 scenario=2026_07_15_01_26_56 timestamp=000134 receiver=15 cavs=[15, 6] pred_boxes=12 gt_boxes=25 comm_bytes=75536
frame=38/41 late_source=5/6 scenario=2026_07_15_01_26_56 timestamp=000134 receiver=17 cavs=[17, 7] pred_boxes=13 gt_boxes=16 comm_bytes=75920
frame=38/41 late_source=6/6 scenario=2026_07_15_01_26_56 timestamp=000134 receiver=20 cavs=[20, 19] pred_boxes=6 gt_boxes=24 comm_bytes=76048
sgcp_late_fusion frame=38/41 scenario=2026_07_15_01_26_56 timestamp=000134 sources=6 fused_pred_boxes=47 fused_gt_boxes=63
frame=39/41 late_source=1/6 scenario=2026_07_15_01_26_56 timestamp=000136 receiver=2 cavs=[2, 15] pred_boxes=18 gt_boxes=33 comm_bytes=76608
frame=39/41 late_source=2/6 scenario=2026_07_15_01_26_56 timestamp=000136 receiver=11 cavs=[11, 8] pred_boxes=14 gt_boxes=30 comm_bytes=75296
frame=39/41 late_source=3/6 scenario=2026_07_15_01_26_56 timestamp=000136 receiver=12 cavs=[12, 4] pred_boxes=6 gt_boxes=33 comm_bytes=75920
frame=39/41 late_source=4/6 scenario=2026_07_15_01_26_56 timestamp=000136 receiver=13 cavs=[13, 14] pred_boxes=0 gt_boxes=7 comm_bytes=76880
frame=39/41 late_source=5/6 scenario=2026_07_15_01_26_56 timestamp=000136 receiver=17 cavs=[17, 7] pred_boxes=12 gt_boxes=16 comm_bytes=75968
frame=39/41 late_source=6/6 scenario=2026_07_15_01_26_56 timestamp=000136 receiver=20 cavs=[20, 19] pred_boxes=6 gt_boxes=24 comm_bytes=76816
sgcp_late_fusion frame=39/41 scenario=2026_07_15_01_26_56 timestamp=000136 sources=6 fused_pred_boxes=42 fused_gt_boxes=61
frame=40/41 late_source=1/6 scenario=2026_07_15_01_26_56 timestamp=000138 receiver=2 cavs=[2, 15] pred_boxes=19 gt_boxes=32 comm_bytes=76576
frame=40/41 late_source=2/6 scenario=2026_07_15_01_26_56 timestamp=000138 receiver=11 cavs=[11, 8] pred_boxes=15 gt_boxes=30 comm_bytes=75296
frame=40/41 late_source=3/6 scenario=2026_07_15_01_26_56 timestamp=000138 receiver=12 cavs=[12, 4] pred_boxes=9 gt_boxes=33 comm_bytes=76000
frame=40/41 late_source=4/6 scenario=2026_07_15_01_26_56 timestamp=000138 receiver=13 cavs=[13, 14] pred_boxes=0 gt_boxes=7 comm_bytes=77024
frame=40/41 late_source=5/6 scenario=2026_07_15_01_26_56 timestamp=000138 receiver=17 cavs=[17, 5] pred_boxes=6 gt_boxes=23 comm_bytes=75680
frame=40/41 late_source=6/6 scenario=2026_07_15_01_26_56 timestamp=000138 receiver=20 cavs=[20, 19] pred_boxes=6 gt_boxes=24 comm_bytes=76784
sgcp_late_fusion frame=40/41 scenario=2026_07_15_01_26_56 timestamp=000138 sources=6 fused_pred_boxes=42 fused_gt_boxes=61
frame=41/41 late_source=1/6 scenario=2026_07_15_01_26_56 timestamp=000140 receiver=4 cavs=[4, 8] pred_boxes=10 gt_boxes=33 comm_bytes=76224
frame=41/41 late_source=2/6 scenario=2026_07_15_01_26_56 timestamp=000140 receiver=11 cavs=[11, 9] pred_boxes=12 gt_boxes=25 comm_bytes=77056
frame=41/41 late_source=3/6 scenario=2026_07_15_01_26_56 timestamp=000140 receiver=13 cavs=[13, 14] pred_boxes=0 gt_boxes=6 comm_bytes=77136
frame=41/41 late_source=4/6 scenario=2026_07_15_01_26_56 timestamp=000140 receiver=15 cavs=[15, 6] pred_boxes=14 gt_boxes=24 comm_bytes=75248
frame=41/41 late_source=5/6 scenario=2026_07_15_01_26_56 timestamp=000140 receiver=17 cavs=[17, 5] pred_boxes=5 gt_boxes=22 comm_bytes=75776
frame=41/41 late_source=6/6 scenario=2026_07_15_01_26_56 timestamp=000140 receiver=20 cavs=[20, 19] pred_boxes=5 gt_boxes=24 comm_bytes=76752
sgcp_late_fusion frame=41/41 scenario=2026_07_15_01_26_56 timestamp=000140 sources=6 fused_pred_boxes=43 fused_gt_boxes=61
cp counter: 41
Evaluate final average precision results:
  - Fusion method: early
  - The Average Precision at IOU 0.3 is 0.60, The Average Precision at IOU 0.5 is 0.55, The Average Precision at IOU 0.7 is 0.25
sgcp_summary frames=246 avg_comm_bytes=63580.68 total_comm_bytes=15640848 avg_source_cavs=1.93 avg_selected_grids=44.27
