COMMAND: C:\Users\sakakibara\miniconda3\envs\opencda\python.exe -m opencda.tools.offline_inference --dataset-root D:\Data\Carla --scenario-id 2026_07_15_01_26_56 --ego-cav-id 1 --max-frames 41 --fusion-method early --coperception-yaml C:\Workspace\OpenCDA\docs\doc_workspace\SGCP\artifacts\early_from_late_checkpoint_20260719\enable_coperception_early_from_attentive.yaml --clustering cov_coalition_game --sgcp-receiver-policy all-cluster-heads --sgcp-inter-cluster-late-fusion --sgcp-upload-mode grid --n-max 4 --rho-th 3 --num-channels 10 --bandwidth-mhz 40 --channel-estimator ns3 --ns3-tb-size-bytes 899 --ns3-slot-duration-ms 0.5 --ns3-subchannel-prbs 10 --ns3-symbols-per-slot 12 --ns3-mcs 28 --sgcp-constrained --resource-allocation fullperception_pcs --head-rb-budget 2 --communication-deadline-ms 60 --pcs-blind-spot-min-division 4 --pcs-blind-spot-radius 4 --pcs-min-spot-grids 128 --pcs-communication-range-m 35 --max-senders-per-receiver 1 --sgcp-trace-output C:\Workspace\OpenCDA\docs\doc_workspace\SGCP\artifacts\table3_cov_scheduler_20260724\pcs_k1_note_trace.csv --eval-stats-output C:\Workspace\OpenCDA\docs\doc_workspace\SGCP\artifacts\table3_cov_scheduler_20260724\pcs_k1_note_eval_stats.csv

Format = auto
Extension = pcd
Format = auto
Extension = pcd
Format = auto
Extension = pcd
Format = auto
Extension = pcd
Format = auto
Extension = pcd
Format = auto
Extension = pcd
Format = auto
Extension = pcd
Format = auto
Extension = pcd
Format = auto
Extension = pcd
Format = auto
Extension = pcd
Format = auto
Extension = pcd
Format = auto
Extension = pcd
Format = auto
Extension = pcd
Format = auto
Extension = pcd
Format = auto
Extension = pcd
Format = auto
Extension = pcd
Format = auto
Extension = pcd
Format = auto
Extension = pcd
Format = auto
Extension = pcd
Format = auto
Extension = pcd
Format = auto
Extension = pcd
Format = auto
Extension = pcd
Format = auto
Extension = pcd
Format = auto
Extension = pcd
Format = auto
Extension = pcd
Format = auto
Extension = pcd
Format = auto
Extension = pcd
Format = auto
Extension = pcd
Format = auto
Extension = pcd
Format = auto
Extension = pcd
Format = auto
Extension = pcd
Format = auto
Extension = pcd
Format = auto
Extension = pcd
Format = auto
Extension = pcd
Format = auto
Extension = pcd
Format = auto
Extension = pcd
Format = auto
Extension = pcd
Format = auto
Extension = pcd
Format = auto
Extension = pcd
Format = auto
Extension = pcd
Format = auto
Extension = pcd
Format = auto
Extension = pcd
Format = auto
Extension = pcd
Format = auto
Extension = pcd
Format = auto
Extension = pcd
Format = auto
Extension = pcd
Format = auto
Extension = pcd
Format = auto
Extension = pcd
Format = auto
Extension = pcd
Format = auto
Extension = pcd
Format = auto
Extension = pcd
Format = auto
Extension = pcd
Format = auto
Extension = pcd
Format = auto
Extension = pcd
Format = auto
Extension = pcd
Format = auto
Extension = pcd
Format = auto
Extension = pcd
Format = auto
Extension = pcd
Format = auto
Extension = pcd
Format = auto
Extension = pcd
Format = auto
Extension = pcd
Format = auto
Extension = pcd
Format = auto
Extension = pcd
Format = auto
Extension = pcd
Format = auto
Extension = pcd
Format = auto
Extension = pcd
Format = auto
Extension = pcd
Format = auto
Extension = pcd
Format = auto
Extension = pcd
Format = auto
Extension = pcd
Format = auto
Extension = pcd
Format = auto
Extension = pcd
Format = auto
Extension = pcd
Format = auto
Extension = pcd
Format = auto
Extension = pcd
Format = auto
Extension = pcd
Format = auto
Extension = pcd
Format = auto
Extension = pcd
Format = auto
Extension = pcd
Format = auto
Extension = pcd
Format = auto
Extension = pcd
Format = auto
Extension = pcd
Format = auto
Extension = pcd
Format = auto
Extension = pcd
Format = auto
Extension = pcd
Format = auto
Extension = pcd
Format = auto
Extension = pcd
Format = auto
Extension = pcd
Format = auto
Extension = pcd
Format = auto
Extension = pcd
Format = auto
Extension = pcd
Format = auto
Extension = pcd
Format = auto
Extension = pcd
Format = auto
Extension = pcd
Format = auto
Extension = pcd
Format = auto
Extension = pcd
Format = auto
Extension = pcd
Format = auto
Extension = pcd
Format = auto
Extension = pcd
Format = auto
Extension = pcd
Format = auto
Extension = pcd
Format = auto
Extension = pcd
Format = auto
Extension = pcd
Format = auto
Extension = pcd
Format = auto
Extension = pcd
Format = auto
Extension = pcd
Format = auto
Extension = pcd
Format = auto
Extension = pcd
Format = auto
Extension = pcd
Format = auto
Extension = pcd
Format = auto
Extension = pcd
Format = auto
Extension = pcd
Format = auto
Extension = pcd
Format = auto
Extension = pcd
Format = auto
Extension = pcd
Format = auto
Extension = pcd
Format = auto
Extension = pcd
Format = auto
Extension = pcd
Format = auto
Extension = pcd
Format = auto
Extension = pcd
Format = auto
Extension = pcd
Format = auto
Extension = pcd
Format = auto
Extension = pcd
Format = auto
Extension = pcd
Format = auto
Extension = pcd
Format = auto
Extension = pcd
Format = auto
Extension = pcd
Format = auto
Extension = pcd
Format = auto
Extension = pcd
Format = auto
Extension = pcd
Format = auto
Extension = pcd
Format = auto
Extension = pcd
Format = auto
Extension = pcd
Format = auto
Extension = pcd
Format = auto
Extension = pcd
Format = auto
Extension = pcd
Format = auto
Extension = pcd
Format = auto
Extension = pcd
Format = auto
Extension = pcd
Format = auto
Extension = pcd
Format = auto
Extension = pcd
Format = auto
Extension = pcd
Format = auto
Extension = pcd
Format = auto
Extension = pcd
Format = auto
Extension = pcd
Format = auto
Extension = pcd
Format = auto
Extension = pcd
Format = auto
Extension = pcd
Format = auto
Extension = pcd
Format = auto
Extension = pcd
Format = auto
Extension = pcd
Format = auto
Extension = pcd
Format = auto
Extension = pcd
Format = auto
Extension = pcd
Format = auto
Extension = pcd
Format = auto
Extension = pcd
Format = auto
Extension = pcd
Format = auto
Extension = pcd
Format = auto
Extension = pcd
Format = auto
Extension = pcd
Format = auto
Extension = pcd
Format = auto
Extension = pcd
Format = auto
Extension = pcd
Format = auto
Extension = pcd
Format = auto
Extension = pcd
Format = auto
Extension = pcd
Format = auto
Extension = pcd
Format = auto
Extension = pcd
Format = auto
Extension = pcd
Format = auto
Extension = pcd
Format = auto
Extension = pcd
Format = auto
Extension = pcd
Format = auto
Extension = pcd
Format = auto
Extension = pcd
Format = auto
Extension = pcd
Format = auto
Extension = pcd
Format = auto
Extension = pcd
Format = auto
Extension = pcd
Format = auto
Extension = pcd
Format = auto
Extension = pcd
resuming by loading epoch 10000
frame=1/41 late_source=1/6 scenario=2026_07_15_01_26_56 timestamp=000060 receiver=4 cavs=[4] pred_boxes=12 gt_boxes=28 comm_bytes=0
frame=1/41 late_source=2/6 scenario=2026_07_15_01_26_56 timestamp=000060 receiver=11 cavs=[11] pred_boxes=16 gt_boxes=13 comm_bytes=0
frame=1/41 late_source=3/6 scenario=2026_07_15_01_26_56 timestamp=000060 receiver=13 cavs=[13] pred_boxes=2 gt_boxes=11 comm_bytes=0
frame=1/41 late_source=4/6 scenario=2026_07_15_01_26_56 timestamp=000060 receiver=15 cavs=[15, 6] pred_boxes=13 gt_boxes=17 comm_bytes=65920
frame=1/41 late_source=5/6 scenario=2026_07_15_01_26_56 timestamp=000060 receiver=16 cavs=[16] pred_boxes=17 gt_boxes=25 comm_bytes=0
frame=1/41 late_source=6/6 scenario=2026_07_15_01_26_56 timestamp=000060 receiver=17 cavs=[17] pred_boxes=9 gt_boxes=10 comm_bytes=0
sgcp_late_fusion frame=1/41 scenario=2026_07_15_01_26_56 timestamp=000060 sources=6 fused_pred_boxes=55 fused_gt_boxes=57
frame=2/41 late_source=1/6 scenario=2026_07_15_01_26_56 timestamp=000062 receiver=1 cavs=[1, 4] pred_boxes=22 gt_boxes=34 comm_bytes=49280
frame=2/41 late_source=2/6 scenario=2026_07_15_01_26_56 timestamp=000062 receiver=12 cavs=[12] pred_boxes=7 gt_boxes=20 comm_bytes=0
frame=2/41 late_source=3/6 scenario=2026_07_15_01_26_56 timestamp=000062 receiver=15 cavs=[15, 6] pred_boxes=15 gt_boxes=17 comm_bytes=65536
frame=2/41 late_source=4/6 scenario=2026_07_15_01_26_56 timestamp=000062 receiver=16 cavs=[16] pred_boxes=14 gt_boxes=25 comm_bytes=0
frame=2/41 late_source=5/6 scenario=2026_07_15_01_26_56 timestamp=000062 receiver=17 cavs=[17] pred_boxes=6 gt_boxes=9 comm_bytes=0
frame=2/41 late_source=6/6 scenario=2026_07_15_01_26_56 timestamp=000062 receiver=19 cavs=[19, 16] pred_boxes=14 gt_boxes=29 comm_bytes=73696
sgcp_late_fusion frame=2/41 scenario=2026_07_15_01_26_56 timestamp=000062 sources=6 fused_pred_boxes=51 fused_gt_boxes=61
frame=3/41 late_source=1/6 scenario=2026_07_15_01_26_56 timestamp=000064 receiver=1 cavs=[1, 4] pred_boxes=24 gt_boxes=33 comm_bytes=50096
frame=3/41 late_source=2/6 scenario=2026_07_15_01_26_56 timestamp=000064 receiver=12 cavs=[12] pred_boxes=9 gt_boxes=19 comm_bytes=0
frame=3/41 late_source=3/6 scenario=2026_07_15_01_26_56 timestamp=000064 receiver=15 cavs=[15, 6] pred_boxes=15 gt_boxes=17 comm_bytes=65888
frame=3/41 late_source=4/6 scenario=2026_07_15_01_26_56 timestamp=000064 receiver=16 cavs=[16] pred_boxes=16 gt_boxes=24 comm_bytes=0
frame=3/41 late_source=5/6 scenario=2026_07_15_01_26_56 timestamp=000064 receiver=17 cavs=[17] pred_boxes=10 gt_boxes=9 comm_bytes=0
frame=3/41 late_source=6/6 scenario=2026_07_15_01_26_56 timestamp=000064 receiver=19 cavs=[19, 20] pred_boxes=15 gt_boxes=26 comm_bytes=70992
sgcp_late_fusion frame=3/41 scenario=2026_07_15_01_26_56 timestamp=000064 sources=6 fused_pred_boxes=57 fused_gt_boxes=63
frame=4/41 late_source=1/6 scenario=2026_07_15_01_26_56 timestamp=000066 receiver=1 cavs=[1, 4] pred_boxes=26 gt_boxes=34 comm_bytes=50800
frame=4/41 late_source=2/6 scenario=2026_07_15_01_26_56 timestamp=000066 receiver=12 cavs=[12] pred_boxes=8 gt_boxes=19 comm_bytes=0
frame=4/41 late_source=3/6 scenario=2026_07_15_01_26_56 timestamp=000066 receiver=15 cavs=[15, 6] pred_boxes=14 gt_boxes=17 comm_bytes=65728
frame=4/41 late_source=4/6 scenario=2026_07_15_01_26_56 timestamp=000066 receiver=16 cavs=[16] pred_boxes=13 gt_boxes=24 comm_bytes=0
frame=4/41 late_source=5/6 scenario=2026_07_15_01_26_56 timestamp=000066 receiver=17 cavs=[17] pred_boxes=4 gt_boxes=9 comm_bytes=0
frame=4/41 late_source=6/6 scenario=2026_07_15_01_26_56 timestamp=000066 receiver=19 cavs=[19, 20] pred_boxes=15 gt_boxes=26 comm_bytes=71008
sgcp_late_fusion frame=4/41 scenario=2026_07_15_01_26_56 timestamp=000066 sources=6 fused_pred_boxes=56 fused_gt_boxes=63
frame=5/41 late_source=1/6 scenario=2026_07_15_01_26_56 timestamp=000068 receiver=1 cavs=[1, 4] pred_boxes=22 gt_boxes=34 comm_bytes=51456
frame=5/41 late_source=2/6 scenario=2026_07_15_01_26_56 timestamp=000068 receiver=4 cavs=[4] pred_boxes=14 gt_boxes=28 comm_bytes=0
frame=5/41 late_source=3/6 scenario=2026_07_15_01_26_56 timestamp=000068 receiver=13 cavs=[13] pred_boxes=0 gt_boxes=11 comm_bytes=0
frame=5/41 late_source=4/6 scenario=2026_07_15_01_26_56 timestamp=000068 receiver=15 cavs=[15, 6] pred_boxes=15 gt_boxes=16 comm_bytes=65920
frame=5/41 late_source=5/6 scenario=2026_07_15_01_26_56 timestamp=000068 receiver=16 cavs=[16] pred_boxes=14 gt_boxes=23 comm_bytes=0
frame=5/41 late_source=6/6 scenario=2026_07_15_01_26_56 timestamp=000068 receiver=17 cavs=[17] pred_boxes=9 gt_boxes=9 comm_bytes=0
sgcp_late_fusion frame=5/41 scenario=2026_07_15_01_26_56 timestamp=000068 sources=6 fused_pred_boxes=51 fused_gt_boxes=60
frame=6/41 late_source=1/6 scenario=2026_07_15_01_26_56 timestamp=000070 receiver=1 cavs=[1, 4] pred_boxes=22 gt_boxes=34 comm_bytes=52080
frame=6/41 late_source=2/6 scenario=2026_07_15_01_26_56 timestamp=000070 receiver=11 cavs=[11] pred_boxes=16 gt_boxes=14 comm_bytes=0
frame=6/41 late_source=3/6 scenario=2026_07_15_01_26_56 timestamp=000070 receiver=13 cavs=[13] pred_boxes=0 gt_boxes=11 comm_bytes=0
frame=6/41 late_source=4/6 scenario=2026_07_15_01_26_56 timestamp=000070 receiver=15 cavs=[15, 6] pred_boxes=15 gt_boxes=16 comm_bytes=65360
frame=6/41 late_source=5/6 scenario=2026_07_15_01_26_56 timestamp=000070 receiver=16 cavs=[16] pred_boxes=13 gt_boxes=24 comm_bytes=0
frame=6/41 late_source=6/6 scenario=2026_07_15_01_26_56 timestamp=000070 receiver=17 cavs=[17] pred_boxes=9 gt_boxes=9 comm_bytes=0
sgcp_late_fusion frame=6/41 scenario=2026_07_15_01_26_56 timestamp=000070 sources=6 fused_pred_boxes=57 fused_gt_boxes=61
frame=7/41 late_source=1/6 scenario=2026_07_15_01_26_56 timestamp=000072 receiver=1 cavs=[1, 4] pred_boxes=19 gt_boxes=32 comm_bytes=53152
frame=7/41 late_source=2/6 scenario=2026_07_15_01_26_56 timestamp=000072 receiver=4 cavs=[4] pred_boxes=13 gt_boxes=27 comm_bytes=0
frame=7/41 late_source=3/6 scenario=2026_07_15_01_26_56 timestamp=000072 receiver=13 cavs=[13] pred_boxes=3 gt_boxes=10 comm_bytes=0
frame=7/41 late_source=4/6 scenario=2026_07_15_01_26_56 timestamp=000072 receiver=15 cavs=[15, 6] pred_boxes=16 gt_boxes=18 comm_bytes=65184
frame=7/41 late_source=5/6 scenario=2026_07_15_01_26_56 timestamp=000072 receiver=16 cavs=[16] pred_boxes=14 gt_boxes=23 comm_bytes=0
frame=7/41 late_source=6/6 scenario=2026_07_15_01_26_56 timestamp=000072 receiver=17 cavs=[17] pred_boxes=7 gt_boxes=9 comm_bytes=0
sgcp_late_fusion frame=7/41 scenario=2026_07_15_01_26_56 timestamp=000072 sources=6 fused_pred_boxes=52 fused_gt_boxes=59
frame=8/41 late_source=1/6 scenario=2026_07_15_01_26_56 timestamp=000074 receiver=1 cavs=[1, 4] pred_boxes=20 gt_boxes=32 comm_bytes=53744
frame=8/41 late_source=2/6 scenario=2026_07_15_01_26_56 timestamp=000074 receiver=12 cavs=[12] pred_boxes=8 gt_boxes=19 comm_bytes=0
frame=8/41 late_source=3/6 scenario=2026_07_15_01_26_56 timestamp=000074 receiver=13 cavs=[13] pred_boxes=3 gt_boxes=11 comm_bytes=0
frame=8/41 late_source=4/6 scenario=2026_07_15_01_26_56 timestamp=000074 receiver=15 cavs=[15, 6] pred_boxes=15 gt_boxes=18 comm_bytes=65040
frame=8/41 late_source=5/6 scenario=2026_07_15_01_26_56 timestamp=000074 receiver=17 cavs=[17] pred_boxes=8 gt_boxes=9 comm_bytes=0
frame=8/41 late_source=6/6 scenario=2026_07_15_01_26_56 timestamp=000074 receiver=20 cavs=[20] pred_boxes=21 gt_boxes=19 comm_bytes=0
sgcp_late_fusion frame=8/41 scenario=2026_07_15_01_26_56 timestamp=000074 sources=6 fused_pred_boxes=56 fused_gt_boxes=61
frame=9/41 late_source=1/6 scenario=2026_07_15_01_26_56 timestamp=000076 receiver=1 cavs=[1, 4] pred_boxes=19 gt_boxes=32 comm_bytes=55040
frame=9/41 late_source=2/6 scenario=2026_07_15_01_26_56 timestamp=000076 receiver=4 cavs=[4] pred_boxes=11 gt_boxes=27 comm_bytes=0
frame=9/41 late_source=3/6 scenario=2026_07_15_01_26_56 timestamp=000076 receiver=13 cavs=[13] pred_boxes=2 gt_boxes=11 comm_bytes=0
frame=9/41 late_source=4/6 scenario=2026_07_15_01_26_56 timestamp=000076 receiver=15 cavs=[15, 6] pred_boxes=16 gt_boxes=18 comm_bytes=64928
frame=9/41 late_source=5/6 scenario=2026_07_15_01_26_56 timestamp=000076 receiver=16 cavs=[16] pred_boxes=12 gt_boxes=21 comm_bytes=0Format = auto
Extension = pcd
Format = auto
Extension = pcd
Format = auto
Extension = pcd
Format = auto
Extension = pcd
Format = auto
Extension = pcd
Format = auto
Extension = pcd
Format = auto
Extension = pcd
Format = auto
Extension = pcd
Format = auto
Extension = pcd
Format = auto
Extension = pcd
Format = auto
Extension = pcd
Format = auto
Extension = pcd
Format = auto
Extension = pcd
Format = auto
Extension = pcd
Format = auto
Extension = pcd
Format = auto
Extension = pcd
Format = auto
Extension = pcd
Format = auto
Extension = pcd
Format = auto
Extension = pcd
Format = auto
Extension = pcd
Format = auto
Extension = pcd
Format = auto
Extension = pcd
Format = auto
Extension = pcd
Format = auto
Extension = pcd
Format = auto
Extension = pcd
Format = auto
Extension = pcd
Format = auto
Extension = pcd
Format = auto
Extension = pcd
Format = auto
Extension = pcd
Format = auto
Extension = pcd
Format = auto
Extension = pcd
Format = auto
Extension = pcd
Format = auto
Extension = pcd
Format = auto
Extension = pcd
Format = auto
Extension = pcd
Format = auto
Extension = pcd
Format = auto
Extension = pcd
Format = auto
Extension = pcd
Format = auto
Extension = pcd
Format = auto
Extension = pcd
Format = auto
Extension = pcd
Format = auto
Extension = pcd
Format = auto
Extension = pcd
Format = auto
Extension = pcd
Format = auto
Extension = pcd
Format = auto
Extension = pcd
Format = auto
Extension = pcd
Format = auto
Extension = pcd
Format = auto
Extension = pcd
Format = auto
Extension = pcd
Format = auto
Extension = pcd
Format = auto
Extension = pcd
Format = auto
Extension = pcd
Format = auto
Extension = pcd
Format = auto
Extension = pcd
Format = auto
Extension = pcd
Format = auto
Extension = pcd
Format = auto
Extension = pcd
Format = auto
Extension = pcd
Format = auto
Extension = pcd
Format = auto
Extension = pcd
Format = auto
Extension = pcd
Format = auto
Extension = pcd
Format = auto
Extension = pcd
Format = auto
Extension = pcd
Format = auto
Extension = pcd
Format = auto
Extension = pcd
Format = auto
Extension = pcd
Format = auto
Extension = pcd
Format = auto
Extension = pcd
Format = auto
Extension = pcd
Format = auto
Extension = pcd
Format = auto
Extension = pcd
Format = auto
Extension = pcd
Format = auto
Extension = pcd
Format = auto
Extension = pcd
Format = auto
Extension = pcd
Format = auto
Extension = pcd
Format = auto
Extension = pcd
Format = auto
Extension = pcd
Format = auto
Extension = pcd
Format = auto
Extension = pcd
Format = auto
Extension = pcd
Format = auto
Extension = pcd
Format = auto
Extension = pcd
Format = auto
Extension = pcd
Format = auto
Extension = pcd
Format = auto
Extension = pcd
Format = auto
Extension = pcd
Format = auto
Extension = pcd
Format = auto
Extension = pcd
Format = auto
Extension = pcd
Format = auto
Extension = pcd
Format = auto
Extension = pcd
Format = auto
Extension = pcd
Format = auto
Extension = pcd
Format = auto
Extension = pcd
Format = auto
Extension = pcd
Format = auto
Extension = pcd
Format = auto
Extension = pcd
Format = auto
Extension = pcd
Format = auto
Extension = pcd
Format = auto
Extension = pcd
Format = auto
Extension = pcd
Format = auto
Extension = pcd
Format = auto
Extension = pcd
Format = auto
Extension = pcd
Format = auto
Extension = pcd
Format = auto
Extension = pcd
Format = auto
Extension = pcd
Format = auto
Extension = pcd
Format = auto
Extension = pcd
Format = auto
Extension = pcd
Format = auto
Extension = pcd
Format = auto
Extension = pcd
Format = auto
Extension = pcd
Format = auto
Extension = pcd
Format = auto
Extension = pcd
Format = auto
Extension = pcd
Format = auto
Extension = pcd
Format = auto
Extension = pcd
Format = auto
Extension = pcd
Format = auto
Extension = pcd
Format = auto
Extension = pcd
Format = auto
Extension = pcd
Format = auto
Extension = pcd
Format = auto
Extension = pcd
Format = auto
Extension = pcd
Format = auto
Extension = pcd
Format = auto
Extension = pcd
Format = auto
Extension = pcd
Format = auto
Extension = pcd
Format = auto
Extension = pcd
Format = auto
Extension = pcd
Format = auto
Extension = pcd
Format = auto
Extension = pcd
Format = auto
Extension = pcd
Format = auto
Extension = pcd
Format = auto
Extension = pcd
Format = auto
Extension = pcd
Format = auto
Extension = pcd
Format = auto
Extension = pcd
Format = auto
Extension = pcd
Format = auto
Extension = pcd
Format = auto
Extension = pcd
Format = auto
Extension = pcd
Format = auto
Extension = pcd
Format = auto
Extension = pcd
Format = auto
Extension = pcd
Format = auto
Extension = pcd
Format = auto
Extension = pcd
Format = auto
Extension = pcd
Format = auto
Extension = pcd
Format = auto
Extension = pcd
Format = auto
Extension = pcd
Format = auto
Extension = pcd
Format = auto
Extension = pcd
Format = auto
Extension = pcd
Format = auto
Extension = pcd
Format = auto
Extension = pcd
Format = auto
Extension = pcd
Format = auto
Extension = pcd
Format = auto
Extension = pcd
Format = auto
Extension = pcd
Format = auto
Extension = pcd
Format = auto
Extension = pcd
Format = auto
Extension = pcd
Format = auto
Extension = pcd
Format = auto
Extension = pcd
Format = auto
Extension = pcd
Format = auto
Extension = pcd
Format = auto
Extension = pcd
Format = auto
Extension = pcd
Format = auto
Extension = pcd
Format = auto
Extension = pcd
Format = auto
Extension = pcd
Format = auto
Extension = pcd
Format = auto
Extension = pcd
Format = auto
Extension = pcd
Format = auto
Extension = pcd

frame=9/41 late_source=6/6 scenario=2026_07_15_01_26_56 timestamp=000076 receiver=17 cavs=[17, 16] pred_boxes=10 gt_boxes=21 comm_bytes=49936
sgcp_late_fusion frame=9/41 scenario=2026_07_15_01_26_56 timestamp=000076 sources=6 fused_pred_boxes=48 fused_gt_boxes=60
frame=10/41 late_source=1/6 scenario=2026_07_15_01_26_56 timestamp=000078 receiver=1 cavs=[1, 4] pred_boxes=20 gt_boxes=34 comm_bytes=55728
frame=10/41 late_source=2/6 scenario=2026_07_15_01_26_56 timestamp=000078 receiver=4 cavs=[4] pred_boxes=10 gt_boxes=30 comm_bytes=0
frame=10/41 late_source=3/6 scenario=2026_07_15_01_26_56 timestamp=000078 receiver=13 cavs=[13] pred_boxes=1 gt_boxes=10 comm_bytes=0
frame=10/41 late_source=4/6 scenario=2026_07_15_01_26_56 timestamp=000078 receiver=15 cavs=[15] pred_boxes=13 gt_boxes=9 comm_bytes=0
frame=10/41 late_source=5/6 scenario=2026_07_15_01_26_56 timestamp=000078 receiver=16 cavs=[16] pred_boxes=12 gt_boxes=22 comm_bytes=0
frame=10/41 late_source=6/6 scenario=2026_07_15_01_26_56 timestamp=000078 receiver=17 cavs=[17] pred_boxes=8 gt_boxes=10 comm_bytes=0
sgcp_late_fusion frame=10/41 scenario=2026_07_15_01_26_56 timestamp=000078 sources=6 fused_pred_boxes=41 fused_gt_boxes=53
frame=11/41 late_source=1/6 scenario=2026_07_15_01_26_56 timestamp=000080 receiver=1 cavs=[1, 4] pred_boxes=20 gt_boxes=33 comm_bytes=55744
frame=11/41 late_source=2/6 scenario=2026_07_15_01_26_56 timestamp=000080 receiver=4 cavs=[4] pred_boxes=14 gt_boxes=29 comm_bytes=0
frame=11/41 late_source=3/6 scenario=2026_07_15_01_26_56 timestamp=000080 receiver=13 cavs=[13] pred_boxes=3 gt_boxes=10 comm_bytes=0
frame=11/41 late_source=4/6 scenario=2026_07_15_01_26_56 timestamp=000080 receiver=15 cavs=[15] pred_boxes=12 gt_boxes=8 comm_bytes=0
frame=11/41 late_source=5/6 scenario=2026_07_15_01_26_56 timestamp=000080 receiver=16 cavs=[16] pred_boxes=14 gt_boxes=22 comm_bytes=0
frame=11/41 late_source=6/6 scenario=2026_07_15_01_26_56 timestamp=000080 receiver=17 cavs=[17] pred_boxes=9 gt_boxes=11 comm_bytes=0
sgcp_late_fusion frame=11/41 scenario=2026_07_15_01_26_56 timestamp=000080 sources=6 fused_pred_boxes=49 fused_gt_boxes=52
frame=12/41 late_source=1/6 scenario=2026_07_15_01_26_56 timestamp=000082 receiver=1 cavs=[1, 4] pred_boxes=21 gt_boxes=33 comm_bytes=55712
frame=12/41 late_source=2/6 scenario=2026_07_15_01_26_56 timestamp=000082 receiver=12 cavs=[12] pred_boxes=6 gt_boxes=19 comm_bytes=0
frame=12/41 late_source=3/6 scenario=2026_07_15_01_26_56 timestamp=000082 receiver=13 cavs=[13] pred_boxes=2 gt_boxes=10 comm_bytes=0
frame=12/41 late_source=4/6 scenario=2026_07_15_01_26_56 timestamp=000082 receiver=15 cavs=[15] pred_boxes=13 gt_boxes=8 comm_bytes=0
frame=12/41 late_source=5/6 scenario=2026_07_15_01_26_56 timestamp=000082 receiver=17 cavs=[17] pred_boxes=10 gt_boxes=11 comm_bytes=0
frame=12/41 late_source=6/6 scenario=2026_07_15_01_26_56 timestamp=000082 receiver=20 cavs=[20] pred_boxes=19 gt_boxes=19 comm_bytes=0
sgcp_late_fusion frame=12/41 scenario=2026_07_15_01_26_56 timestamp=000082 sources=6 fused_pred_boxes=55 fused_gt_boxes=52
frame=13/41 late_source=1/6 scenario=2026_07_15_01_26_56 timestamp=000084 receiver=1 cavs=[1, 4] pred_boxes=20 gt_boxes=34 comm_bytes=55728
frame=13/41 late_source=2/6 scenario=2026_07_15_01_26_56 timestamp=000084 receiver=12 cavs=[12] pred_boxes=8 gt_boxes=15 comm_bytes=0
frame=13/41 late_source=3/6 scenario=2026_07_15_01_26_56 timestamp=000084 receiver=13 cavs=[13] pred_boxes=3 gt_boxes=10 comm_bytes=0
frame=13/41 late_source=4/6 scenario=2026_07_15_01_26_56 timestamp=000084 receiver=15 cavs=[15] pred_boxes=13 gt_boxes=8 comm_bytes=0
frame=13/41 late_source=5/6 scenario=2026_07_15_01_26_56 timestamp=000084 receiver=17 cavs=[17] pred_boxes=10 gt_boxes=9 comm_bytes=0
frame=13/41 late_source=6/6 scenario=2026_07_15_01_26_56 timestamp=000084 receiver=20 cavs=[20] pred_boxes=19 gt_boxes=19 comm_bytes=0
sgcp_late_fusion frame=13/41 scenario=2026_07_15_01_26_56 timestamp=000084 sources=6 fused_pred_boxes=55 fused_gt_boxes=52
frame=14/41 late_source=1/6 scenario=2026_07_15_01_26_56 timestamp=000086 receiver=1 cavs=[1, 4] pred_boxes=23 gt_boxes=33 comm_bytes=55728
frame=14/41 late_source=2/6 scenario=2026_07_15_01_26_56 timestamp=000086 receiver=12 cavs=[12] pred_boxes=8 gt_boxes=16 comm_bytes=0
frame=14/41 late_source=3/6 scenario=2026_07_15_01_26_56 timestamp=000086 receiver=13 cavs=[13] pred_boxes=2 gt_boxes=10 comm_bytes=0
frame=14/41 late_source=4/6 scenario=2026_07_15_01_26_56 timestamp=000086 receiver=15 cavs=[15] pred_boxes=14 gt_boxes=8 comm_bytes=0
frame=14/41 late_source=5/6 scenario=2026_07_15_01_26_56 timestamp=000086 receiver=17 cavs=[17] pred_boxes=10 gt_boxes=9 comm_bytes=0
frame=14/41 late_source=6/6 scenario=2026_07_15_01_26_56 timestamp=000086 receiver=20 cavs=[20] pred_boxes=18 gt_boxes=19 comm_bytes=0
sgcp_late_fusion frame=14/41 scenario=2026_07_15_01_26_56 timestamp=000086 sources=6 fused_pred_boxes=57 fused_gt_boxes=50
frame=15/41 late_source=1/6 scenario=2026_07_15_01_26_56 timestamp=000088 receiver=1 cavs=[1, 4] pred_boxes=20 gt_boxes=33 comm_bytes=55744
frame=15/41 late_source=2/6 scenario=2026_07_15_01_26_56 timestamp=000088 receiver=12 cavs=[12] pred_boxes=9 gt_boxes=16 comm_bytes=0
frame=15/41 late_source=3/6 scenario=2026_07_15_01_26_56 timestamp=000088 receiver=13 cavs=[13] pred_boxes=1 gt_boxes=10 comm_bytes=0
frame=15/41 late_source=4/6 scenario=2026_07_15_01_26_56 timestamp=000088 receiver=15 cavs=[15] pred_boxes=14 gt_boxes=8 comm_bytes=0
frame=15/41 late_source=5/6 scenario=2026_07_15_01_26_56 timestamp=000088 receiver=17 cavs=[17] pred_boxes=11 gt_boxes=9 comm_bytes=0
frame=15/41 late_source=6/6 scenario=2026_07_15_01_26_56 timestamp=000088 receiver=20 cavs=[20] pred_boxes=19 gt_boxes=20 comm_bytes=0
sgcp_late_fusion frame=15/41 scenario=2026_07_15_01_26_56 timestamp=000088 sources=6 fused_pred_boxes=57 fused_gt_boxes=50
frame=16/41 late_source=1/6 scenario=2026_07_15_01_26_56 timestamp=000090 receiver=1 cavs=[1, 4] pred_boxes=20 gt_boxes=34 comm_bytes=55728
frame=16/41 late_source=2/6 scenario=2026_07_15_01_26_56 timestamp=000090 receiver=12 cavs=[12] pred_boxes=8 gt_boxes=15 comm_bytes=0
frame=16/41 late_source=3/6 scenario=2026_07_15_01_26_56 timestamp=000090 receiver=13 cavs=[13] pred_boxes=1 gt_boxes=10 comm_bytes=0
frame=16/41 late_source=4/6 scenario=2026_07_15_01_26_56 timestamp=000090 receiver=15 cavs=[15] pred_boxes=13 gt_boxes=8 comm_bytes=0
frame=16/41 late_source=5/6 scenario=2026_07_15_01_26_56 timestamp=000090 receiver=17 cavs=[17] pred_boxes=10 gt_boxes=10 comm_bytes=0
frame=16/41 late_source=6/6 scenario=2026_07_15_01_26_56 timestamp=000090 receiver=20 cavs=[20] pred_boxes=19 gt_boxes=20 comm_bytes=0
sgcp_late_fusion frame=16/41 scenario=2026_07_15_01_26_56 timestamp=000090 sources=6 fused_pred_boxes=54 fused_gt_boxes=52
frame=17/41 late_source=1/6 scenario=2026_07_15_01_26_56 timestamp=000092 receiver=1 cavs=[1, 4] pred_boxes=19 gt_boxes=34 comm_bytes=55728
frame=17/41 late_source=2/6 scenario=2026_07_15_01_26_56 timestamp=000092 receiver=12 cavs=[12] pred_boxes=7 gt_boxes=14 comm_bytes=0
frame=17/41 late_source=3/6 scenario=2026_07_15_01_26_56 timestamp=000092 receiver=13 cavs=[13] pred_boxes=0 gt_boxes=10 comm_bytes=0
frame=17/41 late_source=4/6 scenario=2026_07_15_01_26_56 timestamp=000092 receiver=15 cavs=[15] pred_boxes=13 gt_boxes=8 comm_bytes=0
frame=17/41 late_source=5/6 scenario=2026_07_15_01_26_56 timestamp=000092 receiver=17 cavs=[17] pred_boxes=11 gt_boxes=10 comm_bytes=0
frame=17/41 late_source=6/6 scenario=2026_07_15_01_26_56 timestamp=000092 receiver=20 cavs=[20] pred_boxes=21 gt_boxes=20 comm_bytes=0
sgcp_late_fusion frame=17/41 scenario=2026_07_15_01_26_56 timestamp=000092 sources=6 fused_pred_boxes=54 fused_gt_boxes=52
frame=18/41 late_source=1/6 scenario=2026_07_15_01_26_56 timestamp=000094 receiver=1 cavs=[1, 4] pred_boxes=22 gt_boxes=34 comm_bytes=55728
frame=18/41 late_source=2/6 scenario=2026_07_15_01_26_56 timestamp=000094 receiver=12 cavs=[12] pred_boxes=8 gt_boxes=17 comm_bytes=0
frame=18/41 late_source=3/6 scenario=2026_07_15_01_26_56 timestamp=000094 receiver=13 cavs=[13] pred_boxes=0 gt_boxes=10 comm_bytes=0Format = auto
Extension = pcd
Format = auto
Extension = pcd
Format = auto
Extension = pcd
Format = auto
Extension = pcd
Format = auto
Extension = pcd
Format = auto
Extension = pcd
Format = auto
Extension = pcd
Format = auto
Extension = pcd
Format = auto
Extension = pcd
Format = auto
Extension = pcd
Format = auto
Extension = pcd
Format = auto
Extension = pcd
Format = auto
Extension = pcd
Format = auto
Extension = pcd
Format = auto
Extension = pcd
Format = auto
Extension = pcd
Format = auto
Extension = pcd
Format = auto
Extension = pcd
Format = auto
Extension = pcd
Format = auto
Extension = pcd
Format = auto
Extension = pcd
Format = auto
Extension = pcd
Format = auto
Extension = pcd
Format = auto
Extension = pcd
Format = auto
Extension = pcd
Format = auto
Extension = pcd
Format = auto
Extension = pcd
Format = auto
Extension = pcd
Format = auto
Extension = pcd
Format = auto
Extension = pcd
Format = auto
Extension = pcd
Format = auto
Extension = pcd
Format = auto
Extension = pcd
Format = auto
Extension = pcd
Format = auto
Extension = pcd
Format = auto
Extension = pcd
Format = auto
Extension = pcd
Format = auto
Extension = pcd
Format = auto
Extension = pcd
Format = auto
Extension = pcd
Format = auto
Extension = pcd
Format = auto
Extension = pcd
Format = auto
Extension = pcd
Format = auto
Extension = pcd
Format = auto
Extension = pcd
Format = auto
Extension = pcd
Format = auto
Extension = pcd
Format = auto
Extension = pcd
Format = auto
Extension = pcd
Format = auto
Extension = pcd
Format = auto
Extension = pcd
Format = auto
Extension = pcd
Format = auto
Extension = pcd
Format = auto
Extension = pcd
Format = auto
Extension = pcd
Format = auto
Extension = pcd
Format = auto
Extension = pcd
Format = auto
Extension = pcd
Format = auto
Extension = pcd
Format = auto
Extension = pcd
Format = auto
Extension = pcd
Format = auto
Extension = pcd
Format = auto
Extension = pcd
Format = auto
Extension = pcd
Format = auto
Extension = pcd
Format = auto
Extension = pcd
Format = auto
Extension = pcd
Format = auto
Extension = pcd
Format = auto
Extension = pcd
Format = auto
Extension = pcd
Format = auto
Extension = pcd
Format = auto
Extension = pcd
Format = auto
Extension = pcd
Format = auto
Extension = pcd
Format = auto
Extension = pcd
Format = auto
Extension = pcd
Format = auto
Extension = pcd
Format = auto
Extension = pcd
Format = auto
Extension = pcd
Format = auto
Extension = pcd
Format = auto
Extension = pcd
Format = auto
Extension = pcd
Format = auto
Extension = pcd
Format = auto
Extension = pcd
Format = auto
Extension = pcd
Format = auto
Extension = pcd
Format = auto
Extension = pcd
Format = auto
Extension = pcd
Format = auto
Extension = pcd
Format = auto
Extension = pcd
Format = auto
Extension = pcd
Format = auto
Extension = pcd
Format = auto
Extension = pcd
Format = auto
Extension = pcd
Format = auto
Extension = pcd
Format = auto
Extension = pcd
Format = auto
Extension = pcd
Format = auto
Extension = pcd
Format = auto
Extension = pcd
Format = auto
Extension = pcd
Format = auto
Extension = pcd
Format = auto
Extension = pcd
Format = auto
Extension = pcd
Format = auto
Extension = pcd
Format = auto
Extension = pcd
Format = auto
Extension = pcd
Format = auto
Extension = pcd
Format = auto
Extension = pcd
Format = auto
Extension = pcd
Format = auto
Extension = pcd
Format = auto
Extension = pcd
Format = auto
Extension = pcd
Format = auto
Extension = pcd
Format = auto
Extension = pcd
Format = auto
Extension = pcd
Format = auto
Extension = pcd
Format = auto
Extension = pcd
Format = auto
Extension = pcd
Format = auto
Extension = pcd
Format = auto
Extension = pcd
Format = auto
Extension = pcd
Format = auto
Extension = pcd
Format = auto
Extension = pcd
Format = auto
Extension = pcd
Format = auto
Extension = pcd
Format = auto
Extension = pcd
Format = auto
Extension = pcd
Format = auto
Extension = pcd
Format = auto
Extension = pcd
Format = auto
Extension = pcd
Format = auto
Extension = pcd
Format = auto
Extension = pcd
Format = auto
Extension = pcd
Format = auto
Extension = pcd
Format = auto
Extension = pcd
Format = auto
Extension = pcd
Format = auto
Extension = pcd
Format = auto
Extension = pcd
Format = auto
Extension = pcd
Format = auto
Extension = pcd
Format = auto
Extension = pcd
Format = auto
Extension = pcd
Format = auto
Extension = pcd
Format = auto
Extension = pcd
Format = auto
Extension = pcd
Format = auto
Extension = pcd
Format = auto
Extension = pcd
Format = auto
Extension = pcd
Format = auto
Extension = pcd
Format = auto
Extension = pcd
Format = auto
Extension = pcd
Format = auto
Extension = pcd
Format = auto
Extension = pcd
Format = auto
Extension = pcd
Format = auto
Extension = pcd
Format = auto
Extension = pcd
Format = auto
Extension = pcd
Format = auto
Extension = pcd
Format = auto
Extension = pcd
Format = auto
Extension = pcd
Format = auto
Extension = pcd
Format = auto
Extension = pcd
Format = auto
Extension = pcd
Format = auto
Extension = pcd
Format = auto
Extension = pcd
Format = auto
Extension = pcd
Format = auto
Extension = pcd
Format = auto
Extension = pcd
Format = auto
Extension = pcd
Format = auto
Extension = pcd
Format = auto
Extension = pcd
Format = auto
Extension = pcd
Format = auto
Extension = pcd
Format = auto
Extension = pcd
Format = auto
Extension = pcd
Format = auto
Extension = pcd
Format = auto
Extension = pcd
Format = auto
Extension = pcd
Format = auto
Extension = pcd
Format = auto
Extension = pcd

frame=18/41 late_source=4/6 scenario=2026_07_15_01_26_56 timestamp=000094 receiver=15 cavs=[15] pred_boxes=13 gt_boxes=9 comm_bytes=0
frame=18/41 late_source=5/6 scenario=2026_07_15_01_26_56 timestamp=000094 receiver=17 cavs=[17] pred_boxes=12 gt_boxes=11 comm_bytes=0
frame=18/41 late_source=6/6 scenario=2026_07_15_01_26_56 timestamp=000094 receiver=20 cavs=[20] pred_boxes=20 gt_boxes=20 comm_bytes=0
sgcp_late_fusion frame=18/41 scenario=2026_07_15_01_26_56 timestamp=000094 sources=6 fused_pred_boxes=57 fused_gt_boxes=52
frame=19/41 late_source=1/6 scenario=2026_07_15_01_26_56 timestamp=000096 receiver=1 cavs=[1, 4] pred_boxes=21 gt_boxes=34 comm_bytes=55744
frame=19/41 late_source=2/6 scenario=2026_07_15_01_26_56 timestamp=000096 receiver=12 cavs=[12] pred_boxes=5 gt_boxes=14 comm_bytes=0
frame=19/41 late_source=3/6 scenario=2026_07_15_01_26_56 timestamp=000096 receiver=13 cavs=[13] pred_boxes=1 gt_boxes=10 comm_bytes=0
frame=19/41 late_source=4/6 scenario=2026_07_15_01_26_56 timestamp=000096 receiver=15 cavs=[15, 2] pred_boxes=21 gt_boxes=26 comm_bytes=51856
frame=19/41 late_source=5/6 scenario=2026_07_15_01_26_56 timestamp=000096 receiver=17 cavs=[17] pred_boxes=12 gt_boxes=11 comm_bytes=0
frame=19/41 late_source=6/6 scenario=2026_07_15_01_26_56 timestamp=000096 receiver=20 cavs=[20] pred_boxes=20 gt_boxes=20 comm_bytes=0
sgcp_late_fusion frame=19/41 scenario=2026_07_15_01_26_56 timestamp=000096 sources=6 fused_pred_boxes=57 fused_gt_boxes=55
frame=20/41 late_source=1/6 scenario=2026_07_15_01_26_56 timestamp=000098 receiver=1 cavs=[1, 4] pred_boxes=22 gt_boxes=33 comm_bytes=55744
frame=20/41 late_source=2/6 scenario=2026_07_15_01_26_56 timestamp=000098 receiver=12 cavs=[12] pred_boxes=6 gt_boxes=13 comm_bytes=0
frame=20/41 late_source=3/6 scenario=2026_07_15_01_26_56 timestamp=000098 receiver=13 cavs=[13] pred_boxes=0 gt_boxes=10 comm_bytes=0
frame=20/41 late_source=4/6 scenario=2026_07_15_01_26_56 timestamp=000098 receiver=15 cavs=[15, 2] pred_boxes=21 gt_boxes=26 comm_bytes=51936
frame=20/41 late_source=5/6 scenario=2026_07_15_01_26_56 timestamp=000098 receiver=17 cavs=[17] pred_boxes=10 gt_boxes=11 comm_bytes=0
frame=20/41 late_source=6/6 scenario=2026_07_15_01_26_56 timestamp=000098 receiver=20 cavs=[20] pred_boxes=20 gt_boxes=20 comm_bytes=0
sgcp_late_fusion frame=20/41 scenario=2026_07_15_01_26_56 timestamp=000098 sources=6 fused_pred_boxes=59 fused_gt_boxes=55
frame=21/41 late_source=1/6 scenario=2026_07_15_01_26_56 timestamp=000100 receiver=1 cavs=[1, 4] pred_boxes=23 gt_boxes=33 comm_bytes=55744
frame=21/41 late_source=2/6 scenario=2026_07_15_01_26_56 timestamp=000100 receiver=12 cavs=[12] pred_boxes=8 gt_boxes=12 comm_bytes=0
frame=21/41 late_source=3/6 scenario=2026_07_15_01_26_56 timestamp=000100 receiver=13 cavs=[13] pred_boxes=0 gt_boxes=10 comm_bytes=0
frame=21/41 late_source=4/6 scenario=2026_07_15_01_26_56 timestamp=000100 receiver=15 cavs=[15, 2] pred_boxes=20 gt_boxes=26 comm_bytes=52032
frame=21/41 late_source=5/6 scenario=2026_07_15_01_26_56 timestamp=000100 receiver=17 cavs=[17] pred_boxes=11 gt_boxes=11 comm_bytes=0
frame=21/41 late_source=6/6 scenario=2026_07_15_01_26_56 timestamp=000100 receiver=20 cavs=[20] pred_boxes=22 gt_boxes=19 comm_bytes=0
sgcp_late_fusion frame=21/41 scenario=2026_07_15_01_26_56 timestamp=000100 sources=6 fused_pred_boxes=62 fused_gt_boxes=55
frame=22/41 late_source=1/6 scenario=2026_07_15_01_26_56 timestamp=000102 receiver=1 cavs=[1, 4] pred_boxes=21 gt_boxes=33 comm_bytes=55760
frame=22/41 late_source=2/6 scenario=2026_07_15_01_26_56 timestamp=000102 receiver=12 cavs=[12, 8] pred_boxes=14 gt_boxes=26 comm_bytes=73472
frame=22/41 late_source=3/6 scenario=2026_07_15_01_26_56 timestamp=000102 receiver=13 cavs=[13] pred_boxes=0 gt_boxes=8 comm_bytes=0
frame=22/41 late_source=4/6 scenario=2026_07_15_01_26_56 timestamp=000102 receiver=15 cavs=[15, 2] pred_boxes=22 gt_boxes=27 comm_bytes=52048
frame=22/41 late_source=5/6 scenario=2026_07_15_01_26_56 timestamp=000102 receiver=17 cavs=[17] pred_boxes=11 gt_boxes=12 comm_bytes=0
frame=22/41 late_source=6/6 scenario=2026_07_15_01_26_56 timestamp=000102 receiver=20 cavs=[20] pred_boxes=17 gt_boxes=19 comm_bytes=0
sgcp_late_fusion frame=22/41 scenario=2026_07_15_01_26_56 timestamp=000102 sources=6 fused_pred_boxes=57 fused_gt_boxes=56
frame=23/41 late_source=1/6 scenario=2026_07_15_01_26_56 timestamp=000104 receiver=1 cavs=[1, 4] pred_boxes=22 gt_boxes=33 comm_bytes=55776
frame=23/41 late_source=2/6 scenario=2026_07_15_01_26_56 timestamp=000104 receiver=12 cavs=[12, 8] pred_boxes=10 gt_boxes=25 comm_bytes=73440
frame=23/41 late_source=3/6 scenario=2026_07_15_01_26_56 timestamp=000104 receiver=13 cavs=[13] pred_boxes=0 gt_boxes=9 comm_bytes=0
frame=23/41 late_source=4/6 scenario=2026_07_15_01_26_56 timestamp=000104 receiver=15 cavs=[15, 2] pred_boxes=23 gt_boxes=28 comm_bytes=52064
frame=23/41 late_source=5/6 scenario=2026_07_15_01_26_56 timestamp=000104 receiver=17 cavs=[17] pred_boxes=10 gt_boxes=13 comm_bytes=0
frame=23/41 late_source=6/6 scenario=2026_07_15_01_26_56 timestamp=000104 receiver=20 cavs=[20] pred_boxes=17 gt_boxes=19 comm_bytes=0
sgcp_late_fusion frame=23/41 scenario=2026_07_15_01_26_56 timestamp=000104 sources=6 fused_pred_boxes=60 fused_gt_boxes=56
frame=24/41 late_source=1/6 scenario=2026_07_15_01_26_56 timestamp=000106 receiver=1 cavs=[1, 4] pred_boxes=22 gt_boxes=33 comm_bytes=55824
frame=24/41 late_source=2/6 scenario=2026_07_15_01_26_56 timestamp=000106 receiver=12 cavs=[12, 8] pred_boxes=11 gt_boxes=25 comm_bytes=73424
frame=24/41 late_source=3/6 scenario=2026_07_15_01_26_56 timestamp=000106 receiver=13 cavs=[13] pred_boxes=3 gt_boxes=9 comm_bytes=0
frame=24/41 late_source=4/6 scenario=2026_07_15_01_26_56 timestamp=000106 receiver=15 cavs=[15, 2] pred_boxes=21 gt_boxes=28 comm_bytes=52080
frame=24/41 late_source=5/6 scenario=2026_07_15_01_26_56 timestamp=000106 receiver=17 cavs=[17] pred_boxes=11 gt_boxes=13 comm_bytes=0
frame=24/41 late_source=6/6 scenario=2026_07_15_01_26_56 timestamp=000106 receiver=20 cavs=[20] pred_boxes=16 gt_boxes=19 comm_bytes=0
sgcp_late_fusion frame=24/41 scenario=2026_07_15_01_26_56 timestamp=000106 sources=6 fused_pred_boxes=60 fused_gt_boxes=56
frame=25/41 late_source=1/6 scenario=2026_07_15_01_26_56 timestamp=000108 receiver=1 cavs=[1, 4] pred_boxes=22 gt_boxes=33 comm_bytes=55856
frame=25/41 late_source=2/6 scenario=2026_07_15_01_26_56 timestamp=000108 receiver=12 cavs=[12, 8] pred_boxes=14 gt_boxes=28 comm_bytes=73472
frame=25/41 late_source=3/6 scenario=2026_07_15_01_26_56 timestamp=000108 receiver=13 cavs=[13] pred_boxes=0 gt_boxes=9 comm_bytes=0
frame=25/41 late_source=4/6 scenario=2026_07_15_01_26_56 timestamp=000108 receiver=15 cavs=[15, 2] pred_boxes=20 gt_boxes=29 comm_bytes=52128
frame=25/41 late_source=5/6 scenario=2026_07_15_01_26_56 timestamp=000108 receiver=17 cavs=[17] pred_boxes=11 gt_boxes=12 comm_bytes=0
frame=25/41 late_source=6/6 scenario=2026_07_15_01_26_56 timestamp=000108 receiver=20 cavs=[20] pred_boxes=16 gt_boxes=19 comm_bytes=0
sgcp_late_fusion frame=25/41 scenario=2026_07_15_01_26_56 timestamp=000108 sources=6 fused_pred_boxes=55 fused_gt_boxes=57
frame=26/41 late_source=1/6 scenario=2026_07_15_01_26_56 timestamp=000110 receiver=1 cavs=[1, 4] pred_boxes=19 gt_boxes=33 comm_bytes=55856
frame=26/41 late_source=2/6 scenario=2026_07_15_01_26_56 timestamp=000110 receiver=12 cavs=[12, 8] pred_boxes=11 gt_boxes=28 comm_bytes=73424
frame=26/41 late_source=3/6 scenario=2026_07_15_01_26_56 timestamp=000110 receiver=13 cavs=[13] pred_boxes=0 gt_boxes=9 comm_bytes=0
frame=26/41 late_source=4/6 scenario=2026_07_15_01_26_56 timestamp=000110 receiver=15 cavs=[15] pred_boxes=18 gt_boxes=13 comm_bytes=0
frame=26/41 late_source=5/6 scenario=2026_07_15_01_26_56 timestamp=000110 receiver=17 cavs=[17, 5] pred_boxes=11 gt_boxes=18 comm_bytes=70176
frame=26/41 late_source=6/6 scenario=2026_07_15_01_26_56 timestamp=000110 receiver=20 cavs=[20] pred_boxes=14 gt_boxes=19 comm_bytes=0
sgcp_late_fusion frame=26/41 scenario=2026_07_15_01_26_56 timestamp=000110 sources=6 fused_pred_boxes=55 fused_gt_boxes=58
frame=27/41 late_source=1/6 scenario=2026_07_15_01_26_56 timestamp=000112 receiver=1 cavs=[1, 4] pred_boxes=19 gt_boxes=33 comm_bytes=55856Format = auto
Extension = pcd
Format = auto
Extension = pcd
Format = auto
Extension = pcd
Format = auto
Extension = pcd
Format = auto
Extension = pcd
Format = auto
Extension = pcd
Format = auto
Extension = pcd
Format = auto
Extension = pcd
Format = auto
Extension = pcd
Format = auto
Extension = pcd
Format = auto
Extension = pcd
Format = auto
Extension = pcd
Format = auto
Extension = pcd
Format = auto
Extension = pcd
Format = auto
Extension = pcd
Format = auto
Extension = pcd
Format = auto
Extension = pcd
Format = auto
Extension = pcd
Format = auto
Extension = pcd
Format = auto
Extension = pcd
Format = auto
Extension = pcd
Format = auto
Extension = pcd
Format = auto
Extension = pcd
Format = auto
Extension = pcd
Format = auto
Extension = pcd
Format = auto
Extension = pcd
Format = auto
Extension = pcd
Format = auto
Extension = pcd
Format = auto
Extension = pcd
Format = auto
Extension = pcd
Format = auto
Extension = pcd
Format = auto
Extension = pcd
Format = auto
Extension = pcd
Format = auto
Extension = pcd
Format = auto
Extension = pcd
Format = auto
Extension = pcd
Format = auto
Extension = pcd
Format = auto
Extension = pcd
Format = auto
Extension = pcd
Format = auto
Extension = pcd
Format = auto
Extension = pcd
Format = auto
Extension = pcd
Format = auto
Extension = pcd
Format = auto
Extension = pcd
Format = auto
Extension = pcd
Format = auto
Extension = pcd
Format = auto
Extension = pcd
Format = auto
Extension = pcd
Format = auto
Extension = pcd
Format = auto
Extension = pcd
Format = auto
Extension = pcd
Format = auto
Extension = pcd
Format = auto
Extension = pcd
Format = auto
Extension = pcd
Format = auto
Extension = pcd
Format = auto
Extension = pcd
Format = auto
Extension = pcd
Format = auto
Extension = pcd
Format = auto
Extension = pcd
Format = auto
Extension = pcd
Format = auto
Extension = pcd
Format = auto
Extension = pcd
Format = auto
Extension = pcd
Format = auto
Extension = pcd
Format = auto
Extension = pcd
Format = auto
Extension = pcd
Format = auto
Extension = pcd
Format = auto
Extension = pcd
Format = auto
Extension = pcd
Format = auto
Extension = pcd
Format = auto
Extension = pcd
Format = auto
Extension = pcd
Format = auto
Extension = pcd
Format = auto
Extension = pcd
Format = auto
Extension = pcd
Format = auto
Extension = pcd
Format = auto
Extension = pcd
Format = auto
Extension = pcd
Format = auto
Extension = pcd
Format = auto
Extension = pcd
Format = auto
Extension = pcd
Format = auto
Extension = pcd
Format = auto
Extension = pcd
Format = auto
Extension = pcd
Format = auto
Extension = pcd
Format = auto
Extension = pcd
Format = auto
Extension = pcd
Format = auto
Extension = pcd
Format = auto
Extension = pcd
Format = auto
Extension = pcd
Format = auto
Extension = pcd
Format = auto
Extension = pcd
Format = auto
Extension = pcd
Format = auto
Extension = pcd
Format = auto
Extension = pcd
Format = auto
Extension = pcd
Format = auto
Extension = pcd
Format = auto
Extension = pcd
Format = auto
Extension = pcd
Format = auto
Extension = pcd
Format = auto
Extension = pcd
Format = auto
Extension = pcd
Format = auto
Extension = pcd
Format = auto
Extension = pcd
Format = auto
Extension = pcd
Format = auto
Extension = pcd
Format = auto
Extension = pcd
Format = auto
Extension = pcd
Format = auto
Extension = pcd
Format = auto
Extension = pcd
Format = auto
Extension = pcd
Format = auto
Extension = pcd
Format = auto
Extension = pcd
Format = auto
Extension = pcd
Format = auto
Extension = pcd
Format = auto
Extension = pcd
Format = auto
Extension = pcd
Format = auto
Extension = pcd
Format = auto
Extension = pcd
Format = auto
Extension = pcd
Format = auto
Extension = pcd
Format = auto
Extension = pcd
Format = auto
Extension = pcd
Format = auto
Extension = pcd
Format = auto
Extension = pcd
Format = auto
Extension = pcd
Format = auto
Extension = pcd
Format = auto
Extension = pcd
Format = auto
Extension = pcd
Format = auto
Extension = pcd
Format = auto
Extension = pcd
Format = auto
Extension = pcd
Format = auto
Extension = pcd
Format = auto
Extension = pcd
Format = auto
Extension = pcd
Format = auto
Extension = pcd
Format = auto
Extension = pcd
Format = auto
Extension = pcd
Format = auto
Extension = pcd
Format = auto
Extension = pcd
Format = auto
Extension = pcd
Format = auto
Extension = pcd
Format = auto
Extension = pcd
Format = auto
Extension = pcd
Format = auto
Extension = pcd
Format = auto
Extension = pcd
Format = auto
Extension = pcd
Format = auto
Extension = pcd
Format = auto
Extension = pcd
Format = auto
Extension = pcd
Format = auto
Extension = pcd
Format = auto
Extension = pcd
Format = auto
Extension = pcd
Format = auto
Extension = pcd
Format = auto
Extension = pcd
Format = auto
Extension = pcd
Format = auto
Extension = pcd
Format = auto
Extension = pcd
Format = auto
Extension = pcd
Format = auto
Extension = pcd

frame=27/41 late_source=2/6 scenario=2026_07_15_01_26_56 timestamp=000112 receiver=12 cavs=[12, 8] pred_boxes=11 gt_boxes=27 comm_bytes=73424
frame=27/41 late_source=3/6 scenario=2026_07_15_01_26_56 timestamp=000112 receiver=13 cavs=[13] pred_boxes=2 gt_boxes=7 comm_bytes=0
frame=27/41 late_source=4/6 scenario=2026_07_15_01_26_56 timestamp=000112 receiver=15 cavs=[15] pred_boxes=13 gt_boxes=13 comm_bytes=0
frame=27/41 late_source=5/6 scenario=2026_07_15_01_26_56 timestamp=000112 receiver=17 cavs=[17, 5] pred_boxes=11 gt_boxes=18 comm_bytes=69504
frame=27/41 late_source=6/6 scenario=2026_07_15_01_26_56 timestamp=000112 receiver=20 cavs=[20] pred_boxes=15 gt_boxes=19 comm_bytes=0
sgcp_late_fusion frame=27/41 scenario=2026_07_15_01_26_56 timestamp=000112 sources=6 fused_pred_boxes=52 fused_gt_boxes=58
frame=28/41 late_source=1/6 scenario=2026_07_15_01_26_56 timestamp=000114 receiver=1 cavs=[1, 4] pred_boxes=21 gt_boxes=33 comm_bytes=55840
frame=28/41 late_source=2/6 scenario=2026_07_15_01_26_56 timestamp=000114 receiver=12 cavs=[12, 8] pred_boxes=11 gt_boxes=29 comm_bytes=73424
frame=28/41 late_source=3/6 scenario=2026_07_15_01_26_56 timestamp=000114 receiver=13 cavs=[13] pred_boxes=0 gt_boxes=8 comm_bytes=0
frame=28/41 late_source=4/6 scenario=2026_07_15_01_26_56 timestamp=000114 receiver=15 cavs=[15, 2] pred_boxes=21 gt_boxes=29 comm_bytes=52176
frame=28/41 late_source=5/6 scenario=2026_07_15_01_26_56 timestamp=000114 receiver=17 cavs=[17, 5] pred_boxes=13 gt_boxes=19 comm_bytes=69328
frame=28/41 late_source=6/6 scenario=2026_07_15_01_26_56 timestamp=000114 receiver=20 cavs=[20] pred_boxes=15 gt_boxes=19 comm_bytes=0
sgcp_late_fusion frame=28/41 scenario=2026_07_15_01_26_56 timestamp=000114 sources=6 fused_pred_boxes=57 fused_gt_boxes=63
frame=29/41 late_source=1/6 scenario=2026_07_15_01_26_56 timestamp=000116 receiver=1 cavs=[1, 4] pred_boxes=22 gt_boxes=33 comm_bytes=55824
frame=29/41 late_source=2/6 scenario=2026_07_15_01_26_56 timestamp=000116 receiver=12 cavs=[12, 8] pred_boxes=15 gt_boxes=28 comm_bytes=73440
frame=29/41 late_source=3/6 scenario=2026_07_15_01_26_56 timestamp=000116 receiver=13 cavs=[13] pred_boxes=0 gt_boxes=8 comm_bytes=0
frame=29/41 late_source=4/6 scenario=2026_07_15_01_26_56 timestamp=000116 receiver=15 cavs=[15, 2] pred_boxes=21 gt_boxes=30 comm_bytes=52208
frame=29/41 late_source=5/6 scenario=2026_07_15_01_26_56 timestamp=000116 receiver=17 cavs=[17, 5] pred_boxes=12 gt_boxes=19 comm_bytes=69120
frame=29/41 late_source=6/6 scenario=2026_07_15_01_26_56 timestamp=000116 receiver=20 cavs=[20] pred_boxes=15 gt_boxes=19 comm_bytes=0
sgcp_late_fusion frame=29/41 scenario=2026_07_15_01_26_56 timestamp=000116 sources=6 fused_pred_boxes=57 fused_gt_boxes=63
frame=30/41 late_source=1/6 scenario=2026_07_15_01_26_56 timestamp=000118 receiver=1 cavs=[1, 4] pred_boxes=24 gt_boxes=32 comm_bytes=55840
frame=30/41 late_source=2/6 scenario=2026_07_15_01_26_56 timestamp=000118 receiver=12 cavs=[12, 8] pred_boxes=12 gt_boxes=29 comm_bytes=73424
frame=30/41 late_source=3/6 scenario=2026_07_15_01_26_56 timestamp=000118 receiver=13 cavs=[13] pred_boxes=1 gt_boxes=8 comm_bytes=0
frame=30/41 late_source=4/6 scenario=2026_07_15_01_26_56 timestamp=000118 receiver=15 cavs=[15, 2] pred_boxes=21 gt_boxes=29 comm_bytes=52240
frame=30/41 late_source=5/6 scenario=2026_07_15_01_26_56 timestamp=000118 receiver=17 cavs=[17, 5] pred_boxes=13 gt_boxes=19 comm_bytes=68624
frame=30/41 late_source=6/6 scenario=2026_07_15_01_26_56 timestamp=000118 receiver=20 cavs=[20] pred_boxes=15 gt_boxes=19 comm_bytes=0
sgcp_late_fusion frame=30/41 scenario=2026_07_15_01_26_56 timestamp=000118 sources=6 fused_pred_boxes=58 fused_gt_boxes=63
frame=31/41 late_source=1/6 scenario=2026_07_15_01_26_56 timestamp=000120 receiver=1 cavs=[1, 4] pred_boxes=22 gt_boxes=32 comm_bytes=55840
frame=31/41 late_source=2/6 scenario=2026_07_15_01_26_56 timestamp=000120 receiver=12 cavs=[12, 8] pred_boxes=13 gt_boxes=27 comm_bytes=73408
frame=31/41 late_source=3/6 scenario=2026_07_15_01_26_56 timestamp=000120 receiver=13 cavs=[13] pred_boxes=2 gt_boxes=8 comm_bytes=0
frame=31/41 late_source=4/6 scenario=2026_07_15_01_26_56 timestamp=000120 receiver=15 cavs=[15, 2] pred_boxes=22 gt_boxes=29 comm_bytes=52352
frame=31/41 late_source=5/6 scenario=2026_07_15_01_26_56 timestamp=000120 receiver=17 cavs=[17, 5] pred_boxes=14 gt_boxes=19 comm_bytes=68336
frame=31/41 late_source=6/6 scenario=2026_07_15_01_26_56 timestamp=000120 receiver=20 cavs=[20] pred_boxes=15 gt_boxes=19 comm_bytes=0
sgcp_late_fusion frame=31/41 scenario=2026_07_15_01_26_56 timestamp=000120 sources=6 fused_pred_boxes=59 fused_gt_boxes=62
frame=32/41 late_source=1/6 scenario=2026_07_15_01_26_56 timestamp=000122 receiver=1 cavs=[1, 4] pred_boxes=20 gt_boxes=33 comm_bytes=55840
frame=32/41 late_source=2/6 scenario=2026_07_15_01_26_56 timestamp=000122 receiver=12 cavs=[12, 8] pred_boxes=16 gt_boxes=27 comm_bytes=73424
frame=32/41 late_source=3/6 scenario=2026_07_15_01_26_56 timestamp=000122 receiver=13 cavs=[13] pred_boxes=0 gt_boxes=8 comm_bytes=0
frame=32/41 late_source=4/6 scenario=2026_07_15_01_26_56 timestamp=000122 receiver=15 cavs=[15] pred_boxes=20 gt_boxes=12 comm_bytes=0
frame=32/41 late_source=5/6 scenario=2026_07_15_01_26_56 timestamp=000122 receiver=17 cavs=[17, 5] pred_boxes=13 gt_boxes=19 comm_bytes=68160
frame=32/41 late_source=6/6 scenario=2026_07_15_01_26_56 timestamp=000122 receiver=20 cavs=[20] pred_boxes=15 gt_boxes=19 comm_bytes=0
sgcp_late_fusion frame=32/41 scenario=2026_07_15_01_26_56 timestamp=000122 sources=6 fused_pred_boxes=55 fused_gt_boxes=59
frame=33/41 late_source=1/6 scenario=2026_07_15_01_26_56 timestamp=000124 receiver=1 cavs=[1, 4] pred_boxes=22 gt_boxes=33 comm_bytes=55856
frame=33/41 late_source=2/6 scenario=2026_07_15_01_26_56 timestamp=000124 receiver=12 cavs=[12] pred_boxes=10 gt_boxes=10 comm_bytes=0
frame=33/41 late_source=3/6 scenario=2026_07_15_01_26_56 timestamp=000124 receiver=13 cavs=[13] pred_boxes=0 gt_boxes=7 comm_bytes=0
frame=33/41 late_source=4/6 scenario=2026_07_15_01_26_56 timestamp=000124 receiver=15 cavs=[15] pred_boxes=17 gt_boxes=12 comm_bytes=0
frame=33/41 late_source=5/6 scenario=2026_07_15_01_26_56 timestamp=000124 receiver=17 cavs=[17, 5] pred_boxes=14 gt_boxes=20 comm_bytes=67232
frame=33/41 late_source=6/6 scenario=2026_07_15_01_26_56 timestamp=000124 receiver=20 cavs=[20] pred_boxes=17 gt_boxes=19 comm_bytes=0
sgcp_late_fusion frame=33/41 scenario=2026_07_15_01_26_56 timestamp=000124 sources=6 fused_pred_boxes=57 fused_gt_boxes=59
frame=34/41 late_source=1/6 scenario=2026_07_15_01_26_56 timestamp=000126 receiver=1 cavs=[1, 4] pred_boxes=22 gt_boxes=33 comm_bytes=55856
frame=34/41 late_source=2/6 scenario=2026_07_15_01_26_56 timestamp=000126 receiver=12 cavs=[12] pred_boxes=5 gt_boxes=10 comm_bytes=0
frame=34/41 late_source=3/6 scenario=2026_07_15_01_26_56 timestamp=000126 receiver=13 cavs=[13] pred_boxes=0 gt_boxes=7 comm_bytes=0
frame=34/41 late_source=4/6 scenario=2026_07_15_01_26_56 timestamp=000126 receiver=15 cavs=[15] pred_boxes=16 gt_boxes=13 comm_bytes=0
frame=34/41 late_source=5/6 scenario=2026_07_15_01_26_56 timestamp=000126 receiver=17 cavs=[17, 5] pred_boxes=13 gt_boxes=19 comm_bytes=67072
frame=34/41 late_source=6/6 scenario=2026_07_15_01_26_56 timestamp=000126 receiver=20 cavs=[20] pred_boxes=17 gt_boxes=19 comm_bytes=0
sgcp_late_fusion frame=34/41 scenario=2026_07_15_01_26_56 timestamp=000126 sources=6 fused_pred_boxes=51 fused_gt_boxes=59
frame=35/41 late_source=1/6 scenario=2026_07_15_01_26_56 timestamp=000128 receiver=1 cavs=[1, 4] pred_boxes=21 gt_boxes=32 comm_bytes=55856
frame=35/41 late_source=2/6 scenario=2026_07_15_01_26_56 timestamp=000128 receiver=12 cavs=[12] pred_boxes=5 gt_boxes=10 comm_bytes=0
frame=35/41 late_source=3/6 scenario=2026_07_15_01_26_56 timestamp=000128 receiver=13 cavs=[13] pred_boxes=0 gt_boxes=6 comm_bytes=0
frame=35/41 late_source=4/6 scenario=2026_07_15_01_26_56 timestamp=000128 receiver=15 cavs=[15] pred_boxes=17 gt_boxes=13 comm_bytes=0
frame=35/41 late_source=5/6 scenario=2026_07_15_01_26_56 timestamp=000128 receiver=17 cavs=[17, 20] pred_boxes=19 gt_boxes=23 comm_bytes=70512Format = auto
Extension = pcd
Format = auto
Extension = pcd
Format = auto
Extension = pcd
Format = auto
Extension = pcd
Format = auto
Extension = pcd
Format = auto
Extension = pcd
Format = auto
Extension = pcd
Format = auto
Extension = pcd
Format = auto
Extension = pcd
Format = auto
Extension = pcd
Format = auto
Extension = pcd
Format = auto
Extension = pcd
Format = auto
Extension = pcd
Format = auto
Extension = pcd
Format = auto
Extension = pcd
Format = auto
Extension = pcd
Format = auto
Extension = pcd
Format = auto
Extension = pcd
Format = auto
Extension = pcd
Format = auto
Extension = pcd
Format = auto
Extension = pcd
Format = auto
Extension = pcd
Format = auto
Extension = pcd
Format = auto
Extension = pcd
Format = auto
Extension = pcd
Format = auto
Extension = pcd
Format = auto
Extension = pcd
Format = auto
Extension = pcd
Format = auto
Extension = pcd
Format = auto
Extension = pcd
Format = auto
Extension = pcd
Format = auto
Extension = pcd
Format = auto
Extension = pcd
Format = auto
Extension = pcd
Format = auto
Extension = pcd
Format = auto
Extension = pcd
Format = auto
Extension = pcd
Format = auto
Extension = pcd
Format = auto
Extension = pcd
Format = auto
Extension = pcd
Format = auto
Extension = pcd
Format = auto
Extension = pcd
Format = auto
Extension = pcd
Format = auto
Extension = pcd
Format = auto
Extension = pcd
Format = auto
Extension = pcd
Format = auto
Extension = pcd
Format = auto
Extension = pcd
Format = auto
Extension = pcd
Format = auto
Extension = pcd
Format = auto
Extension = pcd
Format = auto
Extension = pcd
Format = auto
Extension = pcd
Format = auto
Extension = pcd
Format = auto
Extension = pcd
Format = auto
Extension = pcd
Format = auto
Extension = pcd
Format = auto
Extension = pcd
Format = auto
Extension = pcd
Format = auto
Extension = pcd
Format = auto
Extension = pcd
Format = auto
Extension = pcd
Format = auto
Extension = pcd
Format = auto
Extension = pcd
Format = auto
Extension = pcd
Format = auto
Extension = pcd
Format = auto
Extension = pcd
Format = auto
Extension = pcd
Format = auto
Extension = pcd
Format = auto
Extension = pcd
Format = auto
Extension = pcd
Format = auto
Extension = pcd
Format = auto
Extension = pcd
Format = auto
Extension = pcd
Format = auto
Extension = pcd
Format = auto
Extension = pcd
Format = auto
Extension = pcd
Format = auto
Extension = pcd
Format = auto
Extension = pcd
Format = auto
Extension = pcd
Format = auto
Extension = pcd
Format = auto
Extension = pcd
Format = auto
Extension = pcd
Format = auto
Extension = pcd
Format = auto
Extension = pcd
Format = auto
Extension = pcd
Format = auto
Extension = pcd
Format = auto
Extension = pcd
Format = auto
Extension = pcd
Format = auto
Extension = pcd
Format = auto
Extension = pcd
Format = auto
Extension = pcd
Format = auto
Extension = pcd
Format = auto
Extension = pcd
Format = auto
Extension = pcd
Format = auto
Extension = pcd
Format = auto
Extension = pcd
Format = auto
Extension = pcd
Format = auto
Extension = pcd
Format = auto
Extension = pcd
Format = auto
Extension = pcd
Format = auto
Extension = pcd
Format = auto
Extension = pcd
Format = auto
Extension = pcd
Format = auto
Extension = pcd
Format = auto
Extension = pcd
Format = auto
Extension = pcd
Format = auto
Extension = pcd
Format = auto
Extension = pcd
Format = auto
Extension = pcd
Format = auto
Extension = pcd
Format = auto
Extension = pcd
Format = auto
Extension = pcd
Format = auto
Extension = pcd
Format = auto
Extension = pcd
Format = auto
Extension = pcd
Format = auto
Extension = pcd
Format = auto
Extension = pcd
Format = auto
Extension = pcd
Format = auto
Extension = pcd
C:\Users\sakakibara\miniconda3\envs\opencda\lib\site-packages\torch\nn\functional.py:1806: UserWarning: nn.functional.sigmoid is deprecated. Use torch.sigmoid instead.
  warnings.warn("nn.functional.sigmoid is deprecated. Use torch.sigmoid instead.")

frame=35/41 late_source=6/6 scenario=2026_07_15_01_26_56 timestamp=000128 receiver=20 cavs=[20] pred_boxes=18 gt_boxes=19 comm_bytes=0
sgcp_late_fusion frame=35/41 scenario=2026_07_15_01_26_56 timestamp=000128 sources=6 fused_pred_boxes=53 fused_gt_boxes=52
frame=36/41 late_source=1/6 scenario=2026_07_15_01_26_56 timestamp=000130 receiver=1 cavs=[1, 4] pred_boxes=21 gt_boxes=32 comm_bytes=55856
frame=36/41 late_source=2/6 scenario=2026_07_15_01_26_56 timestamp=000130 receiver=12 cavs=[12] pred_boxes=8 gt_boxes=10 comm_bytes=0
frame=36/41 late_source=3/6 scenario=2026_07_15_01_26_56 timestamp=000130 receiver=13 cavs=[13] pred_boxes=0 gt_boxes=7 comm_bytes=0
frame=36/41 late_source=4/6 scenario=2026_07_15_01_26_56 timestamp=000130 receiver=15 cavs=[15] pred_boxes=17 gt_boxes=12 comm_bytes=0
frame=36/41 late_source=5/6 scenario=2026_07_15_01_26_56 timestamp=000130 receiver=17 cavs=[17, 20] pred_boxes=19 gt_boxes=23 comm_bytes=70400
frame=36/41 late_source=6/6 scenario=2026_07_15_01_26_56 timestamp=000130 receiver=20 cavs=[20] pred_boxes=20 gt_boxes=19 comm_bytes=0
sgcp_late_fusion frame=36/41 scenario=2026_07_15_01_26_56 timestamp=000130 sources=6 fused_pred_boxes=53 fused_gt_boxes=52
frame=37/41 late_source=1/6 scenario=2026_07_15_01_26_56 timestamp=000132 receiver=4 cavs=[4] pred_boxes=10 gt_boxes=28 comm_bytes=0
frame=37/41 late_source=2/6 scenario=2026_07_15_01_26_56 timestamp=000132 receiver=11 cavs=[11] pred_boxes=15 gt_boxes=15 comm_bytes=0
frame=37/41 late_source=3/6 scenario=2026_07_15_01_26_56 timestamp=000132 receiver=13 cavs=[13] pred_boxes=0 gt_boxes=7 comm_bytes=0
frame=37/41 late_source=4/6 scenario=2026_07_15_01_26_56 timestamp=000132 receiver=15 cavs=[15, 11] pred_boxes=21 gt_boxes=21 comm_bytes=66688
frame=37/41 late_source=5/6 scenario=2026_07_15_01_26_56 timestamp=000132 receiver=17 cavs=[17, 7] pred_boxes=15 gt_boxes=15 comm_bytes=72112
frame=37/41 late_source=6/6 scenario=2026_07_15_01_26_56 timestamp=000132 receiver=20 cavs=[20] pred_boxes=19 gt_boxes=19 comm_bytes=0
sgcp_late_fusion frame=37/41 scenario=2026_07_15_01_26_56 timestamp=000132 sources=6 fused_pred_boxes=53 fused_gt_boxes=53
frame=38/41 late_source=1/6 scenario=2026_07_15_01_26_56 timestamp=000134 receiver=4 cavs=[4] pred_boxes=12 gt_boxes=28 comm_bytes=0
frame=38/41 late_source=2/6 scenario=2026_07_15_01_26_56 timestamp=000134 receiver=11 cavs=[11] pred_boxes=15 gt_boxes=15 comm_bytes=0
frame=38/41 late_source=3/6 scenario=2026_07_15_01_26_56 timestamp=000134 receiver=13 cavs=[13] pred_boxes=0 gt_boxes=7 comm_bytes=0
frame=38/41 late_source=4/6 scenario=2026_07_15_01_26_56 timestamp=000134 receiver=15 cavs=[15, 11] pred_boxes=21 gt_boxes=21 comm_bytes=66688
frame=38/41 late_source=5/6 scenario=2026_07_15_01_26_56 timestamp=000134 receiver=17 cavs=[17, 7] pred_boxes=13 gt_boxes=16 comm_bytes=72128
frame=38/41 late_source=6/6 scenario=2026_07_15_01_26_56 timestamp=000134 receiver=20 cavs=[20] pred_boxes=19 gt_boxes=19 comm_bytes=0
sgcp_late_fusion frame=38/41 scenario=2026_07_15_01_26_56 timestamp=000134 sources=6 fused_pred_boxes=54 fused_gt_boxes=53
frame=39/41 late_source=1/6 scenario=2026_07_15_01_26_56 timestamp=000136 receiver=2 cavs=[2, 8] pred_boxes=22 gt_boxes=38 comm_bytes=73392
frame=39/41 late_source=2/6 scenario=2026_07_15_01_26_56 timestamp=000136 receiver=11 cavs=[11] pred_boxes=15 gt_boxes=15 comm_bytes=0
frame=39/41 late_source=3/6 scenario=2026_07_15_01_26_56 timestamp=000136 receiver=12 cavs=[12] pred_boxes=5 gt_boxes=9 comm_bytes=0
frame=39/41 late_source=4/6 scenario=2026_07_15_01_26_56 timestamp=000136 receiver=13 cavs=[13] pred_boxes=0 gt_boxes=7 comm_bytes=0
frame=39/41 late_source=5/6 scenario=2026_07_15_01_26_56 timestamp=000136 receiver=17 cavs=[17, 7] pred_boxes=15 gt_boxes=16 comm_bytes=72176
frame=39/41 late_source=6/6 scenario=2026_07_15_01_26_56 timestamp=000136 receiver=20 cavs=[20] pred_boxes=17 gt_boxes=19 comm_bytes=0
sgcp_late_fusion frame=39/41 scenario=2026_07_15_01_26_56 timestamp=000136 sources=6 fused_pred_boxes=49 fused_gt_boxes=58
frame=40/41 late_source=1/6 scenario=2026_07_15_01_26_56 timestamp=000138 receiver=2 cavs=[2, 8] pred_boxes=21 gt_boxes=37 comm_bytes=73392
frame=40/41 late_source=2/6 scenario=2026_07_15_01_26_56 timestamp=000138 receiver=11 cavs=[11] pred_boxes=14 gt_boxes=15 comm_bytes=0
frame=40/41 late_source=3/6 scenario=2026_07_15_01_26_56 timestamp=000138 receiver=12 cavs=[12] pred_boxes=3 gt_boxes=9 comm_bytes=0
frame=40/41 late_source=4/6 scenario=2026_07_15_01_26_56 timestamp=000138 receiver=13 cavs=[13] pred_boxes=0 gt_boxes=7 comm_bytes=0
frame=40/41 late_source=5/6 scenario=2026_07_15_01_26_56 timestamp=000138 receiver=17 cavs=[17, 7] pred_boxes=12 gt_boxes=16 comm_bytes=72160
frame=40/41 late_source=6/6 scenario=2026_07_15_01_26_56 timestamp=000138 receiver=20 cavs=[20] pred_boxes=17 gt_boxes=19 comm_bytes=0
sgcp_late_fusion frame=40/41 scenario=2026_07_15_01_26_56 timestamp=000138 sources=6 fused_pred_boxes=46 fused_gt_boxes=57
frame=41/41 late_source=1/6 scenario=2026_07_15_01_26_56 timestamp=000140 receiver=4 cavs=[4] pred_boxes=10 gt_boxes=28 comm_bytes=0
frame=41/41 late_source=2/6 scenario=2026_07_15_01_26_56 timestamp=000140 receiver=11 cavs=[11] pred_boxes=16 gt_boxes=15 comm_bytes=0
frame=41/41 late_source=3/6 scenario=2026_07_15_01_26_56 timestamp=000140 receiver=13 cavs=[13] pred_boxes=0 gt_boxes=6 comm_bytes=0
frame=41/41 late_source=4/6 scenario=2026_07_15_01_26_56 timestamp=000140 receiver=15 cavs=[15] pred_boxes=14 gt_boxes=14 comm_bytes=0
frame=41/41 late_source=5/6 scenario=2026_07_15_01_26_56 timestamp=000140 receiver=17 cavs=[17, 7] pred_boxes=13 gt_boxes=15 comm_bytes=72208
frame=41/41 late_source=6/6 scenario=2026_07_15_01_26_56 timestamp=000140 receiver=20 cavs=[20] pred_boxes=17 gt_boxes=19 comm_bytes=0
sgcp_late_fusion frame=41/41 scenario=2026_07_15_01_26_56 timestamp=000140 sources=6 fused_pred_boxes=54 fused_gt_boxes=52
cp counter: 41
Evaluate final average precision results:
  - Fusion method: early
  - The Average Precision at IOU 0.3 is 0.58, The Average Precision at IOU 0.5 is 0.43, The Average Precision at IOU 0.7 is 0.21
sgcp_summary frames=246 avg_comm_bytes=22591.15 total_comm_bytes=5557424 avg_source_cavs=1.37 avg_selected_grids=11.87
