COMMAND: C:\Users\sakakibara\miniconda3\envs\opencda\python.exe -m opencda.tools.offline_inference --dataset-root D:\Data\Carla --scenario-id 2026_07_29_02_32_08 --ego-cav-id 1 --max-frames 3 --fusion-method early --coperception-yaml docs\doc_workspace\SGCP\artifacts\multi_backbone_20260731\enable_coperception_second_att2early.yaml --bandwidth-mhz 40 --num-channels 10 --channel-estimator ns3 --ns3-tb-size-bytes 899 --ns3-slot-duration-ms 0.5 --ns3-subchannel-prbs 10 --ns3-symbols-per-slot 12 --ns3-mcs 28 --communication-deadline-ms 60 --local-preserving-output --sgcp-constrained --clustering singleton --sgcp-receiver-policy all-cavs --sgcp-upload-mode head_only --sgcp-inter-cluster-late-fusion --sgcp-trace-output docs\doc_workspace\SGCP\artifacts\multi_backbone_20260731\second_att2early_local_preserving_smoke\pure_late_trace.csv --eval-stats-output docs\doc_workspace\SGCP\artifacts\multi_backbone_20260731\second_att2early_local_preserving_smoke\pure_late_eval_stats.csv

Format = auto
Extension = pcd
Format = auto
Extension = pcd
Format = auto
Extension = pcd
Format = auto
Extension = pcd
Format = auto
Extension = pcd
Format = auto
Extension = pcd
Format = auto
Extension = pcd
Format = auto
Extension = pcd
Format = auto
Extension = pcd
Format = auto
Extension = pcd
Format = auto
Extension = pcd
Format = auto
Extension = pcd
Format = auto
Extension = pcd
Format = auto
Extension = pcd
Format = auto
Extension = pcd
Format = auto
Extension = pcd
Format = auto
Extension = pcd
Format = auto
Extension = pcd
Format = auto
Extension = pcd
Format = auto
Extension = pcd
Format = auto
Extension = pcd
Format = auto
Extension = pcd
Format = auto
Extension = pcd
Format = auto
Extension = pcd
Format = auto
Extension = pcd
Format = auto
Extension = pcd
Format = auto
Extension = pcd
Format = auto
Extension = pcd
Format = auto
Extension = pcd
Format = auto
Extension = pcd
Format = auto
Extension = pcd
Format = auto
Extension = pcd
Format = auto
Extension = pcd
Format = auto
Extension = pcd
Format = auto
Extension = pcd
Format = auto
Extension = pcd
Format = auto
Extension = pcd
Format = auto
Extension = pcd
Format = auto
Extension = pcd
Format = auto
Extension = pcd
Format = auto
Extension = pcd
Format = auto
Extension = pcd
Format = auto
Extension = pcd
Format = auto
Extension = pcd
Format = auto
Extension = pcd
Format = auto
Extension = pcd
Format = auto
Extension = pcd
Format = auto
Extension = pcd
Format = auto
Extension = pcd
Format = auto
Extension = pcd
Format = auto
Extension = pcd
Format = auto
Extension = pcd
Format = auto
Extension = pcd
Format = auto
Extension = pcd
Format = auto
Extension = pcd
Format = auto
Extension = pcd
Format = auto
Extension = pcd
Format = auto
Extension = pcd
Format = auto
Extension = pcd
Format = auto
Extension = pcd
resuming by loading epoch 10000
frame=1/3 late_source=1/20 scenario=2026_07_29_02_32_08 timestamp=000060 receiver=1 cavs=[1] pred_boxes=23 gt_boxes=41 comm_bytes=0
frame=1/3 late_source=2/20 scenario=2026_07_29_02_32_08 timestamp=000060 receiver=2 cavs=[2] pred_boxes=22 gt_boxes=35 comm_bytes=0
frame=1/3 late_source=3/20 scenario=2026_07_29_02_32_08 timestamp=000060 receiver=3 cavs=[3] pred_boxes=10 gt_boxes=19 comm_bytes=0
frame=1/3 late_source=4/20 scenario=2026_07_29_02_32_08 timestamp=000060 receiver=4 cavs=[4] pred_boxes=22 gt_boxes=39 comm_bytes=0
frame=1/3 late_source=5/20 scenario=2026_07_29_02_32_08 timestamp=000060 receiver=5 cavs=[5] pred_boxes=17 gt_boxes=33 comm_bytes=0
frame=1/3 late_source=6/20 scenario=2026_07_29_02_32_08 timestamp=000060 receiver=6 cavs=[6] pred_boxes=11 gt_boxes=13 comm_bytes=0
frame=1/3 late_source=7/20 scenario=2026_07_29_02_32_08 timestamp=000060 receiver=7 cavs=[7] pred_boxes=22 gt_boxes=34 comm_bytes=0
frame=1/3 late_source=8/20 scenario=2026_07_29_02_32_08 timestamp=000060 receiver=8 cavs=[8] pred_boxes=30 gt_boxes=43 comm_bytes=0
frame=1/3 late_source=9/20 scenario=2026_07_29_02_32_08 timestamp=000060 receiver=9 cavs=[9] pred_boxes=14 gt_boxes=31 comm_bytes=0
frame=1/3 late_source=10/20 scenario=2026_07_29_02_32_08 timestamp=000060 receiver=10 cavs=[10] pred_boxes=23 gt_boxes=36 comm_bytes=0
frame=1/3 late_source=11/20 scenario=2026_07_29_02_32_08 timestamp=000060 receiver=11 cavs=[11] pred_boxes=19 gt_boxes=40 comm_bytes=0
frame=1/3 late_source=12/20 scenario=2026_07_29_02_32_08 timestamp=000060 receiver=12 cavs=[12] pred_boxes=16 gt_boxes=41 comm_bytes=0
frame=1/3 late_source=13/20 scenario=2026_07_29_02_32_08 timestamp=000060 receiver=13 cavs=[13] pred_boxes=7 gt_boxes=18 comm_bytes=0
frame=1/3 late_source=14/20 scenario=2026_07_29_02_32_08 timestamp=000060 receiver=14 cavs=[14] pred_boxes=0 gt_boxes=0 comm_bytes=0
frame=1/3 late_source=15/20 scenario=2026_07_29_02_32_08 timestamp=000060 receiver=15 cavs=[15] pred_boxes=17 gt_boxes=21 comm_bytes=0
frame=1/3 late_source=16/20 scenario=2026_07_29_02_32_08 timestamp=000060 receiver=16 cavs=[16] pred_boxes=21 gt_boxes=32 comm_bytes=0
frame=1/3 late_source=17/20 scenario=2026_07_29_02_32_08 timestamp=000060 receiver=17 cavs=[17] pred_boxes=10 gt_boxes=18 comm_bytes=0
frame=1/3 late_source=18/20 scenario=2026_07_29_02_32_08 timestamp=000060 receiver=18 cavs=[18] pred_boxes=3 gt_boxes=7 comm_bytes=0
frame=1/3 late_source=19/20 scenario=2026_07_29_02_32_08 timestamp=000060 receiver=19 cavs=[19] pred_boxes=9 gt_boxes=21 comm_bytes=0
frame=1/3 late_source=20/20 scenario=2026_07_29_02_32_08 timestamp=000060 receiver=20 cavs=[20] pred_boxes=22 gt_boxes=31 comm_bytes=0
sgcp_late_fusion frame=1/3 scenario=2026_07_29_02_32_08 timestamp=000060 sources=20 fused_pred_boxes=81 fused_gt_boxes=71
frame=2/3 late_source=1/20 scenario=2026_07_29_02_32_08 timestamp=000062 receiver=1 cavs=[1] pred_boxes=25 gt_boxes=42 comm_bytes=0
frame=2/3 late_source=2/20 scenario=2026_07_29_02_32_08 timestamp=000062 receiver=2 cavs=[2] pred_boxes=22 gt_boxes=35 comm_bytes=0
frame=2/3 late_source=3/20 scenario=2026_07_29_02_32_08 timestamp=000062 receiver=3 cavs=[3] pred_boxes=10 gt_boxes=19 comm_bytes=0
frame=2/3 late_source=4/20 scenario=2026_07_29_02_32_08 timestamp=000062 receiver=4 cavs=[4] pred_boxes=24 gt_boxes=39 comm_bytes=0
frame=2/3 late_source=5/20 scenario=2026_07_29_02_32_08 timestamp=000062 receiver=5 cavs=[5] pred_boxes=18 gt_boxes=32 comm_bytes=0
frame=2/3 late_source=6/20 scenario=2026_07_29_02_32_08 timestamp=000062 receiver=6 cavs=[6] pred_boxes=11 gt_boxes=13 comm_bytes=0
frame=2/3 late_source=7/20 scenario=2026_07_29_02_32_08 timestamp=000062 receiver=7 cavs=[7] pred_boxes=21 gt_boxes=36 comm_bytes=0
frame=2/3 late_source=8/20 scenario=2026_07_29_02_32_08 timestamp=000062 receiver=8 cavs=[8] pred_boxes=29 gt_boxes=43 comm_bytes=0
frame=2/3 late_source=9/20 scenario=2026_07_29_02_32_08 timestamp=000062 receiver=9 cavs=[9] pred_boxes=15 gt_boxes=31 comm_bytes=0
frame=2/3 late_source=10/20 scenario=2026_07_29_02_32_08 timestamp=000062 receiver=10 cavs=[10] pred_boxes=20 gt_boxes=34 comm_bytes=0
frame=2/3 late_source=11/20 scenario=2026_07_29_02_32_08 timestamp=000062 receiver=11 cavs=[11] pred_boxes=19 gt_boxes=41 comm_bytes=0
frame=2/3 late_source=12/20 scenario=2026_07_29_02_32_08 timestamp=000062 receiver=12 cavs=[12] pred_boxes=19 gt_boxes=39 comm_bytes=0
frame=2/3 late_source=13/20 scenario=2026_07_29_02_32_08 timestamp=000062 receiver=13 cavs=[13] pred_boxes=8 gt_boxes=18 comm_bytes=0
frame=2/3 late_source=14/20 scenario=2026_07_29_02_32_08 timestamp=000062 receiver=14 cavs=[14] pred_boxes=0 gt_boxes=0 comm_bytes=0
frame=2/3 late_source=15/20 scenario=2026_07_29_02_32_08 timestamp=000062 receiver=15 cavs=[15] pred_boxes=17 gt_boxes=21 comm_bytes=0
frame=2/3 late_source=16/20 scenario=2026_07_29_02_32_08 timestamp=000062 receiver=16 cavs=[16] pred_boxes=19 gt_boxes=32 comm_bytes=0
frame=2/3 late_source=17/20 scenario=2026_07_29_02_32_08 timestamp=000062 receiver=17 cavs=[17] pred_boxes=11 gt_boxes=19 comm_bytes=0
frame=2/3 late_source=18/20 scenario=2026_07_29_02_32_08 timestamp=000062 receiver=18 cavs=[18] pred_boxes=5 gt_boxes=7 comm_bytes=0
frame=2/3 late_source=19/20 scenario=2026_07_29_02_32_08 timestamp=000062 receiver=19 cavs=[19] pred_boxes=8 gt_boxes=22 comm_bytes=0
frame=2/3 late_source=20/20 scenario=2026_07_29_02_32_08 timestamp=000062 receiver=20 cavs=[20] pred_boxes=23 gt_boxes=31 comm_bytes=0
sgcp_late_fusion frame=2/3 scenario=2026_07_29_02_32_08 timestamp=000062 sources=20 fused_pred_boxes=82 fused_gt_boxes=71
frame=3/3 late_source=1/20 scenario=2026_07_29_02_32_08 timestamp=000064 receiver=1 cavs=[1] pred_boxes=25 gt_boxes=40 comm_bytes=0
frame=3/3 late_source=2/20 scenario=2026_07_29_02_32_08 timestamp=000064 receiver=2 cavs=[2] pred_boxes=23 gt_boxes=35 comm_bytes=0
frame=3/3 late_source=3/20 scenario=2026_07_29_02_32_08 timestamp=000064 receiver=3 cavs=[3] pred_boxes=9 gt_boxes=19 comm_bytes=0
frame=3/3 late_source=4/20 scenario=2026_07_29_02_32_08 timestamp=000064 receiver=4 cavs=[4] pred_boxes=19 gt_boxes=41 comm_bytes=0
frame=3/3 late_source=5/20 scenario=2026_07_29_02_32_08 timestamp=000064 receiver=5 cavs=[5] pred_boxes=17 gt_boxes=32 comm_bytes=0
frame=3/3 late_source=6/20 scenario=2026_07_29_02_32_08 timestamp=000064 receiver=6 cavs=[6] pred_boxes=11 gt_boxes=13 comm_bytes=0
frame=3/3 late_source=7/20 scenario=2026_07_29_02_32_08 timestamp=000064 receiver=7 cavs=[7] pred_boxes=23 gt_boxes=34 comm_bytes=0
frame=3/3 late_source=8/20 scenario=2026_07_29_02_32_08 timestamp=000064 receiver=8 cavs=[8] pred_boxes=30 gt_boxes=43 comm_bytes=0
frame=3/3 late_source=9/20 scenario=2026_07_29_02_32_08 timestamp=000064 receiver=9 cavs=[9] pred_boxes=14 gt_boxes=31 comm_bytes=0
frame=3/3 late_source=10/20 scenario=2026_07_29_02_32_08 timestamp=000064 receiver=10 cavs=[10] pred_boxes=22 gt_boxes=36 comm_bytes=0
frame=3/3 late_source=11/20 scenario=2026_07_29_02_32_08 timestamp=000064 receiver=11 cavs=[11] pred_boxes=20 gt_boxes=41 comm_bytes=0
frame=3/3 late_source=12/20 scenario=2026_07_29_02_32_08 timestamp=000064 receiver=12 cavs=[12] pred_boxes=15 gt_boxes=38 comm_bytes=0
frame=3/3 late_source=13/20 scenario=2026_07_29_02_32_08 timestamp=000064 receiver=13 cavs=[13] pred_boxes=6 gt_boxes=18 comm_bytes=0
frame=3/3 late_source=14/20 scenario=2026_07_29_02_32_08 timestamp=000064 receiver=14 cavs=[14] pred_boxes=0 gt_boxes=0 comm_bytes=0
frame=3/3 late_source=15/20 scenario=2026_07_29_02_32_08 timestamp=000064 receiver=15 cavs=[15] pred_boxes=17 gt_boxes=21 comm_bytes=0
frame=3/3 late_source=16/20 scenario=2026_07_29_02_32_08 timestamp=000064 receiver=16 cavs=[16] pred_boxes=18 gt_boxes=34 comm_bytes=0
frame=3/3 late_source=17/20 scenario=2026_07_29_02_32_08 timestamp=000064 receiver=17 cavs=[17] pred_boxes=10 gt_boxes=18 comm_bytes=0
frame=3/3 late_source=18/20 scenario=2026_07_29_02_32_08 timestamp=000064 receiver=18 cavs=[18] pred_boxes=6 gt_boxes=7 comm_bytes=0
frame=3/3 late_source=19/20 scenario=2026_07_29_02_32_08 timestamp=000064 receiver=19 cavs=[19] pred_boxes=10 gt_boxes=23 comm_bytes=0C:\Users\sakakibara\miniconda3\envs\opencda\lib\site-packages\torch\nn\functional.py:1806: UserWarning: nn.functional.sigmoid is deprecated. Use torch.sigmoid instead.
  warnings.warn("nn.functional.sigmoid is deprecated. Use torch.sigmoid instead.")

frame=3/3 late_source=20/20 scenario=2026_07_29_02_32_08 timestamp=000064 receiver=20 cavs=[20] pred_boxes=25 gt_boxes=31 comm_bytes=0
sgcp_late_fusion frame=3/3 scenario=2026_07_29_02_32_08 timestamp=000064 sources=20 fused_pred_boxes=80 fused_gt_boxes=71
cp counter: 3
Evaluate final average precision results:
  - Fusion method: early
  - The Average Precision at IOU 0.3 is 0.93, The Average Precision at IOU 0.5 is 0.90, The Average Precision at IOU 0.7 is 0.79
sgcp_summary frames=60 avg_comm_bytes=0.00 total_comm_bytes=0 avg_source_cavs=1.00 avg_selected_grids=0.00
