Format = auto
C:\Users\sakakibara\miniconda3\envs\opencda\lib\site-packages\torch\nn\functional.py:1806: UserWarning: nn.functional.sigmoid is deprecated. Use torch.sigmoid instead.
Extension = pcd
Format = auto
Extension = pcd
Format = auto
Extension = pcd
Format = auto
Extension = pcd
Format = auto
Extension = pcd
  warnings.warn("nn.functional.sigmoid is deprecated. Use torch.sigmoid instead.")
Format = auto
Extension = pcd
Format = auto
Extension = pcd
Format = auto
Extension = pcd
Format = auto
Extension = pcd
Format = auto
Extension = pcd
Format = auto
Extension = pcd
Format = auto
Extension = pcd
Format = auto
Extension = pcd
Format = auto
Extension = pcd
Format = auto
Extension = pcd
Format = auto
Extension = pcd
Format = auto
Extension = pcd
Format = auto
Extension = pcd
Format = auto
Extension = pcd
Format = auto
Extension = pcd
resuming by loading epoch 10000
opencood_debug cav=ego psm_shape=1,2,100,352 rm_shape=1,14,100,352 score_threshold=0.2000 prob_min=0.000000 prob_max=0.700100 prob_mean=0.009210 q50=0.005363 q90=0.012974 q99=0.083238 q999=0.424377 above_0001=68994 above_0003=55263 above_0005=38128 above_001=11702 above_005=1269 above_010=573 above_020=256 above_030=135 above_050=42
opencood_debug cav=ego post_candidates=256 keep_large=248 keep_z=256 keep_range=211 keep_all_pre_nms=203 nms_keep=120 nms_keep_in_range=101 score_max=0.700100
frame=1/1 receiver_sample=1/1 scenario=2026_07_29_02_32_08 timestamp=000060 cavs=[1, 10, 11, 12, 13, 14, 15, 16, 17, 18, 19, 2, 20, 3, 4, 5, 6, 7, 8, 9]
fusion_method=early pred_boxes=72 gt_boxes=72
pred_scores_shape=(72,)
