conda.exe : C:\Users\sakakibara\miniconda3\envs\opencda\lib\site-packages\torch\nn\functional.py:1806: UserWarning: nn.
functional.sigmoid is deprecated. Use torch.sigmoid instead.
At C:\Users\sakakibara\miniconda3\shell\condabin\Conda.psm1:194 char:17
+ ...             & $Env:CONDA_EXE $Env:_CE_M $Env:_CE_CONDA $Command @Othe ...
+                 ~~~~~~~~~~~~~~~~~~~~~~~~~~~~~~~~~~~~~~~~~~~~~~~~~~~~~~~~~
    + CategoryInfo          : NotSpecified: (C:\Users\sakaki...igmoid instead.:String) [], RemoteException
    + FullyQualifiedErrorId : NativeCommandError
 
  warnings.warn("nn.functional.sigmoid is deprecated. Use torch.sigmoid instead.")
Format = auto
Extension = pcd
Format = auto
Extension = pcd
Format = auto
Extension = pcd
Format = auto
Extension = pcd
Format = auto
Extension = pcd
Format = auto
Extension = pcd
Format = auto
Extension = pcd
Format = auto
Extension = pcd
Format = auto
Extension = pcd
Format = auto
Extension = pcd
Format = auto
Extension = pcd
Format = auto
Extension = pcd
Format = auto
Extension = pcd
Format = auto
Extension = pcd
Format = auto
Extension = pcd
Format = auto
Extension = pcd
Format = auto
Extension = pcd
Format = auto
Extension = pcd
Format = auto
Extension = pcd
Format = auto
Extension = pcd
resuming by loading epoch 10000
{
  "cav_count": 20,
  "coperception_yaml": "docs\\doc_workspace\\SGCP\\artifacts\\early_from_late_checkpoint_20260719\\enable_coperception_early_from_attentive.yaml",
  "dataset_root": "D:\\Data\\Carla",
  "ego_cav_id": "1",
  "flop_policy": "Conv2d/ConvTranspose2d/Linear hooks; multiply-add=2 FLOPs",
  "flops_by_module_type": {
    "Conv2d": 47147161600.0,
    "ConvTranspose2d": 42100326400.0,
    "Linear": 26533120.0
  },
  "fusion_method": "early",
  "input_points": 97623,
  "profiled_flops_per_forward": 89274021120.0,
  "profiled_gflops_per_forward": 89.27402112,
  "scenario_id": "2026_07_15_01_26_56",
  "timestamp": "000060"
}
