COMMAND: C:\Users\sakakibara\miniconda3\envs\opencda\python.exe -m opencda.tools.offline_inference --dataset-root D:\Data\Carla --scenario-id 2026_07_29_02_32_08 --ego-cav-id 1 --max-frames 3 --fusion-method early --coperception-yaml docs\doc_workspace\SGCP\artifacts\early_from_late_checkpoint_20260719\enable_coperception_early_from_attentive.yaml --bandwidth-mhz 40 --num-channels 10 --channel-estimator ns3 --ns3-tb-size-bytes 899 --ns3-slot-duration-ms 0.5 --ns3-subchannel-prbs 10 --ns3-symbols-per-slot 12 --ns3-mcs 28 --communication-deadline-ms 60 --gt-scope full-frame --sgcp-constrained --clustering potential_verified_cov_coalition_game --resource-allocation dynamic_cv --sgcp-receiver-policy all-cluster-heads --sgcp-upload-mode grid --sgcp-inter-cluster-late-fusion --n-max 5 --rho-th 2 --head-rb-budget 2 --sgcp-frame-mbps-budget 40.0 --upload-density-cap-rho 2 --sgcp-trace-output docs\doc_workspace\SGCP\artifacts\dense_pointpillar_fullgt_20260731\smoke_3f\sgcp_trace.csv --eval-stats-output docs\doc_workspace\SGCP\artifacts\dense_pointpillar_fullgt_20260731\smoke_3f\sgcp_eval_stats.csv

Format = auto
Extension = pcd
Format = auto
Extension = pcd
Format = auto
Extension = pcd
Format = auto
Extension = pcd
Format = auto
Extension = pcd
Format = auto
Extension = pcd
Format = auto
Extension = pcd
Format = auto
Extension = pcd
Format = auto
Extension = pcd
Format = auto
Extension = pcd
Format = auto
Extension = pcd
Format = auto
Extension = pcd
Format = auto
Extension = pcd
Format = auto
Extension = pcd
Format = auto
Extension = pcd
Format = auto
Extension = pcd
Format = auto
Extension = pcd
Format = auto
Extension = pcd
Format = auto
Extension = pcd
Format = auto
Extension = pcd
Format = auto
Extension = pcd
Format = auto
Extension = pcd
Format = auto
Extension = pcd
Format = auto
Extension = pcd
Format = auto
Extension = pcd
Format = auto
Extension = pcd
Format = auto
Extension = pcd
Format = auto
Extension = pcd
Format = auto
Extension = pcd
Format = auto
Extension = pcd
Format = auto
Extension = pcd
Format = auto
Extension = pcd
Format = auto
Extension = pcd
Format = auto
Extension = pcd
Format = auto
Extension = pcd
Format = auto
Extension = pcd
Format = auto
Extension = pcd
Format = auto
Extension = pcd
Format = auto
Extension = pcd
Format = auto
Extension = pcd
Format = auto
Extension = pcd
Format = auto
Extension = pcd
Format = auto
Extension = pcd
Format = auto
Extension = pcd
Format = auto
Extension = pcd
Format = auto
Extension = pcd
Format = auto
Extension = pcd
Format = auto
Extension = pcd
Format = auto
Extension = pcd
Format = auto
Extension = pcd
Format = auto
Extension = pcd
Format = auto
Extension = pcd
Format = auto
Extension = pcd
Format = auto
Extension = pcd
Format = auto
Extension = pcd
Format = auto
Extension = pcd
Format = auto
Extension = pcd
Format = auto
Extension = pcd
Format = auto
Extension = pcd
Format = auto
Extension = pcd
C:\Users\sakakibara\miniconda3\envs\opencda\lib\site-packages\torch\nn\functional.py:1806: UserWarning: nn.functional.sigmoid is deprecated. Use torch.sigmoid instead.
  warnings.warn("nn.functional.sigmoid is deprecated. Use torch.sigmoid instead.")
resuming by loading epoch 10000
frame=1/3 late_source=1/7 scenario=2026_07_29_02_32_08 timestamp=000060 receiver=1 cavs=[1, 11] pred_boxes=25 gt_boxes=72 comm_bytes=39920
frame=1/3 late_source=2/7 scenario=2026_07_29_02_32_08 timestamp=000060 receiver=10 cavs=[10, 9] pred_boxes=18 gt_boxes=72 comm_bytes=20944
frame=1/3 late_source=3/7 scenario=2026_07_29_02_32_08 timestamp=000060 receiver=12 cavs=[12, 7] pred_boxes=25 gt_boxes=72 comm_bytes=45776
frame=1/3 late_source=4/7 scenario=2026_07_29_02_32_08 timestamp=000060 receiver=13 cavs=[13, 14, 19] pred_boxes=6 gt_boxes=72 comm_bytes=87680
frame=1/3 late_source=5/7 scenario=2026_07_29_02_32_08 timestamp=000060 receiver=15 cavs=[15, 6] pred_boxes=17 gt_boxes=72 comm_bytes=41872
frame=1/3 late_source=6/7 scenario=2026_07_29_02_32_08 timestamp=000060 receiver=16 cavs=[16, 5, 20] pred_boxes=23 gt_boxes=72 comm_bytes=37680
frame=1/3 late_source=7/7 scenario=2026_07_29_02_32_08 timestamp=000060 receiver=17 cavs=[17, 3, 18] pred_boxes=10 gt_boxes=72 comm_bytes=56240
sgcp_late_fusion frame=1/3 scenario=2026_07_29_02_32_08 timestamp=000060 sources=7 fused_pred_boxes=68 fused_gt_boxes=72
frame=2/3 late_source=1/7 scenario=2026_07_29_02_32_08 timestamp=000062 receiver=1 cavs=[1, 2] pred_boxes=28 gt_boxes=72 comm_bytes=39904
frame=2/3 late_source=2/7 scenario=2026_07_29_02_32_08 timestamp=000062 receiver=10 cavs=[10, 9] pred_boxes=23 gt_boxes=72 comm_bytes=20752
frame=2/3 late_source=3/7 scenario=2026_07_29_02_32_08 timestamp=000062 receiver=12 cavs=[12, 7] pred_boxes=29 gt_boxes=72 comm_bytes=46096
frame=2/3 late_source=4/7 scenario=2026_07_29_02_32_08 timestamp=000062 receiver=13 cavs=[13, 14, 19] pred_boxes=6 gt_boxes=72 comm_bytes=86960
frame=2/3 late_source=5/7 scenario=2026_07_29_02_32_08 timestamp=000062 receiver=15 cavs=[15, 6] pred_boxes=16 gt_boxes=72 comm_bytes=41728
frame=2/3 late_source=6/7 scenario=2026_07_29_02_32_08 timestamp=000062 receiver=16 cavs=[16, 5, 20] pred_boxes=22 gt_boxes=72 comm_bytes=37808
frame=2/3 late_source=7/7 scenario=2026_07_29_02_32_08 timestamp=000062 receiver=17 cavs=[17, 3, 18] pred_boxes=10 gt_boxes=72 comm_bytes=56800
sgcp_late_fusion frame=2/3 scenario=2026_07_29_02_32_08 timestamp=000062 sources=7 fused_pred_boxes=69 fused_gt_boxes=72
frame=3/3 late_source=1/7 scenario=2026_07_29_02_32_08 timestamp=000064 receiver=1 cavs=[1, 2] pred_boxes=27 gt_boxes=72 comm_bytes=39280
frame=3/3 late_source=2/7 scenario=2026_07_29_02_32_08 timestamp=000064 receiver=10 cavs=[10, 9] pred_boxes=22 gt_boxes=72 comm_bytes=20448
frame=3/3 late_source=3/7 scenario=2026_07_29_02_32_08 timestamp=000064 receiver=12 cavs=[12, 7] pred_boxes=24 gt_boxes=72 comm_bytes=46352
frame=3/3 late_source=4/7 scenario=2026_07_29_02_32_08 timestamp=000064 receiver=13 cavs=[13, 14, 19] pred_boxes=4 gt_boxes=72 comm_bytes=87568
frame=3/3 late_source=5/7 scenario=2026_07_29_02_32_08 timestamp=000064 receiver=15 cavs=[15, 6] pred_boxes=18 gt_boxes=72 comm_bytes=42544
frame=3/3 late_source=6/7 scenario=2026_07_29_02_32_08 timestamp=000064 receiver=16 cavs=[16, 5, 20] pred_boxes=21 gt_boxes=72 comm_bytes=37632
frame=3/3 late_source=7/7 scenario=2026_07_29_02_32_08 timestamp=000064 receiver=17 cavs=[17, 3, 18] pred_boxes=9 gt_boxes=72 comm_bytes=56848
sgcp_late_fusion frame=3/3 scenario=2026_07_29_02_32_08 timestamp=000064 sources=7 fused_pred_boxes=69 fused_gt_boxes=72
cp counter: 3
Evaluate final average precision results:
  - Fusion method: early
  - The Average Precision at IOU 0.3 is 0.85, The Average Precision at IOU 0.5 is 0.83, The Average Precision at IOU 0.7 is 0.56
sgcp_summary frames=21 avg_comm_bytes=47182.48 total_comm_bytes=990832 avg_source_cavs=2.43 avg_selected_grids=46.71
