Format = auto
Extension = pcd
Format = auto
Extension = pcd
Format = auto
Extension = pcd
Format = auto
Extension = pcd
Format = auto
Extension = pcd
Format = auto
Extension = pcd
Format = auto
Extension = pcd
Format = auto
Extension = pcd
Format = auto
Extension = pcd
Format = auto
Extension = pcd
Format = auto
Extension = pcd
Format = auto
Extension = pcd
Format = auto
Extension = pcd
Format = auto
Extension = pcd
Format = auto
Extension = pcd
Format = auto
Extension = pcd
Format = auto
Extension = pcd
Format = auto
Extension = pcd
Format = auto
Extension = pcd
Format = auto
Extension = pcd
Format = auto
Extension = pcd
Format = auto
Extension = pcd
Format = auto
Extension = pcd
Format = auto
Extension = pcd
Format = auto
Extension = pcd
Format = auto
Extension = pcd
Format = auto
Extension = pcd
Format = auto
Extension = pcd
Format = auto
Extension = pcd
Format = auto
Extension = pcd
Format = auto
Extension = pcd
Format = auto
Extension = pcd
Format = auto
Extension = pcd
Format = auto
Extension = pcd
Format = auto
Extension = pcd
Format = auto
Extension = pcd
Format = auto
Extension = pcd
Format = auto
Extension = pcd
Format = auto
Extension = pcd
Format = auto
Extension = pcd
Format = auto
Extension = pcd
Format = auto
Extension = pcd
Format = auto
Extension = pcd
Format = auto
Extension = pcd
Format = auto
Extension = pcd
Format = auto
Extension = pcd
Format = auto
Extension = pcd
Format = auto
Extension = pcd
Format = auto
Extension = pcd
Format = auto
Extension = pcd
Format = auto
Extension = pcd
Format = auto
Extension = pcd
Format = auto
Extension = pcd
Format = auto
Extension = pcd
Format = auto
Extension = pcd
Format = auto
Extension = pcd
Format = auto
Extension = pcd
Format = auto
Extension = pcd
Format = auto
Extension = pcd
Format = auto
Extension = pcd
Format = auto
Extension = pcd
Format = auto
Extension = pcd
Format = auto
Extension = pcd
Format = auto
Extension = pcd
Format = auto
Extension = pcd
Format = auto
Extension = pcd
Format = auto
Extension = pcd
Format = auto
Extension = pcd
Format = auto
Extension = pcd
Format = auto
Extension = pcd
Format = auto
Extension = pcd
Format = auto
Extension = pcd
Format = auto
Extension = pcd
Format = auto
Extension = pcd
Format = auto
Extension = pcd
Format = auto
Extension = pcd
Format = auto
Extension = pcd
Format = auto
Extension = pcd
Format = auto
Extension = pcd
Format = auto
Extension = pcd
Format = auto
Extension = pcd
Format = auto
Extension = pcd
Format = auto
Extension = pcd
Format = auto
Extension = pcd
Format = auto
Extension = pcd
Format = auto
Extension = pcd
Format = auto
Extension = pcd
Format = auto
Extension = pcd
Format = auto
Extension = pcd
Format = auto
Extension = pcd
Format = auto
Extension = pcd
Format = auto
Extension = pcd
Format = auto
Extension = pcd
Format = auto
Extension = pcd
Format = auto
Extension = pcd
Format = auto
Extension = pcd
Format = auto
Extension = pcd
Format = auto
Extension = pcd
Format = auto
Extension = pcd
Format = auto
Extension = pcd
Format = auto
Extension = pcd
Format = auto
Extension = pcd
Format = auto
Extension = pcd
Format = auto
Extension = pcd
Format = auto
Extension = pcd
Format = auto
Extension = pcd
Format = auto
Extension = pcd
Format = auto
Extension = pcd
Format = auto
Extension = pcd
Format = auto
Extension = pcd
Format = auto
Extension = pcd
Format = auto
Extension = pcd
Format = auto
Extension = pcd
Format = auto
Extension = pcd
Format = auto
Extension = pcd
Format = auto
Extension = pcd
Format = auto
Extension = pcd
Format = auto
Extension = pcd
Format = auto
Extension = pcd
Format = auto
Extension = pcd
Format = auto
Extension = pcd
Format = auto
Extension = pcd
Format = auto
Extension = pcd
Format = auto
Extension = pcd
Format = auto
Extension = pcd
Format = auto
Extension = pcd
Format = auto
Extension = pcd
Format = auto
Extension = pcd
Format = auto
Extension = pcd
Format = auto
Extension = pcd
Format = auto
Extension = pcd
Format = auto
Extension = pcd
Format = auto
Extension = pcd
Format = auto
Extension = pcd
Format = auto
Extension = pcd
Format = auto
Extension = pcd
Format = auto
Extension = pcd
Format = auto
Extension = pcd
Format = auto
Extension = pcd
Format = auto
Extension = pcd
Format = auto
Extension = pcd
Format = auto
Extension = pcd
Format = auto
Extension = pcd
Format = auto
Extension = pcd
Format = auto
Extension = pcd
Format = auto
Extension = pcd
Format = auto
Extension = pcd
Format = auto
Extension = pcd
Format = auto
Extension = pcd
Format = auto
Extension = pcd
Format = auto
Extension = pcd
Format = auto
Extension = pcd
Format = auto
Extension = pcd
Format = auto
Extension = pcd
Format = auto
Extension = pcd
Format = auto
Extension = pcd
Format = auto
Extension = pcd
Format = auto
Extension = pcd
Format = auto
Extension = pcd
Format = auto
Extension = pcd
Format = auto
Extension = pcd
Format = auto
Extension = pcd
Format = auto
Extension = pcd
Format = auto
Extension = pcd
Format = auto
Extension = pcd
Format = auto
Extension = pcd
Format = auto
Extension = pcd
Format = auto
Extension = pcd
Format = auto
Extension = pcd
Format = auto
Extension = pcd
Format = auto
Extension = pcd
Format = auto
Extension = pcd
Format = auto
Extension = pcd
Format = auto
Extension = pcd
Format = auto
Extension = pcd
Format = auto
Extension = pcd
Format = auto
Extension = pcd
Format = auto
Extension = pcd
Format = auto
Extension = pcd
Format = auto
Extension = pcd
resuming by loading epoch 10000
frame=1/41 late_source=1/6 scenario=2026_07_15_01_26_56 timestamp=000060 receiver=4 cavs=[4, 12] pred_boxes=14 gt_boxes=34 comm_bytes=72320
frame=1/41 late_source=2/6 scenario=2026_07_15_01_26_56 timestamp=000060 receiver=11 cavs=[11, 10, 2] pred_boxes=24 gt_boxes=45 comm_bytes=148048
frame=1/41 late_source=3/6 scenario=2026_07_15_01_26_56 timestamp=000060 receiver=13 cavs=[13, 14, 9] pred_boxes=7 gt_boxes=26 comm_bytes=151728
frame=1/41 late_source=4/6 scenario=2026_07_15_01_26_56 timestamp=000060 receiver=15 cavs=[15, 6] pred_boxes=14 gt_boxes=17 comm_bytes=68768
frame=1/41 late_source=5/6 scenario=2026_07_15_01_26_56 timestamp=000060 receiver=16 cavs=[16, 20, 7] pred_boxes=19 gt_boxes=30 comm_bytes=147184
frame=1/41 late_source=6/6 scenario=2026_07_15_01_26_56 timestamp=000060 receiver=17 cavs=[17, 3, 18] pred_boxes=13 gt_boxes=17 comm_bytes=148368
sgcp_late_fusion frame=1/41 scenario=2026_07_15_01_26_56 timestamp=000060 sources=6 fused_pred_boxes=70 fused_gt_boxes=69
frame=2/41 late_source=1/6 scenario=2026_07_15_01_26_56 timestamp=000062 receiver=1 cavs=[1, 2, 11] pred_boxes=25 gt_boxes=40 comm_bytes=145696
frame=2/41 late_source=2/6 scenario=2026_07_15_01_26_56 timestamp=000062 receiver=12 cavs=[12, 4] pred_boxes=14 gt_boxes=35 comm_bytes=71856
frame=2/41 late_source=3/6 scenario=2026_07_15_01_26_56 timestamp=000062 receiver=15 cavs=[15, 6] pred_boxes=16 gt_boxes=17 comm_bytes=68768
frame=2/41 late_source=4/6 scenario=2026_07_15_01_26_56 timestamp=000062 receiver=16 cavs=[16, 20, 7] pred_boxes=19 gt_boxes=30 comm_bytes=147120
frame=2/41 late_source=5/6 scenario=2026_07_15_01_26_56 timestamp=000062 receiver=17 cavs=[17, 14, 3] pred_boxes=10 gt_boxes=15 comm_bytes=148720
frame=2/41 late_source=6/6 scenario=2026_07_15_01_26_56 timestamp=000062 receiver=19 cavs=[19, 10, 13] pred_boxes=11 gt_boxes=35 comm_bytes=148144
sgcp_late_fusion frame=2/41 scenario=2026_07_15_01_26_56 timestamp=000062 sources=6 fused_pred_boxes=69 fused_gt_boxes=69
frame=3/41 late_source=1/6 scenario=2026_07_15_01_26_56 timestamp=000064 receiver=1 cavs=[1, 2, 11] pred_boxes=26 gt_boxes=40 comm_bytes=146112
frame=3/41 late_source=2/6 scenario=2026_07_15_01_26_56 timestamp=000064 receiver=12 cavs=[12, 4] pred_boxes=15 gt_boxes=35 comm_bytes=72192
frame=3/41 late_source=3/6 scenario=2026_07_15_01_26_56 timestamp=000064 receiver=15 cavs=[15, 6] pred_boxes=16 gt_boxes=17 comm_bytes=68800
frame=3/41 late_source=4/6 scenario=2026_07_15_01_26_56 timestamp=000064 receiver=16 cavs=[16, 20, 7] pred_boxes=21 gt_boxes=31 comm_bytes=147136
frame=3/41 late_source=5/6 scenario=2026_07_15_01_26_56 timestamp=000064 receiver=17 cavs=[17, 14, 3] pred_boxes=11 gt_boxes=15 comm_bytes=148176
frame=3/41 late_source=6/6 scenario=2026_07_15_01_26_56 timestamp=000064 receiver=19 cavs=[19, 10, 13] pred_boxes=9 gt_boxes=34 comm_bytes=147888
sgcp_late_fusion frame=3/41 scenario=2026_07_15_01_26_56 timestamp=000064 sources=6 fused_pred_boxes=71 fused_gt_boxes=70
frame=4/41 late_source=1/6 scenario=2026_07_15_01_26_56 timestamp=000066 receiver=1 cavs=[1, 2, 11] pred_boxes=26 gt_boxes=41 comm_bytes=146432
frame=4/41 late_source=2/6 scenario=2026_07_15_01_26_56 timestamp=000066 receiver=12 cavs=[12, 4, 7] pred_boxes=19 gt_boxes=42 comm_bytes=144720
frame=4/41 late_source=3/6 scenario=2026_07_15_01_26_56 timestamp=000066 receiver=15 cavs=[15, 6] pred_boxes=14 gt_boxes=17 comm_bytes=68592
frame=4/41 late_source=4/6 scenario=2026_07_15_01_26_56 timestamp=000066 receiver=16 cavs=[16, 20] pred_boxes=16 gt_boxes=25 comm_bytes=74624
frame=4/41 late_source=5/6 scenario=2026_07_15_01_26_56 timestamp=000066 receiver=17 cavs=[17, 14, 3] pred_boxes=9 gt_boxes=15 comm_bytes=147936
frame=4/41 late_source=6/6 scenario=2026_07_15_01_26_56 timestamp=000066 receiver=19 cavs=[19, 10, 13] pred_boxes=9 gt_boxes=35 comm_bytes=148128
sgcp_late_fusion frame=4/41 scenario=2026_07_15_01_26_56 timestamp=000066 sources=6 fused_pred_boxes=67 fused_gt_boxes=70
frame=5/41 late_source=1/6 scenario=2026_07_15_01_26_56 timestamp=000068 receiver=1 cavs=[1, 2, 11] pred_boxes=24 gt_boxes=42 comm_bytes=146432
frame=5/41 late_source=2/6 scenario=2026_07_15_01_26_56 timestamp=000068 receiver=4 cavs=[4, 9, 12] pred_boxes=25 gt_boxes=43 comm_bytes=147936
frame=5/41 late_source=3/6 scenario=2026_07_15_01_26_56 timestamp=000068 receiver=13 cavs=[13, 14, 10] pred_boxes=11 gt_boxes=31 comm_bytes=150160
frame=5/41 late_source=4/6 scenario=2026_07_15_01_26_56 timestamp=000068 receiver=15 cavs=[15, 6] pred_boxes=16 gt_boxes=16 comm_bytes=68880
frame=5/41 late_source=5/6 scenario=2026_07_15_01_26_56 timestamp=000068 receiver=16 cavs=[16, 20, 7] pred_boxes=19 gt_boxes=29 comm_bytes=147072
frame=5/41 late_source=6/6 scenario=2026_07_15_01_26_56 timestamp=000068 receiver=17 cavs=[17, 3] pred_boxes=11 gt_boxes=15 comm_bytes=72800
sgcp_late_fusion frame=5/41 scenario=2026_07_15_01_26_56 timestamp=000068 sources=6 fused_pred_boxes=72 fused_gt_boxes=70
frame=6/41 late_source=1/6 scenario=2026_07_15_01_26_56 timestamp=000070 receiver=1 cavs=[1, 12, 4] pred_boxes=20 gt_boxes=37 comm_bytes=144320
frame=6/41 late_source=2/6 scenario=2026_07_15_01_26_56 timestamp=000070 receiver=11 cavs=[11, 2, 9] pred_boxes=25 gt_boxes=45 comm_bytes=148544
frame=6/41 late_source=3/6 scenario=2026_07_15_01_26_56 timestamp=000070 receiver=13 cavs=[13, 14, 10] pred_boxes=10 gt_boxes=31 comm_bytes=150416
frame=6/41 late_source=4/6 scenario=2026_07_15_01_26_56 timestamp=000070 receiver=15 cavs=[15, 6] pred_boxes=16 gt_boxes=16 comm_bytes=68800
frame=6/41 late_source=5/6 scenario=2026_07_15_01_26_56 timestamp=000070 receiver=16 cavs=[16, 20, 7] pred_boxes=18 gt_boxes=29 comm_bytes=147248
frame=6/41 late_source=6/6 scenario=2026_07_15_01_26_56 timestamp=000070 receiver=17 cavs=[17, 3] pred_boxes=10 gt_boxes=15 comm_bytes=72352
sgcp_late_fusion frame=6/41 scenario=2026_07_15_01_26_56 timestamp=000070 sources=6 fused_pred_boxes=64 fused_gt_boxes=70
frame=7/41 late_source=1/6 scenario=2026_07_15_01_26_56 timestamp=000072 receiver=1 cavs=[1, 2, 11] pred_boxes=24 gt_boxes=41 comm_bytes=146352
frame=7/41 late_source=2/6 scenario=2026_07_15_01_26_56 timestamp=000072 receiver=4 cavs=[4, 9, 12] pred_boxes=22 gt_boxes=42 comm_bytes=147952
frame=7/41 late_source=3/6 scenario=2026_07_15_01_26_56 timestamp=000072 receiver=13 cavs=[13, 14, 10] pred_boxes=13 gt_boxes=30 comm_bytes=150336
frame=7/41 late_source=4/6 scenario=2026_07_15_01_26_56 timestamp=000072 receiver=15 cavs=[15, 6] pred_boxes=17 gt_boxes=18 comm_bytes=68672
frame=7/41 late_source=5/6 scenario=2026_07_15_01_26_56 timestamp=000072 receiver=16 cavs=[16, 20, 7] pred_boxes=15 gt_boxes=28 comm_bytes=147312
frame=7/41 late_source=6/6 scenario=2026_07_15_01_26_56 timestamp=000072 receiver=17 cavs=[17, 3] pred_boxes=11 gt_boxes=15 comm_bytes=72320
sgcp_late_fusion frame=7/41 scenario=2026_07_15_01_26_56 timestamp=000072 sources=6 fused_pred_boxes=70 fused_gt_boxes=69
frame=8/41 late_source=1/6 scenario=2026_07_15_01_26_56 timestamp=000074 receiver=1 cavs=[1, 2, 11] pred_boxes=26 gt_boxes=39 comm_bytes=146608
frame=8/41 late_source=2/6 scenario=2026_07_15_01_26_56 timestamp=000074 receiver=12 cavs=[12, 4, 7] pred_boxes=18 gt_boxes=43 comm_bytes=144752
frame=8/41 late_source=3/6 scenario=2026_07_15_01_26_56 timestamp=000074 receiver=13 cavs=[13, 14, 10] pred_boxes=11 gt_boxes=30 comm_bytes=149952
frame=8/41 late_source=4/6 scenario=2026_07_15_01_26_56 timestamp=000074 receiver=15 cavs=[15, 6] pred_boxes=16 gt_boxes=18 comm_bytes=68848
frame=8/41 late_source=5/6 scenario=2026_07_15_01_26_56 timestamp=000074 receiver=17 cavs=[17, 3] pred_boxes=10 gt_boxes=15 comm_bytes=72624
frame=8/41 late_source=6/6 scenario=2026_07_15_01_26_56 timestamp=000074 receiver=20 cavs=[20, 16, 9] pred_boxes=22 gt_boxes=32 comm_bytes=150304
sgcp_late_fusion frame=8/41 scenario=2026_07_15_01_26_56 timestamp=000074 sources=6 fused_pred_boxes=68 fused_gt_boxes=68
frame=9/41 late_source=1/6 scenario=2026_07_15_01_26_56 timestamp=000076 receiver=1 cavs=[1, 2, 11] pred_boxes=24 gt_boxes=41 comm_bytes=146352
frame=9/41 late_source=2/6 scenario=2026_07_15_01_26_56 timestamp=000076 receiver=4 cavs=[4, 9, 12] pred_boxes=20 gt_boxes=42 comm_bytes=147968Format = auto
Extension = pcd
Format = auto
Extension = pcd
Format = auto
Extension = pcd
Format = auto
Extension = pcd
Format = auto
Extension = pcd
Format = auto
Extension = pcd
Format = auto
Extension = pcd
Format = auto
Extension = pcd
Format = auto
Extension = pcd
Format = auto
Extension = pcd
Format = auto
Extension = pcd
Format = auto
Extension = pcd
Format = auto
Extension = pcd
Format = auto
Extension = pcd
Format = auto
Extension = pcd
Format = auto
Extension = pcd
Format = auto
Extension = pcd
Format = auto
Extension = pcd
Format = auto
Extension = pcd
Format = auto
Extension = pcd
Format = auto
Extension = pcd
Format = auto
Extension = pcd
Format = auto
Extension = pcd
Format = auto
Extension = pcd
Format = auto
Extension = pcd
Format = auto
Extension = pcd
Format = auto
Extension = pcd
Format = auto
Extension = pcd
Format = auto
Extension = pcd
Format = auto
Extension = pcd
Format = auto
Extension = pcd
Format = auto
Extension = pcd
Format = auto
Extension = pcd
Format = auto
Extension = pcd
Format = auto
Extension = pcd
Format = auto
Extension = pcd
Format = auto
Extension = pcd
Format = auto
Extension = pcd
Format = auto
Extension = pcd
Format = auto
Extension = pcd
Format = auto
Extension = pcd
Format = auto
Extension = pcd
Format = auto
Extension = pcd
Format = auto
Extension = pcd
Format = auto
Extension = pcd
Format = auto
Extension = pcd
Format = auto
Extension = pcd
Format = auto
Extension = pcd
Format = auto
Extension = pcd
Format = auto
Extension = pcd
Format = auto
Extension = pcd
Format = auto
Extension = pcd
Format = auto
Extension = pcd
Format = auto
Extension = pcd
Format = auto
Extension = pcd
Format = auto
Extension = pcd
Format = auto
Extension = pcd
Format = auto
Extension = pcd
Format = auto
Extension = pcd
Format = auto
Extension = pcd
Format = auto
Extension = pcd
Format = auto
Extension = pcd
Format = auto
Extension = pcd
Format = auto
Extension = pcd
Format = auto
Extension = pcd
Format = auto
Extension = pcd
Format = auto
Extension = pcd
Format = auto
Extension = pcd
Format = auto
Extension = pcd
Format = auto
Extension = pcd
Format = auto
Extension = pcd
Format = auto
Extension = pcd
Format = auto
Extension = pcd
Format = auto
Extension = pcd
Format = auto
Extension = pcd
Format = auto
Extension = pcd
Format = auto
Extension = pcd
Format = auto
Extension = pcd
Format = auto
Extension = pcd
Format = auto
Extension = pcd
Format = auto
Extension = pcd
Format = auto
Extension = pcd
Format = auto
Extension = pcd
Format = auto
Extension = pcd
Format = auto
Extension = pcd
Format = auto
Extension = pcd
Format = auto
Extension = pcd
Format = auto
Extension = pcd
Format = auto
Extension = pcd
Format = auto
Extension = pcd
Format = auto
Extension = pcd
Format = auto
Extension = pcd
Format = auto
Extension = pcd
Format = auto
Extension = pcd
Format = auto
Extension = pcd
Format = auto
Extension = pcd
Format = auto
Extension = pcd
Format = auto
Extension = pcd
Format = auto
Extension = pcd
Format = auto
Extension = pcd
Format = auto
Extension = pcd
Format = auto
Extension = pcd
Format = auto
Extension = pcd
Format = auto
Extension = pcd
Format = auto
Extension = pcd
Format = auto
Extension = pcd
Format = auto
Extension = pcd
Format = auto
Extension = pcd
Format = auto
Extension = pcd
Format = auto
Extension = pcd
Format = auto
Extension = pcd
Format = auto
Extension = pcd
Format = auto
Extension = pcd
Format = auto
Extension = pcd
Format = auto
Extension = pcd
Format = auto
Extension = pcd
Format = auto
Extension = pcd
Format = auto
Extension = pcd
Format = auto
Extension = pcd
Format = auto
Extension = pcd
Format = auto
Extension = pcd
Format = auto
Extension = pcd
Format = auto
Extension = pcd
Format = auto
Extension = pcd
Format = auto
Extension = pcd
Format = auto
Extension = pcd
Format = auto
Extension = pcd
Format = auto
Extension = pcd
Format = auto
Extension = pcd
Format = auto
Extension = pcd
Format = auto
Extension = pcd
Format = auto
Extension = pcd
Format = auto
Extension = pcd
Format = auto
Extension = pcd
Format = auto
Extension = pcd
Format = auto
Extension = pcd
Format = auto
Extension = pcd
Format = auto
Extension = pcd
Format = auto
Extension = pcd
Format = auto
Extension = pcd
Format = auto
Extension = pcd
Format = auto
Extension = pcd
Format = auto
Extension = pcd
Format = auto
Extension = pcd
Format = auto
Extension = pcd
Format = auto
Extension = pcd
Format = auto
Extension = pcd
Format = auto
Extension = pcd
Format = auto
Extension = pcd
Format = auto
Extension = pcd
Format = auto
Extension = pcd
Format = auto
Extension = pcd
Format = auto
Extension = pcd
Format = auto
Extension = pcd
Format = auto
Extension = pcd
Format = auto
Extension = pcd
Format = auto
Extension = pcd
Format = auto
Extension = pcd
Format = auto
Extension = pcd
Format = auto
Extension = pcd

frame=9/41 late_source=3/6 scenario=2026_07_15_01_26_56 timestamp=000076 receiver=13 cavs=[13, 14, 10] pred_boxes=11 gt_boxes=29 comm_bytes=149632
frame=9/41 late_source=4/6 scenario=2026_07_15_01_26_56 timestamp=000076 receiver=15 cavs=[15, 6] pred_boxes=17 gt_boxes=18 comm_bytes=68976
frame=9/41 late_source=5/6 scenario=2026_07_15_01_26_56 timestamp=000076 receiver=16 cavs=[16, 20, 7] pred_boxes=16 gt_boxes=28 comm_bytes=147360
frame=9/41 late_source=6/6 scenario=2026_07_15_01_26_56 timestamp=000076 receiver=17 cavs=[17, 3] pred_boxes=10 gt_boxes=16 comm_bytes=72128
sgcp_late_fusion frame=9/41 scenario=2026_07_15_01_26_56 timestamp=000076 sources=6 fused_pred_boxes=68 fused_gt_boxes=68
frame=10/41 late_source=1/6 scenario=2026_07_15_01_26_56 timestamp=000078 receiver=1 cavs=[1, 2, 11] pred_boxes=24 gt_boxes=40 comm_bytes=146112
frame=10/41 late_source=2/6 scenario=2026_07_15_01_26_56 timestamp=000078 receiver=4 cavs=[4, 9, 12] pred_boxes=21 gt_boxes=44 comm_bytes=147776
frame=10/41 late_source=3/6 scenario=2026_07_15_01_26_56 timestamp=000078 receiver=13 cavs=[13, 14, 10] pred_boxes=11 gt_boxes=30 comm_bytes=149664
frame=10/41 late_source=4/6 scenario=2026_07_15_01_26_56 timestamp=000078 receiver=15 cavs=[15, 6] pred_boxes=18 gt_boxes=19 comm_bytes=69056
frame=10/41 late_source=5/6 scenario=2026_07_15_01_26_56 timestamp=000078 receiver=16 cavs=[16, 20, 7] pred_boxes=16 gt_boxes=27 comm_bytes=147472
frame=10/41 late_source=6/6 scenario=2026_07_15_01_26_56 timestamp=000078 receiver=17 cavs=[17, 3] pred_boxes=10 gt_boxes=16 comm_bytes=72080
sgcp_late_fusion frame=10/41 scenario=2026_07_15_01_26_56 timestamp=000078 sources=6 fused_pred_boxes=67 fused_gt_boxes=68
frame=11/41 late_source=1/6 scenario=2026_07_15_01_26_56 timestamp=000080 receiver=1 cavs=[1, 2, 11] pred_boxes=26 gt_boxes=42 comm_bytes=146304
frame=11/41 late_source=2/6 scenario=2026_07_15_01_26_56 timestamp=000080 receiver=4 cavs=[4, 9, 12] pred_boxes=22 gt_boxes=46 comm_bytes=147808
frame=11/41 late_source=3/6 scenario=2026_07_15_01_26_56 timestamp=000080 receiver=13 cavs=[13, 14, 10] pred_boxes=12 gt_boxes=31 comm_bytes=149056
frame=11/41 late_source=4/6 scenario=2026_07_15_01_26_56 timestamp=000080 receiver=15 cavs=[15, 6] pred_boxes=16 gt_boxes=18 comm_bytes=68832
frame=11/41 late_source=5/6 scenario=2026_07_15_01_26_56 timestamp=000080 receiver=16 cavs=[16, 20, 7] pred_boxes=19 gt_boxes=28 comm_bytes=147600
frame=11/41 late_source=6/6 scenario=2026_07_15_01_26_56 timestamp=000080 receiver=17 cavs=[17, 3] pred_boxes=10 gt_boxes=17 comm_bytes=72144
sgcp_late_fusion frame=11/41 scenario=2026_07_15_01_26_56 timestamp=000080 sources=6 fused_pred_boxes=70 fused_gt_boxes=69
frame=12/41 late_source=1/6 scenario=2026_07_15_01_26_56 timestamp=000082 receiver=1 cavs=[1, 2, 11] pred_boxes=26 gt_boxes=41 comm_bytes=146336
frame=12/41 late_source=2/6 scenario=2026_07_15_01_26_56 timestamp=000082 receiver=12 cavs=[12, 4, 7] pred_boxes=19 gt_boxes=42 comm_bytes=145552
frame=12/41 late_source=3/6 scenario=2026_07_15_01_26_56 timestamp=000082 receiver=13 cavs=[13, 14, 10] pred_boxes=11 gt_boxes=30 comm_bytes=149552
frame=12/41 late_source=4/6 scenario=2026_07_15_01_26_56 timestamp=000082 receiver=15 cavs=[15, 6] pred_boxes=17 gt_boxes=18 comm_bytes=69248
frame=12/41 late_source=5/6 scenario=2026_07_15_01_26_56 timestamp=000082 receiver=17 cavs=[17, 16, 3] pred_boxes=14 gt_boxes=26 comm_bytes=146736
frame=12/41 late_source=6/6 scenario=2026_07_15_01_26_56 timestamp=000082 receiver=20 cavs=[20, 9] pred_boxes=20 gt_boxes=27 comm_bytes=75616
sgcp_late_fusion frame=12/41 scenario=2026_07_15_01_26_56 timestamp=000082 sources=6 fused_pred_boxes=67 fused_gt_boxes=70
frame=13/41 late_source=1/6 scenario=2026_07_15_01_26_56 timestamp=000084 receiver=1 cavs=[1, 2, 11] pred_boxes=26 gt_boxes=40 comm_bytes=146320
frame=13/41 late_source=2/6 scenario=2026_07_15_01_26_56 timestamp=000084 receiver=12 cavs=[12, 4, 7] pred_boxes=16 gt_boxes=41 comm_bytes=145360
frame=13/41 late_source=3/6 scenario=2026_07_15_01_26_56 timestamp=000084 receiver=13 cavs=[13, 14, 10] pred_boxes=11 gt_boxes=31 comm_bytes=148416
frame=13/41 late_source=4/6 scenario=2026_07_15_01_26_56 timestamp=000084 receiver=15 cavs=[15, 6] pred_boxes=16 gt_boxes=18 comm_bytes=69328
frame=13/41 late_source=5/6 scenario=2026_07_15_01_26_56 timestamp=000084 receiver=17 cavs=[17, 16, 3] pred_boxes=13 gt_boxes=26 comm_bytes=146624
frame=13/41 late_source=6/6 scenario=2026_07_15_01_26_56 timestamp=000084 receiver=20 cavs=[20, 9] pred_boxes=20 gt_boxes=27 comm_bytes=75632
sgcp_late_fusion frame=13/41 scenario=2026_07_15_01_26_56 timestamp=000084 sources=6 fused_pred_boxes=66 fused_gt_boxes=69
frame=14/41 late_source=1/6 scenario=2026_07_15_01_26_56 timestamp=000086 receiver=1 cavs=[1, 2, 11] pred_boxes=25 gt_boxes=42 comm_bytes=146096
frame=14/41 late_source=2/6 scenario=2026_07_15_01_26_56 timestamp=000086 receiver=12 cavs=[12, 4, 7] pred_boxes=17 gt_boxes=43 comm_bytes=145488
frame=14/41 late_source=3/6 scenario=2026_07_15_01_26_56 timestamp=000086 receiver=13 cavs=[13, 14, 10] pred_boxes=12 gt_boxes=31 comm_bytes=149328
frame=14/41 late_source=4/6 scenario=2026_07_15_01_26_56 timestamp=000086 receiver=15 cavs=[15, 6] pred_boxes=17 gt_boxes=19 comm_bytes=69504
frame=14/41 late_source=5/6 scenario=2026_07_15_01_26_56 timestamp=000086 receiver=17 cavs=[17, 16, 3] pred_boxes=13 gt_boxes=25 comm_bytes=146304
frame=14/41 late_source=6/6 scenario=2026_07_15_01_26_56 timestamp=000086 receiver=20 cavs=[20, 9] pred_boxes=19 gt_boxes=27 comm_bytes=75600
sgcp_late_fusion frame=14/41 scenario=2026_07_15_01_26_56 timestamp=000086 sources=6 fused_pred_boxes=69 fused_gt_boxes=70
frame=15/41 late_source=1/6 scenario=2026_07_15_01_26_56 timestamp=000088 receiver=1 cavs=[1, 2, 11] pred_boxes=26 gt_boxes=42 comm_bytes=146144
frame=15/41 late_source=2/6 scenario=2026_07_15_01_26_56 timestamp=000088 receiver=12 cavs=[12, 4, 7] pred_boxes=17 gt_boxes=43 comm_bytes=145456
frame=15/41 late_source=3/6 scenario=2026_07_15_01_26_56 timestamp=000088 receiver=13 cavs=[13, 14, 10] pred_boxes=13 gt_boxes=30 comm_bytes=148816
frame=15/41 late_source=4/6 scenario=2026_07_15_01_26_56 timestamp=000088 receiver=15 cavs=[15, 6] pred_boxes=16 gt_boxes=19 comm_bytes=69376
frame=15/41 late_source=5/6 scenario=2026_07_15_01_26_56 timestamp=000088 receiver=17 cavs=[17, 16, 3] pred_boxes=14 gt_boxes=25 comm_bytes=146096
frame=15/41 late_source=6/6 scenario=2026_07_15_01_26_56 timestamp=000088 receiver=20 cavs=[20, 9] pred_boxes=20 gt_boxes=28 comm_bytes=75536
sgcp_late_fusion frame=15/41 scenario=2026_07_15_01_26_56 timestamp=000088 sources=6 fused_pred_boxes=66 fused_gt_boxes=70
frame=16/41 late_source=1/6 scenario=2026_07_15_01_26_56 timestamp=000090 receiver=1 cavs=[1, 2, 11] pred_boxes=26 gt_boxes=42 comm_bytes=146144
frame=16/41 late_source=2/6 scenario=2026_07_15_01_26_56 timestamp=000090 receiver=12 cavs=[12, 4, 7] pred_boxes=19 gt_boxes=42 comm_bytes=145488
frame=16/41 late_source=3/6 scenario=2026_07_15_01_26_56 timestamp=000090 receiver=13 cavs=[13, 14, 10] pred_boxes=15 gt_boxes=31 comm_bytes=148496
frame=16/41 late_source=4/6 scenario=2026_07_15_01_26_56 timestamp=000090 receiver=15 cavs=[15, 6] pred_boxes=15 gt_boxes=19 comm_bytes=69392
frame=16/41 late_source=5/6 scenario=2026_07_15_01_26_56 timestamp=000090 receiver=17 cavs=[17, 16, 3] pred_boxes=15 gt_boxes=25 comm_bytes=146688
frame=16/41 late_source=6/6 scenario=2026_07_15_01_26_56 timestamp=000090 receiver=20 cavs=[20, 9] pred_boxes=20 gt_boxes=28 comm_bytes=75424
sgcp_late_fusion frame=16/41 scenario=2026_07_15_01_26_56 timestamp=000090 sources=6 fused_pred_boxes=71 fused_gt_boxes=70
frame=17/41 late_source=1/6 scenario=2026_07_15_01_26_56 timestamp=000092 receiver=1 cavs=[1, 2, 11] pred_boxes=25 gt_boxes=41 comm_bytes=145872
frame=17/41 late_source=2/6 scenario=2026_07_15_01_26_56 timestamp=000092 receiver=12 cavs=[12, 4, 7] pred_boxes=19 gt_boxes=42 comm_bytes=145536
frame=17/41 late_source=3/6 scenario=2026_07_15_01_26_56 timestamp=000092 receiver=13 cavs=[13, 14, 10] pred_boxes=14 gt_boxes=31 comm_bytes=149024
frame=17/41 late_source=4/6 scenario=2026_07_15_01_26_56 timestamp=000092 receiver=15 cavs=[15, 6] pred_boxes=16 gt_boxes=19 comm_bytes=69456Format = auto
Extension = pcd
Format = auto
Extension = pcd
Format = auto
Extension = pcd
Format = auto
Extension = pcd
Format = auto
Extension = pcd
Format = auto
Extension = pcd
Format = auto
Extension = pcd
Format = auto
Extension = pcd
Format = auto
Extension = pcd
Format = auto
Extension = pcd
Format = auto
Extension = pcd
Format = auto
Extension = pcd
Format = auto
Extension = pcd
Format = auto
Extension = pcd
Format = auto
Extension = pcd
Format = auto
Extension = pcd
Format = auto
Extension = pcd
Format = auto
Extension = pcd
Format = auto
Extension = pcd
Format = auto
Extension = pcd
Format = auto
Extension = pcd
Format = auto
Extension = pcd
Format = auto
Extension = pcd
Format = auto
Extension = pcd
Format = auto
Extension = pcd
Format = auto
Extension = pcd
Format = auto
Extension = pcd
Format = auto
Extension = pcd
Format = auto
Extension = pcd
Format = auto
Extension = pcd
Format = auto
Extension = pcd
Format = auto
Extension = pcd
Format = auto
Extension = pcd
Format = auto
Extension = pcd
Format = auto
Extension = pcd
Format = auto
Extension = pcd
Format = auto
Extension = pcd
Format = auto
Extension = pcd
Format = auto
Extension = pcd
Format = auto
Extension = pcd
Format = auto
Extension = pcd
Format = auto
Extension = pcd
Format = auto
Extension = pcd
Format = auto
Extension = pcd
Format = auto
Extension = pcd
Format = auto
Extension = pcd
Format = auto
Extension = pcd
Format = auto
Extension = pcd
Format = auto
Extension = pcd
Format = auto
Extension = pcd
Format = auto
Extension = pcd
Format = auto
Extension = pcd
Format = auto
Extension = pcd
Format = auto
Extension = pcd
Format = auto
Extension = pcd
Format = auto
Extension = pcd
Format = auto
Extension = pcd
Format = auto
Extension = pcd
Format = auto
Extension = pcd
Format = auto
Extension = pcd
Format = auto
Extension = pcd
Format = auto
Extension = pcd
Format = auto
Extension = pcd
Format = auto
Extension = pcd
Format = auto
Extension = pcd
Format = auto
Extension = pcd
Format = auto
Extension = pcd
Format = auto
Extension = pcd
Format = auto
Extension = pcd
Format = auto
Extension = pcd
Format = auto
Extension = pcd
Format = auto
Extension = pcd
Format = auto
Extension = pcd
Format = auto
Extension = pcd
Format = auto
Extension = pcd
Format = auto
Extension = pcd
Format = auto
Extension = pcd
Format = auto
Extension = pcd
Format = auto
Extension = pcd
Format = auto
Extension = pcd
Format = auto
Extension = pcd
Format = auto
Extension = pcd
Format = auto
Extension = pcd
Format = auto
Extension = pcd
Format = auto
Extension = pcd
Format = auto
Extension = pcd
Format = auto
Extension = pcd
Format = auto
Extension = pcd
Format = auto
Extension = pcd
Format = auto
Extension = pcd
Format = auto
Extension = pcd
Format = auto
Extension = pcd
Format = auto
Extension = pcd
Format = auto
Extension = pcd
Format = auto
Extension = pcd
Format = auto
Extension = pcd
Format = auto
Extension = pcd
Format = auto
Extension = pcd
Format = auto
Extension = pcd
Format = auto
Extension = pcd
Format = auto
Extension = pcd
Format = auto
Extension = pcd
Format = auto
Extension = pcd
Format = auto
Extension = pcd
Format = auto
Extension = pcd
Format = auto
Extension = pcd
Format = auto
Extension = pcd
Format = auto
Extension = pcd
Format = auto
Extension = pcd
Format = auto
Extension = pcd
Format = auto
Extension = pcd
Format = auto
Extension = pcd
Format = auto
Extension = pcd
Format = auto
Extension = pcd
Format = auto
Extension = pcd
Format = auto
Extension = pcd
Format = auto
Extension = pcd
Format = auto
Extension = pcd
Format = auto
Extension = pcd
Format = auto
Extension = pcd
Format = auto
Extension = pcd
Format = auto
Extension = pcd
Format = auto
Extension = pcd
Format = auto
Extension = pcd
Format = auto
Extension = pcd
Format = auto
Extension = pcd
Format = auto
Extension = pcd
Format = auto
Extension = pcd
Format = auto
Extension = pcd
Format = auto
Extension = pcd
Format = auto
Extension = pcd
Format = auto
Extension = pcd
Format = auto
Extension = pcd
Format = auto
Extension = pcd
Format = auto
Extension = pcd
Format = auto
Extension = pcd
Format = auto
Extension = pcd
Format = auto
Extension = pcd
Format = auto
Extension = pcd
Format = auto
Extension = pcd
Format = auto
Extension = pcd
Format = auto
Extension = pcd
Format = auto
Extension = pcd
Format = auto
Extension = pcd
Format = auto
Extension = pcd
Format = auto
Extension = pcd
Format = auto
Extension = pcd
Format = auto
Extension = pcd
Format = auto
Extension = pcd
Format = auto
Extension = pcd
Format = auto
Extension = pcd
Format = auto
Extension = pcd
Format = auto
Extension = pcd
Format = auto
Extension = pcd
Format = auto
Extension = pcd
Format = auto
Extension = pcd
Format = auto
Extension = pcd
Format = auto
Extension = pcd
Format = auto
Extension = pcd
Format = auto
Extension = pcd

frame=17/41 late_source=5/6 scenario=2026_07_15_01_26_56 timestamp=000092 receiver=17 cavs=[17, 16, 3] pred_boxes=13 gt_boxes=24 comm_bytes=146464
frame=17/41 late_source=6/6 scenario=2026_07_15_01_26_56 timestamp=000092 receiver=20 cavs=[20, 9] pred_boxes=22 gt_boxes=28 comm_bytes=75392
sgcp_late_fusion frame=17/41 scenario=2026_07_15_01_26_56 timestamp=000092 sources=6 fused_pred_boxes=71 fused_gt_boxes=70
frame=18/41 late_source=1/6 scenario=2026_07_15_01_26_56 timestamp=000094 receiver=1 cavs=[1, 2, 11] pred_boxes=25 gt_boxes=39 comm_bytes=146320
frame=18/41 late_source=2/6 scenario=2026_07_15_01_26_56 timestamp=000094 receiver=12 cavs=[12, 4, 7] pred_boxes=21 gt_boxes=43 comm_bytes=145536
frame=18/41 late_source=3/6 scenario=2026_07_15_01_26_56 timestamp=000094 receiver=13 cavs=[13, 14, 10] pred_boxes=13 gt_boxes=31 comm_bytes=148944
frame=18/41 late_source=4/6 scenario=2026_07_15_01_26_56 timestamp=000094 receiver=15 cavs=[15, 6] pred_boxes=16 gt_boxes=20 comm_bytes=69664
frame=18/41 late_source=5/6 scenario=2026_07_15_01_26_56 timestamp=000094 receiver=17 cavs=[17, 16, 3] pred_boxes=14 gt_boxes=24 comm_bytes=146304
frame=18/41 late_source=6/6 scenario=2026_07_15_01_26_56 timestamp=000094 receiver=20 cavs=[20, 9] pred_boxes=20 gt_boxes=28 comm_bytes=75392
sgcp_late_fusion frame=18/41 scenario=2026_07_15_01_26_56 timestamp=000094 sources=6 fused_pred_boxes=69 fused_gt_boxes=70
frame=19/41 late_source=1/6 scenario=2026_07_15_01_26_56 timestamp=000096 receiver=1 cavs=[1, 2, 11] pred_boxes=25 gt_boxes=39 comm_bytes=146192
frame=19/41 late_source=2/6 scenario=2026_07_15_01_26_56 timestamp=000096 receiver=12 cavs=[12, 4, 7] pred_boxes=20 gt_boxes=39 comm_bytes=145536
frame=19/41 late_source=3/6 scenario=2026_07_15_01_26_56 timestamp=000096 receiver=13 cavs=[13, 14, 10] pred_boxes=13 gt_boxes=30 comm_bytes=148512
frame=19/41 late_source=4/6 scenario=2026_07_15_01_26_56 timestamp=000096 receiver=15 cavs=[15, 6] pred_boxes=19 gt_boxes=19 comm_bytes=69424
frame=19/41 late_source=5/6 scenario=2026_07_15_01_26_56 timestamp=000096 receiver=17 cavs=[17, 16, 3] pred_boxes=16 gt_boxes=24 comm_bytes=145888
frame=19/41 late_source=6/6 scenario=2026_07_15_01_26_56 timestamp=000096 receiver=20 cavs=[20, 9] pred_boxes=21 gt_boxes=28 comm_bytes=75392
sgcp_late_fusion frame=19/41 scenario=2026_07_15_01_26_56 timestamp=000096 sources=6 fused_pred_boxes=71 fused_gt_boxes=71
frame=20/41 late_source=1/6 scenario=2026_07_15_01_26_56 timestamp=000098 receiver=1 cavs=[1, 2, 11] pred_boxes=24 gt_boxes=38 comm_bytes=146160
frame=20/41 late_source=2/6 scenario=2026_07_15_01_26_56 timestamp=000098 receiver=12 cavs=[12, 4, 7] pred_boxes=19 gt_boxes=38 comm_bytes=145504
frame=20/41 late_source=3/6 scenario=2026_07_15_01_26_56 timestamp=000098 receiver=13 cavs=[13, 14, 10] pred_boxes=13 gt_boxes=29 comm_bytes=148272
frame=20/41 late_source=4/6 scenario=2026_07_15_01_26_56 timestamp=000098 receiver=15 cavs=[15, 6] pred_boxes=15 gt_boxes=19 comm_bytes=69312
frame=20/41 late_source=5/6 scenario=2026_07_15_01_26_56 timestamp=000098 receiver=17 cavs=[17, 16, 3] pred_boxes=16 gt_boxes=24 comm_bytes=145840
frame=20/41 late_source=6/6 scenario=2026_07_15_01_26_56 timestamp=000098 receiver=20 cavs=[20, 9] pred_boxes=21 gt_boxes=28 comm_bytes=75392
sgcp_late_fusion frame=20/41 scenario=2026_07_15_01_26_56 timestamp=000098 sources=6 fused_pred_boxes=69 fused_gt_boxes=71
frame=21/41 late_source=1/6 scenario=2026_07_15_01_26_56 timestamp=000100 receiver=1 cavs=[1, 2, 11] pred_boxes=24 gt_boxes=38 comm_bytes=146512
frame=21/41 late_source=2/6 scenario=2026_07_15_01_26_56 timestamp=000100 receiver=12 cavs=[12, 4, 7] pred_boxes=20 gt_boxes=38 comm_bytes=145504
frame=21/41 late_source=3/6 scenario=2026_07_15_01_26_56 timestamp=000100 receiver=13 cavs=[13, 14, 10] pred_boxes=14 gt_boxes=29 comm_bytes=148176
frame=21/41 late_source=4/6 scenario=2026_07_15_01_26_56 timestamp=000100 receiver=15 cavs=[15, 6] pred_boxes=17 gt_boxes=20 comm_bytes=69536
frame=21/41 late_source=5/6 scenario=2026_07_15_01_26_56 timestamp=000100 receiver=17 cavs=[17, 16, 3] pred_boxes=12 gt_boxes=24 comm_bytes=145632
frame=21/41 late_source=6/6 scenario=2026_07_15_01_26_56 timestamp=000100 receiver=20 cavs=[20, 9] pred_boxes=22 gt_boxes=25 comm_bytes=75376
sgcp_late_fusion frame=21/41 scenario=2026_07_15_01_26_56 timestamp=000100 sources=6 fused_pred_boxes=70 fused_gt_boxes=71
frame=22/41 late_source=1/6 scenario=2026_07_15_01_26_56 timestamp=000102 receiver=1 cavs=[1, 2, 11] pred_boxes=24 gt_boxes=38 comm_bytes=145824
frame=22/41 late_source=2/6 scenario=2026_07_15_01_26_56 timestamp=000102 receiver=12 cavs=[12, 4, 7] pred_boxes=20 gt_boxes=38 comm_bytes=145520
frame=22/41 late_source=3/6 scenario=2026_07_15_01_26_56 timestamp=000102 receiver=13 cavs=[13, 14, 10] pred_boxes=12 gt_boxes=29 comm_bytes=147440
frame=22/41 late_source=4/6 scenario=2026_07_15_01_26_56 timestamp=000102 receiver=15 cavs=[15, 6] pred_boxes=19 gt_boxes=22 comm_bytes=69584
frame=22/41 late_source=5/6 scenario=2026_07_15_01_26_56 timestamp=000102 receiver=17 cavs=[17, 16, 3] pred_boxes=17 gt_boxes=23 comm_bytes=145728
frame=22/41 late_source=6/6 scenario=2026_07_15_01_26_56 timestamp=000102 receiver=20 cavs=[20, 9] pred_boxes=20 gt_boxes=25 comm_bytes=75376
sgcp_late_fusion frame=22/41 scenario=2026_07_15_01_26_56 timestamp=000102 sources=6 fused_pred_boxes=69 fused_gt_boxes=71
frame=23/41 late_source=1/6 scenario=2026_07_15_01_26_56 timestamp=000104 receiver=1 cavs=[1, 2, 11] pred_boxes=23 gt_boxes=38 comm_bytes=145840
frame=23/41 late_source=2/6 scenario=2026_07_15_01_26_56 timestamp=000104 receiver=12 cavs=[12, 4, 7] pred_boxes=19 gt_boxes=38 comm_bytes=145440
frame=23/41 late_source=3/6 scenario=2026_07_15_01_26_56 timestamp=000104 receiver=13 cavs=[13, 14, 10] pred_boxes=13 gt_boxes=29 comm_bytes=147344
frame=23/41 late_source=4/6 scenario=2026_07_15_01_26_56 timestamp=000104 receiver=15 cavs=[15, 6] pred_boxes=17 gt_boxes=23 comm_bytes=69392
frame=23/41 late_source=5/6 scenario=2026_07_15_01_26_56 timestamp=000104 receiver=17 cavs=[17, 16, 3] pred_boxes=16 gt_boxes=22 comm_bytes=145920
frame=23/41 late_source=6/6 scenario=2026_07_15_01_26_56 timestamp=000104 receiver=20 cavs=[20, 9] pred_boxes=19 gt_boxes=25 comm_bytes=75376
sgcp_late_fusion frame=23/41 scenario=2026_07_15_01_26_56 timestamp=000104 sources=6 fused_pred_boxes=71 fused_gt_boxes=71
frame=24/41 late_source=1/6 scenario=2026_07_15_01_26_56 timestamp=000106 receiver=1 cavs=[1, 2, 11] pred_boxes=24 gt_boxes=38 comm_bytes=145936
frame=24/41 late_source=2/6 scenario=2026_07_15_01_26_56 timestamp=000106 receiver=12 cavs=[12, 4, 7] pred_boxes=20 gt_boxes=38 comm_bytes=145424
frame=24/41 late_source=3/6 scenario=2026_07_15_01_26_56 timestamp=000106 receiver=13 cavs=[13, 14, 10] pred_boxes=14 gt_boxes=29 comm_bytes=146928
frame=24/41 late_source=4/6 scenario=2026_07_15_01_26_56 timestamp=000106 receiver=15 cavs=[15, 6] pred_boxes=17 gt_boxes=23 comm_bytes=69472
frame=24/41 late_source=5/6 scenario=2026_07_15_01_26_56 timestamp=000106 receiver=17 cavs=[17, 16, 3] pred_boxes=14 gt_boxes=21 comm_bytes=145760
frame=24/41 late_source=6/6 scenario=2026_07_15_01_26_56 timestamp=000106 receiver=20 cavs=[20, 9] pred_boxes=18 gt_boxes=25 comm_bytes=75376
sgcp_late_fusion frame=24/41 scenario=2026_07_15_01_26_56 timestamp=000106 sources=6 fused_pred_boxes=69 fused_gt_boxes=70
frame=25/41 late_source=1/6 scenario=2026_07_15_01_26_56 timestamp=000108 receiver=1 cavs=[1, 2, 11] pred_boxes=24 gt_boxes=39 comm_bytes=146192
frame=25/41 late_source=2/6 scenario=2026_07_15_01_26_56 timestamp=000108 receiver=12 cavs=[12, 4, 7] pred_boxes=19 gt_boxes=39 comm_bytes=145376
frame=25/41 late_source=3/6 scenario=2026_07_15_01_26_56 timestamp=000108 receiver=13 cavs=[13, 14, 10] pred_boxes=13 gt_boxes=29 comm_bytes=146784
frame=25/41 late_source=4/6 scenario=2026_07_15_01_26_56 timestamp=000108 receiver=15 cavs=[15, 6] pred_boxes=19 gt_boxes=24 comm_bytes=69936
frame=25/41 late_source=5/6 scenario=2026_07_15_01_26_56 timestamp=000108 receiver=17 cavs=[17, 16, 3] pred_boxes=13 gt_boxes=21 comm_bytes=145920
frame=25/41 late_source=6/6 scenario=2026_07_15_01_26_56 timestamp=000108 receiver=20 cavs=[20, 9] pred_boxes=17 gt_boxes=25 comm_bytes=75376Format = auto
Extension = pcd
Format = auto
Extension = pcd
Format = auto
Extension = pcd
Format = auto
Extension = pcd
Format = auto
Extension = pcd
Format = auto
Extension = pcd
Format = auto
Extension = pcd
Format = auto
Extension = pcd
Format = auto
Extension = pcd
Format = auto
Extension = pcd
Format = auto
Extension = pcd
Format = auto
Extension = pcd
Format = auto
Extension = pcd
Format = auto
Extension = pcd
Format = auto
Extension = pcd
Format = auto
Extension = pcd
Format = auto
Extension = pcd
Format = auto
Extension = pcd
Format = auto
Extension = pcd
Format = auto
Extension = pcd
Format = auto
Extension = pcd
Format = auto
Extension = pcd
Format = auto
Extension = pcd
Format = auto
Extension = pcd
Format = auto
Extension = pcd
Format = auto
Extension = pcd
Format = auto
Extension = pcd
Format = auto
Extension = pcd
Format = auto
Extension = pcd
Format = auto
Extension = pcd
Format = auto
Extension = pcd
Format = auto
Extension = pcd
Format = auto
Extension = pcd
Format = auto
Extension = pcd
Format = auto
Extension = pcd
Format = auto
Extension = pcd
Format = auto
Extension = pcd
Format = auto
Extension = pcd
Format = auto
Extension = pcd
Format = auto
Extension = pcd
Format = auto
Extension = pcd
Format = auto
Extension = pcd
Format = auto
Extension = pcd
Format = auto
Extension = pcd
Format = auto
Extension = pcd
Format = auto
Extension = pcd
Format = auto
Extension = pcd
Format = auto
Extension = pcd
Format = auto
Extension = pcd
Format = auto
Extension = pcd
Format = auto
Extension = pcd
Format = auto
Extension = pcd
Format = auto
Extension = pcd
Format = auto
Extension = pcd
Format = auto
Extension = pcd
Format = auto
Extension = pcd
Format = auto
Extension = pcd
Format = auto
Extension = pcd
Format = auto
Extension = pcd
Format = auto
Extension = pcd
Format = auto
Extension = pcd
Format = auto
Extension = pcd
Format = auto
Extension = pcd
Format = auto
Extension = pcd
Format = auto
Extension = pcd
Format = auto
Extension = pcd
Format = auto
Extension = pcd
Format = auto
Extension = pcd
Format = auto
Extension = pcd
Format = auto
Extension = pcd
Format = auto
Extension = pcd
Format = auto
Extension = pcd
Format = auto
Extension = pcd
Format = auto
Extension = pcd
Format = auto
Extension = pcd
Format = auto
Extension = pcd
Format = auto
Extension = pcd
Format = auto
Extension = pcd
Format = auto
Extension = pcd
Format = auto
Extension = pcd
Format = auto
Extension = pcd
Format = auto
Extension = pcd
Format = auto
Extension = pcd
Format = auto
Extension = pcd
Format = auto
Extension = pcd
Format = auto
Extension = pcd
Format = auto
Extension = pcd
Format = auto
Extension = pcd
Format = auto
Extension = pcd
Format = auto
Extension = pcd
Format = auto
Extension = pcd
Format = auto
Extension = pcd
Format = auto
Extension = pcd
Format = auto
Extension = pcd
Format = auto
Extension = pcd
Format = auto
Extension = pcd
Format = auto
Extension = pcd
Format = auto
Extension = pcd
Format = auto
Extension = pcd
Format = auto
Extension = pcd
Format = auto
Extension = pcd
Format = auto
Extension = pcd
Format = auto
Extension = pcd
Format = auto
Extension = pcd
Format = auto
Extension = pcd
Format = auto
Extension = pcd
Format = auto
Extension = pcd
Format = auto
Extension = pcd
Format = auto
Extension = pcd
Format = auto
Extension = pcd
Format = auto
Extension = pcd
Format = auto
Extension = pcd
Format = auto
Extension = pcd
Format = auto
Extension = pcd
Format = auto
Extension = pcd
Format = auto
Extension = pcd
Format = auto
Extension = pcd
Format = auto
Extension = pcd
Format = auto
Extension = pcd
Format = auto
Extension = pcd
Format = auto
Extension = pcd
Format = auto
Extension = pcd
Format = auto
Extension = pcd
Format = auto
Extension = pcd
Format = auto
Extension = pcd
Format = auto
Extension = pcd
Format = auto
Extension = pcd
Format = auto
Extension = pcd
Format = auto
Extension = pcd
Format = auto
Extension = pcd
Format = auto
Extension = pcd
Format = auto
Extension = pcd
Format = auto
Extension = pcd
Format = auto
Extension = pcd
Format = auto
Extension = pcd
Format = auto
Extension = pcd
Format = auto
Extension = pcd
Format = auto
Extension = pcd
Format = auto
Extension = pcd
Format = auto
Extension = pcd
Format = auto
Extension = pcd
Format = auto
Extension = pcd
Format = auto
Extension = pcd
Format = auto
Extension = pcd
Format = auto
Extension = pcd
Format = auto
Extension = pcd
Format = auto
Extension = pcd
Format = auto
Extension = pcd
Format = auto
Extension = pcd
Format = auto
Extension = pcd
Format = auto
Extension = pcd
Format = auto
Extension = pcd
Format = auto
Extension = pcd
Format = auto
Extension = pcd
Format = auto
Extension = pcd
Format = auto
Extension = pcd
Format = auto
Extension = pcd
Format = auto
Extension = pcd
Format = auto
Extension = pcd
Format = auto
Extension = pcd
Format = auto
Extension = pcd
Format = auto
Extension = pcd
Format = auto
Extension = pcd
Format = auto
Extension = pcd
Format = auto
Extension = pcd
Format = auto
Extension = pcd
Format = auto
Extension = pcd
Format = auto
Extension = pcd
Format = auto
Extension = pcd
Format = auto
Extension = pcd
Format = auto
Extension = pcd
Format = auto
Extension = pcd
Format = auto
Extension = pcd
Format = auto
Extension = pcd
Format = auto
Extension = pcd
Format = auto
Extension = pcd
Format = auto
Extension = pcd
Format = auto
Extension = pcd
Format = auto
Extension = pcd
Format = auto
Extension = pcd

sgcp_late_fusion frame=25/41 scenario=2026_07_15_01_26_56 timestamp=000108 sources=6 fused_pred_boxes=68 fused_gt_boxes=70
frame=26/41 late_source=1/6 scenario=2026_07_15_01_26_56 timestamp=000110 receiver=1 cavs=[1, 2, 11] pred_boxes=19 gt_boxes=40 comm_bytes=146224
frame=26/41 late_source=2/6 scenario=2026_07_15_01_26_56 timestamp=000110 receiver=12 cavs=[12, 4, 7] pred_boxes=19 gt_boxes=38 comm_bytes=145264
frame=26/41 late_source=3/6 scenario=2026_07_15_01_26_56 timestamp=000110 receiver=13 cavs=[13, 14, 10] pred_boxes=13 gt_boxes=29 comm_bytes=146288
frame=26/41 late_source=4/6 scenario=2026_07_15_01_26_56 timestamp=000110 receiver=15 cavs=[15, 6] pred_boxes=17 gt_boxes=24 comm_bytes=70448
frame=26/41 late_source=5/6 scenario=2026_07_15_01_26_56 timestamp=000110 receiver=17 cavs=[17, 16, 3] pred_boxes=14 gt_boxes=20 comm_bytes=145712
frame=26/41 late_source=6/6 scenario=2026_07_15_01_26_56 timestamp=000110 receiver=20 cavs=[20, 9] pred_boxes=17 gt_boxes=25 comm_bytes=75376
sgcp_late_fusion frame=26/41 scenario=2026_07_15_01_26_56 timestamp=000110 sources=6 fused_pred_boxes=65 fused_gt_boxes=69
frame=27/41 late_source=1/6 scenario=2026_07_15_01_26_56 timestamp=000112 receiver=1 cavs=[1, 2, 11] pred_boxes=19 gt_boxes=40 comm_bytes=146304
frame=27/41 late_source=2/6 scenario=2026_07_15_01_26_56 timestamp=000112 receiver=12 cavs=[12, 4, 7] pred_boxes=20 gt_boxes=38 comm_bytes=145216
frame=27/41 late_source=3/6 scenario=2026_07_15_01_26_56 timestamp=000112 receiver=13 cavs=[13, 14, 10] pred_boxes=13 gt_boxes=29 comm_bytes=146224
frame=27/41 late_source=4/6 scenario=2026_07_15_01_26_56 timestamp=000112 receiver=15 cavs=[15, 6] pred_boxes=16 gt_boxes=23 comm_bytes=70064
frame=27/41 late_source=5/6 scenario=2026_07_15_01_26_56 timestamp=000112 receiver=17 cavs=[17, 16, 3] pred_boxes=12 gt_boxes=19 comm_bytes=145248
frame=27/41 late_source=6/6 scenario=2026_07_15_01_26_56 timestamp=000112 receiver=20 cavs=[20, 9] pred_boxes=17 gt_boxes=25 comm_bytes=75376
sgcp_late_fusion frame=27/41 scenario=2026_07_15_01_26_56 timestamp=000112 sources=6 fused_pred_boxes=67 fused_gt_boxes=68
frame=28/41 late_source=1/6 scenario=2026_07_15_01_26_56 timestamp=000114 receiver=1 cavs=[1, 2, 11] pred_boxes=19 gt_boxes=40 comm_bytes=146112
frame=28/41 late_source=2/6 scenario=2026_07_15_01_26_56 timestamp=000114 receiver=12 cavs=[12, 4, 7] pred_boxes=20 gt_boxes=39 comm_bytes=145184
frame=28/41 late_source=3/6 scenario=2026_07_15_01_26_56 timestamp=000114 receiver=13 cavs=[13, 14, 10] pred_boxes=12 gt_boxes=29 comm_bytes=145968
frame=28/41 late_source=4/6 scenario=2026_07_15_01_26_56 timestamp=000114 receiver=15 cavs=[15, 6] pred_boxes=17 gt_boxes=23 comm_bytes=69888
frame=28/41 late_source=5/6 scenario=2026_07_15_01_26_56 timestamp=000114 receiver=17 cavs=[17, 16, 3] pred_boxes=11 gt_boxes=19 comm_bytes=145664
frame=28/41 late_source=6/6 scenario=2026_07_15_01_26_56 timestamp=000114 receiver=20 cavs=[20, 9] pred_boxes=18 gt_boxes=25 comm_bytes=75328
sgcp_late_fusion frame=28/41 scenario=2026_07_15_01_26_56 timestamp=000114 sources=6 fused_pred_boxes=67 fused_gt_boxes=68
frame=29/41 late_source=1/6 scenario=2026_07_15_01_26_56 timestamp=000116 receiver=1 cavs=[1, 2, 11] pred_boxes=21 gt_boxes=40 comm_bytes=146176
frame=29/41 late_source=2/6 scenario=2026_07_15_01_26_56 timestamp=000116 receiver=12 cavs=[12, 4, 7] pred_boxes=20 gt_boxes=39 comm_bytes=145056
frame=29/41 late_source=3/6 scenario=2026_07_15_01_26_56 timestamp=000116 receiver=13 cavs=[13, 14, 10] pred_boxes=14 gt_boxes=29 comm_bytes=145904
frame=29/41 late_source=4/6 scenario=2026_07_15_01_26_56 timestamp=000116 receiver=15 cavs=[15, 6] pred_boxes=18 gt_boxes=23 comm_bytes=70208
frame=29/41 late_source=5/6 scenario=2026_07_15_01_26_56 timestamp=000116 receiver=17 cavs=[17, 16, 3] pred_boxes=11 gt_boxes=18 comm_bytes=144992
frame=29/41 late_source=6/6 scenario=2026_07_15_01_26_56 timestamp=000116 receiver=20 cavs=[20, 9] pred_boxes=17 gt_boxes=25 comm_bytes=75296
sgcp_late_fusion frame=29/41 scenario=2026_07_15_01_26_56 timestamp=000116 sources=6 fused_pred_boxes=68 fused_gt_boxes=68
frame=30/41 late_source=1/6 scenario=2026_07_15_01_26_56 timestamp=000118 receiver=1 cavs=[1, 2, 11] pred_boxes=23 gt_boxes=40 comm_bytes=146384
frame=30/41 late_source=2/6 scenario=2026_07_15_01_26_56 timestamp=000118 receiver=12 cavs=[12, 4, 7] pred_boxes=20 gt_boxes=39 comm_bytes=145040
frame=30/41 late_source=3/6 scenario=2026_07_15_01_26_56 timestamp=000118 receiver=13 cavs=[13, 14, 10] pred_boxes=13 gt_boxes=30 comm_bytes=145840
frame=30/41 late_source=4/6 scenario=2026_07_15_01_26_56 timestamp=000118 receiver=15 cavs=[15, 6] pred_boxes=16 gt_boxes=22 comm_bytes=70256
frame=30/41 late_source=5/6 scenario=2026_07_15_01_26_56 timestamp=000118 receiver=17 cavs=[17, 16, 3] pred_boxes=10 gt_boxes=19 comm_bytes=145008
frame=30/41 late_source=6/6 scenario=2026_07_15_01_26_56 timestamp=000118 receiver=20 cavs=[20, 9] pred_boxes=17 gt_boxes=25 comm_bytes=75296
sgcp_late_fusion frame=30/41 scenario=2026_07_15_01_26_56 timestamp=000118 sources=6 fused_pred_boxes=67 fused_gt_boxes=68
frame=31/41 late_source=1/6 scenario=2026_07_15_01_26_56 timestamp=000120 receiver=1 cavs=[1, 2, 11] pred_boxes=21 gt_boxes=40 comm_bytes=146416
frame=31/41 late_source=2/6 scenario=2026_07_15_01_26_56 timestamp=000120 receiver=12 cavs=[12, 4, 7] pred_boxes=19 gt_boxes=40 comm_bytes=145024
frame=31/41 late_source=3/6 scenario=2026_07_15_01_26_56 timestamp=000120 receiver=13 cavs=[13, 14, 10] pred_boxes=13 gt_boxes=30 comm_bytes=145520
frame=31/41 late_source=4/6 scenario=2026_07_15_01_26_56 timestamp=000120 receiver=15 cavs=[15, 6] pred_boxes=18 gt_boxes=22 comm_bytes=69984
frame=31/41 late_source=5/6 scenario=2026_07_15_01_26_56 timestamp=000120 receiver=17 cavs=[17, 16, 3] pred_boxes=11 gt_boxes=18 comm_bytes=145152
frame=31/41 late_source=6/6 scenario=2026_07_15_01_26_56 timestamp=000120 receiver=20 cavs=[20, 9] pred_boxes=17 gt_boxes=25 comm_bytes=75296
sgcp_late_fusion frame=31/41 scenario=2026_07_15_01_26_56 timestamp=000120 sources=6 fused_pred_boxes=65 fused_gt_boxes=68
frame=32/41 late_source=1/6 scenario=2026_07_15_01_26_56 timestamp=000122 receiver=1 cavs=[1, 2, 11] pred_boxes=21 gt_boxes=40 comm_bytes=146272
frame=32/41 late_source=2/6 scenario=2026_07_15_01_26_56 timestamp=000122 receiver=12 cavs=[12, 4, 7] pred_boxes=19 gt_boxes=41 comm_bytes=144928
frame=32/41 late_source=3/6 scenario=2026_07_15_01_26_56 timestamp=000122 receiver=13 cavs=[13, 14, 10] pred_boxes=13 gt_boxes=29 comm_bytes=145712
frame=32/41 late_source=4/6 scenario=2026_07_15_01_26_56 timestamp=000122 receiver=15 cavs=[15, 6] pred_boxes=20 gt_boxes=22 comm_bytes=70064
frame=32/41 late_source=5/6 scenario=2026_07_15_01_26_56 timestamp=000122 receiver=17 cavs=[17, 16, 3] pred_boxes=11 gt_boxes=18 comm_bytes=145072
frame=32/41 late_source=6/6 scenario=2026_07_15_01_26_56 timestamp=000122 receiver=20 cavs=[20, 9] pred_boxes=16 gt_boxes=25 comm_bytes=75296
sgcp_late_fusion frame=32/41 scenario=2026_07_15_01_26_56 timestamp=000122 sources=6 fused_pred_boxes=64 fused_gt_boxes=68
frame=33/41 late_source=1/6 scenario=2026_07_15_01_26_56 timestamp=000124 receiver=1 cavs=[1, 2, 11] pred_boxes=21 gt_boxes=40 comm_bytes=146320
frame=33/41 late_source=2/6 scenario=2026_07_15_01_26_56 timestamp=000124 receiver=12 cavs=[12, 4, 7] pred_boxes=19 gt_boxes=41 comm_bytes=144976
frame=33/41 late_source=3/6 scenario=2026_07_15_01_26_56 timestamp=000124 receiver=13 cavs=[13, 14, 10] pred_boxes=13 gt_boxes=29 comm_bytes=145680
frame=33/41 late_source=4/6 scenario=2026_07_15_01_26_56 timestamp=000124 receiver=15 cavs=[15, 6] pred_boxes=19 gt_boxes=22 comm_bytes=70208
frame=33/41 late_source=5/6 scenario=2026_07_15_01_26_56 timestamp=000124 receiver=17 cavs=[17, 16, 3] pred_boxes=12 gt_boxes=18 comm_bytes=145216
frame=33/41 late_source=6/6 scenario=2026_07_15_01_26_56 timestamp=000124 receiver=20 cavs=[20, 9] pred_boxes=17 gt_boxes=25 comm_bytes=75296
sgcp_late_fusion frame=33/41 scenario=2026_07_15_01_26_56 timestamp=000124 sources=6 fused_pred_boxes=65 fused_gt_boxes=68
frame=34/41 late_source=1/6 scenario=2026_07_15_01_26_56 timestamp=000126 receiver=1 cavs=[1, 2, 11] pred_boxes=22 gt_boxes=40 comm_bytes=146320Format = auto
Extension = pcd
Format = auto
Extension = pcd
Format = auto
Extension = pcd
Format = auto
Extension = pcd
Format = auto
Extension = pcd
Format = auto
Extension = pcd
Format = auto
Extension = pcd
Format = auto
Extension = pcd
Format = auto
Extension = pcd
Format = auto
Extension = pcd
Format = auto
Extension = pcd
Format = auto
Extension = pcd
Format = auto
Extension = pcd
Format = auto
Extension = pcd
Format = auto
Extension = pcd
Format = auto
Extension = pcd
Format = auto
Extension = pcd
Format = auto
Extension = pcd
Format = auto
Extension = pcd
Format = auto
Extension = pcd
Format = auto
Extension = pcd
Format = auto
Extension = pcd
Format = auto
Extension = pcd
Format = auto
Extension = pcd
Format = auto
Extension = pcd
Format = auto
Extension = pcd
Format = auto
Extension = pcd
Format = auto
Extension = pcd
Format = auto
Extension = pcd
Format = auto
Extension = pcd
Format = auto
Extension = pcd
Format = auto
Extension = pcd
Format = auto
Extension = pcd
Format = auto
Extension = pcd
Format = auto
Extension = pcd
Format = auto
Extension = pcd
Format = auto
Extension = pcd
Format = auto
Extension = pcd
Format = auto
Extension = pcd
Format = auto
Extension = pcd
Format = auto
Extension = pcd
Format = auto
Extension = pcd
Format = auto
Extension = pcd
Format = auto
Extension = pcd
Format = auto
Extension = pcd
Format = auto
Extension = pcd
Format = auto
Extension = pcd
Format = auto
Extension = pcd
Format = auto
Extension = pcd
Format = auto
Extension = pcd
Format = auto
Extension = pcd
Format = auto
Extension = pcd
Format = auto
Extension = pcd
Format = auto
Extension = pcd
Format = auto
Extension = pcd
Format = auto
Extension = pcd
Format = auto
Extension = pcd
Format = auto
Extension = pcd
Format = auto
Extension = pcd
Format = auto
Extension = pcd
Format = auto
Extension = pcd
Format = auto
Extension = pcd
Format = auto
Extension = pcd
Format = auto
Extension = pcd
Format = auto
Extension = pcd
Format = auto
Extension = pcd
Format = auto
Extension = pcd
Format = auto
Extension = pcd
Format = auto
Extension = pcd
Format = auto
Extension = pcd
Format = auto
Extension = pcd
Format = auto
Extension = pcd
Format = auto
Extension = pcd
Format = auto
Extension = pcd
Format = auto
Extension = pcd
Format = auto
Extension = pcd
Format = auto
Extension = pcd
Format = auto
Extension = pcd
Format = auto
Extension = pcd
Format = auto
Extension = pcd
Format = auto
Extension = pcd
Format = auto
Extension = pcd
Format = auto
Extension = pcd
Format = auto
Extension = pcd
Format = auto
Extension = pcd
Format = auto
Extension = pcd
Format = auto
Extension = pcd
Format = auto
Extension = pcd
Format = auto
Extension = pcd
Format = auto
Extension = pcd
Format = auto
Extension = pcd
Format = auto
Extension = pcd
Format = auto
Extension = pcd
Format = auto
Extension = pcd
Format = auto
Extension = pcd
Format = auto
Extension = pcd
Format = auto
Extension = pcd
Format = auto
Extension = pcd
Format = auto
Extension = pcd
Format = auto
Extension = pcd
Format = auto
Extension = pcd
Format = auto
Extension = pcd
Format = auto
Extension = pcd
Format = auto
Extension = pcd
Format = auto
Extension = pcd
Format = auto
Extension = pcd
Format = auto
Extension = pcd
Format = auto
Extension = pcd
Format = auto
Extension = pcd
Format = auto
Extension = pcd
Format = auto
Extension = pcd
Format = auto
Extension = pcd
Format = auto
Extension = pcd
Format = auto
Extension = pcd
Format = auto
Extension = pcd
Format = auto
Extension = pcd
Format = auto
Extension = pcd
Format = auto
Extension = pcd
Format = auto
Extension = pcd
Format = auto
Extension = pcd
Format = auto
Extension = pcd
Format = auto
Extension = pcd
Format = auto
Extension = pcd
Format = auto
Extension = pcd
Format = auto
Extension = pcd
Format = auto
Extension = pcd
Format = auto
Extension = pcd
Format = auto
Extension = pcd
Format = auto
Extension = pcd
Format = auto
Extension = pcd
Format = auto
Extension = pcd
Format = auto
Extension = pcd
Format = auto
Extension = pcd
Format = auto
Extension = pcd
Format = auto
Extension = pcd
Format = auto
Extension = pcd
Format = auto
Extension = pcd
Format = auto
Extension = pcd
Format = auto
Extension = pcd
Format = auto
Extension = pcd

frame=34/41 late_source=2/6 scenario=2026_07_15_01_26_56 timestamp=000126 receiver=12 cavs=[12, 4, 7] pred_boxes=20 gt_boxes=41 comm_bytes=144976
frame=34/41 late_source=3/6 scenario=2026_07_15_01_26_56 timestamp=000126 receiver=13 cavs=[13, 14, 10] pred_boxes=13 gt_boxes=29 comm_bytes=145104
frame=34/41 late_source=4/6 scenario=2026_07_15_01_26_56 timestamp=000126 receiver=15 cavs=[15, 6] pred_boxes=17 gt_boxes=23 comm_bytes=70336
frame=34/41 late_source=5/6 scenario=2026_07_15_01_26_56 timestamp=000126 receiver=17 cavs=[17, 16, 3] pred_boxes=12 gt_boxes=17 comm_bytes=145360
frame=34/41 late_source=6/6 scenario=2026_07_15_01_26_56 timestamp=000126 receiver=20 cavs=[20, 9] pred_boxes=17 gt_boxes=25 comm_bytes=75312
sgcp_late_fusion frame=34/41 scenario=2026_07_15_01_26_56 timestamp=000126 sources=6 fused_pred_boxes=66 fused_gt_boxes=68
frame=35/41 late_source=1/6 scenario=2026_07_15_01_26_56 timestamp=000128 receiver=1 cavs=[1, 2, 11] pred_boxes=21 gt_boxes=39 comm_bytes=146224
frame=35/41 late_source=2/6 scenario=2026_07_15_01_26_56 timestamp=000128 receiver=12 cavs=[12, 4, 7] pred_boxes=19 gt_boxes=39 comm_bytes=145168
frame=35/41 late_source=3/6 scenario=2026_07_15_01_26_56 timestamp=000128 receiver=13 cavs=[13, 14, 10] pred_boxes=13 gt_boxes=29 comm_bytes=145472
frame=35/41 late_source=4/6 scenario=2026_07_15_01_26_56 timestamp=000128 receiver=15 cavs=[15, 6] pred_boxes=19 gt_boxes=23 comm_bytes=70320
frame=35/41 late_source=5/6 scenario=2026_07_15_01_26_56 timestamp=000128 receiver=17 cavs=[17, 16, 3] pred_boxes=12 gt_boxes=17 comm_bytes=145984
frame=35/41 late_source=6/6 scenario=2026_07_15_01_26_56 timestamp=000128 receiver=20 cavs=[20, 9] pred_boxes=18 gt_boxes=25 comm_bytes=75312
sgcp_late_fusion frame=35/41 scenario=2026_07_15_01_26_56 timestamp=000128 sources=6 fused_pred_boxes=67 fused_gt_boxes=68
frame=36/41 late_source=1/6 scenario=2026_07_15_01_26_56 timestamp=000130 receiver=1 cavs=[1, 2, 11] pred_boxes=21 gt_boxes=39 comm_bytes=146144
frame=36/41 late_source=2/6 scenario=2026_07_15_01_26_56 timestamp=000130 receiver=12 cavs=[12, 4, 7] pred_boxes=18 gt_boxes=38 comm_bytes=145296
frame=36/41 late_source=3/6 scenario=2026_07_15_01_26_56 timestamp=000130 receiver=13 cavs=[13, 14, 10] pred_boxes=13 gt_boxes=29 comm_bytes=145696
frame=36/41 late_source=4/6 scenario=2026_07_15_01_26_56 timestamp=000130 receiver=15 cavs=[15, 6] pred_boxes=19 gt_boxes=22 comm_bytes=70288
frame=36/41 late_source=5/6 scenario=2026_07_15_01_26_56 timestamp=000130 receiver=17 cavs=[17, 16, 3] pred_boxes=10 gt_boxes=18 comm_bytes=144992
frame=36/41 late_source=6/6 scenario=2026_07_15_01_26_56 timestamp=000130 receiver=20 cavs=[20, 9] pred_boxes=20 gt_boxes=25 comm_bytes=75328
sgcp_late_fusion frame=36/41 scenario=2026_07_15_01_26_56 timestamp=000130 sources=6 fused_pred_boxes=66 fused_gt_boxes=67
frame=37/41 late_source=1/6 scenario=2026_07_15_01_26_56 timestamp=000132 receiver=4 cavs=[4, 12, 7] pred_boxes=19 gt_boxes=38 comm_bytes=145328
frame=37/41 late_source=2/6 scenario=2026_07_15_01_26_56 timestamp=000132 receiver=11 cavs=[11, 2, 1] pred_boxes=19 gt_boxes=39 comm_bytes=149072
frame=37/41 late_source=3/6 scenario=2026_07_15_01_26_56 timestamp=000132 receiver=13 cavs=[13, 14, 10] pred_boxes=12 gt_boxes=29 comm_bytes=145456
frame=37/41 late_source=4/6 scenario=2026_07_15_01_26_56 timestamp=000132 receiver=15 cavs=[15, 6] pred_boxes=17 gt_boxes=22 comm_bytes=70096
frame=37/41 late_source=5/6 scenario=2026_07_15_01_26_56 timestamp=000132 receiver=17 cavs=[17, 16, 3] pred_boxes=10 gt_boxes=18 comm_bytes=145616
frame=37/41 late_source=6/6 scenario=2026_07_15_01_26_56 timestamp=000132 receiver=20 cavs=[20, 5] pred_boxes=21 gt_boxes=27 comm_bytes=74528
sgcp_late_fusion frame=37/41 scenario=2026_07_15_01_26_56 timestamp=000132 sources=6 fused_pred_boxes=64 fused_gt_boxes=67
frame=38/41 late_source=1/6 scenario=2026_07_15_01_26_56 timestamp=000134 receiver=4 cavs=[4, 12, 7] pred_boxes=20 gt_boxes=38 comm_bytes=145536
frame=38/41 late_source=2/6 scenario=2026_07_15_01_26_56 timestamp=000134 receiver=11 cavs=[11, 2, 1] pred_boxes=19 gt_boxes=39 comm_bytes=149040
frame=38/41 late_source=3/6 scenario=2026_07_15_01_26_56 timestamp=000134 receiver=13 cavs=[13, 14, 10] pred_boxes=13 gt_boxes=28 comm_bytes=145792
frame=38/41 late_source=4/6 scenario=2026_07_15_01_26_56 timestamp=000134 receiver=15 cavs=[15, 6] pred_boxes=17 gt_boxes=25 comm_bytes=70224
frame=38/41 late_source=5/6 scenario=2026_07_15_01_26_56 timestamp=000134 receiver=17 cavs=[17, 16, 3] pred_boxes=12 gt_boxes=18 comm_bytes=145456
frame=38/41 late_source=6/6 scenario=2026_07_15_01_26_56 timestamp=000134 receiver=20 cavs=[20, 5] pred_boxes=20 gt_boxes=27 comm_bytes=74448
sgcp_late_fusion frame=38/41 scenario=2026_07_15_01_26_56 timestamp=000134 sources=6 fused_pred_boxes=66 fused_gt_boxes=67
frame=39/41 late_source=1/6 scenario=2026_07_15_01_26_56 timestamp=000136 receiver=2 cavs=[2, 6] pred_boxes=20 gt_boxes=33 comm_bytes=70096
frame=39/41 late_source=2/6 scenario=2026_07_15_01_26_56 timestamp=000136 receiver=11 cavs=[11, 1, 19] pred_boxes=21 gt_boxes=36 comm_bytes=150096
frame=39/41 late_source=3/6 scenario=2026_07_15_01_26_56 timestamp=000136 receiver=12 cavs=[12, 4, 7] pred_boxes=19 gt_boxes=39 comm_bytes=145616
frame=39/41 late_source=4/6 scenario=2026_07_15_01_26_56 timestamp=000136 receiver=13 cavs=[13, 14, 10] pred_boxes=12 gt_boxes=28 comm_bytes=145120
frame=39/41 late_source=5/6 scenario=2026_07_15_01_26_56 timestamp=000136 receiver=17 cavs=[17, 16, 3] pred_boxes=13 gt_boxes=18 comm_bytes=146592
frame=39/41 late_source=6/6 scenario=2026_07_15_01_26_56 timestamp=000136 receiver=20 cavs=[20, 5] pred_boxes=18 gt_boxes=27 comm_bytes=74496
sgcp_late_fusion frame=39/41 scenario=2026_07_15_01_26_56 timestamp=000136 sources=6 fused_pred_boxes=63 fused_gt_boxes=67
frame=40/41 late_source=1/6 scenario=2026_07_15_01_26_56 timestamp=000138 receiver=2 cavs=[2, 6] pred_boxes=20 gt_boxes=33 comm_bytes=69920
frame=40/41 late_source=2/6 scenario=2026_07_15_01_26_56 timestamp=000138 receiver=11 cavs=[11, 1, 19] pred_boxes=21 gt_boxes=37 comm_bytes=150016
frame=40/41 late_source=3/6 scenario=2026_07_15_01_26_56 timestamp=000138 receiver=12 cavs=[12, 4, 7] pred_boxes=19 gt_boxes=39 comm_bytes=145840
frame=40/41 late_source=4/6 scenario=2026_07_15_01_26_56 timestamp=000138 receiver=13 cavs=[13, 14, 10] pred_boxes=12 gt_boxes=28 comm_bytes=145264
frame=40/41 late_source=5/6 scenario=2026_07_15_01_26_56 timestamp=000138 receiver=17 cavs=[17, 16, 3] pred_boxes=11 gt_boxes=18 comm_bytes=146304
frame=40/41 late_source=6/6 scenario=2026_07_15_01_26_56 timestamp=000138 receiver=20 cavs=[20, 5] pred_boxes=16 gt_boxes=27 comm_bytes=74512
sgcp_late_fusion frame=40/41 scenario=2026_07_15_01_26_56 timestamp=000138 sources=6 fused_pred_boxes=61 fused_gt_boxes=67
frame=41/41 late_source=1/6 scenario=2026_07_15_01_26_56 timestamp=000140 receiver=4 cavs=[4, 12, 7] pred_boxes=20 gt_boxes=39 comm_bytes=145568
frame=41/41 late_source=2/6 scenario=2026_07_15_01_26_56 timestamp=000140 receiver=11 cavs=[11, 2, 1] pred_boxes=19 gt_boxes=39 comm_bytes=149024
frame=41/41 late_source=3/6 scenario=2026_07_15_01_26_56 timestamp=000140 receiver=13 cavs=[13, 14, 10] pred_boxes=12 gt_boxes=27 comm_bytes=145872
frame=41/41 late_source=4/6 scenario=2026_07_15_01_26_56 timestamp=000140 receiver=15 cavs=[15, 6] pred_boxes=16 gt_boxes=24 comm_bytes=70144
frame=41/41 late_source=5/6 scenario=2026_07_15_01_26_56 timestamp=000140 receiver=17 cavs=[17, 16, 3] pred_boxes=10 gt_boxes=18 comm_bytes=146336
frame=41/41 late_source=6/6 scenario=2026_07_15_01_26_56 timestamp=000140 receiver=20 cavs=[20, 5] pred_boxes=18 gt_boxes=26 comm_bytes=74464
sgcp_late_fusion frame=41/41 scenario=2026_07_15_01_26_56 timestamp=000140 sources=6 fused_pred_boxes=62 fused_gt_boxes=66
cp counter: 41
Evaluate final average precision results:
  - Fusion method: early
  - The Average Precision at IOU 0.3 is 0.87, The Average Precision at IOU 0.5 is 0.76, The Average Precision at IOU 0.7 is 0.38
sgcp_summary frames=246 avg_comm_bytes=121753.95 total_comm_bytes=29951472 avg_source_cavs=2.67 avg_selected_grids=36.67
conda.exe : C:\Users\sakakibara\miniconda3\envs\opencda\lib\site-packages\torch\nn\functional.py:1806: UserWarning: nn.
functional.sigmoid is deprecated. Use torch.sigmoid instead.
At C:\Users\sakakibara\miniconda3\shell\condabin\Conda.psm1:194 char:17
+ ...             & $Env:CONDA_EXE $Env:_CE_M $Env:_CE_CONDA $Command @Othe ...
+                 ~~~~~~~~~~~~~~~~~~~~~~~~~~~~~~~~~~~~~~~~~~~~~~~~~~~~~~~~~
    + CategoryInfo          : NotSpecified: (C:\Users\sakaki...igmoid instead.:String) [], RemoteException
    + FullyQualifiedErrorId : NativeCommandError
 
  warnings.warn("nn.functional.sigmoid is deprecated. Use torch.sigmoid instead.")
