Format = auto
Extension = pcd
Format = auto
Extension = pcd
Format = auto
Extension = pcd
Format = auto
Extension = pcd
Format = auto
Extension = pcd
Format = auto
Extension = pcd
Format = auto
Extension = pcd
Format = auto
Extension = pcd
Format = auto
Extension = pcd
Format = auto
Extension = pcd
Format = auto
Extension = pcd
Format = auto
Extension = pcd
Format = auto
Extension = pcd
Format = auto
Extension = pcd
Format = auto
Extension = pcd
Format = auto
Extension = pcd
Format = auto
Extension = pcd
Format = auto
Extension = pcd
Format = auto
Extension = pcd
Format = auto
Extension = pcd
Format = auto
Extension = pcd
Format = auto
Extension = pcd
Format = auto
Extension = pcd
Format = auto
Extension = pcd
Format = auto
Extension = pcd
Format = auto
Extension = pcd
Format = auto
Extension = pcd
Format = auto
Extension = pcd
Format = auto
Extension = pcd
Format = auto
Extension = pcd
Format = auto
Extension = pcd
Format = auto
Extension = pcd
Format = auto
Extension = pcd
Format = auto
Extension = pcd
Format = auto
Extension = pcd
Format = auto
Extension = pcd
Format = auto
Extension = pcd
Format = auto
Extension = pcd
Format = auto
Extension = pcd
Format = auto
Extension = pcd
Format = auto
Extension = pcd
Format = auto
Extension = pcd
Format = auto
Extension = pcd
Format = auto
Extension = pcd
Format = auto
Extension = pcd
Format = auto
Extension = pcd
Format = auto
Extension = pcd
Format = auto
Extension = pcd
Format = auto
Extension = pcd
Format = auto
Extension = pcd
Format = auto
Extension = pcd
Format = auto
Extension = pcd
Format = auto
Extension = pcd
Format = auto
Extension = pcd
Format = auto
Extension = pcd
Format = auto
Extension = pcd
Format = auto
Extension = pcd
Format = auto
Extension = pcd
Format = auto
Extension = pcd
Format = auto
Extension = pcd
Format = auto
Extension = pcd
Format = auto
Extension = pcd
Format = auto
Extension = pcd
Format = auto
Extension = pcd
Format = auto
Extension = pcd
conda.exe : C:\Users\sakakibara\miniconda3\envs\opencda\lib\site-packages\torch\nn\functional.py:1806: UserWarning: nn.
functional.sigmoid is deprecated. Use torch.sigmoid instead.
At C:\Users\sakakibara\miniconda3\shell\condabin\Conda.psm1:194 char:17
+ ...             & $Env:CONDA_EXE $Env:_CE_M $Env:_CE_CONDA $Command @Othe ...
+                 ~~~~~~~~~~~~~~~~~~~~~~~~~~~~~~~~~~~~~~~~~~~~~~~~~~~~~~~~~
    + CategoryInfo          : NotSpecified: (C:\Users\sakaki...igmoid instead.:String) [], RemoteException
    + FullyQualifiedErrorId : NativeCommandError
 
  warnings.warn("nn.functional.sigmoid is deprecated. Use torch.sigmoid instead.")
Format = auto
Extension = pcd
Format = auto
Extension = pcd
Format = auto
Extension = pcd
Format = auto
Extension = pcd
Format = auto
Extension = pcd
Format = auto
Extension = pcd
Format = auto
Extension = pcd
Format = auto
Extension = pcd
Format = auto
Extension = pcd
Format = auto
Extension = pcd
Format = auto
Extension = pcd
Format = auto
Extension = pcd
Format = auto
Extension = pcd
Format = auto
Extension = pcd
Format = auto
Extension = pcd
Format = auto
Extension = pcd
Format = auto
Extension = pcd
Format = auto
Extension = pcd
Format = auto
Extension = pcd
Format = auto
Extension = pcd
Format = auto
Extension = pcd
Format = auto
Extension = pcd
Format = auto
Extension = pcd
Format = auto
Extension = pcd
Format = auto
Extension = pcd
Format = auto
Extension = pcd
Format = auto
Extension = pcd
Format = auto
Extension = pcd
Format = auto
Extension = pcd
Format = auto
Extension = pcd
Format = auto
Extension = pcd
Format = auto
Extension = pcd
Format = auto
Extension = pcd
Format = auto
Extension = pcd
Format = auto
Extension = pcd
Format = auto
Extension = pcd
Format = auto
Extension = pcd
Format = auto
Extension = pcd
Format = auto
Extension = pcd
Format = auto
Extension = pcd
Format = auto
Extension = pcd
Format = auto
Extension = pcd
Format = auto
Extension = pcd
Format = auto
Extension = pcd
Format = auto
Extension = pcd
Format = auto
Extension = pcd
Format = auto
Extension = pcd
Format = auto
Extension = pcd
Format = auto
Extension = pcd
Format = auto
Extension = pcd
Format = auto
Extension = pcd
Format = auto
Extension = pcd
Format = auto
Extension = pcd
Format = auto
Extension = pcd
Format = auto
Extension = pcd
Format = auto
Extension = pcd
Format = auto
Extension = pcd
Format = auto
Extension = pcd
Format = auto
Extension = pcd
Format = auto
Extension = pcd
Format = auto
Extension = pcd
Format = auto
Extension = pcd
Format = auto
Extension = pcd
Format = auto
Extension = pcd
Format = auto
Extension = pcd
Format = auto
Extension = pcd
Format = auto
Extension = pcd
Format = auto
Extension = pcd
Format = auto
Extension = pcd
Format = auto
Extension = pcd
Format = auto
Extension = pcd
Format = auto
Extension = pcd
Format = auto
Extension = pcd
Format = auto
Extension = pcd
Format = auto
Extension = pcd
Format = auto
Extension = pcd
Format = auto
Extension = pcd
Format = auto
Extension = pcd
Format = auto
Extension = pcd
Format = auto
Extension = pcd
Format = auto
Extension = pcd
Format = auto
Extension = pcd
Format = auto
Extension = pcd
Format = auto
Extension = pcd
Format = auto
Extension = pcd
Format = auto
Extension = pcd
Format = auto
Extension = pcd
Format = auto
Extension = pcd
Format = auto
Extension = pcd
Format = auto
Extension = pcd
Format = auto
Extension = pcd
Format = auto
Extension = pcd
Format = auto
Extension = pcd
Format = auto
Extension = pcd
Format = auto
Extension = pcd
Format = auto
Extension = pcd
Format = auto
Extension = pcd
Format = auto
Extension = pcd
Format = auto
Extension = pcd
Format = auto
Extension = pcd
Format = auto
Extension = pcd
Format = auto
Extension = pcd
Format = auto
Extension = pcd
Format = auto
Extension = pcd
Format = auto
Extension = pcd
Format = auto
Extension = pcd
Format = auto
Extension = pcd
Format = auto
Extension = pcd
Format = auto
Extension = pcd
Format = auto
Extension = pcd
Format = auto
Extension = pcd
Format = auto
Extension = pcd
Format = auto
Extension = pcd
Format = auto
Extension = pcd
Format = auto
Extension = pcd
resuming by loading epoch 10000
frame=1/41 late_source=1/6 scenario=2026_07_15_01_26_56 timestamp=000060 receiver=4 cavs=[4, 12, 8] pred_boxes=14 gt_boxes=40 comm_bytes=97360
frame=1/41 late_source=2/6 scenario=2026_07_15_01_26_56 timestamp=000060 receiver=11 cavs=[11, 1, 10] pred_boxes=22 gt_boxes=48 comm_bytes=121440
frame=1/41 late_source=3/6 scenario=2026_07_15_01_26_56 timestamp=000060 receiver=13 cavs=[13, 19, 9] pred_boxes=4 gt_boxes=26 comm_bytes=80096
frame=1/41 late_source=4/6 scenario=2026_07_15_01_26_56 timestamp=000060 receiver=15 cavs=[15, 6] pred_boxes=12 gt_boxes=17 comm_bytes=71760
frame=1/41 late_source=5/6 scenario=2026_07_15_01_26_56 timestamp=000060 receiver=16 cavs=[16, 5, 7] pred_boxes=8 gt_boxes=30 comm_bytes=77104
frame=1/41 late_source=6/6 scenario=2026_07_15_01_26_56 timestamp=000060 receiver=17 cavs=[17, 18, 3] pred_boxes=1 gt_boxes=17 comm_bytes=122928
sgcp_late_fusion frame=1/41 scenario=2026_07_15_01_26_56 timestamp=000060 sources=6 fused_pred_boxes=54 fused_gt_boxes=70
frame=2/41 late_source=1/6 scenario=2026_07_15_01_26_56 timestamp=000062 receiver=1 cavs=[1, 11, 8] pred_boxes=17 gt_boxes=40 comm_bytes=135792
frame=2/41 late_source=2/6 scenario=2026_07_15_01_26_56 timestamp=000062 receiver=12 cavs=[12, 4] pred_boxes=10 gt_boxes=35 comm_bytes=53152
frame=2/41 late_source=3/6 scenario=2026_07_15_01_26_56 timestamp=000062 receiver=15 cavs=[15, 6] pred_boxes=12 gt_boxes=17 comm_bytes=71648
frame=2/41 late_source=4/6 scenario=2026_07_15_01_26_56 timestamp=000062 receiver=16 cavs=[16, 7, 20] pred_boxes=10 gt_boxes=30 comm_bytes=91632
frame=2/41 late_source=5/6 scenario=2026_07_15_01_26_56 timestamp=000062 receiver=17 cavs=[17, 14, 3] pred_boxes=1 gt_boxes=15 comm_bytes=96752
frame=2/41 late_source=6/6 scenario=2026_07_15_01_26_56 timestamp=000062 receiver=19 cavs=[19, 13, 10] pred_boxes=3 gt_boxes=35 comm_bytes=108848
sgcp_late_fusion frame=2/41 scenario=2026_07_15_01_26_56 timestamp=000062 sources=6 fused_pred_boxes=51 fused_gt_boxes=69
frame=3/41 late_source=1/6 scenario=2026_07_15_01_26_56 timestamp=000064 receiver=1 cavs=[1, 2, 11] pred_boxes=20 gt_boxes=40 comm_bytes=136336
frame=3/41 late_source=2/6 scenario=2026_07_15_01_26_56 timestamp=000064 receiver=12 cavs=[12, 4] pred_boxes=6 gt_boxes=35 comm_bytes=52496
frame=3/41 late_source=3/6 scenario=2026_07_15_01_26_56 timestamp=000064 receiver=15 cavs=[15, 6] pred_boxes=11 gt_boxes=17 comm_bytes=72192
frame=3/41 late_source=4/6 scenario=2026_07_15_01_26_56 timestamp=000064 receiver=16 cavs=[16, 5, 7] pred_boxes=9 gt_boxes=30 comm_bytes=135648
frame=3/41 late_source=5/6 scenario=2026_07_15_01_26_56 timestamp=000064 receiver=17 cavs=[17, 3, 14] pred_boxes=3 gt_boxes=15 comm_bytes=114224
frame=3/41 late_source=6/6 scenario=2026_07_15_01_26_56 timestamp=000064 receiver=19 cavs=[19, 10, 9] pred_boxes=5 gt_boxes=33 comm_bytes=106784
sgcp_late_fusion frame=3/41 scenario=2026_07_15_01_26_56 timestamp=000064 sources=6 fused_pred_boxes=49 fused_gt_boxes=70
frame=4/41 late_source=1/6 scenario=2026_07_15_01_26_56 timestamp=000066 receiver=1 cavs=[1, 11, 8] pred_boxes=16 gt_boxes=40 comm_bytes=79056
frame=4/41 late_source=2/6 scenario=2026_07_15_01_26_56 timestamp=000066 receiver=12 cavs=[12, 4, 7] pred_boxes=8 gt_boxes=42 comm_bytes=76064
frame=4/41 late_source=3/6 scenario=2026_07_15_01_26_56 timestamp=000066 receiver=15 cavs=[15, 6] pred_boxes=12 gt_boxes=17 comm_bytes=72112
frame=4/41 late_source=4/6 scenario=2026_07_15_01_26_56 timestamp=000066 receiver=16 cavs=[16, 20, 5] pred_boxes=8 gt_boxes=29 comm_bytes=67008
frame=4/41 late_source=5/6 scenario=2026_07_15_01_26_56 timestamp=000066 receiver=17 cavs=[17, 18, 3] pred_boxes=2 gt_boxes=16 comm_bytes=111088
frame=4/41 late_source=6/6 scenario=2026_07_15_01_26_56 timestamp=000066 receiver=19 cavs=[19, 10, 13] pred_boxes=7 gt_boxes=35 comm_bytes=133728
sgcp_late_fusion frame=4/41 scenario=2026_07_15_01_26_56 timestamp=000066 sources=6 fused_pred_boxes=46 fused_gt_boxes=71
frame=5/41 late_source=1/6 scenario=2026_07_15_01_26_56 timestamp=000068 receiver=1 cavs=[1, 11, 2] pred_boxes=19 gt_boxes=42 comm_bytes=111344
frame=5/41 late_source=2/6 scenario=2026_07_15_01_26_56 timestamp=000068 receiver=4 cavs=[4, 9, 12] pred_boxes=11 gt_boxes=43 comm_bytes=97152
frame=5/41 late_source=3/6 scenario=2026_07_15_01_26_56 timestamp=000068 receiver=13 cavs=[13, 10, 14] pred_boxes=5 gt_boxes=31 comm_bytes=116800
frame=5/41 late_source=4/6 scenario=2026_07_15_01_26_56 timestamp=000068 receiver=15 cavs=[15, 6] pred_boxes=12 gt_boxes=16 comm_bytes=72224
frame=5/41 late_source=5/6 scenario=2026_07_15_01_26_56 timestamp=000068 receiver=16 cavs=[16, 5, 7] pred_boxes=12 gt_boxes=29 comm_bytes=89456
frame=5/41 late_source=6/6 scenario=2026_07_15_01_26_56 timestamp=000068 receiver=17 cavs=[17, 3, 18] pred_boxes=3 gt_boxes=16 comm_bytes=95456
sgcp_late_fusion frame=5/41 scenario=2026_07_15_01_26_56 timestamp=000068 sources=6 fused_pred_boxes=51 fused_gt_boxes=71
frame=6/41 late_source=1/6 scenario=2026_07_15_01_26_56 timestamp=000070 receiver=1 cavs=[1, 4, 12] pred_boxes=16 gt_boxes=37 comm_bytes=114992
frame=6/41 late_source=2/6 scenario=2026_07_15_01_26_56 timestamp=000070 receiver=11 cavs=[11, 2, 8] pred_boxes=19 gt_boxes=45 comm_bytes=113632
frame=6/41 late_source=3/6 scenario=2026_07_15_01_26_56 timestamp=000070 receiver=13 cavs=[13, 10, 19] pred_boxes=5 gt_boxes=33 comm_bytes=88416
frame=6/41 late_source=4/6 scenario=2026_07_15_01_26_56 timestamp=000070 receiver=15 cavs=[15, 6] pred_boxes=12 gt_boxes=16 comm_bytes=72160
frame=6/41 late_source=5/6 scenario=2026_07_15_01_26_56 timestamp=000070 receiver=16 cavs=[16, 5, 20] pred_boxes=11 gt_boxes=28 comm_bytes=60768
frame=6/41 late_source=6/6 scenario=2026_07_15_01_26_56 timestamp=000070 receiver=17 cavs=[17, 18, 3] pred_boxes=2 gt_boxes=16 comm_bytes=107056
sgcp_late_fusion frame=6/41 scenario=2026_07_15_01_26_56 timestamp=000070 sources=6 fused_pred_boxes=53 fused_gt_boxes=69
frame=7/41 late_source=1/6 scenario=2026_07_15_01_26_56 timestamp=000072 receiver=1 cavs=[1, 11, 2] pred_boxes=18 gt_boxes=41 comm_bytes=91456
frame=7/41 late_source=2/6 scenario=2026_07_15_01_26_56 timestamp=000072 receiver=4 cavs=[4, 12, 9] pred_boxes=10 gt_boxes=42 comm_bytes=109984
frame=7/41 late_source=3/6 scenario=2026_07_15_01_26_56 timestamp=000072 receiver=13 cavs=[13, 19, 10] pred_boxes=3 gt_boxes=32 comm_bytes=85536
frame=7/41 late_source=4/6 scenario=2026_07_15_01_26_56 timestamp=000072 receiver=15 cavs=[15, 6] pred_boxes=11 gt_boxes=18 comm_bytes=71920
frame=7/41 late_source=5/6 scenario=2026_07_15_01_26_56 timestamp=000072 receiver=16 cavs=[16, 5, 20] pred_boxes=10 gt_boxes=28 comm_bytes=121536
frame=7/41 late_source=6/6 scenario=2026_07_15_01_26_56 timestamp=000072 receiver=17 cavs=[17, 18, 3] pred_boxes=1 gt_boxes=16 comm_bytes=110400
sgcp_late_fusion frame=7/41 scenario=2026_07_15_01_26_56 timestamp=000072 sources=6 fused_pred_boxes=48 fused_gt_boxes=69
frame=8/41 late_source=1/6 scenario=2026_07_15_01_26_56 timestamp=000074 receiver=1 cavs=[1, 8, 11] pred_boxes=17 gt_boxes=40 comm_bytes=135104
frame=8/41 late_source=2/6 scenario=2026_07_15_01_26_56 timestamp=000074 receiver=12 cavs=[12, 7, 4] pred_boxes=11 gt_boxes=43 comm_bytes=98496
frame=8/41 late_source=3/6 scenario=2026_07_15_01_26_56 timestamp=000074 receiver=13 cavs=[13, 10, 19] pred_boxes=5 gt_boxes=32 comm_bytes=78912
frame=8/41 late_source=4/6 scenario=2026_07_15_01_26_56 timestamp=000074 receiver=15 cavs=[15, 6] pred_boxes=12 gt_boxes=18 comm_bytes=71856
frame=8/41 late_source=5/6 scenario=2026_07_15_01_26_56 timestamp=000074 receiver=17 cavs=[17, 3, 18] pred_boxes=2 gt_boxes=16 comm_bytes=111520
frame=8/41 late_source=6/6 scenario=2026_07_15_01_26_56 timestamp=000074 receiver=20 cavs=[20, 9, 5] pred_boxes=12 gt_boxes=31 comm_bytes=86112
sgcp_late_fusion frame=8/41 scenario=2026_07_15_01_26_56 timestamp=000074 sources=6 fused_pred_boxes=49 fused_gt_boxes=68
frame=9/41 late_source=1/6 scenario=2026_07_15_01_26_56 timestamp=000076 receiver=1 cavs=[1, 8, 2] pred_boxes=14 gt_boxes=43 comm_bytes=136768
frame=9/41 late_source=2/6 scenario=2026_07_15_01_26_56 timestamp=000076 receiver=4 cavs=[4, 12, 9] pred_boxes=12 gt_boxes=42 comm_bytes=114592Format = auto
Extension = pcd
Format = auto
Extension = pcd
Format = auto
Extension = pcd
Format = auto
Extension = pcd
Format = auto
Extension = pcd
Format = auto
Extension = pcd
Format = auto
Extension = pcd
Format = auto
Extension = pcd
Format = auto
Extension = pcd
Format = auto
Extension = pcd
Format = auto
Extension = pcd
Format = auto
Extension = pcd
Format = auto
Extension = pcd
Format = auto
Extension = pcd
Format = auto
Extension = pcd
Format = auto
Extension = pcd
Format = auto
Extension = pcd
Format = auto
Extension = pcd
Format = auto
Extension = pcd
Format = auto
Extension = pcd
Format = auto
Extension = pcd
Format = auto
Extension = pcd
Format = auto
Extension = pcd
Format = auto
Extension = pcd
Format = auto
Extension = pcd
Format = auto
Extension = pcd
Format = auto
Extension = pcd
Format = auto
Extension = pcd
Format = auto
Extension = pcd
Format = auto
Extension = pcd
Format = auto
Extension = pcd
Format = auto
Extension = pcd
Format = auto
Extension = pcd
Format = auto
Extension = pcd
Format = auto
Extension = pcd
Format = auto
Extension = pcd
Format = auto
Extension = pcd
Format = auto
Extension = pcd
Format = auto
Extension = pcd
Format = auto
Extension = pcd
Format = auto
Extension = pcd
Format = auto
Extension = pcd
Format = auto
Extension = pcd
Format = auto
Extension = pcd
Format = auto
Extension = pcd
Format = auto
Extension = pcd
Format = auto
Extension = pcd
Format = auto
Extension = pcd
Format = auto
Extension = pcd
Format = auto
Extension = pcd
Format = auto
Extension = pcd
Format = auto
Extension = pcd
Format = auto
Extension = pcd
Format = auto
Extension = pcd
Format = auto
Extension = pcd
Format = auto
Extension = pcd
Format = auto
Extension = pcd
Format = auto
Extension = pcd
Format = auto
Extension = pcd
Format = auto
Extension = pcd
Format = auto
Extension = pcd
Format = auto
Extension = pcd
Format = auto
Extension = pcd
Format = auto
Extension = pcd
Format = auto
Extension = pcd
Format = auto
Extension = pcd
Format = auto
Extension = pcd
Format = auto
Extension = pcd
Format = auto
Extension = pcd
Format = auto
Extension = pcd
Format = auto
Extension = pcd
Format = auto
Extension = pcd
Format = auto
Extension = pcd
Format = auto
Extension = pcd
Format = auto
Extension = pcd
Format = auto
Extension = pcd
Format = auto
Extension = pcd
Format = auto
Extension = pcd
Format = auto
Extension = pcd
Format = auto
Extension = pcd
Format = auto
Extension = pcd
Format = auto
Extension = pcd
Format = auto
Extension = pcd
Format = auto
Extension = pcd
Format = auto
Extension = pcd
Format = auto
Extension = pcd
Format = auto
Extension = pcd
Format = auto
Extension = pcd
Format = auto
Extension = pcd
Format = auto
Extension = pcd
Format = auto
Extension = pcd
Format = auto
Extension = pcd
Format = auto
Extension = pcd
Format = auto
Extension = pcd
Format = auto
Extension = pcd
Format = auto
Extension = pcd
Format = auto
Extension = pcd
Format = auto
Extension = pcd
Format = auto
Extension = pcd
Format = auto
Extension = pcd
Format = auto
Extension = pcd
Format = auto
Extension = pcd
Format = auto
Extension = pcd
Format = auto
Extension = pcd
Format = auto
Extension = pcd
Format = auto
Extension = pcd
Format = auto
Extension = pcd
Format = auto
Extension = pcd
Format = auto
Extension = pcd
Format = auto
Extension = pcd
Format = auto
Extension = pcd
Format = auto
Extension = pcd
Format = auto
Extension = pcd
Format = auto
Extension = pcd
Format = auto
Extension = pcd
Format = auto
Extension = pcd
Format = auto
Extension = pcd
Format = auto
Extension = pcd
Format = auto
Extension = pcd
Format = auto
Extension = pcd
Format = auto
Extension = pcd
Format = auto
Extension = pcd
Format = auto
Extension = pcd
Format = auto
Extension = pcd
Format = auto
Extension = pcd
Format = auto
Extension = pcd
Format = auto
Extension = pcd
Format = auto
Extension = pcd
Format = auto
Extension = pcd
Format = auto
Extension = pcd
Format = auto
Extension = pcd
Format = auto
Extension = pcd
Format = auto
Extension = pcd
Format = auto
Extension = pcd
Format = auto
Extension = pcd
Format = auto
Extension = pcd
Format = auto
Extension = pcd
Format = auto
Extension = pcd
Format = auto
Extension = pcd
Format = auto
Extension = pcd
Format = auto
Extension = pcd
Format = auto
Extension = pcd
Format = auto
Extension = pcd
Format = auto
Extension = pcd
Format = auto
Extension = pcd
Format = auto
Extension = pcd
Format = auto
Extension = pcd
Format = auto
Extension = pcd
Format = auto
Extension = pcd
Format = auto
Extension = pcd
Format = auto
Extension = pcd
Format = auto
Extension = pcd
Format = auto
Extension = pcd
Format = auto
Extension = pcd
Format = auto
Extension = pcd
Format = auto
Extension = pcd
Format = auto
Extension = pcd
Format = auto
Extension = pcd
Format = auto
Extension = pcd
Format = auto
Extension = pcd

frame=9/41 late_source=3/6 scenario=2026_07_15_01_26_56 timestamp=000076 receiver=13 cavs=[13, 19, 10] pred_boxes=6 gt_boxes=31 comm_bytes=88544
frame=9/41 late_source=4/6 scenario=2026_07_15_01_26_56 timestamp=000076 receiver=15 cavs=[15, 6] pred_boxes=11 gt_boxes=18 comm_bytes=72208
frame=9/41 late_source=5/6 scenario=2026_07_15_01_26_56 timestamp=000076 receiver=16 cavs=[16, 7, 20] pred_boxes=15 gt_boxes=28 comm_bytes=109040
frame=9/41 late_source=6/6 scenario=2026_07_15_01_26_56 timestamp=000076 receiver=17 cavs=[17, 18, 3] pred_boxes=4 gt_boxes=17 comm_bytes=111600
sgcp_late_fusion frame=9/41 scenario=2026_07_15_01_26_56 timestamp=000076 sources=6 fused_pred_boxes=51 fused_gt_boxes=69
frame=10/41 late_source=1/6 scenario=2026_07_15_01_26_56 timestamp=000078 receiver=1 cavs=[1, 8, 2] pred_boxes=17 gt_boxes=42 comm_bytes=135552
frame=10/41 late_source=2/6 scenario=2026_07_15_01_26_56 timestamp=000078 receiver=4 cavs=[4, 12, 9] pred_boxes=10 gt_boxes=44 comm_bytes=78368
frame=10/41 late_source=3/6 scenario=2026_07_15_01_26_56 timestamp=000078 receiver=13 cavs=[13, 10, 19] pred_boxes=7 gt_boxes=31 comm_bytes=91728
frame=10/41 late_source=4/6 scenario=2026_07_15_01_26_56 timestamp=000078 receiver=15 cavs=[15, 6] pred_boxes=13 gt_boxes=19 comm_bytes=72208
frame=10/41 late_source=5/6 scenario=2026_07_15_01_26_56 timestamp=000078 receiver=16 cavs=[16, 7, 20] pred_boxes=10 gt_boxes=27 comm_bytes=97952
frame=10/41 late_source=6/6 scenario=2026_07_15_01_26_56 timestamp=000078 receiver=17 cavs=[17, 18, 3] pred_boxes=4 gt_boxes=17 comm_bytes=102064
sgcp_late_fusion frame=10/41 scenario=2026_07_15_01_26_56 timestamp=000078 sources=6 fused_pred_boxes=52 fused_gt_boxes=69
frame=11/41 late_source=1/6 scenario=2026_07_15_01_26_56 timestamp=000080 receiver=1 cavs=[1, 8, 2] pred_boxes=20 gt_boxes=42 comm_bytes=130592
frame=11/41 late_source=2/6 scenario=2026_07_15_01_26_56 timestamp=000080 receiver=4 cavs=[4, 9, 12] pred_boxes=9 gt_boxes=46 comm_bytes=102272
frame=11/41 late_source=3/6 scenario=2026_07_15_01_26_56 timestamp=000080 receiver=13 cavs=[13, 10, 14] pred_boxes=6 gt_boxes=31 comm_bytes=115568
frame=11/41 late_source=4/6 scenario=2026_07_15_01_26_56 timestamp=000080 receiver=15 cavs=[15, 6] pred_boxes=11 gt_boxes=18 comm_bytes=72192
frame=11/41 late_source=5/6 scenario=2026_07_15_01_26_56 timestamp=000080 receiver=16 cavs=[16, 20, 7] pred_boxes=10 gt_boxes=28 comm_bytes=103152
frame=11/41 late_source=6/6 scenario=2026_07_15_01_26_56 timestamp=000080 receiver=17 cavs=[17, 18, 3] pred_boxes=4 gt_boxes=18 comm_bytes=101296
sgcp_late_fusion frame=11/41 scenario=2026_07_15_01_26_56 timestamp=000080 sources=6 fused_pred_boxes=54 fused_gt_boxes=70
frame=12/41 late_source=1/6 scenario=2026_07_15_01_26_56 timestamp=000082 receiver=1 cavs=[1, 2, 11] pred_boxes=14 gt_boxes=41 comm_bytes=122704
frame=12/41 late_source=2/6 scenario=2026_07_15_01_26_56 timestamp=000082 receiver=12 cavs=[12, 7, 4] pred_boxes=15 gt_boxes=42 comm_bytes=125408
frame=12/41 late_source=3/6 scenario=2026_07_15_01_26_56 timestamp=000082 receiver=13 cavs=[13, 14, 19] pred_boxes=0 gt_boxes=20 comm_bytes=58848
frame=12/41 late_source=4/6 scenario=2026_07_15_01_26_56 timestamp=000082 receiver=15 cavs=[15, 6] pred_boxes=13 gt_boxes=18 comm_bytes=72432
frame=12/41 late_source=5/6 scenario=2026_07_15_01_26_56 timestamp=000082 receiver=17 cavs=[17, 16, 3] pred_boxes=7 gt_boxes=26 comm_bytes=106848
frame=12/41 late_source=6/6 scenario=2026_07_15_01_26_56 timestamp=000082 receiver=20 cavs=[20, 9, 5] pred_boxes=14 gt_boxes=30 comm_bytes=83712
sgcp_late_fusion frame=12/41 scenario=2026_07_15_01_26_56 timestamp=000082 sources=6 fused_pred_boxes=54 fused_gt_boxes=70
frame=13/41 late_source=1/6 scenario=2026_07_15_01_26_56 timestamp=000084 receiver=1 cavs=[1, 8, 2] pred_boxes=17 gt_boxes=42 comm_bytes=134768
frame=13/41 late_source=2/6 scenario=2026_07_15_01_26_56 timestamp=000084 receiver=12 cavs=[12, 4, 7] pred_boxes=12 gt_boxes=41 comm_bytes=99936
frame=13/41 late_source=3/6 scenario=2026_07_15_01_26_56 timestamp=000084 receiver=13 cavs=[13, 19, 10] pred_boxes=5 gt_boxes=33 comm_bytes=73696
frame=13/41 late_source=4/6 scenario=2026_07_15_01_26_56 timestamp=000084 receiver=15 cavs=[15, 6] pred_boxes=11 gt_boxes=18 comm_bytes=72496
frame=13/41 late_source=5/6 scenario=2026_07_15_01_26_56 timestamp=000084 receiver=17 cavs=[17, 3, 16] pred_boxes=8 gt_boxes=26 comm_bytes=124448
frame=13/41 late_source=6/6 scenario=2026_07_15_01_26_56 timestamp=000084 receiver=20 cavs=[20, 5, 9] pred_boxes=13 gt_boxes=30 comm_bytes=93360
sgcp_late_fusion frame=13/41 scenario=2026_07_15_01_26_56 timestamp=000084 sources=6 fused_pred_boxes=54 fused_gt_boxes=69
frame=14/41 late_source=1/6 scenario=2026_07_15_01_26_56 timestamp=000086 receiver=1 cavs=[1, 2, 11] pred_boxes=20 gt_boxes=42 comm_bytes=128624
frame=14/41 late_source=2/6 scenario=2026_07_15_01_26_56 timestamp=000086 receiver=12 cavs=[12, 7, 4] pred_boxes=15 gt_boxes=43 comm_bytes=107232
frame=14/41 late_source=3/6 scenario=2026_07_15_01_26_56 timestamp=000086 receiver=13 cavs=[13, 14, 10] pred_boxes=10 gt_boxes=31 comm_bytes=112864
frame=14/41 late_source=4/6 scenario=2026_07_15_01_26_56 timestamp=000086 receiver=15 cavs=[15, 6] pred_boxes=13 gt_boxes=19 comm_bytes=72464
frame=14/41 late_source=5/6 scenario=2026_07_15_01_26_56 timestamp=000086 receiver=17 cavs=[17, 16, 3] pred_boxes=7 gt_boxes=25 comm_bytes=134576
frame=14/41 late_source=6/6 scenario=2026_07_15_01_26_56 timestamp=000086 receiver=20 cavs=[20, 5, 9] pred_boxes=13 gt_boxes=30 comm_bytes=97072
sgcp_late_fusion frame=14/41 scenario=2026_07_15_01_26_56 timestamp=000086 sources=6 fused_pred_boxes=59 fused_gt_boxes=70
frame=15/41 late_source=1/6 scenario=2026_07_15_01_26_56 timestamp=000088 receiver=1 cavs=[1, 2, 8] pred_boxes=17 gt_boxes=42 comm_bytes=132464
frame=15/41 late_source=2/6 scenario=2026_07_15_01_26_56 timestamp=000088 receiver=12 cavs=[12, 4, 7] pred_boxes=13 gt_boxes=43 comm_bytes=110208
frame=15/41 late_source=3/6 scenario=2026_07_15_01_26_56 timestamp=000088 receiver=13 cavs=[13, 10, 19] pred_boxes=9 gt_boxes=31 comm_bytes=94320
frame=15/41 late_source=4/6 scenario=2026_07_15_01_26_56 timestamp=000088 receiver=15 cavs=[15, 6] pred_boxes=12 gt_boxes=19 comm_bytes=71888
frame=15/41 late_source=5/6 scenario=2026_07_15_01_26_56 timestamp=000088 receiver=17 cavs=[17, 3, 16] pred_boxes=9 gt_boxes=25 comm_bytes=129936
frame=15/41 late_source=6/6 scenario=2026_07_15_01_26_56 timestamp=000088 receiver=20 cavs=[20, 5, 9] pred_boxes=13 gt_boxes=31 comm_bytes=91520
sgcp_late_fusion frame=15/41 scenario=2026_07_15_01_26_56 timestamp=000088 sources=6 fused_pred_boxes=60 fused_gt_boxes=70
frame=16/41 late_source=1/6 scenario=2026_07_15_01_26_56 timestamp=000090 receiver=1 cavs=[1, 11, 8] pred_boxes=17 gt_boxes=40 comm_bytes=136336
frame=16/41 late_source=2/6 scenario=2026_07_15_01_26_56 timestamp=000090 receiver=12 cavs=[12, 7, 4] pred_boxes=13 gt_boxes=42 comm_bytes=120880
frame=16/41 late_source=3/6 scenario=2026_07_15_01_26_56 timestamp=000090 receiver=13 cavs=[13, 10, 19] pred_boxes=6 gt_boxes=32 comm_bytes=86112
frame=16/41 late_source=4/6 scenario=2026_07_15_01_26_56 timestamp=000090 receiver=15 cavs=[15, 6] pred_boxes=13 gt_boxes=19 comm_bytes=71536
frame=16/41 late_source=5/6 scenario=2026_07_15_01_26_56 timestamp=000090 receiver=17 cavs=[17, 3, 18] pred_boxes=5 gt_boxes=16 comm_bytes=43776
frame=16/41 late_source=6/6 scenario=2026_07_15_01_26_56 timestamp=000090 receiver=20 cavs=[20, 9, 5] pred_boxes=13 gt_boxes=31 comm_bytes=91904
sgcp_late_fusion frame=16/41 scenario=2026_07_15_01_26_56 timestamp=000090 sources=6 fused_pred_boxes=54 fused_gt_boxes=71
frame=17/41 late_source=1/6 scenario=2026_07_15_01_26_56 timestamp=000092 receiver=1 cavs=[1, 2, 8] pred_boxes=19 gt_boxes=40 comm_bytes=135264
frame=17/41 late_source=2/6 scenario=2026_07_15_01_26_56 timestamp=000092 receiver=12 cavs=[12, 4, 7] pred_boxes=11 gt_boxes=42 comm_bytes=114992
frame=17/41 late_source=3/6 scenario=2026_07_15_01_26_56 timestamp=000092 receiver=13 cavs=[13, 14, 19] pred_boxes=0 gt_boxes=19 comm_bytes=84800
frame=17/41 late_source=4/6 scenario=2026_07_15_01_26_56 timestamp=000092 receiver=15 cavs=[15, 6] pred_boxes=14 gt_boxes=19 comm_bytes=74384Format = auto
Extension = pcd
Format = auto
Extension = pcd
Format = auto
Extension = pcd
Format = auto
Extension = pcd
Format = auto
Extension = pcd
Format = auto
Extension = pcd
Format = auto
Extension = pcd
Format = auto
Extension = pcd
Format = auto
Extension = pcd
Format = auto
Extension = pcd
Format = auto
Extension = pcd
Format = auto
Extension = pcd
Format = auto
Extension = pcd
Format = auto
Extension = pcd
Format = auto
Extension = pcd
Format = auto
Extension = pcd
Format = auto
Extension = pcd
Format = auto
Extension = pcd
Format = auto
Extension = pcd
Format = auto
Extension = pcd
Format = auto
Extension = pcd
Format = auto
Extension = pcd
Format = auto
Extension = pcd
Format = auto
Extension = pcd
Format = auto
Extension = pcd
Format = auto
Extension = pcd
Format = auto
Extension = pcd
Format = auto
Extension = pcd
Format = auto
Extension = pcd
Format = auto
Extension = pcd
Format = auto
Extension = pcd
Format = auto
Extension = pcd
Format = auto
Extension = pcd
Format = auto
Extension = pcd
Format = auto
Extension = pcd
Format = auto
Extension = pcd
Format = auto
Extension = pcd
Format = auto
Extension = pcd
Format = auto
Extension = pcd
Format = auto
Extension = pcd
Format = auto
Extension = pcd
Format = auto
Extension = pcd
Format = auto
Extension = pcd
Format = auto
Extension = pcd
Format = auto
Extension = pcd
Format = auto
Extension = pcd
Format = auto
Extension = pcd
Format = auto
Extension = pcd
Format = auto
Extension = pcd
Format = auto
Extension = pcd
Format = auto
Extension = pcd
Format = auto
Extension = pcd
Format = auto
Extension = pcd
Format = auto
Extension = pcd
Format = auto
Extension = pcd
Format = auto
Extension = pcd
Format = auto
Extension = pcd
Format = auto
Extension = pcd
Format = auto
Extension = pcd
Format = auto
Extension = pcd
Format = auto
Extension = pcd
Format = auto
Extension = pcd
Format = auto
Extension = pcd
Format = auto
Extension = pcd
Format = auto
Extension = pcd
Format = auto
Extension = pcd
Format = auto
Extension = pcd
Format = auto
Extension = pcd
Format = auto
Extension = pcd
Format = auto
Extension = pcd
Format = auto
Extension = pcd
Format = auto
Extension = pcd
Format = auto
Extension = pcd
Format = auto
Extension = pcd
Format = auto
Extension = pcd
Format = auto
Extension = pcd
Format = auto
Extension = pcd
Format = auto
Extension = pcd
Format = auto
Extension = pcd
Format = auto
Extension = pcd
Format = auto
Extension = pcd
Format = auto
Extension = pcd
Format = auto
Extension = pcd
Format = auto
Extension = pcd
Format = auto
Extension = pcd
Format = auto
Extension = pcd
Format = auto
Extension = pcd
Format = auto
Extension = pcd
Format = auto
Extension = pcd
Format = auto
Extension = pcd
Format = auto
Extension = pcd
Format = auto
Extension = pcd
Format = auto
Extension = pcd
Format = auto
Extension = pcd
Format = auto
Extension = pcd
Format = auto
Extension = pcd
Format = auto
Extension = pcd
Format = auto
Extension = pcd
Format = auto
Extension = pcd
Format = auto
Extension = pcd
Format = auto
Extension = pcd
Format = auto
Extension = pcd
Format = auto
Extension = pcd
Format = auto
Extension = pcd
Format = auto
Extension = pcd
Format = auto
Extension = pcd
Format = auto
Extension = pcd
Format = auto
Extension = pcd
Format = auto
Extension = pcd
Format = auto
Extension = pcd
Format = auto
Extension = pcd
Format = auto
Extension = pcd
Format = auto
Extension = pcd
Format = auto
Extension = pcd
Format = auto
Extension = pcd
Format = auto
Extension = pcd
Format = auto
Extension = pcd
Format = auto
Extension = pcd
Format = auto
Extension = pcd
Format = auto
Extension = pcd
Format = auto
Extension = pcd
Format = auto
Extension = pcd
Format = auto
Extension = pcd
Format = auto
Extension = pcd
Format = auto
Extension = pcd
Format = auto
Extension = pcd
Format = auto
Extension = pcd
Format = auto
Extension = pcd
Format = auto
Extension = pcd
Format = auto
Extension = pcd
Format = auto
Extension = pcd
Format = auto
Extension = pcd
Format = auto
Extension = pcd
Format = auto
Extension = pcd
Format = auto
Extension = pcd
Format = auto
Extension = pcd
Format = auto
Extension = pcd
Format = auto
Extension = pcd
Format = auto
Extension = pcd
Format = auto
Extension = pcd
Format = auto
Extension = pcd
Format = auto
Extension = pcd
Format = auto
Extension = pcd
Format = auto
Extension = pcd
Format = auto
Extension = pcd
Format = auto
Extension = pcd
Format = auto
Extension = pcd
Format = auto
Extension = pcd
Format = auto
Extension = pcd
Format = auto
Extension = pcd
Format = auto
Extension = pcd
Format = auto
Extension = pcd
Format = auto
Extension = pcd
Format = auto
Extension = pcd
Format = auto
Extension = pcd
Format = auto
Extension = pcd
Format = auto
Extension = pcd
Format = auto
Extension = pcd
Format = auto
Extension = pcd
Format = auto
Extension = pcd

frame=17/41 late_source=5/6 scenario=2026_07_15_01_26_56 timestamp=000092 receiver=17 cavs=[17, 18, 16] pred_boxes=7 gt_boxes=22 comm_bytes=130624
frame=17/41 late_source=6/6 scenario=2026_07_15_01_26_56 timestamp=000092 receiver=20 cavs=[20, 9, 5] pred_boxes=10 gt_boxes=31 comm_bytes=98048
sgcp_late_fusion frame=17/41 scenario=2026_07_15_01_26_56 timestamp=000092 sources=6 fused_pred_boxes=51 fused_gt_boxes=71
frame=18/41 late_source=1/6 scenario=2026_07_15_01_26_56 timestamp=000094 receiver=1 cavs=[1, 2, 11] pred_boxes=16 gt_boxes=39 comm_bytes=115072
frame=18/41 late_source=2/6 scenario=2026_07_15_01_26_56 timestamp=000094 receiver=12 cavs=[12, 4, 7] pred_boxes=15 gt_boxes=43 comm_bytes=122336
frame=18/41 late_source=3/6 scenario=2026_07_15_01_26_56 timestamp=000094 receiver=13 cavs=[13, 19, 10] pred_boxes=7 gt_boxes=32 comm_bytes=70144
frame=18/41 late_source=4/6 scenario=2026_07_15_01_26_56 timestamp=000094 receiver=15 cavs=[15, 6] pred_boxes=14 gt_boxes=20 comm_bytes=74432
frame=18/41 late_source=5/6 scenario=2026_07_15_01_26_56 timestamp=000094 receiver=17 cavs=[17, 3, 16] pred_boxes=5 gt_boxes=24 comm_bytes=86848
frame=18/41 late_source=6/6 scenario=2026_07_15_01_26_56 timestamp=000094 receiver=20 cavs=[20, 9, 5] pred_boxes=11 gt_boxes=31 comm_bytes=97296
sgcp_late_fusion frame=18/41 scenario=2026_07_15_01_26_56 timestamp=000094 sources=6 fused_pred_boxes=57 fused_gt_boxes=70
frame=19/41 late_source=1/6 scenario=2026_07_15_01_26_56 timestamp=000096 receiver=1 cavs=[1, 11, 2] pred_boxes=18 gt_boxes=39 comm_bytes=119824
frame=19/41 late_source=2/6 scenario=2026_07_15_01_26_56 timestamp=000096 receiver=12 cavs=[12, 4, 7] pred_boxes=9 gt_boxes=39 comm_bytes=85040
frame=19/41 late_source=3/6 scenario=2026_07_15_01_26_56 timestamp=000096 receiver=13 cavs=[13, 10, 14] pred_boxes=9 gt_boxes=30 comm_bytes=124416
frame=19/41 late_source=4/6 scenario=2026_07_15_01_26_56 timestamp=000096 receiver=15 cavs=[15, 6] pred_boxes=15 gt_boxes=19 comm_bytes=74240
frame=19/41 late_source=5/6 scenario=2026_07_15_01_26_56 timestamp=000096 receiver=17 cavs=[17, 3, 16] pred_boxes=8 gt_boxes=24 comm_bytes=130912
frame=19/41 late_source=6/6 scenario=2026_07_15_01_26_56 timestamp=000096 receiver=20 cavs=[20, 9, 5] pred_boxes=13 gt_boxes=31 comm_bytes=98384
sgcp_late_fusion frame=19/41 scenario=2026_07_15_01_26_56 timestamp=000096 sources=6 fused_pred_boxes=58 fused_gt_boxes=71
frame=20/41 late_source=1/6 scenario=2026_07_15_01_26_56 timestamp=000098 receiver=1 cavs=[1, 2, 11] pred_boxes=16 gt_boxes=38 comm_bytes=122192
frame=20/41 late_source=2/6 scenario=2026_07_15_01_26_56 timestamp=000098 receiver=12 cavs=[12, 7, 4] pred_boxes=14 gt_boxes=38 comm_bytes=69008
frame=20/41 late_source=3/6 scenario=2026_07_15_01_26_56 timestamp=000098 receiver=13 cavs=[13, 14, 19] pred_boxes=1 gt_boxes=19 comm_bytes=83616
frame=20/41 late_source=4/6 scenario=2026_07_15_01_26_56 timestamp=000098 receiver=15 cavs=[15, 6] pred_boxes=15 gt_boxes=19 comm_bytes=74288
frame=20/41 late_source=5/6 scenario=2026_07_15_01_26_56 timestamp=000098 receiver=17 cavs=[17, 18, 3] pred_boxes=5 gt_boxes=17 comm_bytes=135024
frame=20/41 late_source=6/6 scenario=2026_07_15_01_26_56 timestamp=000098 receiver=20 cavs=[20, 5, 9] pred_boxes=11 gt_boxes=32 comm_bytes=65296
sgcp_late_fusion frame=20/41 scenario=2026_07_15_01_26_56 timestamp=000098 sources=6 fused_pred_boxes=50 fused_gt_boxes=71
frame=21/41 late_source=1/6 scenario=2026_07_15_01_26_56 timestamp=000100 receiver=1 cavs=[1, 2, 8] pred_boxes=15 gt_boxes=39 comm_bytes=134304
frame=21/41 late_source=2/6 scenario=2026_07_15_01_26_56 timestamp=000100 receiver=12 cavs=[12, 7, 4] pred_boxes=11 gt_boxes=38 comm_bytes=92288
frame=21/41 late_source=3/6 scenario=2026_07_15_01_26_56 timestamp=000100 receiver=13 cavs=[13, 10, 14] pred_boxes=10 gt_boxes=29 comm_bytes=125168
frame=21/41 late_source=4/6 scenario=2026_07_15_01_26_56 timestamp=000100 receiver=15 cavs=[15, 6] pred_boxes=12 gt_boxes=20 comm_bytes=74320
frame=21/41 late_source=5/6 scenario=2026_07_15_01_26_56 timestamp=000100 receiver=17 cavs=[17, 3, 18] pred_boxes=7 gt_boxes=17 comm_bytes=54368
frame=21/41 late_source=6/6 scenario=2026_07_15_01_26_56 timestamp=000100 receiver=20 cavs=[20, 5, 9] pred_boxes=14 gt_boxes=31 comm_bytes=97584
sgcp_late_fusion frame=21/41 scenario=2026_07_15_01_26_56 timestamp=000100 sources=6 fused_pred_boxes=58 fused_gt_boxes=71
frame=22/41 late_source=1/6 scenario=2026_07_15_01_26_56 timestamp=000102 receiver=1 cavs=[1, 2, 11] pred_boxes=17 gt_boxes=38 comm_bytes=96864
frame=22/41 late_source=2/6 scenario=2026_07_15_01_26_56 timestamp=000102 receiver=12 cavs=[12, 7, 4] pred_boxes=13 gt_boxes=38 comm_bytes=105840
frame=22/41 late_source=3/6 scenario=2026_07_15_01_26_56 timestamp=000102 receiver=13 cavs=[13, 19, 10] pred_boxes=6 gt_boxes=30 comm_bytes=142944
frame=22/41 late_source=4/6 scenario=2026_07_15_01_26_56 timestamp=000102 receiver=15 cavs=[15, 6] pred_boxes=14 gt_boxes=22 comm_bytes=74384
frame=22/41 late_source=5/6 scenario=2026_07_15_01_26_56 timestamp=000102 receiver=17 cavs=[17, 16, 18] pred_boxes=9 gt_boxes=20 comm_bytes=142048
frame=22/41 late_source=6/6 scenario=2026_07_15_01_26_56 timestamp=000102 receiver=20 cavs=[20, 5, 9] pred_boxes=13 gt_boxes=33 comm_bytes=96560
sgcp_late_fusion frame=22/41 scenario=2026_07_15_01_26_56 timestamp=000102 sources=6 fused_pred_boxes=58 fused_gt_boxes=71
frame=23/41 late_source=1/6 scenario=2026_07_15_01_26_56 timestamp=000104 receiver=1 cavs=[1, 11, 8] pred_boxes=17 gt_boxes=38 comm_bytes=139088
frame=23/41 late_source=2/6 scenario=2026_07_15_01_26_56 timestamp=000104 receiver=12 cavs=[12, 4, 7] pred_boxes=12 gt_boxes=38 comm_bytes=108240
frame=23/41 late_source=3/6 scenario=2026_07_15_01_26_56 timestamp=000104 receiver=13 cavs=[13, 14, 19] pred_boxes=1 gt_boxes=18 comm_bytes=125072
frame=23/41 late_source=4/6 scenario=2026_07_15_01_26_56 timestamp=000104 receiver=15 cavs=[15, 6] pred_boxes=15 gt_boxes=23 comm_bytes=74672
frame=23/41 late_source=5/6 scenario=2026_07_15_01_26_56 timestamp=000104 receiver=17 cavs=[17, 18, 3] pred_boxes=6 gt_boxes=18 comm_bytes=111504
frame=23/41 late_source=6/6 scenario=2026_07_15_01_26_56 timestamp=000104 receiver=20 cavs=[20, 5, 9] pred_boxes=12 gt_boxes=32 comm_bytes=86160
sgcp_late_fusion frame=23/41 scenario=2026_07_15_01_26_56 timestamp=000104 sources=6 fused_pred_boxes=52 fused_gt_boxes=70
frame=24/41 late_source=1/6 scenario=2026_07_15_01_26_56 timestamp=000106 receiver=1 cavs=[1, 8, 2] pred_boxes=14 gt_boxes=39 comm_bytes=106848
frame=24/41 late_source=2/6 scenario=2026_07_15_01_26_56 timestamp=000106 receiver=12 cavs=[12, 7, 4] pred_boxes=11 gt_boxes=38 comm_bytes=119456
frame=24/41 late_source=3/6 scenario=2026_07_15_01_26_56 timestamp=000106 receiver=13 cavs=[13, 14, 10] pred_boxes=3 gt_boxes=29 comm_bytes=120944
frame=24/41 late_source=4/6 scenario=2026_07_15_01_26_56 timestamp=000106 receiver=15 cavs=[15, 6] pred_boxes=12 gt_boxes=23 comm_bytes=74784
frame=24/41 late_source=5/6 scenario=2026_07_15_01_26_56 timestamp=000106 receiver=17 cavs=[17, 3, 16] pred_boxes=10 gt_boxes=21 comm_bytes=99488
frame=24/41 late_source=6/6 scenario=2026_07_15_01_26_56 timestamp=000106 receiver=20 cavs=[20, 9, 5] pred_boxes=10 gt_boxes=29 comm_bytes=97360
sgcp_late_fusion frame=24/41 scenario=2026_07_15_01_26_56 timestamp=000106 sources=6 fused_pred_boxes=51 fused_gt_boxes=70
frame=25/41 late_source=1/6 scenario=2026_07_15_01_26_56 timestamp=000108 receiver=1 cavs=[1, 8, 2] pred_boxes=15 gt_boxes=41 comm_bytes=105408
frame=25/41 late_source=2/6 scenario=2026_07_15_01_26_56 timestamp=000108 receiver=12 cavs=[12, 4, 7] pred_boxes=12 gt_boxes=39 comm_bytes=104016
frame=25/41 late_source=3/6 scenario=2026_07_15_01_26_56 timestamp=000108 receiver=13 cavs=[13, 10, 19] pred_boxes=10 gt_boxes=30 comm_bytes=139296
frame=25/41 late_source=4/6 scenario=2026_07_15_01_26_56 timestamp=000108 receiver=15 cavs=[15, 6] pred_boxes=16 gt_boxes=24 comm_bytes=74672
frame=25/41 late_source=5/6 scenario=2026_07_15_01_26_56 timestamp=000108 receiver=17 cavs=[17, 3, 16] pred_boxes=6 gt_boxes=21 comm_bytes=86208
frame=25/41 late_source=6/6 scenario=2026_07_15_01_26_56 timestamp=000108 receiver=20 cavs=[20, 5, 9] pred_boxes=11 gt_boxes=30 comm_bytes=70608Format = auto
Extension = pcd
Format = auto
Extension = pcd
Format = auto
Extension = pcd
Format = auto
Extension = pcd
Format = auto
Extension = pcd
Format = auto
Extension = pcd
Format = auto
Extension = pcd
Format = auto
Extension = pcd
Format = auto
Extension = pcd
Format = auto
Extension = pcd
Format = auto
Extension = pcd
Format = auto
Extension = pcd
Format = auto
Extension = pcd
Format = auto
Extension = pcd
Format = auto
Extension = pcd
Format = auto
Extension = pcd
Format = auto
Extension = pcd
Format = auto
Extension = pcd
Format = auto
Extension = pcd
Format = auto
Extension = pcd
Format = auto
Extension = pcd
Format = auto
Extension = pcd
Format = auto
Extension = pcd
Format = auto
Extension = pcd
Format = auto
Extension = pcd
Format = auto
Extension = pcd
Format = auto
Extension = pcd
Format = auto
Extension = pcd
Format = auto
Extension = pcd
Format = auto
Extension = pcd
Format = auto
Extension = pcd
Format = auto
Extension = pcd
Format = auto
Extension = pcd
Format = auto
Extension = pcd
Format = auto
Extension = pcd
Format = auto
Extension = pcd
Format = auto
Extension = pcd
Format = auto
Extension = pcd
Format = auto
Extension = pcd
Format = auto
Extension = pcd
Format = auto
Extension = pcd
Format = auto
Extension = pcd
Format = auto
Extension = pcd
Format = auto
Extension = pcd
Format = auto
Extension = pcd
Format = auto
Extension = pcd
Format = auto
Extension = pcd
Format = auto
Extension = pcd
Format = auto
Extension = pcd
Format = auto
Extension = pcd
Format = auto
Extension = pcd
Format = auto
Extension = pcd
Format = auto
Extension = pcd
Format = auto
Extension = pcd
Format = auto
Extension = pcd
Format = auto
Extension = pcd
Format = auto
Extension = pcd
Format = auto
Extension = pcd
Format = auto
Extension = pcd
Format = auto
Extension = pcd
Format = auto
Extension = pcd
Format = auto
Extension = pcd
Format = auto
Extension = pcd
Format = auto
Extension = pcd
Format = auto
Extension = pcd
Format = auto
Extension = pcd
Format = auto
Extension = pcd
Format = auto
Extension = pcd
Format = auto
Extension = pcd
Format = auto
Extension = pcd
Format = auto
Extension = pcd
Format = auto
Extension = pcd
Format = auto
Extension = pcd
Format = auto
Extension = pcd
Format = auto
Extension = pcd
Format = auto
Extension = pcd
Format = auto
Extension = pcd
Format = auto
Extension = pcd
Format = auto
Extension = pcd
Format = auto
Extension = pcd
Format = auto
Extension = pcd
Format = auto
Extension = pcd
Format = auto
Extension = pcd
Format = auto
Extension = pcd
Format = auto
Extension = pcd
Format = auto
Extension = pcd
Format = auto
Extension = pcd
Format = auto
Extension = pcd
Format = auto
Extension = pcd
Format = auto
Extension = pcd
Format = auto
Extension = pcd
Format = auto
Extension = pcd
Format = auto
Extension = pcd
Format = auto
Extension = pcd
Format = auto
Extension = pcd
Format = auto
Extension = pcd
Format = auto
Extension = pcd
Format = auto
Extension = pcd
Format = auto
Extension = pcd
Format = auto
Extension = pcd
Format = auto
Extension = pcd
Format = auto
Extension = pcd
Format = auto
Extension = pcd
Format = auto
Extension = pcd
Format = auto
Extension = pcd
Format = auto
Extension = pcd
Format = auto
Extension = pcd
Format = auto
Extension = pcd
Format = auto
Extension = pcd
Format = auto
Extension = pcd
Format = auto
Extension = pcd
Format = auto
Extension = pcd
Format = auto
Extension = pcd
Format = auto
Extension = pcd
Format = auto
Extension = pcd
Format = auto
Extension = pcd
Format = auto
Extension = pcd
Format = auto
Extension = pcd
Format = auto
Extension = pcd
Format = auto
Extension = pcd
Format = auto
Extension = pcd
Format = auto
Extension = pcd
Format = auto
Extension = pcd
Format = auto
Extension = pcd
Format = auto
Extension = pcd
Format = auto
Extension = pcd
Format = auto
Extension = pcd
Format = auto
Extension = pcd
Format = auto
Extension = pcd
Format = auto
Extension = pcd
Format = auto
Extension = pcd
Format = auto
Extension = pcd
Format = auto
Extension = pcd
Format = auto
Extension = pcd
Format = auto
Extension = pcd
Format = auto
Extension = pcd
Format = auto
Extension = pcd
Format = auto
Extension = pcd
Format = auto
Extension = pcd
Format = auto
Extension = pcd
Format = auto
Extension = pcd
Format = auto
Extension = pcd
Format = auto
Extension = pcd
Format = auto
Extension = pcd
Format = auto
Extension = pcd
Format = auto
Extension = pcd
Format = auto
Extension = pcd
Format = auto
Extension = pcd
Format = auto
Extension = pcd
Format = auto
Extension = pcd
Format = auto
Extension = pcd
Format = auto
Extension = pcd
Format = auto
Extension = pcd
Format = auto
Extension = pcd
Format = auto
Extension = pcd
Format = auto
Extension = pcd
Format = auto
Extension = pcd
Format = auto
Extension = pcd
Format = auto
Extension = pcd
Format = auto
Extension = pcd
Format = auto
Extension = pcd
Format = auto
Extension = pcd
Format = auto
Extension = pcd
Format = auto
Extension = pcd
Format = auto
Extension = pcd
Format = auto
Extension = pcd
Format = auto
Extension = pcd
Format = auto
Extension = pcd
Format = auto
Extension = pcd
Format = auto
Extension = pcd
Format = auto
Extension = pcd
Format = auto
Extension = pcd
Format = auto
Extension = pcd
Format = auto
Extension = pcd
Format = auto
Extension = pcd
Format = auto
Extension = pcd
Format = auto
Extension = pcd
Format = auto
Extension = pcd
Format = auto
Extension = pcd
Format = auto
Extension = pcd

sgcp_late_fusion frame=25/41 scenario=2026_07_15_01_26_56 timestamp=000108 sources=6 fused_pred_boxes=56 fused_gt_boxes=70
frame=26/41 late_source=1/6 scenario=2026_07_15_01_26_56 timestamp=000110 receiver=1 cavs=[1, 11, 2] pred_boxes=18 gt_boxes=40 comm_bytes=82928
frame=26/41 late_source=2/6 scenario=2026_07_15_01_26_56 timestamp=000110 receiver=12 cavs=[12, 7, 4] pred_boxes=12 gt_boxes=38 comm_bytes=108160
frame=26/41 late_source=3/6 scenario=2026_07_15_01_26_56 timestamp=000110 receiver=13 cavs=[13, 19, 14] pred_boxes=0 gt_boxes=19 comm_bytes=137920
frame=26/41 late_source=4/6 scenario=2026_07_15_01_26_56 timestamp=000110 receiver=15 cavs=[15, 6] pred_boxes=13 gt_boxes=24 comm_bytes=74656
frame=26/41 late_source=5/6 scenario=2026_07_15_01_26_56 timestamp=000110 receiver=17 cavs=[17, 18, 3] pred_boxes=6 gt_boxes=15 comm_bytes=124336
frame=26/41 late_source=6/6 scenario=2026_07_15_01_26_56 timestamp=000110 receiver=20 cavs=[20, 5, 9] pred_boxes=10 gt_boxes=30 comm_bytes=58336
sgcp_late_fusion frame=26/41 scenario=2026_07_15_01_26_56 timestamp=000110 sources=6 fused_pred_boxes=50 fused_gt_boxes=68
frame=27/41 late_source=1/6 scenario=2026_07_15_01_26_56 timestamp=000112 receiver=1 cavs=[1, 2, 8] pred_boxes=14 gt_boxes=40 comm_bytes=136368
frame=27/41 late_source=2/6 scenario=2026_07_15_01_26_56 timestamp=000112 receiver=12 cavs=[12, 4, 7] pred_boxes=16 gt_boxes=38 comm_bytes=140112
frame=27/41 late_source=3/6 scenario=2026_07_15_01_26_56 timestamp=000112 receiver=13 cavs=[13, 14, 19] pred_boxes=1 gt_boxes=17 comm_bytes=79072
frame=27/41 late_source=4/6 scenario=2026_07_15_01_26_56 timestamp=000112 receiver=15 cavs=[15, 6] pred_boxes=15 gt_boxes=23 comm_bytes=74336
frame=27/41 late_source=5/6 scenario=2026_07_15_01_26_56 timestamp=000112 receiver=17 cavs=[17, 18, 16] pred_boxes=6 gt_boxes=17 comm_bytes=116000
frame=27/41 late_source=6/6 scenario=2026_07_15_01_26_56 timestamp=000112 receiver=20 cavs=[20, 5, 9] pred_boxes=12 gt_boxes=31 comm_bytes=92352
sgcp_late_fusion frame=27/41 scenario=2026_07_15_01_26_56 timestamp=000112 sources=6 fused_pred_boxes=50 fused_gt_boxes=68
frame=28/41 late_source=1/6 scenario=2026_07_15_01_26_56 timestamp=000114 receiver=1 cavs=[1, 8, 11] pred_boxes=16 gt_boxes=39 comm_bytes=65328
frame=28/41 late_source=2/6 scenario=2026_07_15_01_26_56 timestamp=000114 receiver=12 cavs=[12, 7, 4] pred_boxes=13 gt_boxes=39 comm_bytes=118944
frame=28/41 late_source=3/6 scenario=2026_07_15_01_26_56 timestamp=000114 receiver=13 cavs=[13, 19, 14] pred_boxes=0 gt_boxes=18 comm_bytes=134416
frame=28/41 late_source=4/6 scenario=2026_07_15_01_26_56 timestamp=000114 receiver=15 cavs=[15, 6] pred_boxes=15 gt_boxes=23 comm_bytes=74096
frame=28/41 late_source=5/6 scenario=2026_07_15_01_26_56 timestamp=000114 receiver=17 cavs=[17, 18, 3] pred_boxes=6 gt_boxes=14 comm_bytes=95248
frame=28/41 late_source=6/6 scenario=2026_07_15_01_26_56 timestamp=000114 receiver=20 cavs=[20, 9, 5] pred_boxes=10 gt_boxes=30 comm_bytes=91408
sgcp_late_fusion frame=28/41 scenario=2026_07_15_01_26_56 timestamp=000114 sources=6 fused_pred_boxes=49 fused_gt_boxes=68
frame=29/41 late_source=1/6 scenario=2026_07_15_01_26_56 timestamp=000116 receiver=1 cavs=[1, 2, 8] pred_boxes=13 gt_boxes=40 comm_bytes=131520
frame=29/41 late_source=2/6 scenario=2026_07_15_01_26_56 timestamp=000116 receiver=12 cavs=[12, 7, 4] pred_boxes=14 gt_boxes=39 comm_bytes=125440
frame=29/41 late_source=3/6 scenario=2026_07_15_01_26_56 timestamp=000116 receiver=13 cavs=[13, 14, 19] pred_boxes=0 gt_boxes=18 comm_bytes=144736
frame=29/41 late_source=4/6 scenario=2026_07_15_01_26_56 timestamp=000116 receiver=15 cavs=[15, 6] pred_boxes=14 gt_boxes=23 comm_bytes=74400
frame=29/41 late_source=5/6 scenario=2026_07_15_01_26_56 timestamp=000116 receiver=17 cavs=[17, 16, 3] pred_boxes=7 gt_boxes=18 comm_bytes=87408
frame=29/41 late_source=6/6 scenario=2026_07_15_01_26_56 timestamp=000116 receiver=20 cavs=[20, 9, 5] pred_boxes=10 gt_boxes=29 comm_bytes=81952
sgcp_late_fusion frame=29/41 scenario=2026_07_15_01_26_56 timestamp=000116 sources=6 fused_pred_boxes=49 fused_gt_boxes=68
frame=30/41 late_source=1/6 scenario=2026_07_15_01_26_56 timestamp=000118 receiver=1 cavs=[1, 11, 2] pred_boxes=15 gt_boxes=40 comm_bytes=128496
frame=30/41 late_source=2/6 scenario=2026_07_15_01_26_56 timestamp=000118 receiver=12 cavs=[12, 7, 4] pred_boxes=14 gt_boxes=39 comm_bytes=133232
frame=30/41 late_source=3/6 scenario=2026_07_15_01_26_56 timestamp=000118 receiver=13 cavs=[13, 14, 10] pred_boxes=9 gt_boxes=30 comm_bytes=116432
frame=30/41 late_source=4/6 scenario=2026_07_15_01_26_56 timestamp=000118 receiver=15 cavs=[15, 6] pred_boxes=13 gt_boxes=22 comm_bytes=74352
frame=30/41 late_source=5/6 scenario=2026_07_15_01_26_56 timestamp=000118 receiver=17 cavs=[17, 18, 3] pred_boxes=5 gt_boxes=14 comm_bytes=147344
frame=30/41 late_source=6/6 scenario=2026_07_15_01_26_56 timestamp=000118 receiver=20 cavs=[20, 5, 9] pred_boxes=11 gt_boxes=29 comm_bytes=90736
sgcp_late_fusion frame=30/41 scenario=2026_07_15_01_26_56 timestamp=000118 sources=6 fused_pred_boxes=55 fused_gt_boxes=68
frame=31/41 late_source=1/6 scenario=2026_07_15_01_26_56 timestamp=000120 receiver=1 cavs=[1, 11, 8] pred_boxes=16 gt_boxes=38 comm_bytes=86752
frame=31/41 late_source=2/6 scenario=2026_07_15_01_26_56 timestamp=000120 receiver=12 cavs=[12, 7, 4] pred_boxes=13 gt_boxes=40 comm_bytes=108752
frame=31/41 late_source=3/6 scenario=2026_07_15_01_26_56 timestamp=000120 receiver=13 cavs=[13, 19, 14] pred_boxes=1 gt_boxes=18 comm_bytes=97360
frame=31/41 late_source=4/6 scenario=2026_07_15_01_26_56 timestamp=000120 receiver=15 cavs=[15, 6] pred_boxes=14 gt_boxes=22 comm_bytes=74192
frame=31/41 late_source=5/6 scenario=2026_07_15_01_26_56 timestamp=000120 receiver=17 cavs=[17, 18, 3] pred_boxes=6 gt_boxes=14 comm_bytes=146464
frame=31/41 late_source=6/6 scenario=2026_07_15_01_26_56 timestamp=000120 receiver=20 cavs=[20, 5, 9] pred_boxes=12 gt_boxes=29 comm_bytes=93312
sgcp_late_fusion frame=31/41 scenario=2026_07_15_01_26_56 timestamp=000120 sources=6 fused_pred_boxes=53 fused_gt_boxes=68
frame=32/41 late_source=1/6 scenario=2026_07_15_01_26_56 timestamp=000122 receiver=1 cavs=[1, 11, 8] pred_boxes=15 gt_boxes=38 comm_bytes=118304
frame=32/41 late_source=2/6 scenario=2026_07_15_01_26_56 timestamp=000122 receiver=12 cavs=[12, 7, 4] pred_boxes=17 gt_boxes=41 comm_bytes=124048
frame=32/41 late_source=3/6 scenario=2026_07_15_01_26_56 timestamp=000122 receiver=13 cavs=[13, 14, 10] pred_boxes=9 gt_boxes=29 comm_bytes=139200
frame=32/41 late_source=4/6 scenario=2026_07_15_01_26_56 timestamp=000122 receiver=15 cavs=[15, 6] pred_boxes=14 gt_boxes=22 comm_bytes=74368
frame=32/41 late_source=5/6 scenario=2026_07_15_01_26_56 timestamp=000122 receiver=17 cavs=[17, 18, 3] pred_boxes=6 gt_boxes=14 comm_bytes=113104
frame=32/41 late_source=6/6 scenario=2026_07_15_01_26_56 timestamp=000122 receiver=20 cavs=[20, 5, 9] pred_boxes=12 gt_boxes=28 comm_bytes=95184
sgcp_late_fusion frame=32/41 scenario=2026_07_15_01_26_56 timestamp=000122 sources=6 fused_pred_boxes=57 fused_gt_boxes=68
frame=33/41 late_source=1/6 scenario=2026_07_15_01_26_56 timestamp=000124 receiver=1 cavs=[1, 11, 2] pred_boxes=16 gt_boxes=40 comm_bytes=123856
frame=33/41 late_source=2/6 scenario=2026_07_15_01_26_56 timestamp=000124 receiver=12 cavs=[12, 4, 7] pred_boxes=10 gt_boxes=41 comm_bytes=96496
frame=33/41 late_source=3/6 scenario=2026_07_15_01_26_56 timestamp=000124 receiver=13 cavs=[13, 19, 10] pred_boxes=7 gt_boxes=30 comm_bytes=141200
frame=33/41 late_source=4/6 scenario=2026_07_15_01_26_56 timestamp=000124 receiver=15 cavs=[15, 6] pred_boxes=14 gt_boxes=22 comm_bytes=74544
frame=33/41 late_source=5/6 scenario=2026_07_15_01_26_56 timestamp=000124 receiver=17 cavs=[17, 18, 3] pred_boxes=5 gt_boxes=14 comm_bytes=123104
frame=33/41 late_source=6/6 scenario=2026_07_15_01_26_56 timestamp=000124 receiver=20 cavs=[20, 9, 5] pred_boxes=10 gt_boxes=28 comm_bytes=89696
sgcp_late_fusion frame=33/41 scenario=2026_07_15_01_26_56 timestamp=000124 sources=6 fused_pred_boxes=53 fused_gt_boxes=68
frame=34/41 late_source=1/6 scenario=2026_07_15_01_26_56 timestamp=000126 receiver=1 cavs=[1, 2, 11] pred_boxes=15 gt_boxes=40 comm_bytes=92192Format = auto
Extension = pcd
Format = auto
Extension = pcd
Format = auto
Extension = pcd
Format = auto
Extension = pcd
Format = auto
Extension = pcd
Format = auto
Extension = pcd
Format = auto
Extension = pcd
Format = auto
Extension = pcd
Format = auto
Extension = pcd
Format = auto
Extension = pcd
Format = auto
Extension = pcd
Format = auto
Extension = pcd
Format = auto
Extension = pcd
Format = auto
Extension = pcd
Format = auto
Extension = pcd
Format = auto
Extension = pcd
Format = auto
Extension = pcd
Format = auto
Extension = pcd
Format = auto
Extension = pcd
Format = auto
Extension = pcd
Format = auto
Extension = pcd
Format = auto
Extension = pcd
Format = auto
Extension = pcd
Format = auto
Extension = pcd
Format = auto
Extension = pcd
Format = auto
Extension = pcd
Format = auto
Extension = pcd
Format = auto
Extension = pcd
Format = auto
Extension = pcd
Format = auto
Extension = pcd
Format = auto
Extension = pcd
Format = auto
Extension = pcd
Format = auto
Extension = pcd
Format = auto
Extension = pcd
Format = auto
Extension = pcd
Format = auto
Extension = pcd
Format = auto
Extension = pcd
Format = auto
Extension = pcd
Format = auto
Extension = pcd
Format = auto
Extension = pcd
Format = auto
Extension = pcd
Format = auto
Extension = pcd
Format = auto
Extension = pcd
Format = auto
Extension = pcd
Format = auto
Extension = pcd
Format = auto
Extension = pcd
Format = auto
Extension = pcd
Format = auto
Extension = pcd
Format = auto
Extension = pcd
Format = auto
Extension = pcd
Format = auto
Extension = pcd
Format = auto
Extension = pcd
Format = auto
Extension = pcd
Format = auto
Extension = pcd
Format = auto
Extension = pcd
Format = auto
Extension = pcd
Format = auto
Extension = pcd
Format = auto
Extension = pcd
Format = auto
Extension = pcd
Format = auto
Extension = pcd
Format = auto
Extension = pcd
Format = auto
Extension = pcd
Format = auto
Extension = pcd
Format = auto
Extension = pcd
Format = auto
Extension = pcd
Format = auto
Extension = pcd
Format = auto
Extension = pcd
Format = auto
Extension = pcd
Format = auto
Extension = pcd
Format = auto
Extension = pcd
Format = auto
Extension = pcd
Format = auto
Extension = pcd
Format = auto
Extension = pcd
Format = auto
Extension = pcd
Format = auto
Extension = pcd
Format = auto
Extension = pcd
Format = auto
Extension = pcd
Format = auto
Extension = pcd
Format = auto
Extension = pcd
Format = auto
Extension = pcd
Format = auto
Extension = pcd
Format = auto
Extension = pcd
Format = auto
Extension = pcd
Format = auto
Extension = pcd
Format = auto
Extension = pcd
Format = auto
Extension = pcd
Format = auto
Extension = pcd
Format = auto
Extension = pcd
Format = auto
Extension = pcd
Format = auto
Extension = pcd
Format = auto
Extension = pcd
Format = auto
Extension = pcd
Format = auto
Extension = pcd
Format = auto
Extension = pcd
Format = auto
Extension = pcd
Format = auto
Extension = pcd
Format = auto
Extension = pcd
Format = auto
Extension = pcd
Format = auto
Extension = pcd
Format = auto
Extension = pcd
Format = auto
Extension = pcd
Format = auto
Extension = pcd
Format = auto
Extension = pcd
Format = auto
Extension = pcd
Format = auto
Extension = pcd
Format = auto
Extension = pcd
Format = auto
Extension = pcd
Format = auto
Extension = pcd
Format = auto
Extension = pcd
Format = auto
Extension = pcd
Format = auto
Extension = pcd
Format = auto
Extension = pcd
Format = auto
Extension = pcd
Format = auto
Extension = pcd
Format = auto
Extension = pcd
Format = auto
Extension = pcd
Format = auto
Extension = pcd
Format = auto
Extension = pcd
Format = auto
Extension = pcd
Format = auto
Extension = pcd
Format = auto
Extension = pcd
Format = auto
Extension = pcd
Format = auto
Extension = pcd
Format = auto
Extension = pcd
Format = auto
Extension = pcd
Format = auto
Extension = pcd
Format = auto
Extension = pcd
Format = auto
Extension = pcd
Format = auto
Extension = pcd
Format = auto
Extension = pcd
Format = auto
Extension = pcd
Format = auto
Extension = pcd
Format = auto
Extension = pcd
Format = auto
Extension = pcd
Format = auto
Extension = pcd
Format = auto
Extension = pcd
Format = auto
Extension = pcd
Format = auto
Extension = pcd
Format = auto
Extension = pcd
Format = auto
Extension = pcd

frame=34/41 late_source=2/6 scenario=2026_07_15_01_26_56 timestamp=000126 receiver=12 cavs=[12, 7, 4] pred_boxes=13 gt_boxes=41 comm_bytes=118752
frame=34/41 late_source=3/6 scenario=2026_07_15_01_26_56 timestamp=000126 receiver=13 cavs=[13, 19, 10] pred_boxes=5 gt_boxes=30 comm_bytes=121088
frame=34/41 late_source=4/6 scenario=2026_07_15_01_26_56 timestamp=000126 receiver=15 cavs=[15, 6] pred_boxes=14 gt_boxes=23 comm_bytes=75744
frame=34/41 late_source=5/6 scenario=2026_07_15_01_26_56 timestamp=000126 receiver=17 cavs=[17, 16, 18] pred_boxes=5 gt_boxes=16 comm_bytes=98384
frame=34/41 late_source=6/6 scenario=2026_07_15_01_26_56 timestamp=000126 receiver=20 cavs=[20, 9, 5] pred_boxes=9 gt_boxes=28 comm_bytes=84208
sgcp_late_fusion frame=34/41 scenario=2026_07_15_01_26_56 timestamp=000126 sources=6 fused_pred_boxes=54 fused_gt_boxes=68
frame=35/41 late_source=1/6 scenario=2026_07_15_01_26_56 timestamp=000128 receiver=1 cavs=[1, 2, 8] pred_boxes=14 gt_boxes=38 comm_bytes=128272
frame=35/41 late_source=2/6 scenario=2026_07_15_01_26_56 timestamp=000128 receiver=12 cavs=[12, 7, 4] pred_boxes=16 gt_boxes=39 comm_bytes=121872
frame=35/41 late_source=3/6 scenario=2026_07_15_01_26_56 timestamp=000128 receiver=13 cavs=[13, 10, 14] pred_boxes=9 gt_boxes=29 comm_bytes=140400
frame=35/41 late_source=4/6 scenario=2026_07_15_01_26_56 timestamp=000128 receiver=15 cavs=[15, 6] pred_boxes=14 gt_boxes=23 comm_bytes=75744
frame=35/41 late_source=5/6 scenario=2026_07_15_01_26_56 timestamp=000128 receiver=17 cavs=[17, 3, 16] pred_boxes=6 gt_boxes=17 comm_bytes=120320
frame=35/41 late_source=6/6 scenario=2026_07_15_01_26_56 timestamp=000128 receiver=20 cavs=[20, 5, 9] pred_boxes=10 gt_boxes=28 comm_bytes=95824
sgcp_late_fusion frame=35/41 scenario=2026_07_15_01_26_56 timestamp=000128 sources=6 fused_pred_boxes=51 fused_gt_boxes=68
frame=36/41 late_source=1/6 scenario=2026_07_15_01_26_56 timestamp=000130 receiver=1 cavs=[1, 8, 11] pred_boxes=17 gt_boxes=36 comm_bytes=68768
frame=36/41 late_source=2/6 scenario=2026_07_15_01_26_56 timestamp=000130 receiver=12 cavs=[12, 7, 4] pred_boxes=13 gt_boxes=38 comm_bytes=139840
frame=36/41 late_source=3/6 scenario=2026_07_15_01_26_56 timestamp=000130 receiver=13 cavs=[13, 10, 19] pred_boxes=7 gt_boxes=30 comm_bytes=61008
frame=36/41 late_source=4/6 scenario=2026_07_15_01_26_56 timestamp=000130 receiver=15 cavs=[15, 6] pred_boxes=12 gt_boxes=22 comm_bytes=75696
frame=36/41 late_source=5/6 scenario=2026_07_15_01_26_56 timestamp=000130 receiver=17 cavs=[17, 16, 3] pred_boxes=6 gt_boxes=18 comm_bytes=97264
frame=36/41 late_source=6/6 scenario=2026_07_15_01_26_56 timestamp=000130 receiver=20 cavs=[20, 5, 9] pred_boxes=10 gt_boxes=27 comm_bytes=88608
sgcp_late_fusion frame=36/41 scenario=2026_07_15_01_26_56 timestamp=000130 sources=6 fused_pred_boxes=54 fused_gt_boxes=67
frame=37/41 late_source=1/6 scenario=2026_07_15_01_26_56 timestamp=000132 receiver=4 cavs=[4, 8, 12] pred_boxes=10 gt_boxes=37 comm_bytes=88560
frame=37/41 late_source=2/6 scenario=2026_07_15_01_26_56 timestamp=000132 receiver=11 cavs=[11, 19, 1] pred_boxes=17 gt_boxes=36 comm_bytes=144320
frame=37/41 late_source=3/6 scenario=2026_07_15_01_26_56 timestamp=000132 receiver=13 cavs=[13, 10, 9] pred_boxes=6 gt_boxes=31 comm_bytes=128784
frame=37/41 late_source=4/6 scenario=2026_07_15_01_26_56 timestamp=000132 receiver=15 cavs=[15, 6] pred_boxes=13 gt_boxes=22 comm_bytes=75648
frame=37/41 late_source=5/6 scenario=2026_07_15_01_26_56 timestamp=000132 receiver=17 cavs=[17, 16, 3] pred_boxes=7 gt_boxes=18 comm_bytes=88832
frame=37/41 late_source=6/6 scenario=2026_07_15_01_26_56 timestamp=000132 receiver=20 cavs=[20, 5] pred_boxes=9 gt_boxes=27 comm_bytes=26128
sgcp_late_fusion frame=37/41 scenario=2026_07_15_01_26_56 timestamp=000132 sources=6 fused_pred_boxes=51 fused_gt_boxes=67
frame=38/41 late_source=1/6 scenario=2026_07_15_01_26_56 timestamp=000134 receiver=4 cavs=[4, 7, 12] pred_boxes=14 gt_boxes=38 comm_bytes=119696
frame=38/41 late_source=2/6 scenario=2026_07_15_01_26_56 timestamp=000134 receiver=11 cavs=[11, 2, 19] pred_boxes=13 gt_boxes=43 comm_bytes=112128
frame=38/41 late_source=3/6 scenario=2026_07_15_01_26_56 timestamp=000134 receiver=13 cavs=[13, 14, 10] pred_boxes=9 gt_boxes=28 comm_bytes=140960
frame=38/41 late_source=4/6 scenario=2026_07_15_01_26_56 timestamp=000134 receiver=15 cavs=[15, 6] pred_boxes=12 gt_boxes=25 comm_bytes=75536
frame=38/41 late_source=5/6 scenario=2026_07_15_01_26_56 timestamp=000134 receiver=17 cavs=[17, 16, 18] pred_boxes=8 gt_boxes=17 comm_bytes=49360
frame=38/41 late_source=6/6 scenario=2026_07_15_01_26_56 timestamp=000134 receiver=20 cavs=[20, 5] pred_boxes=7 gt_boxes=27 comm_bytes=26080
sgcp_late_fusion frame=38/41 scenario=2026_07_15_01_26_56 timestamp=000134 sources=6 fused_pred_boxes=51 fused_gt_boxes=67
frame=39/41 late_source=1/6 scenario=2026_07_15_01_26_56 timestamp=000136 receiver=2 cavs=[2, 6, 15] pred_boxes=20 gt_boxes=38 comm_bytes=139056
frame=39/41 late_source=2/6 scenario=2026_07_15_01_26_56 timestamp=000136 receiver=11 cavs=[11, 1, 8] pred_boxes=17 gt_boxes=37 comm_bytes=145712
frame=39/41 late_source=3/6 scenario=2026_07_15_01_26_56 timestamp=000136 receiver=12 cavs=[12, 7, 4] pred_boxes=10 gt_boxes=39 comm_bytes=110592
frame=39/41 late_source=4/6 scenario=2026_07_15_01_26_56 timestamp=000136 receiver=13 cavs=[13, 14, 10] pred_boxes=7 gt_boxes=28 comm_bytes=104912
frame=39/41 late_source=5/6 scenario=2026_07_15_01_26_56 timestamp=000136 receiver=17 cavs=[17, 16, 3] pred_boxes=5 gt_boxes=18 comm_bytes=93872
frame=39/41 late_source=6/6 scenario=2026_07_15_01_26_56 timestamp=000136 receiver=20 cavs=[20, 5] pred_boxes=7 gt_boxes=27 comm_bytes=26192
sgcp_late_fusion frame=39/41 scenario=2026_07_15_01_26_56 timestamp=000136 sources=6 fused_pred_boxes=50 fused_gt_boxes=67
frame=40/41 late_source=1/6 scenario=2026_07_15_01_26_56 timestamp=000138 receiver=2 cavs=[2, 6, 15] pred_boxes=20 gt_boxes=38 comm_bytes=140656
frame=40/41 late_source=2/6 scenario=2026_07_15_01_26_56 timestamp=000138 receiver=11 cavs=[11, 8, 1] pred_boxes=16 gt_boxes=37 comm_bytes=143424
frame=40/41 late_source=3/6 scenario=2026_07_15_01_26_56 timestamp=000138 receiver=12 cavs=[12, 4, 7] pred_boxes=12 gt_boxes=39 comm_bytes=134880
frame=40/41 late_source=4/6 scenario=2026_07_15_01_26_56 timestamp=000138 receiver=13 cavs=[13, 10, 9] pred_boxes=9 gt_boxes=31 comm_bytes=145056
frame=40/41 late_source=5/6 scenario=2026_07_15_01_26_56 timestamp=000138 receiver=17 cavs=[17, 3, 16] pred_boxes=7 gt_boxes=18 comm_bytes=112256
frame=40/41 late_source=6/6 scenario=2026_07_15_01_26_56 timestamp=000138 receiver=20 cavs=[20, 5] pred_boxes=10 gt_boxes=27 comm_bytes=26224
sgcp_late_fusion frame=40/41 scenario=2026_07_15_01_26_56 timestamp=000138 sources=6 fused_pred_boxes=54 fused_gt_boxes=67
frame=41/41 late_source=1/6 scenario=2026_07_15_01_26_56 timestamp=000140 receiver=4 cavs=[4, 12, 7] pred_boxes=15 gt_boxes=39 comm_bytes=137680
frame=41/41 late_source=2/6 scenario=2026_07_15_01_26_56 timestamp=000140 receiver=11 cavs=[11, 1, 19] pred_boxes=14 gt_boxes=37 comm_bytes=143584
frame=41/41 late_source=3/6 scenario=2026_07_15_01_26_56 timestamp=000140 receiver=13 cavs=[13, 10, 9] pred_boxes=6 gt_boxes=30 comm_bytes=141344
frame=41/41 late_source=4/6 scenario=2026_07_15_01_26_56 timestamp=000140 receiver=15 cavs=[15, 6] pred_boxes=14 gt_boxes=24 comm_bytes=75248
frame=41/41 late_source=5/6 scenario=2026_07_15_01_26_56 timestamp=000140 receiver=17 cavs=[17, 3, 16] pred_boxes=5 gt_boxes=18 comm_bytes=82480
frame=41/41 late_source=6/6 scenario=2026_07_15_01_26_56 timestamp=000140 receiver=20 cavs=[20, 5] pred_boxes=10 gt_boxes=26 comm_bytes=26432
sgcp_late_fusion frame=41/41 scenario=2026_07_15_01_26_56 timestamp=000140 sources=6 fused_pred_boxes=53 fused_gt_boxes=66
cp counter: 41
Evaluate final average precision results:
  - Fusion method: early
  - The Average Precision at IOU 0.3 is 0.75, The Average Precision at IOU 0.5 is 0.70, The Average Precision at IOU 0.7 is 0.34
sgcp_summary frames=246 avg_comm_bytes=100699.97 total_comm_bytes=24772192 avg_source_cavs=2.81 avg_selected_grids=81.54
