conda.exe : C:\Users\sakakibara\miniconda3\envs\opencda\lib\site-packages\torch\nn\functional.py:1806: UserWarning: nn.
functional.sigmoid is deprecated. Use torch.sigmoid instead.
At C:\Users\sakakibara\miniconda3\shell\condabin\Conda.psm1:194 char:17
+ ...             & $Env:CONDA_EXE $Env:_CE_M $Env:_CE_CONDA $Command @Othe ...
+                 ~~~~~~~~~~~~~~~~~~~~~~~~~~~~~~~~~~~~~~~~~~~~~~~~~~~~~~~~~
    + CategoryInfo          : NotSpecified: (C:\Users\sakaki...igmoid instead.:String) [], RemoteException
    + FullyQualifiedErrorId : NativeCommandError
 
  warnings.warn("nn.functional.sigmoid is deprecated. Use torch.sigmoid instead.")
Format = auto
Extension = pcd
Format = auto
Extension = pcd
Format = auto
Extension = pcd
Format = auto
Extension = pcd
Format = auto
Extension = pcd
Format = auto
Extension = pcd
Format = auto
Extension = pcd
Format = auto
Extension = pcd
Format = auto
Extension = pcd
Format = auto
Extension = pcd
Format = auto
Extension = pcd
Format = auto
Extension = pcd
Format = auto
Extension = pcd
Format = auto
Extension = pcd
Format = auto
Extension = pcd
Format = auto
Extension = pcd
Format = auto
Extension = pcd
Format = auto
Extension = pcd
Format = auto
Extension = pcd
Format = auto
Extension = pcd
Format = auto
Extension = pcd
Format = auto
Extension = pcd
Format = auto
Extension = pcd
Format = auto
Extension = pcd
Format = auto
Extension = pcd
Format = auto
Extension = pcd
Format = auto
Extension = pcd
Format = auto
Extension = pcd
Format = auto
Extension = pcd
Format = auto
Extension = pcd
Format = auto
Extension = pcd
Format = auto
Extension = pcd
Format = auto
Extension = pcd
Format = auto
Extension = pcd
Format = auto
Extension = pcd
Format = auto
Extension = pcd
Format = auto
Extension = pcd
Format = auto
Extension = pcd
Format = auto
Extension = pcd
Format = auto
Extension = pcd
Format = auto
Extension = pcd
Format = auto
Extension = pcd
Format = auto
Extension = pcd
Format = auto
Extension = pcd
Format = auto
Extension = pcd
Format = auto
Extension = pcd
Format = auto
Extension = pcd
Format = auto
Extension = pcd
Format = auto
Extension = pcd
Format = auto
Extension = pcd
Format = auto
Extension = pcd
Format = auto
Extension = pcd
Format = auto
Extension = pcd
Format = auto
Extension = pcd
Format = auto
Extension = pcd
Format = auto
Extension = pcd
Format = auto
Extension = pcd
Format = auto
Extension = pcd
Format = auto
Extension = pcd
Format = auto
Extension = pcd
Format = auto
Extension = pcd
Format = auto
Extension = pcd
Format = auto
Extension = pcd
Format = auto
Extension = pcd
Format = auto
Extension = pcd
Format = auto
Extension = pcd
Format = auto
Extension = pcd
Format = auto
Extension = pcd
Format = auto
Extension = pcd
Format = auto
Extension = pcd
Format = auto
Extension = pcd
Format = auto
Extension = pcd
Format = auto
Extension = pcd
Format = auto
Extension = pcd
Format = auto
Extension = pcd
Format = auto
Extension = pcd
Format = auto
Extension = pcd
Format = auto
Extension = pcd
Format = auto
Extension = pcd
Format = auto
Extension = pcd
Format = auto
Extension = pcd
Format = auto
Extension = pcd
Format = auto
Extension = pcd
Format = auto
Extension = pcd
Format = auto
Extension = pcd
Format = auto
Extension = pcd
Format = auto
Extension = pcd
Format = auto
Extension = pcd
Format = auto
Extension = pcd
Format = auto
Extension = pcd
Format = auto
Extension = pcd
Format = auto
Extension = pcd
Format = auto
Extension = pcd
Format = auto
Extension = pcd
Format = auto
Extension = pcd
Format = auto
Extension = pcd
Format = auto
Extension = pcd
Format = auto
Extension = pcd
Format = auto
Extension = pcd
Format = auto
Extension = pcd
Format = auto
Extension = pcd
Format = auto
Extension = pcd
Format = auto
Extension = pcd
Format = auto
Extension = pcd
Format = auto
Extension = pcd
Format = auto
Extension = pcd
Format = auto
Extension = pcd
Format = auto
Extension = pcd
Format = auto
Extension = pcd
Format = auto
Extension = pcd
Format = auto
Extension = pcd
Format = auto
Extension = pcd
Format = auto
Extension = pcd
Format = auto
Extension = pcd
Format = auto
Extension = pcd
Format = auto
Extension = pcd
Format = auto
Extension = pcd
Format = auto
Extension = pcd
Format = auto
Extension = pcd
Format = auto
Extension = pcd
Format = auto
Extension = pcd
Format = auto
Extension = pcd
Format = auto
Extension = pcd
Format = auto
Extension = pcd
Format = auto
Extension = pcd
Format = auto
Extension = pcd
Format = auto
Extension = pcd
Format = auto
Extension = pcd
Format = auto
Extension = pcd
Format = auto
Extension = pcd
Format = auto
Extension = pcd
Format = auto
Extension = pcd
Format = auto
Extension = pcd
Format = auto
Extension = pcd
Format = auto
Extension = pcd
Format = auto
Extension = pcd
Format = auto
Extension = pcd
Format = auto
Extension = pcd
Format = auto
Extension = pcd
Format = auto
Extension = pcd
Format = auto
Extension = pcd
Format = auto
Extension = pcd
Format = auto
Extension = pcd
Format = auto
Extension = pcd
Format = auto
Extension = pcd
Format = auto
Extension = pcd
Format = auto
Extension = pcd
Format = auto
Extension = pcd
Format = auto
Extension = pcd
Format = auto
Extension = pcd
Format = auto
Extension = pcd
Format = auto
Extension = pcd
Format = auto
Extension = pcd
Format = auto
Extension = pcd
Format = auto
Extension = pcd
Format = auto
Extension = pcd
Format = auto
Extension = pcd
Format = auto
Extension = pcd
Format = auto
Extension = pcd
Format = auto
Extension = pcd
resuming by loading epoch 10000
frame=1/41 late_source=1/6 scenario=2026_07_15_01_26_56 timestamp=000060 receiver=5 cavs=[5, 12, 7] pred_boxes=22 gt_boxes=38 comm_bytes=151120
frame=1/41 late_source=2/6 scenario=2026_07_15_01_26_56 timestamp=000060 receiver=10 cavs=[10, 2, 13] pred_boxes=28 gt_boxes=44 comm_bytes=151664
frame=1/41 late_source=3/6 scenario=2026_07_15_01_26_56 timestamp=000060 receiver=11 cavs=[11, 4, 8] pred_boxes=36 gt_boxes=39 comm_bytes=154016
frame=1/41 late_source=4/6 scenario=2026_07_15_01_26_56 timestamp=000060 receiver=15 cavs=[15, 6] pred_boxes=13 gt_boxes=17 comm_bytes=71760
frame=1/41 late_source=5/6 scenario=2026_07_15_01_26_56 timestamp=000060 receiver=16 cavs=[16, 14, 3] pred_boxes=16 gt_boxes=29 comm_bytes=148736
frame=1/41 late_source=6/6 scenario=2026_07_15_01_26_56 timestamp=000060 receiver=17 cavs=[17, 20] pred_boxes=18 gt_boxes=21 comm_bytes=78368
sgcp_late_fusion frame=1/41 scenario=2026_07_15_01_26_56 timestamp=000060 sources=6 fused_pred_boxes=69 fused_gt_boxes=70
frame=2/41 late_source=1/7 scenario=2026_07_15_01_26_56 timestamp=000062 receiver=2 cavs=[2, 4, 9] pred_boxes=33 gt_boxes=46 comm_bytes=112288
frame=2/41 late_source=2/7 scenario=2026_07_15_01_26_56 timestamp=000062 receiver=10 cavs=[10, 13] pred_boxes=10 gt_boxes=33 comm_bytes=74720
frame=2/41 late_source=3/7 scenario=2026_07_15_01_26_56 timestamp=000062 receiver=11 cavs=[11, 14, 1] pred_boxes=25 gt_boxes=29 comm_bytes=159232
frame=2/41 late_source=4/7 scenario=2026_07_15_01_26_56 timestamp=000062 receiver=12 cavs=[12, 7, 5] pred_boxes=22 gt_boxes=36 comm_bytes=95712
frame=2/41 late_source=5/7 scenario=2026_07_15_01_26_56 timestamp=000062 receiver=15 cavs=[15, 6] pred_boxes=15 gt_boxes=17 comm_bytes=71648
frame=2/41 late_source=6/7 scenario=2026_07_15_01_26_56 timestamp=000062 receiver=16 cavs=[16, 17] pred_boxes=15 gt_boxes=25 comm_bytes=78976
frame=2/41 late_source=7/7 scenario=2026_07_15_01_26_56 timestamp=000062 receiver=20 cavs=[20, 3] pred_boxes=19 gt_boxes=25 comm_bytes=79104
sgcp_late_fusion frame=2/41 scenario=2026_07_15_01_26_56 timestamp=000062 sources=7 fused_pred_boxes=69 fused_gt_boxes=69
frame=3/41 late_source=1/7 scenario=2026_07_15_01_26_56 timestamp=000064 receiver=1 cavs=[1, 13, 10] pred_boxes=28 gt_boxes=42 comm_bytes=147440
frame=3/41 late_source=2/7 scenario=2026_07_15_01_26_56 timestamp=000064 receiver=2 cavs=[2, 4] pred_boxes=32 gt_boxes=42 comm_bytes=77936
frame=3/41 late_source=3/7 scenario=2026_07_15_01_26_56 timestamp=000064 receiver=11 cavs=[11, 14, 19] pred_boxes=16 gt_boxes=21 comm_bytes=151920
frame=3/41 late_source=4/7 scenario=2026_07_15_01_26_56 timestamp=000064 receiver=12 cavs=[12, 7] pred_boxes=23 gt_boxes=34 comm_bytes=78048
frame=3/41 late_source=5/7 scenario=2026_07_15_01_26_56 timestamp=000064 receiver=15 cavs=[15, 6] pred_boxes=15 gt_boxes=17 comm_bytes=72192
frame=3/41 late_source=6/7 scenario=2026_07_15_01_26_56 timestamp=000064 receiver=16 cavs=[16, 3] pred_boxes=14 gt_boxes=28 comm_bytes=78496
frame=3/41 late_source=7/7 scenario=2026_07_15_01_26_56 timestamp=000064 receiver=17 cavs=[17, 20, 18] pred_boxes=18 gt_boxes=23 comm_bytes=154768
sgcp_late_fusion frame=3/41 scenario=2026_07_15_01_26_56 timestamp=000064 sources=7 fused_pred_boxes=72 fused_gt_boxes=70
frame=4/41 late_source=1/7 scenario=2026_07_15_01_26_56 timestamp=000066 receiver=1 cavs=[1, 13, 10] pred_boxes=29 gt_boxes=43 comm_bytes=147168
frame=4/41 late_source=2/7 scenario=2026_07_15_01_26_56 timestamp=000066 receiver=2 cavs=[2, 4, 8] pred_boxes=36 gt_boxes=48 comm_bytes=151152
frame=4/41 late_source=3/7 scenario=2026_07_15_01_26_56 timestamp=000066 receiver=11 cavs=[11, 14, 19] pred_boxes=19 gt_boxes=22 comm_bytes=151632
frame=4/41 late_source=4/7 scenario=2026_07_15_01_26_56 timestamp=000066 receiver=12 cavs=[12, 7] pred_boxes=22 gt_boxes=34 comm_bytes=77824
frame=4/41 late_source=5/7 scenario=2026_07_15_01_26_56 timestamp=000066 receiver=15 cavs=[15, 6] pred_boxes=14 gt_boxes=17 comm_bytes=72112
frame=4/41 late_source=6/7 scenario=2026_07_15_01_26_56 timestamp=000066 receiver=16 cavs=[16, 17] pred_boxes=11 gt_boxes=24 comm_bytes=78688
frame=4/41 late_source=7/7 scenario=2026_07_15_01_26_56 timestamp=000066 receiver=20 cavs=[20, 3] pred_boxes=19 gt_boxes=25 comm_bytes=79104
sgcp_late_fusion frame=4/41 scenario=2026_07_15_01_26_56 timestamp=000066 sources=7 fused_pred_boxes=74 fused_gt_boxes=70
frame=5/41 late_source=1/7 scenario=2026_07_15_01_26_56 timestamp=000068 receiver=2 cavs=[2, 4, 8] pred_boxes=40 gt_boxes=46 comm_bytes=150864
frame=5/41 late_source=2/7 scenario=2026_07_15_01_26_56 timestamp=000068 receiver=10 cavs=[10, 13] pred_boxes=12 gt_boxes=31 comm_bytes=74752
frame=5/41 late_source=3/7 scenario=2026_07_15_01_26_56 timestamp=000068 receiver=11 cavs=[11, 14, 1] pred_boxes=24 gt_boxes=30 comm_bytes=159072
frame=5/41 late_source=4/7 scenario=2026_07_15_01_26_56 timestamp=000068 receiver=12 cavs=[12, 7, 5] pred_boxes=25 gt_boxes=37 comm_bytes=89056
frame=5/41 late_source=5/7 scenario=2026_07_15_01_26_56 timestamp=000068 receiver=15 cavs=[15, 6] pred_boxes=15 gt_boxes=16 comm_bytes=72224
frame=5/41 late_source=6/7 scenario=2026_07_15_01_26_56 timestamp=000068 receiver=16 cavs=[16, 17] pred_boxes=11 gt_boxes=23 comm_bytes=78608
frame=5/41 late_source=7/7 scenario=2026_07_15_01_26_56 timestamp=000068 receiver=20 cavs=[20, 3] pred_boxes=17 gt_boxes=25 comm_bytes=79264
sgcp_late_fusion frame=5/41 scenario=2026_07_15_01_26_56 timestamp=000068 sources=7 fused_pred_boxes=73 fused_gt_boxes=71
frame=6/41 late_source=1/7 scenario=2026_07_15_01_26_56 timestamp=000070 receiver=2 cavs=[2, 4, 8] pred_boxes=34 gt_boxes=46 comm_bytes=152672
frame=6/41 late_source=2/7 scenario=2026_07_15_01_26_56 timestamp=000070 receiver=10 cavs=[10, 13] pred_boxes=11 gt_boxes=31 comm_bytes=74752
frame=6/41 late_source=3/7 scenario=2026_07_15_01_26_56 timestamp=000070 receiver=11 cavs=[11, 14, 1] pred_boxes=24 gt_boxes=30 comm_bytes=159136
frame=6/41 late_source=4/7 scenario=2026_07_15_01_26_56 timestamp=000070 receiver=12 cavs=[12, 7, 5] pred_boxes=19 gt_boxes=37 comm_bytes=140848
frame=6/41 late_source=5/7 scenario=2026_07_15_01_26_56 timestamp=000070 receiver=15 cavs=[15, 6] pred_boxes=15 gt_boxes=16 comm_bytes=72160
frame=6/41 late_source=6/7 scenario=2026_07_15_01_26_56 timestamp=000070 receiver=16 cavs=[16, 17] pred_boxes=11 gt_boxes=24 comm_bytes=78528
frame=6/41 late_source=7/7 scenario=2026_07_15_01_26_56 timestamp=000070 receiver=20 cavs=[20, 3] pred_boxes=17 gt_boxes=25 comm_bytes=78832
sgcp_late_fusion frame=6/41 scenario=2026_07_15_01_26_56 timestamp=000070 sources=7 fused_pred_boxes=69 fused_gt_boxes=70
frame=7/41 late_source=1/7 scenario=2026_07_15_01_26_56 timestamp=000072 receiver=1 cavs=[1, 11] pred_boxes=24 gt_boxes=30 comm_bytes=73616
frame=7/41 late_source=2/7 scenario=2026_07_15_01_26_56 timestamp=000072 receiver=2 cavs=[2, 4, 9] pred_boxes=32 gt_boxes=49 comm_bytes=114080
frame=7/41 late_source=3/7 scenario=2026_07_15_01_26_56 timestamp=000072 receiver=10 cavs=[10, 14, 13] pred_boxes=12 gt_boxes=30 comm_bytes=155984
frame=7/41 late_source=4/7 scenario=2026_07_15_01_26_56 timestamp=000072 receiver=12 cavs=[12, 7] pred_boxes=22 gt_boxes=31 comm_bytes=77872
frame=7/41 late_source=5/7 scenario=2026_07_15_01_26_56 timestamp=000072 receiver=15 cavs=[15, 6] pred_boxes=15 gt_boxes=18 comm_bytes=71920
frame=7/41 late_source=6/7 scenario=2026_07_15_01_26_56 timestamp=000072 receiver=16 cavs=[16, 3] pred_boxes=15 gt_boxes=27 comm_bytes=78080
frame=7/41 late_source=7/7 scenario=2026_07_15_01_26_56 timestamp=000072 receiver=17 cavs=[17, 20, 18] pred_boxes=18 gt_boxes=23 comm_bytes=154096
sgcp_late_fusion frame=7/41 scenario=2026_07_15_01_26_56 timestamp=000072 sources=7 fused_pred_boxes=69 fused_gt_boxes=70
frame=8/41 late_source=1/7 scenario=2026_07_15_01_26_56 timestamp=000074 receiver=1 cavs=[1, 11] pred_boxes=24 gt_boxes=29 comm_bytes=73568
frame=8/41 late_source=2/7 scenario=2026_07_15_01_26_56 timestamp=000074 receiver=2 cavs=[2, 4, 9] pred_boxes=30 gt_boxes=48 comm_bytes=113808
frame=8/41 late_source=3/7 scenario=2026_07_15_01_26_56 timestamp=000074 receiver=10 cavs=[10, 14, 13] pred_boxes=11 gt_boxes=30 comm_bytes=155264Format = auto
Extension = pcd
Format = auto
Extension = pcd
Format = auto
Extension = pcd
Format = auto
Extension = pcd
Format = auto
Extension = pcd
Format = auto
Extension = pcd
Format = auto
Extension = pcd
Format = auto
Extension = pcd
Format = auto
Extension = pcd
Format = auto
Extension = pcd
Format = auto
Extension = pcd
Format = auto
Extension = pcd
Format = auto
Extension = pcd
Format = auto
Extension = pcd
Format = auto
Extension = pcd
Format = auto
Extension = pcd
Format = auto
Extension = pcd
Format = auto
Extension = pcd
Format = auto
Extension = pcd
Format = auto
Extension = pcd
Format = auto
Extension = pcd
Format = auto
Extension = pcd
Format = auto
Extension = pcd
Format = auto
Extension = pcd
Format = auto
Extension = pcd
Format = auto
Extension = pcd
Format = auto
Extension = pcd
Format = auto
Extension = pcd
Format = auto
Extension = pcd
Format = auto
Extension = pcd
Format = auto
Extension = pcd
Format = auto
Extension = pcd
Format = auto
Extension = pcd
Format = auto
Extension = pcd
Format = auto
Extension = pcd
Format = auto
Extension = pcd
Format = auto
Extension = pcd
Format = auto
Extension = pcd
Format = auto
Extension = pcd
Format = auto
Extension = pcd
Format = auto
Extension = pcd
Format = auto
Extension = pcd
Format = auto
Extension = pcd
Format = auto
Extension = pcd
Format = auto
Extension = pcd
Format = auto
Extension = pcd
Format = auto
Extension = pcd
Format = auto
Extension = pcd
Format = auto
Extension = pcd
Format = auto
Extension = pcd
Format = auto
Extension = pcd
Format = auto
Extension = pcd
Format = auto
Extension = pcd
Format = auto
Extension = pcd
Format = auto
Extension = pcd
Format = auto
Extension = pcd
Format = auto
Extension = pcd
Format = auto
Extension = pcd
Format = auto
Extension = pcd
Format = auto
Extension = pcd
Format = auto
Extension = pcd
Format = auto
Extension = pcd
Format = auto
Extension = pcd
Format = auto
Extension = pcd
Format = auto
Extension = pcd
Format = auto
Extension = pcd
Format = auto
Extension = pcd
Format = auto
Extension = pcd
Format = auto
Extension = pcd
Format = auto
Extension = pcd
Format = auto
Extension = pcd
Format = auto
Extension = pcd
Format = auto
Extension = pcd
Format = auto
Extension = pcd
Format = auto
Extension = pcd
Format = auto
Extension = pcd
Format = auto
Extension = pcd
Format = auto
Extension = pcd
Format = auto
Extension = pcd
Format = auto
Extension = pcd
Format = auto
Extension = pcd
Format = auto
Extension = pcd
Format = auto
Extension = pcd
Format = auto
Extension = pcd
Format = auto
Extension = pcd
Format = auto
Extension = pcd
Format = auto
Extension = pcd
Format = auto
Extension = pcd
Format = auto
Extension = pcd
Format = auto
Extension = pcd
Format = auto
Extension = pcd
Format = auto
Extension = pcd
Format = auto
Extension = pcd
Format = auto
Extension = pcd
Format = auto
Extension = pcd
Format = auto
Extension = pcd
Format = auto
Extension = pcd
Format = auto
Extension = pcd
Format = auto
Extension = pcd
Format = auto
Extension = pcd
Format = auto
Extension = pcd
Format = auto
Extension = pcd
Format = auto
Extension = pcd
Format = auto
Extension = pcd
Format = auto
Extension = pcd
Format = auto
Extension = pcd
Format = auto
Extension = pcd
Format = auto
Extension = pcd
Format = auto
Extension = pcd
Format = auto
Extension = pcd
Format = auto
Extension = pcd
Format = auto
Extension = pcd
Format = auto
Extension = pcd
Format = auto
Extension = pcd
Format = auto
Extension = pcd
Format = auto
Extension = pcd
Format = auto
Extension = pcd
Format = auto
Extension = pcd
Format = auto
Extension = pcd
Format = auto
Extension = pcd
Format = auto
Extension = pcd
Format = auto
Extension = pcd
Format = auto
Extension = pcd
Format = auto
Extension = pcd
Format = auto
Extension = pcd
Format = auto
Extension = pcd
Format = auto
Extension = pcd
Format = auto
Extension = pcd
Format = auto
Extension = pcd
Format = auto
Extension = pcd
Format = auto
Extension = pcd
Format = auto
Extension = pcd
Format = auto
Extension = pcd
Format = auto
Extension = pcd
Format = auto
Extension = pcd
Format = auto
Extension = pcd
Format = auto
Extension = pcd
Format = auto
Extension = pcd
Format = auto
Extension = pcd
Format = auto
Extension = pcd

frame=8/41 late_source=4/7 scenario=2026_07_15_01_26_56 timestamp=000074 receiver=12 cavs=[12, 7] pred_boxes=19 gt_boxes=34 comm_bytes=78080
frame=8/41 late_source=5/7 scenario=2026_07_15_01_26_56 timestamp=000074 receiver=15 cavs=[15, 6] pred_boxes=15 gt_boxes=18 comm_bytes=71856
frame=8/41 late_source=6/7 scenario=2026_07_15_01_26_56 timestamp=000074 receiver=16 cavs=[16, 3] pred_boxes=15 gt_boxes=26 comm_bytes=78288
frame=8/41 late_source=7/7 scenario=2026_07_15_01_26_56 timestamp=000074 receiver=17 cavs=[17, 20, 18] pred_boxes=19 gt_boxes=22 comm_bytes=153616
sgcp_late_fusion frame=8/41 scenario=2026_07_15_01_26_56 timestamp=000074 sources=7 fused_pred_boxes=67 fused_gt_boxes=69
frame=9/41 late_source=1/7 scenario=2026_07_15_01_26_56 timestamp=000076 receiver=1 cavs=[1, 11] pred_boxes=23 gt_boxes=30 comm_bytes=73520
frame=9/41 late_source=2/7 scenario=2026_07_15_01_26_56 timestamp=000076 receiver=2 cavs=[2, 4, 9] pred_boxes=30 gt_boxes=49 comm_bytes=113808
frame=9/41 late_source=3/7 scenario=2026_07_15_01_26_56 timestamp=000076 receiver=10 cavs=[10, 14, 13] pred_boxes=11 gt_boxes=29 comm_bytes=155392
frame=9/41 late_source=4/7 scenario=2026_07_15_01_26_56 timestamp=000076 receiver=12 cavs=[12, 7] pred_boxes=22 gt_boxes=32 comm_bytes=78176
frame=9/41 late_source=5/7 scenario=2026_07_15_01_26_56 timestamp=000076 receiver=15 cavs=[15, 6] pred_boxes=16 gt_boxes=18 comm_bytes=72208
frame=9/41 late_source=6/7 scenario=2026_07_15_01_26_56 timestamp=000076 receiver=16 cavs=[16, 3] pred_boxes=12 gt_boxes=25 comm_bytes=77856
frame=9/41 late_source=7/7 scenario=2026_07_15_01_26_56 timestamp=000076 receiver=17 cavs=[17, 20, 18] pred_boxes=20 gt_boxes=23 comm_bytes=152096
sgcp_late_fusion frame=9/41 scenario=2026_07_15_01_26_56 timestamp=000076 sources=7 fused_pred_boxes=70 fused_gt_boxes=69
frame=10/41 late_source=1/6 scenario=2026_07_15_01_26_56 timestamp=000078 receiver=2 cavs=[2, 4, 8] pred_boxes=31 gt_boxes=46 comm_bytes=152768
frame=10/41 late_source=2/6 scenario=2026_07_15_01_26_56 timestamp=000078 receiver=5 cavs=[5, 12, 7] pred_boxes=20 gt_boxes=35 comm_bytes=150496
frame=10/41 late_source=3/6 scenario=2026_07_15_01_26_56 timestamp=000078 receiver=10 cavs=[10, 11, 13] pred_boxes=25 gt_boxes=35 comm_bytes=152384
frame=10/41 late_source=4/6 scenario=2026_07_15_01_26_56 timestamp=000078 receiver=15 cavs=[15, 6] pred_boxes=17 gt_boxes=19 comm_bytes=72208
frame=10/41 late_source=5/6 scenario=2026_07_15_01_26_56 timestamp=000078 receiver=16 cavs=[16, 14, 3] pred_boxes=12 gt_boxes=26 comm_bytes=152480
frame=10/41 late_source=6/6 scenario=2026_07_15_01_26_56 timestamp=000078 receiver=17 cavs=[17, 20] pred_boxes=19 gt_boxes=22 comm_bytes=78304
sgcp_late_fusion frame=10/41 scenario=2026_07_15_01_26_56 timestamp=000078 sources=6 fused_pred_boxes=64 fused_gt_boxes=69
frame=11/41 late_source=1/7 scenario=2026_07_15_01_26_56 timestamp=000080 receiver=1 cavs=[1, 11] pred_boxes=24 gt_boxes=32 comm_bytes=73472
frame=11/41 late_source=2/7 scenario=2026_07_15_01_26_56 timestamp=000080 receiver=2 cavs=[2, 4, 8] pred_boxes=35 gt_boxes=46 comm_bytes=150720
frame=11/41 late_source=3/7 scenario=2026_07_15_01_26_56 timestamp=000080 receiver=13 cavs=[13, 14, 10] pred_boxes=12 gt_boxes=31 comm_bytes=156704
frame=11/41 late_source=4/7 scenario=2026_07_15_01_26_56 timestamp=000080 receiver=15 cavs=[15, 6] pred_boxes=15 gt_boxes=18 comm_bytes=72192
frame=11/41 late_source=5/7 scenario=2026_07_15_01_26_56 timestamp=000080 receiver=16 cavs=[16, 17] pred_boxes=14 gt_boxes=23 comm_bytes=78656
frame=11/41 late_source=6/7 scenario=2026_07_15_01_26_56 timestamp=000080 receiver=18 cavs=[18, 3] pred_boxes=6 gt_boxes=11 comm_bytes=78800
frame=11/41 late_source=7/7 scenario=2026_07_15_01_26_56 timestamp=000080 receiver=20 cavs=[20, 12, 7] pred_boxes=30 gt_boxes=41 comm_bytes=152400
sgcp_late_fusion frame=11/41 scenario=2026_07_15_01_26_56 timestamp=000080 sources=7 fused_pred_boxes=69 fused_gt_boxes=70
frame=12/41 late_source=1/7 scenario=2026_07_15_01_26_56 timestamp=000082 receiver=2 cavs=[2, 4, 8] pred_boxes=32 gt_boxes=46 comm_bytes=150688
frame=12/41 late_source=2/7 scenario=2026_07_15_01_26_56 timestamp=000082 receiver=5 cavs=[5, 12, 9] pred_boxes=20 gt_boxes=36 comm_bytes=148096
frame=12/41 late_source=3/7 scenario=2026_07_15_01_26_56 timestamp=000082 receiver=10 cavs=[10, 14, 13] pred_boxes=13 gt_boxes=30 comm_bytes=154752
frame=12/41 late_source=4/7 scenario=2026_07_15_01_26_56 timestamp=000082 receiver=11 cavs=[11, 19] pred_boxes=16 gt_boxes=24 comm_bytes=76848
frame=12/41 late_source=5/7 scenario=2026_07_15_01_26_56 timestamp=000082 receiver=15 cavs=[15, 6] pred_boxes=16 gt_boxes=18 comm_bytes=72432
frame=12/41 late_source=6/7 scenario=2026_07_15_01_26_56 timestamp=000082 receiver=16 cavs=[16, 17] pred_boxes=12 gt_boxes=22 comm_bytes=78352
frame=12/41 late_source=7/7 scenario=2026_07_15_01_26_56 timestamp=000082 receiver=18 cavs=[18, 3] pred_boxes=7 gt_boxes=11 comm_bytes=79136
sgcp_late_fusion frame=12/41 scenario=2026_07_15_01_26_56 timestamp=000082 sources=7 fused_pred_boxes=66 fused_gt_boxes=70
frame=13/41 late_source=1/7 scenario=2026_07_15_01_26_56 timestamp=000084 receiver=2 cavs=[2, 6, 15] pred_boxes=27 gt_boxes=33 comm_bytes=145568
frame=13/41 late_source=2/7 scenario=2026_07_15_01_26_56 timestamp=000084 receiver=4 cavs=[4, 8] pred_boxes=23 gt_boxes=36 comm_bytes=76528
frame=13/41 late_source=3/7 scenario=2026_07_15_01_26_56 timestamp=000084 receiver=5 cavs=[5, 12, 9] pred_boxes=26 gt_boxes=33 comm_bytes=148256
frame=13/41 late_source=4/7 scenario=2026_07_15_01_26_56 timestamp=000084 receiver=10 cavs=[10, 14, 13] pred_boxes=11 gt_boxes=31 comm_bytes=153552
frame=13/41 late_source=5/7 scenario=2026_07_15_01_26_56 timestamp=000084 receiver=11 cavs=[11, 19] pred_boxes=13 gt_boxes=24 comm_bytes=76848
frame=13/41 late_source=6/7 scenario=2026_07_15_01_26_56 timestamp=000084 receiver=16 cavs=[16, 17] pred_boxes=12 gt_boxes=22 comm_bytes=78336
frame=13/41 late_source=7/7 scenario=2026_07_15_01_26_56 timestamp=000084 receiver=18 cavs=[18, 3] pred_boxes=8 gt_boxes=11 comm_bytes=78928
sgcp_late_fusion frame=13/41 scenario=2026_07_15_01_26_56 timestamp=000084 sources=7 fused_pred_boxes=68 fused_gt_boxes=70
frame=14/41 late_source=1/7 scenario=2026_07_15_01_26_56 timestamp=000086 receiver=1 cavs=[1, 13, 10] pred_boxes=28 gt_boxes=43 comm_bytes=145408
frame=14/41 late_source=2/7 scenario=2026_07_15_01_26_56 timestamp=000086 receiver=2 cavs=[2, 6, 15] pred_boxes=27 gt_boxes=34 comm_bytes=145760
frame=14/41 late_source=3/7 scenario=2026_07_15_01_26_56 timestamp=000086 receiver=4 cavs=[4, 8] pred_boxes=21 gt_boxes=35 comm_bytes=76576
frame=14/41 late_source=4/7 scenario=2026_07_15_01_26_56 timestamp=000086 receiver=5 cavs=[5, 12, 9] pred_boxes=23 gt_boxes=33 comm_bytes=148480
frame=14/41 late_source=5/7 scenario=2026_07_15_01_26_56 timestamp=000086 receiver=11 cavs=[11, 14] pred_boxes=15 gt_boxes=16 comm_bytes=80240
frame=14/41 late_source=6/7 scenario=2026_07_15_01_26_56 timestamp=000086 receiver=16 cavs=[16, 3] pred_boxes=11 gt_boxes=25 comm_bytes=78560
frame=14/41 late_source=7/7 scenario=2026_07_15_01_26_56 timestamp=000086 receiver=17 cavs=[17, 20] pred_boxes=20 gt_boxes=23 comm_bytes=78256
sgcp_late_fusion frame=14/41 scenario=2026_07_15_01_26_56 timestamp=000086 sources=7 fused_pred_boxes=70 fused_gt_boxes=69
frame=15/41 late_source=1/6 scenario=2026_07_15_01_26_56 timestamp=000088 receiver=1 cavs=[1, 6] pred_boxes=26 gt_boxes=30 comm_bytes=74288
frame=15/41 late_source=2/6 scenario=2026_07_15_01_26_56 timestamp=000088 receiver=2 cavs=[2, 4, 8] pred_boxes=35 gt_boxes=46 comm_bytes=152736
frame=15/41 late_source=3/6 scenario=2026_07_15_01_26_56 timestamp=000088 receiver=5 cavs=[5, 17, 7] pred_boxes=18 gt_boxes=18 comm_bytes=152208
frame=15/41 late_source=4/6 scenario=2026_07_15_01_26_56 timestamp=000088 receiver=10 cavs=[10, 14, 13] pred_boxes=14 gt_boxes=30 comm_bytes=154128
frame=15/41 late_source=5/6 scenario=2026_07_15_01_26_56 timestamp=000088 receiver=16 cavs=[16, 3, 9] pred_boxes=19 gt_boxes=28 comm_bytes=141728
frame=15/41 late_source=6/6 scenario=2026_07_15_01_26_56 timestamp=000088 receiver=19 cavs=[19, 20] pred_boxes=18 gt_boxes=26 comm_bytes=78352Format = auto
Extension = pcd
Format = auto
Extension = pcd
Format = auto
Extension = pcd
Format = auto
Extension = pcd
Format = auto
Extension = pcd
Format = auto
Extension = pcd
Format = auto
Extension = pcd
Format = auto
Extension = pcd
Format = auto
Extension = pcd
Format = auto
Extension = pcd
Format = auto
Extension = pcd
Format = auto
Extension = pcd
Format = auto
Extension = pcd
Format = auto
Extension = pcd
Format = auto
Extension = pcd
Format = auto
Extension = pcd
Format = auto
Extension = pcd
Format = auto
Extension = pcd
Format = auto
Extension = pcd
Format = auto
Extension = pcd
Format = auto
Extension = pcd
Format = auto
Extension = pcd
Format = auto
Extension = pcd
Format = auto
Extension = pcd
Format = auto
Extension = pcd
Format = auto
Extension = pcd
Format = auto
Extension = pcd
Format = auto
Extension = pcd
Format = auto
Extension = pcd
Format = auto
Extension = pcd
Format = auto
Extension = pcd
Format = auto
Extension = pcd
Format = auto
Extension = pcd
Format = auto
Extension = pcd
Format = auto
Extension = pcd
Format = auto
Extension = pcd
Format = auto
Extension = pcd
Format = auto
Extension = pcd
Format = auto
Extension = pcd
Format = auto
Extension = pcd
Format = auto
Extension = pcd
Format = auto
Extension = pcd
Format = auto
Extension = pcd
Format = auto
Extension = pcd
Format = auto
Extension = pcd
Format = auto
Extension = pcd
Format = auto
Extension = pcd
Format = auto
Extension = pcd
Format = auto
Extension = pcd
Format = auto
Extension = pcd
Format = auto
Extension = pcd
Format = auto
Extension = pcd
Format = auto
Extension = pcd
Format = auto
Extension = pcd
Format = auto
Extension = pcd
Format = auto
Extension = pcd
Format = auto
Extension = pcd
Format = auto
Extension = pcd
Format = auto
Extension = pcd
Format = auto
Extension = pcd
Format = auto
Extension = pcd
Format = auto
Extension = pcd
Format = auto
Extension = pcd
Format = auto
Extension = pcd
Format = auto
Extension = pcd
Format = auto
Extension = pcd
Format = auto
Extension = pcd
Format = auto
Extension = pcd
Format = auto
Extension = pcd
Format = auto
Extension = pcd
Format = auto
Extension = pcd
Format = auto
Extension = pcd
Format = auto
Extension = pcd
Format = auto
Extension = pcd
Format = auto
Extension = pcd
Format = auto
Extension = pcd
Format = auto
Extension = pcd
Format = auto
Extension = pcd
Format = auto
Extension = pcd
Format = auto
Extension = pcd
Format = auto
Extension = pcd
Format = auto
Extension = pcd
Format = auto
Extension = pcd
Format = auto
Extension = pcd
Format = auto
Extension = pcd
Format = auto
Extension = pcd
Format = auto
Extension = pcd
Format = auto
Extension = pcd
Format = auto
Extension = pcd
Format = auto
Extension = pcd
Format = auto
Extension = pcd
Format = auto
Extension = pcd
Format = auto
Extension = pcd
Format = auto
Extension = pcd
Format = auto
Extension = pcd
Format = auto
Extension = pcd
Format = auto
Extension = pcd
Format = auto
Extension = pcd
Format = auto
Extension = pcd
Format = auto
Extension = pcd
Format = auto
Extension = pcd
Format = auto
Extension = pcd
Format = auto
Extension = pcd
Format = auto
Extension = pcd
Format = auto
Extension = pcd
Format = auto
Extension = pcd
Format = auto
Extension = pcd
Format = auto
Extension = pcd
Format = auto
Extension = pcd
Format = auto
Extension = pcd
Format = auto
Extension = pcd
Format = auto
Extension = pcd
Format = auto
Extension = pcd
Format = auto
Extension = pcd
Format = auto
Extension = pcd
Format = auto
Extension = pcd
Format = auto
Extension = pcd
Format = auto
Extension = pcd
Format = auto
Extension = pcd
Format = auto
Extension = pcd
Format = auto
Extension = pcd
Format = auto
Extension = pcd
Format = auto
Extension = pcd
Format = auto
Extension = pcd
Format = auto
Extension = pcd
Format = auto
Extension = pcd
Format = auto
Extension = pcd
Format = auto
Extension = pcd
Format = auto
Extension = pcd
Format = auto
Extension = pcd
Format = auto
Extension = pcd
Format = auto
Extension = pcd
Format = auto
Extension = pcd
Format = auto
Extension = pcd
Format = auto
Extension = pcd
Format = auto
Extension = pcd
Format = auto
Extension = pcd
Format = auto
Extension = pcd
Format = auto
Extension = pcd
Format = auto
Extension = pcd
Format = auto
Extension = pcd
Format = auto
Extension = pcd
Format = auto
Extension = pcd
Format = auto
Extension = pcd
Format = auto
Extension = pcd
Format = auto
Extension = pcd
Format = auto
Extension = pcd
Format = auto
Extension = pcd
Format = auto
Extension = pcd
Format = auto
Extension = pcd
Format = auto
Extension = pcd
Format = auto
Extension = pcd
Format = auto
Extension = pcd
Format = auto
Extension = pcd
Format = auto
Extension = pcd
Format = auto
Extension = pcd
Format = auto
Extension = pcd
Format = auto
Extension = pcd
Format = auto
Extension = pcd
Format = auto
Extension = pcd

sgcp_late_fusion frame=15/41 scenario=2026_07_15_01_26_56 timestamp=000088 sources=6 fused_pred_boxes=68 fused_gt_boxes=68
frame=16/41 late_source=1/7 scenario=2026_07_15_01_26_56 timestamp=000090 receiver=2 cavs=[2, 6, 15] pred_boxes=29 gt_boxes=34 comm_bytes=145824
frame=16/41 late_source=2/7 scenario=2026_07_15_01_26_56 timestamp=000090 receiver=4 cavs=[4, 8] pred_boxes=20 gt_boxes=35 comm_bytes=76576
frame=16/41 late_source=3/7 scenario=2026_07_15_01_26_56 timestamp=000090 receiver=5 cavs=[5, 12, 9] pred_boxes=21 gt_boxes=33 comm_bytes=148384
frame=16/41 late_source=4/7 scenario=2026_07_15_01_26_56 timestamp=000090 receiver=10 cavs=[10, 14, 13] pred_boxes=15 gt_boxes=31 comm_bytes=153312
frame=16/41 late_source=5/7 scenario=2026_07_15_01_26_56 timestamp=000090 receiver=11 cavs=[11, 19] pred_boxes=16 gt_boxes=24 comm_bytes=76880
frame=16/41 late_source=6/7 scenario=2026_07_15_01_26_56 timestamp=000090 receiver=16 cavs=[16, 3] pred_boxes=13 gt_boxes=25 comm_bytes=78848
frame=16/41 late_source=7/7 scenario=2026_07_15_01_26_56 timestamp=000090 receiver=17 cavs=[17, 20] pred_boxes=21 gt_boxes=24 comm_bytes=78272
sgcp_late_fusion frame=16/41 scenario=2026_07_15_01_26_56 timestamp=000090 sources=7 fused_pred_boxes=68 fused_gt_boxes=69
frame=17/41 late_source=1/7 scenario=2026_07_15_01_26_56 timestamp=000092 receiver=2 cavs=[2, 6, 15] pred_boxes=27 gt_boxes=34 comm_bytes=146000
frame=17/41 late_source=2/7 scenario=2026_07_15_01_26_56 timestamp=000092 receiver=4 cavs=[4, 8] pred_boxes=20 gt_boxes=35 comm_bytes=76592
frame=17/41 late_source=3/7 scenario=2026_07_15_01_26_56 timestamp=000092 receiver=5 cavs=[5, 12, 9] pred_boxes=24 gt_boxes=32 comm_bytes=148512
frame=17/41 late_source=4/7 scenario=2026_07_15_01_26_56 timestamp=000092 receiver=10 cavs=[10, 14, 13] pred_boxes=16 gt_boxes=31 comm_bytes=153024
frame=17/41 late_source=5/7 scenario=2026_07_15_01_26_56 timestamp=000092 receiver=11 cavs=[11, 19] pred_boxes=17 gt_boxes=23 comm_bytes=76864
frame=17/41 late_source=6/7 scenario=2026_07_15_01_26_56 timestamp=000092 receiver=16 cavs=[16, 3] pred_boxes=10 gt_boxes=24 comm_bytes=78992
frame=17/41 late_source=7/7 scenario=2026_07_15_01_26_56 timestamp=000092 receiver=17 cavs=[17, 20] pred_boxes=22 gt_boxes=24 comm_bytes=78288
sgcp_late_fusion frame=17/41 scenario=2026_07_15_01_26_56 timestamp=000092 sources=7 fused_pred_boxes=68 fused_gt_boxes=69
frame=18/41 late_source=1/7 scenario=2026_07_15_01_26_56 timestamp=000094 receiver=2 cavs=[2, 6, 15] pred_boxes=30 gt_boxes=34 comm_bytes=146240
frame=18/41 late_source=2/7 scenario=2026_07_15_01_26_56 timestamp=000094 receiver=4 cavs=[4, 8] pred_boxes=20 gt_boxes=34 comm_bytes=76608
frame=18/41 late_source=3/7 scenario=2026_07_15_01_26_56 timestamp=000094 receiver=5 cavs=[5, 12, 7] pred_boxes=20 gt_boxes=33 comm_bytes=151904
frame=18/41 late_source=4/7 scenario=2026_07_15_01_26_56 timestamp=000094 receiver=10 cavs=[10, 14, 13] pred_boxes=17 gt_boxes=31 comm_bytes=153120
frame=18/41 late_source=5/7 scenario=2026_07_15_01_26_56 timestamp=000094 receiver=11 cavs=[11, 19] pred_boxes=17 gt_boxes=22 comm_bytes=76864
frame=18/41 late_source=6/7 scenario=2026_07_15_01_26_56 timestamp=000094 receiver=16 cavs=[16, 3] pred_boxes=13 gt_boxes=24 comm_bytes=79088
frame=18/41 late_source=7/7 scenario=2026_07_15_01_26_56 timestamp=000094 receiver=17 cavs=[17, 20] pred_boxes=22 gt_boxes=24 comm_bytes=78176
sgcp_late_fusion frame=18/41 scenario=2026_07_15_01_26_56 timestamp=000094 sources=7 fused_pred_boxes=70 fused_gt_boxes=70
frame=19/41 late_source=1/6 scenario=2026_07_15_01_26_56 timestamp=000096 receiver=1 cavs=[1, 6, 15] pred_boxes=29 gt_boxes=35 comm_bytes=144976
frame=19/41 late_source=2/6 scenario=2026_07_15_01_26_56 timestamp=000096 receiver=4 cavs=[4, 2, 8] pred_boxes=33 gt_boxes=44 comm_bytes=152512
frame=19/41 late_source=3/6 scenario=2026_07_15_01_26_56 timestamp=000096 receiver=10 cavs=[10, 14, 13] pred_boxes=16 gt_boxes=30 comm_bytes=151616
frame=19/41 late_source=4/6 scenario=2026_07_15_01_26_56 timestamp=000096 receiver=12 cavs=[12, 9, 7] pred_boxes=19 gt_boxes=35 comm_bytes=149472
frame=19/41 late_source=5/6 scenario=2026_07_15_01_26_56 timestamp=000096 receiver=16 cavs=[16, 3] pred_boxes=15 gt_boxes=24 comm_bytes=79232
frame=19/41 late_source=6/6 scenario=2026_07_15_01_26_56 timestamp=000096 receiver=17 cavs=[17, 20] pred_boxes=21 gt_boxes=24 comm_bytes=78144
sgcp_late_fusion frame=19/41 scenario=2026_07_15_01_26_56 timestamp=000096 sources=6 fused_pred_boxes=70 fused_gt_boxes=71
frame=20/41 late_source=1/6 scenario=2026_07_15_01_26_56 timestamp=000098 receiver=1 cavs=[1, 6, 15] pred_boxes=28 gt_boxes=34 comm_bytes=144800
frame=20/41 late_source=2/6 scenario=2026_07_15_01_26_56 timestamp=000098 receiver=4 cavs=[4, 2, 8] pred_boxes=31 gt_boxes=44 comm_bytes=152320
frame=20/41 late_source=3/6 scenario=2026_07_15_01_26_56 timestamp=000098 receiver=10 cavs=[10, 14, 13] pred_boxes=16 gt_boxes=29 comm_bytes=151664
frame=20/41 late_source=4/6 scenario=2026_07_15_01_26_56 timestamp=000098 receiver=12 cavs=[12, 7] pred_boxes=17 gt_boxes=25 comm_bytes=78320
frame=20/41 late_source=5/6 scenario=2026_07_15_01_26_56 timestamp=000098 receiver=16 cavs=[16, 3, 9] pred_boxes=20 gt_boxes=28 comm_bytes=143184
frame=20/41 late_source=6/6 scenario=2026_07_15_01_26_56 timestamp=000098 receiver=17 cavs=[17, 20] pred_boxes=22 gt_boxes=24 comm_bytes=78160
sgcp_late_fusion frame=20/41 scenario=2026_07_15_01_26_56 timestamp=000098 sources=6 fused_pred_boxes=69 fused_gt_boxes=71
frame=21/41 late_source=1/7 scenario=2026_07_15_01_26_56 timestamp=000100 receiver=1 cavs=[1, 6, 15] pred_boxes=28 gt_boxes=35 comm_bytes=145184
frame=21/41 late_source=2/7 scenario=2026_07_15_01_26_56 timestamp=000100 receiver=2 cavs=[2, 4] pred_boxes=28 gt_boxes=39 comm_bytes=77520
frame=21/41 late_source=3/7 scenario=2026_07_15_01_26_56 timestamp=000100 receiver=10 cavs=[10, 14, 13] pred_boxes=14 gt_boxes=29 comm_bytes=151168
frame=21/41 late_source=4/7 scenario=2026_07_15_01_26_56 timestamp=000100 receiver=12 cavs=[12, 7] pred_boxes=17 gt_boxes=24 comm_bytes=78288
frame=21/41 late_source=5/7 scenario=2026_07_15_01_26_56 timestamp=000100 receiver=16 cavs=[16, 3] pred_boxes=12 gt_boxes=24 comm_bytes=79360
frame=21/41 late_source=6/7 scenario=2026_07_15_01_26_56 timestamp=000100 receiver=17 cavs=[17, 9, 5] pred_boxes=22 gt_boxes=24 comm_bytes=152016
frame=21/41 late_source=7/7 scenario=2026_07_15_01_26_56 timestamp=000100 receiver=19 cavs=[19, 20] pred_boxes=20 gt_boxes=24 comm_bytes=78288
sgcp_late_fusion frame=21/41 scenario=2026_07_15_01_26_56 timestamp=000100 sources=7 fused_pred_boxes=69 fused_gt_boxes=71
frame=22/41 late_source=1/7 scenario=2026_07_15_01_26_56 timestamp=000102 receiver=1 cavs=[1, 6, 15] pred_boxes=30 gt_boxes=37 comm_bytes=145648
frame=22/41 late_source=2/7 scenario=2026_07_15_01_26_56 timestamp=000102 receiver=2 cavs=[2, 4] pred_boxes=25 gt_boxes=40 comm_bytes=77520
frame=22/41 late_source=3/7 scenario=2026_07_15_01_26_56 timestamp=000102 receiver=10 cavs=[10, 14, 13] pred_boxes=13 gt_boxes=29 comm_bytes=150704
frame=22/41 late_source=4/7 scenario=2026_07_15_01_26_56 timestamp=000102 receiver=12 cavs=[12, 7] pred_boxes=16 gt_boxes=23 comm_bytes=78272
frame=22/41 late_source=5/7 scenario=2026_07_15_01_26_56 timestamp=000102 receiver=16 cavs=[16, 3] pred_boxes=11 gt_boxes=23 comm_bytes=79424
frame=22/41 late_source=6/7 scenario=2026_07_15_01_26_56 timestamp=000102 receiver=17 cavs=[17, 9, 5] pred_boxes=21 gt_boxes=26 comm_bytes=152528
frame=22/41 late_source=7/7 scenario=2026_07_15_01_26_56 timestamp=000102 receiver=19 cavs=[19, 20] pred_boxes=16 gt_boxes=24 comm_bytes=78272
sgcp_late_fusion frame=22/41 scenario=2026_07_15_01_26_56 timestamp=000102 sources=7 fused_pred_boxes=70 fused_gt_boxes=71
frame=23/41 late_source=1/7 scenario=2026_07_15_01_26_56 timestamp=000104 receiver=1 cavs=[1, 6, 15] pred_boxes=30 gt_boxes=38 comm_bytes=145952
frame=23/41 late_source=2/7 scenario=2026_07_15_01_26_56 timestamp=000104 receiver=2 cavs=[2, 4] pred_boxes=26 gt_boxes=40 comm_bytes=77520
frame=23/41 late_source=3/7 scenario=2026_07_15_01_26_56 timestamp=000104 receiver=10 cavs=[10, 14, 13] pred_boxes=14 gt_boxes=29 comm_bytes=150080Format = auto
Extension = pcd
Format = auto
Extension = pcd
Format = auto
Extension = pcd
Format = auto
Extension = pcd
Format = auto
Extension = pcd
Format = auto
Extension = pcd
Format = auto
Extension = pcd
Format = auto
Extension = pcd
Format = auto
Extension = pcd
Format = auto
Extension = pcd
Format = auto
Extension = pcd
Format = auto
Extension = pcd
Format = auto
Extension = pcd
Format = auto
Extension = pcd
Format = auto
Extension = pcd
Format = auto
Extension = pcd
Format = auto
Extension = pcd
Format = auto
Extension = pcd
Format = auto
Extension = pcd
Format = auto
Extension = pcd
Format = auto
Extension = pcd
Format = auto
Extension = pcd
Format = auto
Extension = pcd
Format = auto
Extension = pcd
Format = auto
Extension = pcd
Format = auto
Extension = pcd
Format = auto
Extension = pcd
Format = auto
Extension = pcd
Format = auto
Extension = pcd
Format = auto
Extension = pcd
Format = auto
Extension = pcd
Format = auto
Extension = pcd
Format = auto
Extension = pcd
Format = auto
Extension = pcd
Format = auto
Extension = pcd
Format = auto
Extension = pcd
Format = auto
Extension = pcd
Format = auto
Extension = pcd
Format = auto
Extension = pcd
Format = auto
Extension = pcd
Format = auto
Extension = pcd
Format = auto
Extension = pcd
Format = auto
Extension = pcd
Format = auto
Extension = pcd
Format = auto
Extension = pcd
Format = auto
Extension = pcd
Format = auto
Extension = pcd
Format = auto
Extension = pcd
Format = auto
Extension = pcd
Format = auto
Extension = pcd
Format = auto
Extension = pcd
Format = auto
Extension = pcd
Format = auto
Extension = pcd
Format = auto
Extension = pcd
Format = auto
Extension = pcd
Format = auto
Extension = pcd
Format = auto
Extension = pcd
Format = auto
Extension = pcd
Format = auto
Extension = pcd
Format = auto
Extension = pcd
Format = auto
Extension = pcd
Format = auto
Extension = pcd
Format = auto
Extension = pcd
Format = auto
Extension = pcd
Format = auto
Extension = pcd
Format = auto
Extension = pcd
Format = auto
Extension = pcd
Format = auto
Extension = pcd
Format = auto
Extension = pcd
Format = auto
Extension = pcd
Format = auto
Extension = pcd
Format = auto
Extension = pcd
Format = auto
Extension = pcd
Format = auto
Extension = pcd
Format = auto
Extension = pcd
Format = auto
Extension = pcd
Format = auto
Extension = pcd
Format = auto
Extension = pcd
Format = auto
Extension = pcd
Format = auto
Extension = pcd
Format = auto
Extension = pcd
Format = auto
Extension = pcd
Format = auto
Extension = pcd
Format = auto
Extension = pcd
Format = auto
Extension = pcd
Format = auto
Extension = pcd
Format = auto
Extension = pcd
Format = auto
Extension = pcd
Format = auto
Extension = pcd
Format = auto
Extension = pcd
Format = auto
Extension = pcd
Format = auto
Extension = pcd
Format = auto
Extension = pcd
Format = auto
Extension = pcd
Format = auto
Extension = pcd
Format = auto
Extension = pcd
Format = auto
Extension = pcd
Format = auto
Extension = pcd
Format = auto
Extension = pcd
Format = auto
Extension = pcd
Format = auto
Extension = pcd
Format = auto
Extension = pcd
Format = auto
Extension = pcd
Format = auto
Extension = pcd
Format = auto
Extension = pcd
Format = auto
Extension = pcd
Format = auto
Extension = pcd
Format = auto
Extension = pcd
Format = auto
Extension = pcd
Format = auto
Extension = pcd
Format = auto
Extension = pcd
Format = auto
Extension = pcd
Format = auto
Extension = pcd
Format = auto
Extension = pcd
Format = auto
Extension = pcd
Format = auto
Extension = pcd
Format = auto
Extension = pcd
Format = auto
Extension = pcd
Format = auto
Extension = pcd
Format = auto
Extension = pcd
Format = auto
Extension = pcd
Format = auto
Extension = pcd
Format = auto
Extension = pcd
Format = auto
Extension = pcd
Format = auto
Extension = pcd
Format = auto
Extension = pcd
Format = auto
Extension = pcd
Format = auto
Extension = pcd
Format = auto
Extension = pcd
Format = auto
Extension = pcd
Format = auto
Extension = pcd
Format = auto
Extension = pcd
Format = auto
Extension = pcd
Format = auto
Extension = pcd
Format = auto
Extension = pcd
Format = auto
Extension = pcd
Format = auto
Extension = pcd
Format = auto
Extension = pcd
Format = auto
Extension = pcd
Format = auto
Extension = pcd

frame=23/41 late_source=4/7 scenario=2026_07_15_01_26_56 timestamp=000104 receiver=12 cavs=[12, 7] pred_boxes=14 gt_boxes=23 comm_bytes=78240
frame=23/41 late_source=5/7 scenario=2026_07_15_01_26_56 timestamp=000104 receiver=16 cavs=[16, 3] pred_boxes=14 gt_boxes=22 comm_bytes=79056
frame=23/41 late_source=6/7 scenario=2026_07_15_01_26_56 timestamp=000104 receiver=17 cavs=[17, 9, 5] pred_boxes=21 gt_boxes=25 comm_bytes=149088
frame=23/41 late_source=7/7 scenario=2026_07_15_01_26_56 timestamp=000104 receiver=19 cavs=[19, 20] pred_boxes=17 gt_boxes=24 comm_bytes=78224
sgcp_late_fusion frame=23/41 scenario=2026_07_15_01_26_56 timestamp=000104 sources=7 fused_pred_boxes=71 fused_gt_boxes=71
frame=24/41 late_source=1/7 scenario=2026_07_15_01_26_56 timestamp=000106 receiver=1 cavs=[1, 6, 15] pred_boxes=28 gt_boxes=38 comm_bytes=146160
frame=24/41 late_source=2/7 scenario=2026_07_15_01_26_56 timestamp=000106 receiver=2 cavs=[2, 4] pred_boxes=30 gt_boxes=40 comm_bytes=77552
frame=24/41 late_source=3/7 scenario=2026_07_15_01_26_56 timestamp=000106 receiver=10 cavs=[10, 14, 13] pred_boxes=16 gt_boxes=29 comm_bytes=150032
frame=24/41 late_source=4/7 scenario=2026_07_15_01_26_56 timestamp=000106 receiver=12 cavs=[12, 7] pred_boxes=14 gt_boxes=23 comm_bytes=77888
frame=24/41 late_source=5/7 scenario=2026_07_15_01_26_56 timestamp=000106 receiver=16 cavs=[16, 3] pred_boxes=12 gt_boxes=21 comm_bytes=79328
frame=24/41 late_source=6/7 scenario=2026_07_15_01_26_56 timestamp=000106 receiver=17 cavs=[17, 9, 5] pred_boxes=21 gt_boxes=23 comm_bytes=152736
frame=24/41 late_source=7/7 scenario=2026_07_15_01_26_56 timestamp=000106 receiver=19 cavs=[19, 20] pred_boxes=16 gt_boxes=24 comm_bytes=78224
sgcp_late_fusion frame=24/41 scenario=2026_07_15_01_26_56 timestamp=000106 sources=7 fused_pred_boxes=68 fused_gt_boxes=70
frame=25/41 late_source=1/7 scenario=2026_07_15_01_26_56 timestamp=000108 receiver=1 cavs=[1, 6, 15] pred_boxes=29 gt_boxes=39 comm_bytes=146480
frame=25/41 late_source=2/7 scenario=2026_07_15_01_26_56 timestamp=000108 receiver=2 cavs=[2, 4] pred_boxes=27 gt_boxes=40 comm_bytes=77520
frame=25/41 late_source=3/7 scenario=2026_07_15_01_26_56 timestamp=000108 receiver=10 cavs=[10, 14, 13] pred_boxes=15 gt_boxes=29 comm_bytes=149728
frame=25/41 late_source=4/7 scenario=2026_07_15_01_26_56 timestamp=000108 receiver=12 cavs=[12, 7] pred_boxes=16 gt_boxes=25 comm_bytes=77824
frame=25/41 late_source=5/7 scenario=2026_07_15_01_26_56 timestamp=000108 receiver=16 cavs=[16, 3] pred_boxes=13 gt_boxes=21 comm_bytes=79120
frame=25/41 late_source=6/7 scenario=2026_07_15_01_26_56 timestamp=000108 receiver=17 cavs=[17, 9, 5] pred_boxes=23 gt_boxes=24 comm_bytes=152576
frame=25/41 late_source=7/7 scenario=2026_07_15_01_26_56 timestamp=000108 receiver=19 cavs=[19, 20] pred_boxes=16 gt_boxes=24 comm_bytes=78208
sgcp_late_fusion frame=25/41 scenario=2026_07_15_01_26_56 timestamp=000108 sources=7 fused_pred_boxes=69 fused_gt_boxes=70
frame=26/41 late_source=1/7 scenario=2026_07_15_01_26_56 timestamp=000110 receiver=1 cavs=[1, 6, 15] pred_boxes=29 gt_boxes=39 comm_bytes=147120
frame=26/41 late_source=2/7 scenario=2026_07_15_01_26_56 timestamp=000110 receiver=2 cavs=[2, 4] pred_boxes=29 gt_boxes=40 comm_bytes=77520
frame=26/41 late_source=3/7 scenario=2026_07_15_01_26_56 timestamp=000110 receiver=10 cavs=[10, 14, 13] pred_boxes=15 gt_boxes=29 comm_bytes=149536
frame=26/41 late_source=4/7 scenario=2026_07_15_01_26_56 timestamp=000110 receiver=12 cavs=[12, 7] pred_boxes=18 gt_boxes=24 comm_bytes=78032
frame=26/41 late_source=5/7 scenario=2026_07_15_01_26_56 timestamp=000110 receiver=16 cavs=[16, 3] pred_boxes=10 gt_boxes=20 comm_bytes=79344
frame=26/41 late_source=6/7 scenario=2026_07_15_01_26_56 timestamp=000110 receiver=17 cavs=[17, 9, 5] pred_boxes=21 gt_boxes=23 comm_bytes=152640
frame=26/41 late_source=7/7 scenario=2026_07_15_01_26_56 timestamp=000110 receiver=19 cavs=[19, 20] pred_boxes=14 gt_boxes=24 comm_bytes=78192
sgcp_late_fusion frame=26/41 scenario=2026_07_15_01_26_56 timestamp=000110 sources=7 fused_pred_boxes=73 fused_gt_boxes=69
frame=27/41 late_source=1/7 scenario=2026_07_15_01_26_56 timestamp=000112 receiver=1 cavs=[1, 6, 15] pred_boxes=26 gt_boxes=38 comm_bytes=146352
frame=27/41 late_source=2/7 scenario=2026_07_15_01_26_56 timestamp=000112 receiver=2 cavs=[2, 4] pred_boxes=27 gt_boxes=40 comm_bytes=77520
frame=27/41 late_source=3/7 scenario=2026_07_15_01_26_56 timestamp=000112 receiver=10 cavs=[10, 14, 13] pred_boxes=14 gt_boxes=29 comm_bytes=148816
frame=27/41 late_source=4/7 scenario=2026_07_15_01_26_56 timestamp=000112 receiver=12 cavs=[12, 7] pred_boxes=17 gt_boxes=22 comm_bytes=78032
frame=27/41 late_source=5/7 scenario=2026_07_15_01_26_56 timestamp=000112 receiver=16 cavs=[16, 3] pred_boxes=11 gt_boxes=19 comm_bytes=79232
frame=27/41 late_source=6/7 scenario=2026_07_15_01_26_56 timestamp=000112 receiver=17 cavs=[17, 9, 5] pred_boxes=19 gt_boxes=24 comm_bytes=152928
frame=27/41 late_source=7/7 scenario=2026_07_15_01_26_56 timestamp=000112 receiver=19 cavs=[19, 20] pred_boxes=15 gt_boxes=24 comm_bytes=78192
sgcp_late_fusion frame=27/41 scenario=2026_07_15_01_26_56 timestamp=000112 sources=7 fused_pred_boxes=69 fused_gt_boxes=68
frame=28/41 late_source=1/7 scenario=2026_07_15_01_26_56 timestamp=000114 receiver=1 cavs=[1, 6, 15] pred_boxes=28 gt_boxes=38 comm_bytes=146704
frame=28/41 late_source=2/7 scenario=2026_07_15_01_26_56 timestamp=000114 receiver=2 cavs=[2, 4] pred_boxes=28 gt_boxes=40 comm_bytes=77536
frame=28/41 late_source=3/7 scenario=2026_07_15_01_26_56 timestamp=000114 receiver=10 cavs=[10, 14, 13] pred_boxes=13 gt_boxes=29 comm_bytes=149120
frame=28/41 late_source=4/7 scenario=2026_07_15_01_26_56 timestamp=000114 receiver=12 cavs=[12, 7] pred_boxes=18 gt_boxes=25 comm_bytes=78032
frame=28/41 late_source=5/7 scenario=2026_07_15_01_26_56 timestamp=000114 receiver=16 cavs=[16, 3] pred_boxes=10 gt_boxes=19 comm_bytes=79200
frame=28/41 late_source=6/7 scenario=2026_07_15_01_26_56 timestamp=000114 receiver=17 cavs=[17, 9, 5] pred_boxes=22 gt_boxes=24 comm_bytes=153008
frame=28/41 late_source=7/7 scenario=2026_07_15_01_26_56 timestamp=000114 receiver=19 cavs=[19, 20] pred_boxes=17 gt_boxes=24 comm_bytes=78208
sgcp_late_fusion frame=28/41 scenario=2026_07_15_01_26_56 timestamp=000114 sources=7 fused_pred_boxes=71 fused_gt_boxes=68
frame=29/41 late_source=1/7 scenario=2026_07_15_01_26_56 timestamp=000116 receiver=1 cavs=[1, 6, 15] pred_boxes=28 gt_boxes=38 comm_bytes=147232
frame=29/41 late_source=2/7 scenario=2026_07_15_01_26_56 timestamp=000116 receiver=2 cavs=[2, 4] pred_boxes=28 gt_boxes=41 comm_bytes=77504
frame=29/41 late_source=3/7 scenario=2026_07_15_01_26_56 timestamp=000116 receiver=10 cavs=[10, 14, 13] pred_boxes=13 gt_boxes=29 comm_bytes=149184
frame=29/41 late_source=4/7 scenario=2026_07_15_01_26_56 timestamp=000116 receiver=12 cavs=[12, 7] pred_boxes=16 gt_boxes=23 comm_bytes=78048
frame=29/41 late_source=5/7 scenario=2026_07_15_01_26_56 timestamp=000116 receiver=16 cavs=[16, 3] pred_boxes=11 gt_boxes=18 comm_bytes=79408
frame=29/41 late_source=6/7 scenario=2026_07_15_01_26_56 timestamp=000116 receiver=17 cavs=[17, 9, 5] pred_boxes=21 gt_boxes=24 comm_bytes=152880
frame=29/41 late_source=7/7 scenario=2026_07_15_01_26_56 timestamp=000116 receiver=19 cavs=[19, 20] pred_boxes=17 gt_boxes=24 comm_bytes=78208
sgcp_late_fusion frame=29/41 scenario=2026_07_15_01_26_56 timestamp=000116 sources=7 fused_pred_boxes=68 fused_gt_boxes=68
frame=30/41 late_source=1/7 scenario=2026_07_15_01_26_56 timestamp=000118 receiver=1 cavs=[1, 6, 15] pred_boxes=30 gt_boxes=37 comm_bytes=148016
frame=30/41 late_source=2/7 scenario=2026_07_15_01_26_56 timestamp=000118 receiver=2 cavs=[2, 4] pred_boxes=25 gt_boxes=40 comm_bytes=77504
frame=30/41 late_source=3/7 scenario=2026_07_15_01_26_56 timestamp=000118 receiver=10 cavs=[10, 14, 13] pred_boxes=14 gt_boxes=30 comm_bytes=149200
frame=30/41 late_source=4/7 scenario=2026_07_15_01_26_56 timestamp=000118 receiver=12 cavs=[12, 7] pred_boxes=18 gt_boxes=24 comm_bytes=78016
frame=30/41 late_source=5/7 scenario=2026_07_15_01_26_56 timestamp=000118 receiver=16 cavs=[16, 3] pred_boxes=9 gt_boxes=19 comm_bytes=79408Format = auto
Extension = pcd
Format = auto
Extension = pcd
Format = auto
Extension = pcd
Format = auto
Extension = pcd
Format = auto
Extension = pcd
Format = auto
Extension = pcd
Format = auto
Extension = pcd
Format = auto
Extension = pcd
Format = auto
Extension = pcd
Format = auto
Extension = pcd
Format = auto
Extension = pcd
Format = auto
Extension = pcd
Format = auto
Extension = pcd
Format = auto
Extension = pcd
Format = auto
Extension = pcd
Format = auto
Extension = pcd
Format = auto
Extension = pcd
Format = auto
Extension = pcd
Format = auto
Extension = pcd
Format = auto
Extension = pcd
Format = auto
Extension = pcd
Format = auto
Extension = pcd
Format = auto
Extension = pcd
Format = auto
Extension = pcd
Format = auto
Extension = pcd
Format = auto
Extension = pcd
Format = auto
Extension = pcd
Format = auto
Extension = pcd
Format = auto
Extension = pcd
Format = auto
Extension = pcd
Format = auto
Extension = pcd
Format = auto
Extension = pcd
Format = auto
Extension = pcd
Format = auto
Extension = pcd
Format = auto
Extension = pcd
Format = auto
Extension = pcd
Format = auto
Extension = pcd
Format = auto
Extension = pcd
Format = auto
Extension = pcd
Format = auto
Extension = pcd
Format = auto
Extension = pcd
Format = auto
Extension = pcd
Format = auto
Extension = pcd
Format = auto
Extension = pcd
Format = auto
Extension = pcd
Format = auto
Extension = pcd
Format = auto
Extension = pcd
Format = auto
Extension = pcd
Format = auto
Extension = pcd
Format = auto
Extension = pcd
Format = auto
Extension = pcd
Format = auto
Extension = pcd
Format = auto
Extension = pcd
Format = auto
Extension = pcd
Format = auto
Extension = pcd
Format = auto
Extension = pcd
Format = auto
Extension = pcd
Format = auto
Extension = pcd
Format = auto
Extension = pcd
Format = auto
Extension = pcd
Format = auto
Extension = pcd
Format = auto
Extension = pcd
Format = auto
Extension = pcd
Format = auto
Extension = pcd
Format = auto
Extension = pcd
Format = auto
Extension = pcd
Format = auto
Extension = pcd
Format = auto
Extension = pcd
Format = auto
Extension = pcd
Format = auto
Extension = pcd
Format = auto
Extension = pcd
Format = auto
Extension = pcd
Format = auto
Extension = pcd
Format = auto
Extension = pcd
Format = auto
Extension = pcd
Format = auto
Extension = pcd
Format = auto
Extension = pcd
Format = auto
Extension = pcd
Format = auto
Extension = pcd
Format = auto
Extension = pcd
Format = auto
Extension = pcd
Format = auto
Extension = pcd
Format = auto
Extension = pcd
Format = auto
Extension = pcd
Format = auto
Extension = pcd
Format = auto
Extension = pcd
Format = auto
Extension = pcd
Format = auto
Extension = pcd
Format = auto
Extension = pcd
Format = auto
Extension = pcd
Format = auto
Extension = pcd
Format = auto
Extension = pcd
Format = auto
Extension = pcd
Format = auto
Extension = pcd
Format = auto
Extension = pcd
Format = auto
Extension = pcd
Format = auto
Extension = pcd
Format = auto
Extension = pcd
Format = auto
Extension = pcd
Format = auto
Extension = pcd
Format = auto
Extension = pcd
Format = auto
Extension = pcd
Format = auto
Extension = pcd
Format = auto
Extension = pcd
Format = auto
Extension = pcd
Format = auto
Extension = pcd
Format = auto
Extension = pcd
Format = auto
Extension = pcd
Format = auto
Extension = pcd
Format = auto
Extension = pcd
Format = auto
Extension = pcd
Format = auto
Extension = pcd
Format = auto
Extension = pcd
Format = auto
Extension = pcd
Format = auto
Extension = pcd
Format = auto
Extension = pcd
Format = auto
Extension = pcd
Format = auto
Extension = pcd
Format = auto
Extension = pcd
Format = auto
Extension = pcd
Format = auto
Extension = pcd
Format = auto
Extension = pcd
Format = auto
Extension = pcd
Format = auto
Extension = pcd
Format = auto
Extension = pcd
Format = auto
Extension = pcd
Format = auto
Extension = pcd
Format = auto
Extension = pcd
Format = auto
Extension = pcd
Format = auto
Extension = pcd
Format = auto
Extension = pcd
Format = auto
Extension = pcd
Format = auto
Extension = pcd
Format = auto
Extension = pcd
Format = auto
Extension = pcd
Format = auto
Extension = pcd
Format = auto
Extension = pcd
Format = auto
Extension = pcd
Format = auto
Extension = pcd
Format = auto
Extension = pcd

frame=30/41 late_source=6/7 scenario=2026_07_15_01_26_56 timestamp=000118 receiver=17 cavs=[17, 9, 5] pred_boxes=20 gt_boxes=24 comm_bytes=153040
frame=30/41 late_source=7/7 scenario=2026_07_15_01_26_56 timestamp=000118 receiver=19 cavs=[19, 20] pred_boxes=16 gt_boxes=24 comm_bytes=78208
sgcp_late_fusion frame=30/41 scenario=2026_07_15_01_26_56 timestamp=000118 sources=7 fused_pred_boxes=70 fused_gt_boxes=68
frame=31/41 late_source=1/7 scenario=2026_07_15_01_26_56 timestamp=000120 receiver=1 cavs=[1, 6, 15] pred_boxes=28 gt_boxes=37 comm_bytes=147648
frame=31/41 late_source=2/7 scenario=2026_07_15_01_26_56 timestamp=000120 receiver=2 cavs=[2, 4] pred_boxes=22 gt_boxes=40 comm_bytes=77488
frame=31/41 late_source=3/7 scenario=2026_07_15_01_26_56 timestamp=000120 receiver=10 cavs=[10, 14, 13] pred_boxes=12 gt_boxes=30 comm_bytes=148752
frame=31/41 late_source=4/7 scenario=2026_07_15_01_26_56 timestamp=000120 receiver=12 cavs=[12, 7] pred_boxes=17 gt_boxes=23 comm_bytes=78000
frame=31/41 late_source=5/7 scenario=2026_07_15_01_26_56 timestamp=000120 receiver=16 cavs=[16, 3] pred_boxes=8 gt_boxes=18 comm_bytes=79408
frame=31/41 late_source=6/7 scenario=2026_07_15_01_26_56 timestamp=000120 receiver=17 cavs=[17, 9, 5] pred_boxes=21 gt_boxes=24 comm_bytes=153472
frame=31/41 late_source=7/7 scenario=2026_07_15_01_26_56 timestamp=000120 receiver=19 cavs=[19, 20] pred_boxes=16 gt_boxes=24 comm_bytes=78240
sgcp_late_fusion frame=31/41 scenario=2026_07_15_01_26_56 timestamp=000120 sources=7 fused_pred_boxes=67 fused_gt_boxes=68
frame=32/41 late_source=1/7 scenario=2026_07_15_01_26_56 timestamp=000122 receiver=1 cavs=[1, 6, 15] pred_boxes=27 gt_boxes=37 comm_bytes=148080
frame=32/41 late_source=2/7 scenario=2026_07_15_01_26_56 timestamp=000122 receiver=2 cavs=[2, 9, 8] pred_boxes=29 gt_boxes=47 comm_bytes=150960
frame=32/41 late_source=3/7 scenario=2026_07_15_01_26_56 timestamp=000122 receiver=10 cavs=[10, 14, 13] pred_boxes=14 gt_boxes=29 comm_bytes=148752
frame=32/41 late_source=4/7 scenario=2026_07_15_01_26_56 timestamp=000122 receiver=12 cavs=[12, 4] pred_boxes=12 gt_boxes=34 comm_bytes=74416
frame=32/41 late_source=5/7 scenario=2026_07_15_01_26_56 timestamp=000122 receiver=16 cavs=[16, 3] pred_boxes=9 gt_boxes=18 comm_bytes=79520
frame=32/41 late_source=6/7 scenario=2026_07_15_01_26_56 timestamp=000122 receiver=17 cavs=[17, 5] pred_boxes=13 gt_boxes=19 comm_bytes=77552
frame=32/41 late_source=7/7 scenario=2026_07_15_01_26_56 timestamp=000122 receiver=19 cavs=[19, 20] pred_boxes=15 gt_boxes=24 comm_bytes=78176
sgcp_late_fusion frame=32/41 scenario=2026_07_15_01_26_56 timestamp=000122 sources=7 fused_pred_boxes=65 fused_gt_boxes=67
frame=33/41 late_source=1/7 scenario=2026_07_15_01_26_56 timestamp=000124 receiver=1 cavs=[1, 6, 15] pred_boxes=28 gt_boxes=37 comm_bytes=148304
frame=33/41 late_source=2/7 scenario=2026_07_15_01_26_56 timestamp=000124 receiver=2 cavs=[2, 9, 8] pred_boxes=31 gt_boxes=48 comm_bytes=151040
frame=33/41 late_source=3/7 scenario=2026_07_15_01_26_56 timestamp=000124 receiver=10 cavs=[10, 14, 13] pred_boxes=14 gt_boxes=29 comm_bytes=147840
frame=33/41 late_source=4/7 scenario=2026_07_15_01_26_56 timestamp=000124 receiver=12 cavs=[12, 4] pred_boxes=12 gt_boxes=34 comm_bytes=74464
frame=33/41 late_source=5/7 scenario=2026_07_15_01_26_56 timestamp=000124 receiver=16 cavs=[16, 3] pred_boxes=7 gt_boxes=18 comm_bytes=79728
frame=33/41 late_source=6/7 scenario=2026_07_15_01_26_56 timestamp=000124 receiver=17 cavs=[17, 5] pred_boxes=14 gt_boxes=20 comm_bytes=76976
frame=33/41 late_source=7/7 scenario=2026_07_15_01_26_56 timestamp=000124 receiver=19 cavs=[19, 20] pred_boxes=17 gt_boxes=24 comm_bytes=78176
sgcp_late_fusion frame=33/41 scenario=2026_07_15_01_26_56 timestamp=000124 sources=7 fused_pred_boxes=65 fused_gt_boxes=67
frame=34/41 late_source=1/7 scenario=2026_07_15_01_26_56 timestamp=000126 receiver=1 cavs=[1, 6, 15] pred_boxes=29 gt_boxes=38 comm_bytes=148448
frame=34/41 late_source=2/7 scenario=2026_07_15_01_26_56 timestamp=000126 receiver=2 cavs=[2, 9, 8] pred_boxes=32 gt_boxes=46 comm_bytes=151056
frame=34/41 late_source=3/7 scenario=2026_07_15_01_26_56 timestamp=000126 receiver=10 cavs=[10, 14, 13] pred_boxes=13 gt_boxes=29 comm_bytes=145584
frame=34/41 late_source=4/7 scenario=2026_07_15_01_26_56 timestamp=000126 receiver=12 cavs=[12, 4] pred_boxes=12 gt_boxes=34 comm_bytes=74272
frame=34/41 late_source=5/7 scenario=2026_07_15_01_26_56 timestamp=000126 receiver=16 cavs=[16, 3] pred_boxes=11 gt_boxes=17 comm_bytes=79808
frame=34/41 late_source=6/7 scenario=2026_07_15_01_26_56 timestamp=000126 receiver=17 cavs=[17, 5] pred_boxes=13 gt_boxes=19 comm_bytes=77056
frame=34/41 late_source=7/7 scenario=2026_07_15_01_26_56 timestamp=000126 receiver=19 cavs=[19, 20] pred_boxes=17 gt_boxes=24 comm_bytes=78208
sgcp_late_fusion frame=34/41 scenario=2026_07_15_01_26_56 timestamp=000126 sources=7 fused_pred_boxes=66 fused_gt_boxes=67
frame=35/41 late_source=1/7 scenario=2026_07_15_01_26_56 timestamp=000128 receiver=1 cavs=[1, 6, 15] pred_boxes=28 gt_boxes=37 comm_bytes=148640
frame=35/41 late_source=2/7 scenario=2026_07_15_01_26_56 timestamp=000128 receiver=2 cavs=[2, 9, 8] pred_boxes=35 gt_boxes=47 comm_bytes=151024
frame=35/41 late_source=3/7 scenario=2026_07_15_01_26_56 timestamp=000128 receiver=10 cavs=[10, 14, 13] pred_boxes=13 gt_boxes=29 comm_bytes=145728
frame=35/41 late_source=4/7 scenario=2026_07_15_01_26_56 timestamp=000128 receiver=12 cavs=[12, 4] pred_boxes=12 gt_boxes=33 comm_bytes=75664
frame=35/41 late_source=5/7 scenario=2026_07_15_01_26_56 timestamp=000128 receiver=16 cavs=[16, 3] pred_boxes=11 gt_boxes=17 comm_bytes=79680
frame=35/41 late_source=6/7 scenario=2026_07_15_01_26_56 timestamp=000128 receiver=17 cavs=[17, 5] pred_boxes=13 gt_boxes=20 comm_bytes=76720
frame=35/41 late_source=7/7 scenario=2026_07_15_01_26_56 timestamp=000128 receiver=19 cavs=[19, 20] pred_boxes=17 gt_boxes=24 comm_bytes=78224
sgcp_late_fusion frame=35/41 scenario=2026_07_15_01_26_56 timestamp=000128 sources=7 fused_pred_boxes=67 fused_gt_boxes=67
frame=36/41 late_source=1/7 scenario=2026_07_15_01_26_56 timestamp=000130 receiver=1 cavs=[1, 6, 15] pred_boxes=30 gt_boxes=36 comm_bytes=148784
frame=36/41 late_source=2/7 scenario=2026_07_15_01_26_56 timestamp=000130 receiver=2 cavs=[2, 9] pred_boxes=23 gt_boxes=38 comm_bytes=77632
frame=36/41 late_source=3/7 scenario=2026_07_15_01_26_56 timestamp=000130 receiver=10 cavs=[10, 14, 13] pred_boxes=13 gt_boxes=29 comm_bytes=145520
frame=36/41 late_source=4/7 scenario=2026_07_15_01_26_56 timestamp=000130 receiver=11 cavs=[11, 19] pred_boxes=16 gt_boxes=23 comm_bytes=76992
frame=36/41 late_source=5/7 scenario=2026_07_15_01_26_56 timestamp=000130 receiver=12 cavs=[12, 4] pred_boxes=11 gt_boxes=33 comm_bytes=75680
frame=36/41 late_source=6/7 scenario=2026_07_15_01_26_56 timestamp=000130 receiver=16 cavs=[16, 3, 20] pred_boxes=17 gt_boxes=27 comm_bytes=154928
frame=36/41 late_source=7/7 scenario=2026_07_15_01_26_56 timestamp=000130 receiver=17 cavs=[17, 5] pred_boxes=11 gt_boxes=21 comm_bytes=76256
sgcp_late_fusion frame=36/41 scenario=2026_07_15_01_26_56 timestamp=000130 sources=7 fused_pred_boxes=67 fused_gt_boxes=67
frame=37/41 late_source=1/6 scenario=2026_07_15_01_26_56 timestamp=000132 receiver=1 cavs=[1, 6, 15] pred_boxes=30 gt_boxes=36 comm_bytes=149040
frame=37/41 late_source=2/6 scenario=2026_07_15_01_26_56 timestamp=000132 receiver=2 cavs=[2, 9] pred_boxes=21 gt_boxes=38 comm_bytes=77600
frame=37/41 late_source=3/6 scenario=2026_07_15_01_26_56 timestamp=000132 receiver=10 cavs=[10, 14, 13] pred_boxes=14 gt_boxes=29 comm_bytes=144784
frame=37/41 late_source=4/6 scenario=2026_07_15_01_26_56 timestamp=000132 receiver=12 cavs=[12, 4] pred_boxes=10 gt_boxes=33 comm_bytes=75760
frame=37/41 late_source=5/6 scenario=2026_07_15_01_26_56 timestamp=000132 receiver=16 cavs=[16, 3, 20] pred_boxes=14 gt_boxes=27 comm_bytes=154896
frame=37/41 late_source=6/6 scenario=2026_07_15_01_26_56 timestamp=000132 receiver=17 cavs=[17, 19, 5] pred_boxes=13 gt_boxes=23 comm_bytes=153072
sgcp_late_fusion frame=37/41 scenario=2026_07_15_01_26_56 timestamp=000132 sources=6 fused_pred_boxes=64 fused_gt_boxes=67Format = auto
Extension = pcd
Format = auto
Extension = pcd
Format = auto
Extension = pcd
Format = auto
Extension = pcd
Format = auto
Extension = pcd
Format = auto
Extension = pcd
Format = auto
Extension = pcd
Format = auto
Extension = pcd
Format = auto
Extension = pcd
Format = auto
Extension = pcd
Format = auto
Extension = pcd
Format = auto
Extension = pcd
Format = auto
Extension = pcd
Format = auto
Extension = pcd
Format = auto
Extension = pcd
Format = auto
Extension = pcd
Format = auto
Extension = pcd
Format = auto
Extension = pcd
Format = auto
Extension = pcd
Format = auto
Extension = pcd
Format = auto
Extension = pcd
Format = auto
Extension = pcd
Format = auto
Extension = pcd
Format = auto
Extension = pcd
Format = auto
Extension = pcd
Format = auto
Extension = pcd
Format = auto
Extension = pcd
Format = auto
Extension = pcd
Format = auto
Extension = pcd
Format = auto
Extension = pcd
Format = auto
Extension = pcd
Format = auto
Extension = pcd
Format = auto
Extension = pcd
Format = auto
Extension = pcd
Format = auto
Extension = pcd
Format = auto
Extension = pcd
Format = auto
Extension = pcd
Format = auto
Extension = pcd
Format = auto
Extension = pcd
Format = auto
Extension = pcd
Format = auto
Extension = pcd
Format = auto
Extension = pcd
Format = auto
Extension = pcd
Format = auto
Extension = pcd
Format = auto
Extension = pcd
Format = auto
Extension = pcd
Format = auto
Extension = pcd
Format = auto
Extension = pcd
Format = auto
Extension = pcd
Format = auto
Extension = pcd
Format = auto
Extension = pcd
Format = auto
Extension = pcd
Format = auto
Extension = pcd
Format = auto
Extension = pcd
Format = auto
Extension = pcd
Format = auto
Extension = pcd
Format = auto
Extension = pcd
Format = auto
Extension = pcd
Format = auto
Extension = pcd
Format = auto
Extension = pcd
Format = auto
Extension = pcd
Format = auto
Extension = pcd
Format = auto
Extension = pcd
Format = auto
Extension = pcd
Format = auto
Extension = pcd
Format = auto
Extension = pcd
Format = auto
Extension = pcd
Format = auto
Extension = pcd
Format = auto
Extension = pcd
Format = auto
Extension = pcd
Format = auto
Extension = pcd
Format = auto
Extension = pcd
Format = auto
Extension = pcd
Format = auto
Extension = pcd
Format = auto
Extension = pcd
Format = auto
Extension = pcd
Format = auto
Extension = pcd
Format = auto
Extension = pcd
Format = auto
Extension = pcd
Format = auto
Extension = pcd

frame=38/41 late_source=1/6 scenario=2026_07_15_01_26_56 timestamp=000134 receiver=1 cavs=[1, 6, 15] pred_boxes=28 gt_boxes=39 comm_bytes=148480
frame=38/41 late_source=2/6 scenario=2026_07_15_01_26_56 timestamp=000134 receiver=2 cavs=[2, 9] pred_boxes=21 gt_boxes=38 comm_bytes=77632
frame=38/41 late_source=3/6 scenario=2026_07_15_01_26_56 timestamp=000134 receiver=10 cavs=[10, 14, 13] pred_boxes=15 gt_boxes=28 comm_bytes=144176
frame=38/41 late_source=4/6 scenario=2026_07_15_01_26_56 timestamp=000134 receiver=12 cavs=[12, 4] pred_boxes=10 gt_boxes=33 comm_bytes=75776
frame=38/41 late_source=5/6 scenario=2026_07_15_01_26_56 timestamp=000134 receiver=16 cavs=[16, 3, 20] pred_boxes=17 gt_boxes=27 comm_bytes=154656
frame=38/41 late_source=6/6 scenario=2026_07_15_01_26_56 timestamp=000134 receiver=17 cavs=[17, 19, 5] pred_boxes=11 gt_boxes=24 comm_bytes=153120
sgcp_late_fusion frame=38/41 scenario=2026_07_15_01_26_56 timestamp=000134 sources=6 fused_pred_boxes=63 fused_gt_boxes=67
frame=39/41 late_source=1/8 scenario=2026_07_15_01_26_56 timestamp=000136 receiver=1 cavs=[1, 6] pred_boxes=27 gt_boxes=30 comm_bytes=75616
frame=39/41 late_source=2/8 scenario=2026_07_15_01_26_56 timestamp=000136 receiver=2 cavs=[2, 8] pred_boxes=22 gt_boxes=38 comm_bytes=76944
frame=39/41 late_source=3/8 scenario=2026_07_15_01_26_56 timestamp=000136 receiver=10 cavs=[10, 14, 13] pred_boxes=13 gt_boxes=28 comm_bytes=143680
frame=39/41 late_source=4/8 scenario=2026_07_15_01_26_56 timestamp=000136 receiver=12 cavs=[12, 4] pred_boxes=9 gt_boxes=33 comm_bytes=75920
frame=39/41 late_source=5/8 scenario=2026_07_15_01_26_56 timestamp=000136 receiver=16 cavs=[16, 9, 7] pred_boxes=19 gt_boxes=24 comm_bytes=147392
frame=39/41 late_source=6/8 scenario=2026_07_15_01_26_56 timestamp=000136 receiver=17 cavs=[17, 5] pred_boxes=14 gt_boxes=23 comm_bytes=76416
frame=39/41 late_source=7/8 scenario=2026_07_15_01_26_56 timestamp=000136 receiver=18 cavs=[18, 3] pred_boxes=5 gt_boxes=3 comm_bytes=80192
frame=39/41 late_source=8/8 scenario=2026_07_15_01_26_56 timestamp=000136 receiver=19 cavs=[19, 20] pred_boxes=17 gt_boxes=24 comm_bytes=78384
sgcp_late_fusion frame=39/41 scenario=2026_07_15_01_26_56 timestamp=000136 sources=8 fused_pred_boxes=67 fused_gt_boxes=66
frame=40/41 late_source=1/8 scenario=2026_07_15_01_26_56 timestamp=000138 receiver=1 cavs=[1, 6] pred_boxes=28 gt_boxes=30 comm_bytes=75216
frame=40/41 late_source=2/8 scenario=2026_07_15_01_26_56 timestamp=000138 receiver=2 cavs=[2, 8] pred_boxes=21 gt_boxes=37 comm_bytes=76912
frame=40/41 late_source=3/8 scenario=2026_07_15_01_26_56 timestamp=000138 receiver=10 cavs=[10, 14, 13] pred_boxes=13 gt_boxes=28 comm_bytes=142656
frame=40/41 late_source=4/8 scenario=2026_07_15_01_26_56 timestamp=000138 receiver=11 cavs=[11, 19] pred_boxes=14 gt_boxes=23 comm_bytes=76976
frame=40/41 late_source=5/8 scenario=2026_07_15_01_26_56 timestamp=000138 receiver=16 cavs=[16, 7] pred_boxes=10 gt_boxes=19 comm_bytes=78272
frame=40/41 late_source=6/8 scenario=2026_07_15_01_26_56 timestamp=000138 receiver=17 cavs=[17, 5] pred_boxes=12 gt_boxes=23 comm_bytes=76192
frame=40/41 late_source=7/8 scenario=2026_07_15_01_26_56 timestamp=000138 receiver=18 cavs=[18, 3] pred_boxes=3 gt_boxes=3 comm_bytes=80048
frame=40/41 late_source=8/8 scenario=2026_07_15_01_26_56 timestamp=000138 receiver=20 cavs=[20, 12, 9] pred_boxes=20 gt_boxes=33 comm_bytes=152512
sgcp_late_fusion frame=40/41 scenario=2026_07_15_01_26_56 timestamp=000138 sources=8 fused_pred_boxes=61 fused_gt_boxes=67
frame=41/41 late_source=1/7 scenario=2026_07_15_01_26_56 timestamp=000140 receiver=1 cavs=[1, 6, 15] pred_boxes=26 gt_boxes=38 comm_bytes=148496
frame=41/41 late_source=2/7 scenario=2026_07_15_01_26_56 timestamp=000140 receiver=2 cavs=[2, 9] pred_boxes=21 gt_boxes=37 comm_bytes=77600
frame=41/41 late_source=3/7 scenario=2026_07_15_01_26_56 timestamp=000140 receiver=10 cavs=[10, 14, 13] pred_boxes=13 gt_boxes=27 comm_bytes=141632
frame=41/41 late_source=4/7 scenario=2026_07_15_01_26_56 timestamp=000140 receiver=11 cavs=[11, 19] pred_boxes=16 gt_boxes=23 comm_bytes=76976
frame=41/41 late_source=5/7 scenario=2026_07_15_01_26_56 timestamp=000140 receiver=12 cavs=[12, 4] pred_boxes=12 gt_boxes=33 comm_bytes=76096
frame=41/41 late_source=6/7 scenario=2026_07_15_01_26_56 timestamp=000140 receiver=16 cavs=[16, 5] pred_boxes=10 gt_boxes=24 comm_bytes=76032
frame=41/41 late_source=7/7 scenario=2026_07_15_01_26_56 timestamp=000140 receiver=17 cavs=[17, 20, 3] pred_boxes=20 gt_boxes=25 comm_bytes=152624
sgcp_late_fusion frame=41/41 scenario=2026_07_15_01_26_56 timestamp=000140 sources=7 fused_pred_boxes=63 fused_gt_boxes=66
cp counter: 41
Evaluate final average precision results:
  - Fusion method: early
  - The Average Precision at IOU 0.3 is 0.86, The Average Precision at IOU 0.5 is 0.75, The Average Precision at IOU 0.7 is 0.31
sgcp_summary frames=282 avg_comm_bytes=109364.14 total_comm_bytes=30840688 avg_source_cavs=2.45 avg_selected_grids=72.39
