COMMAND: C:\Users\sakakibara\miniconda3\envs\opencda\python.exe -m opencda.tools.offline_inference --dataset-root D:\Data\Carla --scenario-id 2026_07_29_02_32_08 --ego-cav-id 1 --max-frames 3 --fusion-method early --coperception-yaml docs\doc_workspace\SGCP\artifacts\early_from_late_checkpoint_20260719\enable_coperception_early_from_attentive.yaml --bandwidth-mhz 40 --num-channels 10 --channel-estimator ns3 --ns3-tb-size-bytes 899 --ns3-slot-duration-ms 0.5 --ns3-subchannel-prbs 10 --ns3-symbols-per-slot 12 --ns3-mcs 28 --communication-deadline-ms 60 --selective-sharing-baseline edgecooper_global_pmax --clustering singleton --sgcp-receiver-policy all-cavs --sgcp-upload-mode grid --selective-member-budget 3 --selective-grid-budget 117 --selective-frame-deadline-ms 60 --edgecooper-global-comm-range-m 35 --edgecooper-pmax-density-cap-rho 2 --max-senders-per-receiver 2 --rho-th 2 --local-preserving-output --sgcp-trace-output docs\doc_workspace\SGCP\artifacts\dense_pointpillar_local_preserving_20260731\smoke_3f\edgecooper_pmax_trace.csv --eval-stats-output docs\doc_workspace\SGCP\artifacts\dense_pointpillar_local_preserving_20260731\smoke_3f\edgecooper_pmax_eval_stats.csv

Format = auto
Extension = pcd
Format = auto
Extension = pcd
Format = auto
Extension = pcd
Format = auto
Extension = pcd
Format = auto
Extension = pcd
Format = auto
Extension = pcd
Format = auto
Extension = pcd
Format = auto
Extension = pcd
Format = auto
Extension = pcd
Format = auto
Extension = pcd
Format = auto
Extension = pcd
Format = auto
Extension = pcd
Format = auto
Extension = pcd
Format = auto
Extension = pcd
Format = auto
Extension = pcd
Format = auto
Extension = pcd
Format = auto
Extension = pcd
Format = auto
Extension = pcd
Format = auto
Extension = pcd
Format = auto
Extension = pcd
Format = auto
Extension = pcd
Format = auto
Extension = pcd
Format = auto
Extension = pcd
Format = auto
Extension = pcd
Format = auto
Extension = pcd
Format = auto
Extension = pcd
Format = auto
Extension = pcd
Format = auto
Extension = pcd
Format = auto
Extension = pcd
Format = auto
Extension = pcd
Format = auto
Extension = pcd
Format = auto
Extension = pcd
Format = auto
Extension = pcd
Format = auto
Extension = pcd
Format = auto
Extension = pcd
Format = auto
Extension = pcd
Format = auto
Extension = pcd
Format = auto
Extension = pcd
Format = auto
Extension = pcd
Format = auto
Extension = pcd
resuming by loading epoch 10000
frame=1/3 receiver_sample=1/20 scenario=2026_07_29_02_32_08 timestamp=000060 cavs=[1, 2, 8, 11]
sgcp_constrained receiver=1 policy=all-cavs sources=[1, 2, 8, 11] clusters=20 ra=selective_edgecooper_global_pmax comm_bytes=57216 selected_grids={2: 12, 8: 12, 11: 12}
fusion_method=early pred_boxes=30 gt_boxes=52
pred_scores_shape=(30,)
frame=1/3 receiver_sample=2/20 scenario=2026_07_29_02_32_08 timestamp=000060 cavs=[2, 1, 10, 11]
sgcp_constrained receiver=2 policy=all-cavs sources=[2, 1, 10, 11] clusters=20 ra=selective_edgecooper_global_pmax comm_bytes=54800 selected_grids={1: 13, 10: 13, 11: 11}
fusion_method=early pred_boxes=28 gt_boxes=56
pred_scores_shape=(28,)
frame=1/3 receiver_sample=3/20 scenario=2026_07_29_02_32_08 timestamp=000060 cavs=[3, 17, 18]
sgcp_constrained receiver=3 policy=all-cavs sources=[3, 17, 18] clusters=20 ra=selective_edgecooper_global_pmax comm_bytes=44912 selected_grids={17: 13, 18: 13}
fusion_method=early pred_boxes=19 gt_boxes=30
pred_scores_shape=(19,)
frame=1/3 receiver_sample=4/20 scenario=2026_07_29_02_32_08 timestamp=000060 cavs=[4, 1, 7, 12]
sgcp_constrained receiver=4 policy=all-cavs sources=[4, 1, 7, 12] clusters=20 ra=selective_edgecooper_global_pmax comm_bytes=76576 selected_grids={1: 13, 7: 12, 12: 12}
fusion_method=early pred_boxes=33 gt_boxes=55
pred_scores_shape=(33,)
frame=1/3 receiver_sample=5/20 scenario=2026_07_29_02_32_08 timestamp=000060 cavs=[5, 7, 13, 20]
sgcp_constrained receiver=5 policy=all-cavs sources=[5, 7, 13, 20] clusters=20 ra=selective_edgecooper_global_pmax comm_bytes=71520 selected_grids={7: 12, 13: 12, 20: 12}
fusion_method=early pred_boxes=25 gt_boxes=43
pred_scores_shape=(25,)
frame=1/3 receiver_sample=6/20 scenario=2026_07_29_02_32_08 timestamp=000060 cavs=[6, 15]
sgcp_constrained receiver=6 policy=all-cavs sources=[6, 15] clusters=20 ra=selective_edgecooper_global_pmax comm_bytes=20208 selected_grids={15: 13}
fusion_method=early pred_boxes=13 gt_boxes=21
pred_scores_shape=(13,)
frame=1/3 receiver_sample=7/20 scenario=2026_07_29_02_32_08 timestamp=000060 cavs=[7, 4, 12, 20]
sgcp_constrained receiver=7 policy=all-cavs sources=[7, 4, 12, 20] clusters=20 ra=selective_edgecooper_global_pmax comm_bytes=65248 selected_grids={4: 12, 12: 13, 20: 13}
fusion_method=early pred_boxes=32 gt_boxes=45
pred_scores_shape=(32,)
frame=1/3 receiver_sample=8/20 scenario=2026_07_29_02_32_08 timestamp=000060 cavs=[8, 1, 4, 11]
sgcp_constrained receiver=8 policy=all-cavs sources=[8, 1, 4, 11] clusters=20 ra=selective_edgecooper_global_pmax comm_bytes=71936 selected_grids={1: 12, 4: 12, 11: 12}
fusion_method=early pred_boxes=31 gt_boxes=47
pred_scores_shape=(31,)
frame=1/3 receiver_sample=9/20 scenario=2026_07_29_02_32_08 timestamp=000060 cavs=[9, 5, 13, 19]
sgcp_constrained receiver=9 policy=all-cavs sources=[9, 5, 13, 19] clusters=20 ra=selective_edgecooper_global_pmax comm_bytes=49728 selected_grids={5: 13, 13: 12, 19: 12}
fusion_method=early pred_boxes=23 gt_boxes=46
pred_scores_shape=(23,)
frame=1/3 receiver_sample=10/20 scenario=2026_07_29_02_32_08 timestamp=000060 cavs=[10, 8, 16, 19]
sgcp_constrained receiver=10 policy=all-cavs sources=[10, 8, 16, 19] clusters=20 ra=selective_edgecooper_global_pmax comm_bytes=72448 selected_grids={8: 13, 16: 12, 19: 13}
fusion_method=early pred_boxes=27 gt_boxes=53
pred_scores_shape=(27,)
frame=1/3 receiver_sample=11/20 scenario=2026_07_29_02_32_08 timestamp=000060 cavs=[11, 2, 8, 9]
sgcp_constrained receiver=11 policy=all-cavs sources=[11, 2, 8, 9] clusters=20 ra=selective_edgecooper_global_pmax comm_bytes=69216 selected_grids={2: 12, 8: 13, 9: 13}
fusion_method=early pred_boxes=27 gt_boxes=57
pred_scores_shape=(27,)
frame=1/3 receiver_sample=12/20 scenario=2026_07_29_02_32_08 timestamp=000060 cavs=[12, 4, 7]
sgcp_constrained receiver=12 policy=all-cavs sources=[12, 4, 7] clusters=20 ra=selective_edgecooper_global_pmax comm_bytes=44496 selected_grids={4: 12, 7: 13}
fusion_method=early pred_boxes=27 gt_boxes=47
pred_scores_shape=(27,)
frame=1/3 receiver_sample=13/20 scenario=2026_07_29_02_32_08 timestamp=000060 cavs=[13, 5, 10, 19]
sgcp_constrained receiver=13 policy=all-cavs sources=[13, 5, 10, 19] clusters=20 ra=selective_edgecooper_global_pmax comm_bytes=54736 selected_grids={5: 13, 10: 12, 19: 11}
fusion_method=early pred_boxes=23 gt_boxes=44
pred_scores_shape=(23,)
frame=1/3 receiver_sample=14/20 scenario=2026_07_29_02_32_08 timestamp=000060 cavs=[14]
sgcp_constrained receiver=14 policy=all-cavs sources=[14] clusters=20 ra=selective_edgecooper_global_pmax comm_bytes=0 selected_grids={}
fusion_method=early pred_boxes=3 gt_boxes=5
pred_scores_shape=(3,)
frame=1/3 receiver_sample=15/20 scenario=2026_07_29_02_32_08 timestamp=000060 cavs=[15, 6]
sgcp_constrained receiver=15 policy=all-cavs sources=[15, 6] clusters=20 ra=selective_edgecooper_global_pmax comm_bytes=30528 selected_grids={6: 13}
fusion_method=early pred_boxes=17 gt_boxes=21
pred_scores_shape=(17,)
frame=1/3 receiver_sample=16/20 scenario=2026_07_29_02_32_08 timestamp=000060 cavs=[16, 3, 10, 20]
sgcp_constrained receiver=16 policy=all-cavs sources=[16, 3, 10, 20] clusters=20 ra=selective_edgecooper_global_pmax comm_bytes=75872 selected_grids={3: 12, 10: 13, 20: 11}
fusion_method=early pred_boxes=32 gt_boxes=60
pred_scores_shape=(32,)
frame=1/3 receiver_sample=17/20 scenario=2026_07_29_02_32_08 timestamp=000060 cavs=[17, 3, 18]
sgcp_constrained receiver=17 policy=all-cavs sources=[17, 3, 18] clusters=20 ra=selective_edgecooper_global_pmax comm_bytes=40544 selected_grids={3: 13, 18: 13}
fusion_method=early pred_boxes=17 gt_boxes=30
pred_scores_shape=(17,)
frame=1/3 receiver_sample=18/20 scenario=2026_07_29_02_32_08 timestamp=000060 cavs=[18, 3, 17]
sgcp_constrained receiver=18 policy=all-cavs sources=[18, 3, 17] clusters=20 ra=selective_edgecooper_global_pmax comm_bytes=57792 selected_grids={3: 13, 17: 12}
fusion_method=early pred_boxes=17 gt_boxes=30
pred_scores_shape=(17,)
frame=1/3 receiver_sample=19/20 scenario=2026_07_29_02_32_08 timestamp=000060 cavs=[19, 9, 13, 16]
sgcp_constrained receiver=19 policy=all-cavs sources=[19, 9, 13, 16] clusters=20 ra=selective_edgecooper_global_pmax comm_bytes=68736 selected_grids={9: 12, 13: 13, 16: 13}
fusion_method=early pred_boxes=22 gt_boxes=43
pred_scores_shape=(22,)
frame=1/3 receiver_sample=20/20 scenario=2026_07_29_02_32_08 timestamp=000060 cavs=[20, 5, 9, 16]
sgcp_constrained receiver=20 policy=all-cavs sources=[20, 5, 9, 16] clusters=20 ra=selective_edgecooper_global_pmax comm_bytes=52288 selected_grids={5: 12, 9: 13, 16: 12}
fusion_method=early pred_boxes=27 gt_boxes=48
pred_scores_shape=(27,)
frame=2/3 receiver_sample=1/20 scenario=2026_07_29_02_32_08 timestamp=000062 cavs=[1, 2, 8, 11]
sgcp_constrained receiver=1 policy=all-cavs sources=[1, 2, 8, 11] clusters=20 ra=selective_edgecooper_global_pmax comm_bytes=57408 selected_grids={2: 13, 8: 12, 11: 13}
fusion_method=early pred_boxes=33 gt_boxes=53
pred_scores_shape=(33,)
frame=2/3 receiver_sample=2/20 scenario=2026_07_29_02_32_08 timestamp=000062 cavs=[2, 1, 10, 11]
sgcp_constrained receiver=2 policy=all-cavs sources=[2, 1, 10, 11] clusters=20 ra=selective_edgecooper_global_pmax comm_bytes=54272 selected_grids={1: 12, 10: 13, 11: 11}
fusion_method=early pred_boxes=31 gt_boxes=57
pred_scores_shape=(31,)
frame=2/3 receiver_sample=3/20 scenario=2026_07_29_02_32_08 timestamp=000062 cavs=[3, 17, 18]
sgcp_constrained receiver=3 policy=all-cavs sources=[3, 17, 18] clusters=20 ra=selective_edgecooper_global_pmax comm_bytes=46816 selected_grids={17: 13, 18: 13}
fusion_method=early pred_boxes=20 gt_boxes=31
pred_scores_shape=(20,)
frame=2/3 receiver_sample=4/20 scenario=2026_07_29_02_32_08 timestamp=000062 cavs=[4, 1, 7, 12]
sgcp_constrained receiver=4 policy=all-cavs sources=[4, 1, 7, 12] clusters=20 ra=selective_edgecooper_global_pmax comm_bytes=73728 selected_grids={1: 13, 7: 12, 12: 12}
fusion_method=early pred_boxes=29 gt_boxes=57
pred_scores_shape=(29,)
frame=2/3 receiver_sample=5/20 scenario=2026_07_29_02_32_08 timestamp=000062 cavs=[5, 7, 13, 20]
sgcp_constrained receiver=5 policy=all-cavs sources=[5, 7, 13, 20] clusters=20 ra=selective_edgecooper_global_pmax comm_bytes=72832 selected_grids={7: 13, 13: 12, 20: 12}Format = auto
Extension = pcd
Format = auto
Extension = pcd
Format = auto
Extension = pcd
Format = auto
Extension = pcd
Format = auto
Extension = pcd
Format = auto
Extension = pcd
Format = auto
Extension = pcd
Format = auto
Extension = pcd
Format = auto
Extension = pcd
Format = auto
Extension = pcd
Format = auto
Extension = pcd
Format = auto
Extension = pcd
Format = auto
Extension = pcd
Format = auto
Extension = pcd
Format = auto
Extension = pcd
Format = auto
Extension = pcd
Format = auto
Extension = pcd
Format = auto
Extension = pcd
Format = auto
Extension = pcd
Format = auto
Extension = pcd

fusion_method=early pred_boxes=25 gt_boxes=43
pred_scores_shape=(25,)
frame=2/3 receiver_sample=6/20 scenario=2026_07_29_02_32_08 timestamp=000062 cavs=[6, 15]
sgcp_constrained receiver=6 policy=all-cavs sources=[6, 15] clusters=20 ra=selective_edgecooper_global_pmax comm_bytes=19808 selected_grids={15: 13}
fusion_method=early pred_boxes=13 gt_boxes=21
pred_scores_shape=(13,)
frame=2/3 receiver_sample=7/20 scenario=2026_07_29_02_32_08 timestamp=000062 cavs=[7, 4, 12, 20]
sgcp_constrained receiver=7 policy=all-cavs sources=[7, 4, 12, 20] clusters=20 ra=selective_edgecooper_global_pmax comm_bytes=64192 selected_grids={4: 13, 12: 13, 20: 12}
fusion_method=early pred_boxes=31 gt_boxes=44
pred_scores_shape=(31,)
frame=2/3 receiver_sample=8/20 scenario=2026_07_29_02_32_08 timestamp=000062 cavs=[8, 1, 2, 4]
sgcp_constrained receiver=8 policy=all-cavs sources=[8, 1, 2, 4] clusters=20 ra=selective_edgecooper_global_pmax comm_bytes=73264 selected_grids={1: 12, 2: 13, 4: 12}
fusion_method=early pred_boxes=28 gt_boxes=47
pred_scores_shape=(28,)
frame=2/3 receiver_sample=9/20 scenario=2026_07_29_02_32_08 timestamp=000062 cavs=[9, 5, 13, 19]
sgcp_constrained receiver=9 policy=all-cavs sources=[9, 5, 13, 19] clusters=20 ra=selective_edgecooper_global_pmax comm_bytes=49648 selected_grids={5: 13, 13: 12, 19: 12}
fusion_method=early pred_boxes=21 gt_boxes=45
pred_scores_shape=(21,)
frame=2/3 receiver_sample=10/20 scenario=2026_07_29_02_32_08 timestamp=000062 cavs=[10, 8, 16, 19]
sgcp_constrained receiver=10 policy=all-cavs sources=[10, 8, 16, 19] clusters=20 ra=selective_edgecooper_global_pmax comm_bytes=71696 selected_grids={8: 13, 16: 12, 19: 13}
fusion_method=early pred_boxes=27 gt_boxes=54
pred_scores_shape=(27,)
frame=2/3 receiver_sample=11/20 scenario=2026_07_29_02_32_08 timestamp=000062 cavs=[11, 2, 8, 9]
sgcp_constrained receiver=11 policy=all-cavs sources=[11, 2, 8, 9] clusters=20 ra=selective_edgecooper_global_pmax comm_bytes=69120 selected_grids={2: 12, 8: 13, 9: 13}
fusion_method=early pred_boxes=27 gt_boxes=58
pred_scores_shape=(27,)
frame=2/3 receiver_sample=12/20 scenario=2026_07_29_02_32_08 timestamp=000062 cavs=[12, 4, 7]
sgcp_constrained receiver=12 policy=all-cavs sources=[12, 4, 7] clusters=20 ra=selective_edgecooper_global_pmax comm_bytes=43328 selected_grids={4: 12, 7: 13}
fusion_method=early pred_boxes=21 gt_boxes=47
pred_scores_shape=(21,)
frame=2/3 receiver_sample=13/20 scenario=2026_07_29_02_32_08 timestamp=000062 cavs=[13, 5, 10, 19]
sgcp_constrained receiver=13 policy=all-cavs sources=[13, 5, 10, 19] clusters=20 ra=selective_edgecooper_global_pmax comm_bytes=54560 selected_grids={5: 13, 10: 12, 19: 11}
fusion_method=early pred_boxes=24 gt_boxes=44
pred_scores_shape=(24,)
frame=2/3 receiver_sample=14/20 scenario=2026_07_29_02_32_08 timestamp=000062 cavs=[14]
sgcp_constrained receiver=14 policy=all-cavs sources=[14] clusters=20 ra=selective_edgecooper_global_pmax comm_bytes=0 selected_grids={}
fusion_method=early pred_boxes=3 gt_boxes=6
pred_scores_shape=(3,)
frame=2/3 receiver_sample=15/20 scenario=2026_07_29_02_32_08 timestamp=000062 cavs=[15, 6]
sgcp_constrained receiver=15 policy=all-cavs sources=[15, 6] clusters=20 ra=selective_edgecooper_global_pmax comm_bytes=29584 selected_grids={6: 13}
fusion_method=early pred_boxes=16 gt_boxes=21
pred_scores_shape=(16,)
frame=2/3 receiver_sample=16/20 scenario=2026_07_29_02_32_08 timestamp=000062 cavs=[16, 3, 10, 20]
sgcp_constrained receiver=16 policy=all-cavs sources=[16, 3, 10, 20] clusters=20 ra=selective_edgecooper_global_pmax comm_bytes=79968 selected_grids={3: 13, 10: 13, 20: 12}
fusion_method=early pred_boxes=34 gt_boxes=58
pred_scores_shape=(34,)
frame=2/3 receiver_sample=17/20 scenario=2026_07_29_02_32_08 timestamp=000062 cavs=[17, 3, 18]
sgcp_constrained receiver=17 policy=all-cavs sources=[17, 3, 18] clusters=20 ra=selective_edgecooper_global_pmax comm_bytes=40560 selected_grids={3: 12, 18: 13}
fusion_method=early pred_boxes=21 gt_boxes=31
pred_scores_shape=(21,)
frame=2/3 receiver_sample=18/20 scenario=2026_07_29_02_32_08 timestamp=000062 cavs=[18, 3, 17]
sgcp_constrained receiver=18 policy=all-cavs sources=[18, 3, 17] clusters=20 ra=selective_edgecooper_global_pmax comm_bytes=58192 selected_grids={3: 12, 17: 12}
fusion_method=early pred_boxes=17 gt_boxes=31
pred_scores_shape=(17,)
frame=2/3 receiver_sample=19/20 scenario=2026_07_29_02_32_08 timestamp=000062 cavs=[19, 9, 13, 16]
sgcp_constrained receiver=19 policy=all-cavs sources=[19, 9, 13, 16] clusters=20 ra=selective_edgecooper_global_pmax comm_bytes=67328 selected_grids={9: 12, 13: 13, 16: 12}
fusion_method=early pred_boxes=22 gt_boxes=43
pred_scores_shape=(22,)
frame=2/3 receiver_sample=20/20 scenario=2026_07_29_02_32_08 timestamp=000062 cavs=[20, 5, 9, 16]
sgcp_constrained receiver=20 policy=all-cavs sources=[20, 5, 9, 16] clusters=20 ra=selective_edgecooper_global_pmax comm_bytes=52496 selected_grids={5: 12, 9: 13, 16: 12}
fusion_method=early pred_boxes=28 gt_boxes=49
pred_scores_shape=(28,)
frame=3/3 receiver_sample=1/20 scenario=2026_07_29_02_32_08 timestamp=000064 cavs=[1, 2, 8, 11]
sgcp_constrained receiver=1 policy=all-cavs sources=[1, 2, 8, 11] clusters=20 ra=selective_edgecooper_global_pmax comm_bytes=54384 selected_grids={2: 12, 8: 11, 11: 12}
fusion_method=early pred_boxes=30 gt_boxes=53
pred_scores_shape=(30,)
frame=3/3 receiver_sample=2/20 scenario=2026_07_29_02_32_08 timestamp=000064 cavs=[2, 1, 10, 11]
sgcp_constrained receiver=2 policy=all-cavs sources=[2, 1, 10, 11] clusters=20 ra=selective_edgecooper_global_pmax comm_bytes=51696 selected_grids={1: 11, 10: 12, 11: 10}
fusion_method=early pred_boxes=29 gt_boxes=57
pred_scores_shape=(29,)
frame=3/3 receiver_sample=3/20 scenario=2026_07_29_02_32_08 timestamp=000064 cavs=[3, 16, 17, 18]
sgcp_constrained receiver=3 policy=all-cavs sources=[3, 16, 17, 18] clusters=20 ra=selective_edgecooper_global_pmax comm_bytes=74560 selected_grids={16: 12, 17: 12, 18: 12}
fusion_method=early pred_boxes=24 gt_boxes=48
pred_scores_shape=(24,)
frame=3/3 receiver_sample=4/20 scenario=2026_07_29_02_32_08 timestamp=000064 cavs=[4, 1, 7, 12]
sgcp_constrained receiver=4 policy=all-cavs sources=[4, 1, 7, 12] clusters=20 ra=selective_edgecooper_global_pmax comm_bytes=73008 selected_grids={1: 12, 7: 11, 12: 12}
fusion_method=early pred_boxes=29 gt_boxes=57
pred_scores_shape=(29,)
frame=3/3 receiver_sample=5/20 scenario=2026_07_29_02_32_08 timestamp=000064 cavs=[5, 7, 13, 20]
sgcp_constrained receiver=5 policy=all-cavs sources=[5, 7, 13, 20] clusters=20 ra=selective_edgecooper_global_pmax comm_bytes=72016 selected_grids={7: 12, 13: 12, 20: 12}
fusion_method=early pred_boxes=26 gt_boxes=42
pred_scores_shape=(26,)
frame=3/3 receiver_sample=6/20 scenario=2026_07_29_02_32_08 timestamp=000064 cavs=[6, 15]
sgcp_constrained receiver=6 policy=all-cavs sources=[6, 15] clusters=20 ra=selective_edgecooper_global_pmax comm_bytes=18352 selected_grids={15: 12}
fusion_method=early pred_boxes=13 gt_boxes=21
pred_scores_shape=(13,)
frame=3/3 receiver_sample=7/20 scenario=2026_07_29_02_32_08 timestamp=000064 cavs=[7, 4, 5, 12]
sgcp_constrained receiver=7 policy=all-cavs sources=[7, 4, 5, 12] clusters=20 ra=selective_edgecooper_global_pmax comm_bytes=63744 selected_grids={4: 12, 5: 12, 12: 12}
fusion_method=early pred_boxes=30 gt_boxes=47
pred_scores_shape=(30,)
frame=3/3 receiver_sample=8/20 scenario=2026_07_29_02_32_08 timestamp=000064 cavs=[8, 1, 2, 4]
sgcp_constrained receiver=8 policy=all-cavs sources=[8, 1, 2, 4] clusters=20 ra=selective_edgecooper_global_pmax comm_bytes=70800 selected_grids={1: 11, 2: 12, 4: 12}
fusion_method=early pred_boxes=28 gt_boxes=47
pred_scores_shape=(28,)
frame=3/3 receiver_sample=9/20 scenario=2026_07_29_02_32_08 timestamp=000064 cavs=[9, 11, 13, 19]
sgcp_constrained receiver=9 policy=all-cavs sources=[9, 11, 13, 19] clusters=20 ra=selective_edgecooper_global_pmax comm_bytes=56720 selected_grids={11: 12, 13: 10, 19: 10}
fusion_method=early pred_boxes=24 gt_boxes=44
pred_scores_shape=(24,)
frame=3/3 receiver_sample=10/20 scenario=2026_07_29_02_32_08 timestamp=000064 cavs=[10, 8, 16, 19]C:\Users\sakakibara\miniconda3\envs\opencda\lib\site-packages\torch\nn\functional.py:1806: UserWarning: nn.functional.sigmoid is deprecated. Use torch.sigmoid instead.
  warnings.warn("nn.functional.sigmoid is deprecated. Use torch.sigmoid instead.")

sgcp_constrained receiver=10 policy=all-cavs sources=[10, 8, 16, 19] clusters=20 ra=selective_edgecooper_global_pmax comm_bytes=67072 selected_grids={8: 12, 16: 11, 19: 12}
fusion_method=early pred_boxes=26 gt_boxes=55
pred_scores_shape=(26,)
frame=3/3 receiver_sample=11/20 scenario=2026_07_29_02_32_08 timestamp=000064 cavs=[11, 2, 8, 9]
sgcp_constrained receiver=11 policy=all-cavs sources=[11, 2, 8, 9] clusters=20 ra=selective_edgecooper_global_pmax comm_bytes=65856 selected_grids={2: 11, 8: 12, 9: 12}
fusion_method=early pred_boxes=27 gt_boxes=58
pred_scores_shape=(27,)
frame=3/3 receiver_sample=12/20 scenario=2026_07_29_02_32_08 timestamp=000064 cavs=[12, 4, 7]
sgcp_constrained receiver=12 policy=all-cavs sources=[12, 4, 7] clusters=20 ra=selective_edgecooper_global_pmax comm_bytes=41024 selected_grids={4: 12, 7: 12}
fusion_method=early pred_boxes=22 gt_boxes=47
pred_scores_shape=(22,)
frame=3/3 receiver_sample=13/20 scenario=2026_07_29_02_32_08 timestamp=000064 cavs=[13, 5, 10, 19]
sgcp_constrained receiver=13 policy=all-cavs sources=[13, 5, 10, 19] clusters=20 ra=selective_edgecooper_global_pmax comm_bytes=52880 selected_grids={5: 12, 10: 12, 19: 10}
fusion_method=early pred_boxes=22 gt_boxes=45
pred_scores_shape=(22,)
frame=3/3 receiver_sample=14/20 scenario=2026_07_29_02_32_08 timestamp=000064 cavs=[14]
sgcp_constrained receiver=14 policy=all-cavs sources=[14] clusters=20 ra=selective_edgecooper_global_pmax comm_bytes=0 selected_grids={}
fusion_method=early pred_boxes=3 gt_boxes=6
pred_scores_shape=(3,)
frame=3/3 receiver_sample=15/20 scenario=2026_07_29_02_32_08 timestamp=000064 cavs=[15, 6]
sgcp_constrained receiver=15 policy=all-cavs sources=[15, 6] clusters=20 ra=selective_edgecooper_global_pmax comm_bytes=29136 selected_grids={6: 12}
fusion_method=early pred_boxes=16 gt_boxes=21
pred_scores_shape=(16,)
frame=3/3 receiver_sample=16/20 scenario=2026_07_29_02_32_08 timestamp=000064 cavs=[16, 3, 10, 20]
sgcp_constrained receiver=16 policy=all-cavs sources=[16, 3, 10, 20] clusters=20 ra=selective_edgecooper_global_pmax comm_bytes=75072 selected_grids={3: 12, 10: 12, 20: 10}
fusion_method=early pred_boxes=34 gt_boxes=60
pred_scores_shape=(34,)
frame=3/3 receiver_sample=17/20 scenario=2026_07_29_02_32_08 timestamp=000064 cavs=[17, 3, 18]
sgcp_constrained receiver=17 policy=all-cavs sources=[17, 3, 18] clusters=20 ra=selective_edgecooper_global_pmax comm_bytes=39024 selected_grids={3: 11, 18: 12}
fusion_method=early pred_boxes=17 gt_boxes=31
pred_scores_shape=(17,)
frame=3/3 receiver_sample=18/20 scenario=2026_07_29_02_32_08 timestamp=000064 cavs=[18, 3, 17]
sgcp_constrained receiver=18 policy=all-cavs sources=[18, 3, 17] clusters=20 ra=selective_edgecooper_global_pmax comm_bytes=57216 selected_grids={3: 12, 17: 12}
fusion_method=early pred_boxes=17 gt_boxes=31
pred_scores_shape=(17,)
frame=3/3 receiver_sample=19/20 scenario=2026_07_29_02_32_08 timestamp=000064 cavs=[19, 9, 13, 20]
sgcp_constrained receiver=19 policy=all-cavs sources=[19, 9, 13, 20] clusters=20 ra=selective_edgecooper_global_pmax comm_bytes=65264 selected_grids={9: 11, 13: 12, 20: 12}
fusion_method=early pred_boxes=21 gt_boxes=42
pred_scores_shape=(21,)
frame=3/3 receiver_sample=20/20 scenario=2026_07_29_02_32_08 timestamp=000064 cavs=[20, 5, 9, 16]
sgcp_constrained receiver=20 policy=all-cavs sources=[20, 5, 9, 16] clusters=20 ra=selective_edgecooper_global_pmax comm_bytes=50976 selected_grids={5: 11, 9: 12, 16: 11}
fusion_method=early pred_boxes=27 gt_boxes=48
pred_scores_shape=(27,)
cp counter: 60
Evaluate final average precision results:
  - Fusion method: early
  - The Average Precision at IOU 0.3 is 0.52, The Average Precision at IOU 0.5 is 0.49, The Average Precision at IOU 0.7 is 0.34
sgcp_summary frames=60 avg_comm_bytes=53940.00 total_comm_bytes=3236400 avg_source_cavs=3.47 avg_selected_grids=29.97
