conda.exe : C:\Users\sakakibara\miniconda3\envs\opencda\lib\site-packages\torch\nn\functional.py:1806: UserWarning: nn.
functional.sigmoid is deprecated. Use torch.sigmoid instead.
At C:\Users\sakakibara\miniconda3\shell\condabin\Conda.psm1:194 char:17
+ ...             & $Env:CONDA_EXE $Env:_CE_M $Env:_CE_CONDA $Command @Othe ...
+                 ~~~~~~~~~~~~~~~~~~~~~~~~~~~~~~~~~~~~~~~~~~~~~~~~~~~~~~~~~
    + CategoryInfo          : NotSpecified: (C:\Users\sakaki...igmoid instead.:String) [], RemoteException
    + FullyQualifiedErrorId : NativeCommandError
 
  warnings.warn("nn.functional.sigmoid is deprecated. Use torch.sigmoid instead.")
Format = auto
Extension = pcd
Format = auto
Extension = pcd
Format = auto
Extension = pcd
Format = auto
Extension = pcd
Format = auto
Extension = pcd
Format = auto
Extension = pcd
Format = auto
Extension = pcd
Format = auto
Extension = pcd
Format = auto
Extension = pcd
Format = auto
Extension = pcd
Format = auto
Extension = pcd
Format = auto
Extension = pcd
Format = auto
Extension = pcd
Format = auto
Extension = pcd
Format = auto
Extension = pcd
Format = auto
Extension = pcd
Format = auto
Extension = pcd
Format = auto
Extension = pcd
Format = auto
Extension = pcd
Format = auto
Extension = pcd
Format = auto
Extension = pcd
Format = auto
Extension = pcd
Format = auto
Extension = pcd
Format = auto
Extension = pcd
Format = auto
Extension = pcd
Format = auto
Extension = pcd
Format = auto
Extension = pcd
Format = auto
Extension = pcd
Format = auto
Extension = pcd
Format = auto
Extension = pcd
Format = auto
Extension = pcd
Format = auto
Extension = pcd
Format = auto
Extension = pcd
Format = auto
Extension = pcd
Format = auto
Extension = pcd
Format = auto
Extension = pcd
Format = auto
Extension = pcd
Format = auto
Extension = pcd
Format = auto
Extension = pcd
Format = auto
Extension = pcd
Format = auto
Extension = pcd
Format = auto
Extension = pcd
Format = auto
Extension = pcd
Format = auto
Extension = pcd
Format = auto
Extension = pcd
Format = auto
Extension = pcd
Format = auto
Extension = pcd
Format = auto
Extension = pcd
Format = auto
Extension = pcd
Format = auto
Extension = pcd
Format = auto
Extension = pcd
Format = auto
Extension = pcd
Format = auto
Extension = pcd
Format = auto
Extension = pcd
Format = auto
Extension = pcd
Format = auto
Extension = pcd
Format = auto
Extension = pcd
Format = auto
Extension = pcd
Format = auto
Extension = pcd
Format = auto
Extension = pcd
Format = auto
Extension = pcd
Format = auto
Extension = pcd
Format = auto
Extension = pcd
Format = auto
Extension = pcd
Format = auto
Extension = pcd
Format = auto
Extension = pcd
Format = auto
Extension = pcd
Format = auto
Extension = pcd
Format = auto
Extension = pcd
Format = auto
Extension = pcd
Format = auto
Extension = pcd
Format = auto
Extension = pcd
Format = auto
Extension = pcd
Format = auto
Extension = pcd
Format = auto
Extension = pcd
Format = auto
Extension = pcd
Format = auto
Extension = pcd
Format = auto
Extension = pcd
Format = auto
Extension = pcd
Format = auto
Extension = pcd
Format = auto
Extension = pcd
Format = auto
Extension = pcd
Format = auto
Extension = pcd
Format = auto
Extension = pcd
Format = auto
Extension = pcd
Format = auto
Extension = pcd
Format = auto
Extension = pcd
Format = auto
Extension = pcd
Format = auto
Extension = pcd
Format = auto
Extension = pcd
Format = auto
Extension = pcd
Format = auto
Extension = pcd
Format = auto
Extension = pcd
Format = auto
Extension = pcd
Format = auto
Extension = pcd
Format = auto
Extension = pcd
Format = auto
Extension = pcd
Format = auto
Extension = pcd
Format = auto
Extension = pcd
Format = auto
Extension = pcd
Format = auto
Extension = pcd
Format = auto
Extension = pcd
Format = auto
Extension = pcd
Format = auto
Extension = pcd
Format = auto
Extension = pcd
Format = auto
Extension = pcd
Format = auto
Extension = pcd
Format = auto
Extension = pcd
Format = auto
Extension = pcd
Format = auto
Extension = pcd
Format = auto
Extension = pcd
Format = auto
Extension = pcd
Format = auto
Extension = pcd
Format = auto
Extension = pcd
Format = auto
Extension = pcd
Format = auto
Extension = pcd
Format = auto
Extension = pcd
Format = auto
Extension = pcd
Format = auto
Extension = pcd
Format = auto
Extension = pcd
Format = auto
Extension = pcd
Format = auto
Extension = pcd
Format = auto
Extension = pcd
Format = auto
Extension = pcd
Format = auto
Extension = pcd
Format = auto
Extension = pcd
Format = auto
Extension = pcd
Format = auto
Extension = pcd
Format = auto
Extension = pcd
Format = auto
Extension = pcd
Format = auto
Extension = pcd
Format = auto
Extension = pcd
Format = auto
Extension = pcd
Format = auto
Extension = pcd
Format = auto
Extension = pcd
Format = auto
Extension = pcd
Format = auto
Extension = pcd
Format = auto
Extension = pcd
Format = auto
Extension = pcd
Format = auto
Extension = pcd
Format = auto
Extension = pcd
Format = auto
Extension = pcd
Format = auto
Extension = pcd
Format = auto
Extension = pcd
Format = auto
Extension = pcd
Format = auto
Extension = pcd
Format = auto
Extension = pcd
Format = auto
Extension = pcd
Format = auto
Extension = pcd
Format = auto
Extension = pcd
Format = auto
Extension = pcd
Format = auto
Extension = pcd
Format = auto
Extension = pcd
Format = auto
Extension = pcd
Format = auto
Extension = pcd
Format = auto
Extension = pcd
Format = auto
Extension = pcd
Format = auto
Extension = pcd
Format = auto
Extension = pcd
Format = auto
Extension = pcd
Format = auto
Extension = pcd
Format = auto
Extension = pcd
Format = auto
Extension = pcd
Format = auto
Extension = pcd
Format = auto
Extension = pcd
Format = auto
Extension = pcd
Format = auto
Extension = pcd
Format = auto
Extension = pcd
Format = auto
Extension = pcd
Format = auto
Extension = pcd
Format = auto
Extension = pcd
Format = auto
Extension = pcd
Format = auto
Extension = pcd
Format = auto
Extension = pcd
Format = auto
Extension = pcd
Format = auto
Extension = pcd
Format = auto
Extension = pcd
Format = auto
Extension = pcd
Format = auto
Extension = pcd
Format = auto
Extension = pcd
resuming by loading epoch 10000
frame=1/11 late_source=1/6 scenario=2026_07_15_01_26_56 timestamp=000060 receiver=4 cavs=[4, 12, 8] pred_boxes=14 gt_boxes=40 comm_bytes=150752
frame=1/11 late_source=2/6 scenario=2026_07_15_01_26_56 timestamp=000060 receiver=11 cavs=[11, 10, 2] pred_boxes=20 gt_boxes=45 comm_bytes=152272
frame=1/11 late_source=3/6 scenario=2026_07_15_01_26_56 timestamp=000060 receiver=13 cavs=[13, 9, 19] pred_boxes=4 gt_boxes=26 comm_bytes=153392
frame=1/11 late_source=4/6 scenario=2026_07_15_01_26_56 timestamp=000060 receiver=15 cavs=[15, 6] pred_boxes=13 gt_boxes=17 comm_bytes=65200
frame=1/11 late_source=5/6 scenario=2026_07_15_01_26_56 timestamp=000060 receiver=16 cavs=[16, 7, 20] pred_boxes=13 gt_boxes=30 comm_bytes=150944
frame=1/11 late_source=6/6 scenario=2026_07_15_01_26_56 timestamp=000060 receiver=17 cavs=[17, 3] pred_boxes=4 gt_boxes=16 comm_bytes=76720
sgcp_late_fusion frame=1/11 scenario=2026_07_15_01_26_56 timestamp=000060 sources=6 fused_pred_boxes=55 fused_gt_boxes=70
frame=2/11 late_source=1/6 scenario=2026_07_15_01_26_56 timestamp=000062 receiver=1 cavs=[1, 2, 11] pred_boxes=22 gt_boxes=40 comm_bytes=152160
frame=2/11 late_source=2/6 scenario=2026_07_15_01_26_56 timestamp=000062 receiver=12 cavs=[12, 4] pred_boxes=10 gt_boxes=35 comm_bytes=75776
frame=2/11 late_source=3/6 scenario=2026_07_15_01_26_56 timestamp=000062 receiver=15 cavs=[15, 6] pred_boxes=12 gt_boxes=17 comm_bytes=66080
frame=2/11 late_source=4/6 scenario=2026_07_15_01_26_56 timestamp=000062 receiver=16 cavs=[16, 7, 20] pred_boxes=13 gt_boxes=30 comm_bytes=151072
frame=2/11 late_source=5/6 scenario=2026_07_15_01_26_56 timestamp=000062 receiver=17 cavs=[17, 3, 18] pred_boxes=3 gt_boxes=16 comm_bytes=152640
frame=2/11 late_source=6/6 scenario=2026_07_15_01_26_56 timestamp=000062 receiver=19 cavs=[19, 10, 9] pred_boxes=7 gt_boxes=33 comm_bytes=153360
sgcp_late_fusion frame=2/11 scenario=2026_07_15_01_26_56 timestamp=000062 sources=6 fused_pred_boxes=61 fused_gt_boxes=69
frame=3/11 late_source=1/6 scenario=2026_07_15_01_26_56 timestamp=000064 receiver=1 cavs=[1, 2, 11] pred_boxes=20 gt_boxes=40 comm_bytes=143728
frame=3/11 late_source=2/6 scenario=2026_07_15_01_26_56 timestamp=000064 receiver=12 cavs=[12, 4] pred_boxes=7 gt_boxes=35 comm_bytes=75760
frame=3/11 late_source=3/6 scenario=2026_07_15_01_26_56 timestamp=000064 receiver=15 cavs=[15, 6] pred_boxes=12 gt_boxes=17 comm_bytes=66336
frame=3/11 late_source=4/6 scenario=2026_07_15_01_26_56 timestamp=000064 receiver=16 cavs=[16, 7, 20] pred_boxes=14 gt_boxes=31 comm_bytes=151120
frame=3/11 late_source=5/6 scenario=2026_07_15_01_26_56 timestamp=000064 receiver=17 cavs=[17, 3, 18] pred_boxes=5 gt_boxes=16 comm_bytes=152656
frame=3/11 late_source=6/6 scenario=2026_07_15_01_26_56 timestamp=000064 receiver=19 cavs=[19, 10, 9] pred_boxes=7 gt_boxes=33 comm_bytes=153568
sgcp_late_fusion frame=3/11 scenario=2026_07_15_01_26_56 timestamp=000064 sources=6 fused_pred_boxes=57 fused_gt_boxes=70
frame=4/11 late_source=1/6 scenario=2026_07_15_01_26_56 timestamp=000066 receiver=1 cavs=[1, 2, 11] pred_boxes=17 gt_boxes=41 comm_bytes=143552
frame=4/11 late_source=2/6 scenario=2026_07_15_01_26_56 timestamp=000066 receiver=12 cavs=[12, 7, 4] pred_boxes=13 gt_boxes=42 comm_bytes=149296
frame=4/11 late_source=3/6 scenario=2026_07_15_01_26_56 timestamp=000066 receiver=15 cavs=[15, 6] pred_boxes=12 gt_boxes=17 comm_bytes=66272
frame=4/11 late_source=4/6 scenario=2026_07_15_01_26_56 timestamp=000066 receiver=16 cavs=[16, 20, 5] pred_boxes=10 gt_boxes=29 comm_bytes=153232
frame=4/11 late_source=5/6 scenario=2026_07_15_01_26_56 timestamp=000066 receiver=17 cavs=[17, 3] pred_boxes=3 gt_boxes=15 comm_bytes=76496
frame=4/11 late_source=6/6 scenario=2026_07_15_01_26_56 timestamp=000066 receiver=19 cavs=[19, 10, 9] pred_boxes=7 gt_boxes=34 comm_bytes=153840
sgcp_late_fusion frame=4/11 scenario=2026_07_15_01_26_56 timestamp=000066 sources=6 fused_pred_boxes=55 fused_gt_boxes=71
frame=5/11 late_source=1/6 scenario=2026_07_15_01_26_56 timestamp=000068 receiver=1 cavs=[1, 2, 11] pred_boxes=18 gt_boxes=42 comm_bytes=143424
frame=5/11 late_source=2/6 scenario=2026_07_15_01_26_56 timestamp=000068 receiver=4 cavs=[4, 12] pred_boxes=8 gt_boxes=35 comm_bytes=76080
frame=5/11 late_source=3/6 scenario=2026_07_15_01_26_56 timestamp=000068 receiver=13 cavs=[13, 10, 19] pred_boxes=6 gt_boxes=33 comm_bytes=152048
frame=5/11 late_source=4/6 scenario=2026_07_15_01_26_56 timestamp=000068 receiver=15 cavs=[15, 6] pred_boxes=12 gt_boxes=16 comm_bytes=66240
frame=5/11 late_source=5/6 scenario=2026_07_15_01_26_56 timestamp=000068 receiver=16 cavs=[16, 7, 20] pred_boxes=17 gt_boxes=29 comm_bytes=151040
frame=5/11 late_source=6/6 scenario=2026_07_15_01_26_56 timestamp=000068 receiver=17 cavs=[17, 3, 18] pred_boxes=3 gt_boxes=16 comm_bytes=152720
sgcp_late_fusion frame=5/11 scenario=2026_07_15_01_26_56 timestamp=000068 sources=6 fused_pred_boxes=56 fused_gt_boxes=71
frame=6/11 late_source=1/6 scenario=2026_07_15_01_26_56 timestamp=000070 receiver=1 cavs=[1, 4, 12] pred_boxes=17 gt_boxes=37 comm_bytes=124736
frame=6/11 late_source=2/6 scenario=2026_07_15_01_26_56 timestamp=000070 receiver=11 cavs=[11, 2, 9] pred_boxes=18 gt_boxes=45 comm_bytes=149184
frame=6/11 late_source=3/6 scenario=2026_07_15_01_26_56 timestamp=000070 receiver=13 cavs=[13, 10, 19] pred_boxes=5 gt_boxes=33 comm_bytes=152432
frame=6/11 late_source=4/6 scenario=2026_07_15_01_26_56 timestamp=000070 receiver=15 cavs=[15, 6] pred_boxes=12 gt_boxes=16 comm_bytes=64416
frame=6/11 late_source=5/6 scenario=2026_07_15_01_26_56 timestamp=000070 receiver=16 cavs=[16, 20, 7] pred_boxes=13 gt_boxes=29 comm_bytes=150528
frame=6/11 late_source=6/6 scenario=2026_07_15_01_26_56 timestamp=000070 receiver=17 cavs=[17, 3] pred_boxes=3 gt_boxes=15 comm_bytes=76240
sgcp_late_fusion frame=6/11 scenario=2026_07_15_01_26_56 timestamp=000070 sources=6 fused_pred_boxes=53 fused_gt_boxes=70
frame=7/11 late_source=1/6 scenario=2026_07_15_01_26_56 timestamp=000072 receiver=1 cavs=[1, 2, 11] pred_boxes=16 gt_boxes=41 comm_bytes=152272
frame=7/11 late_source=2/6 scenario=2026_07_15_01_26_56 timestamp=000072 receiver=4 cavs=[4, 12] pred_boxes=7 gt_boxes=34 comm_bytes=76112
frame=7/11 late_source=3/6 scenario=2026_07_15_01_26_56 timestamp=000072 receiver=13 cavs=[13, 10, 19] pred_boxes=6 gt_boxes=32 comm_bytes=151376
frame=7/11 late_source=4/6 scenario=2026_07_15_01_26_56 timestamp=000072 receiver=15 cavs=[15, 6] pred_boxes=12 gt_boxes=18 comm_bytes=64704
frame=7/11 late_source=5/6 scenario=2026_07_15_01_26_56 timestamp=000072 receiver=16 cavs=[16, 20, 7] pred_boxes=16 gt_boxes=28 comm_bytes=150336
frame=7/11 late_source=6/6 scenario=2026_07_15_01_26_56 timestamp=000072 receiver=17 cavs=[17, 3, 18] pred_boxes=2 gt_boxes=16 comm_bytes=151872
sgcp_late_fusion frame=7/11 scenario=2026_07_15_01_26_56 timestamp=000072 sources=6 fused_pred_boxes=53 fused_gt_boxes=70
frame=8/11 late_source=1/6 scenario=2026_07_15_01_26_56 timestamp=000074 receiver=1 cavs=[1, 2, 11] pred_boxes=18 gt_boxes=39 comm_bytes=152128
frame=8/11 late_source=2/6 scenario=2026_07_15_01_26_56 timestamp=000074 receiver=12 cavs=[12, 4, 7] pred_boxes=15 gt_boxes=43 comm_bytes=149104
frame=8/11 late_source=3/6 scenario=2026_07_15_01_26_56 timestamp=000074 receiver=13 cavs=[13, 10, 19] pred_boxes=5 gt_boxes=32 comm_bytes=152592
frame=8/11 late_source=4/6 scenario=2026_07_15_01_26_56 timestamp=000074 receiver=15 cavs=[15, 6] pred_boxes=12 gt_boxes=18 comm_bytes=64896
frame=8/11 late_source=5/6 scenario=2026_07_15_01_26_56 timestamp=000074 receiver=17 cavs=[17, 3] pred_boxes=2 gt_boxes=15 comm_bytes=76528
frame=8/11 late_source=6/6 scenario=2026_07_15_01_26_56 timestamp=000074 receiver=20 cavs=[20, 16, 9] pred_boxes=15 gt_boxes=32 comm_bytes=145552
sgcp_late_fusion frame=8/11 scenario=2026_07_15_01_26_56 timestamp=000074 sources=6 fused_pred_boxes=57 fused_gt_boxes=68
frame=9/11 late_source=1/6 scenario=2026_07_15_01_26_56 timestamp=000076 receiver=1 cavs=[1, 2, 11] pred_boxes=17 gt_boxes=41 comm_bytes=152208
frame=9/11 late_source=2/6 scenario=2026_07_15_01_26_56 timestamp=000076 receiver=4 cavs=[4, 12] pred_boxes=7 gt_boxes=33 comm_bytes=76048Format = auto
Extension = pcd
Format = auto
Extension = pcd
Format = auto
Extension = pcd
Format = auto
Extension = pcd
Format = auto
Extension = pcd
Format = auto
Extension = pcd
Format = auto
Extension = pcd
Format = auto
Extension = pcd
Format = auto
Extension = pcd
Format = auto
Extension = pcd
Format = auto
Extension = pcd
Format = auto
Extension = pcd
Format = auto
Extension = pcd
Format = auto
Extension = pcd
Format = auto
Extension = pcd
Format = auto
Extension = pcd
Format = auto
Extension = pcd
Format = auto
Extension = pcd
Format = auto
Extension = pcd
Format = auto
Extension = pcd
Format = auto
Extension = pcd
Format = auto
Extension = pcd
Format = auto
Extension = pcd
Format = auto
Extension = pcd
Format = auto
Extension = pcd
Format = auto
Extension = pcd
Format = auto
Extension = pcd
Format = auto
Extension = pcd
Format = auto
Extension = pcd
Format = auto
Extension = pcd
Format = auto
Extension = pcd
Format = auto
Extension = pcd
Format = auto
Extension = pcd
Format = auto
Extension = pcd
Format = auto
Extension = pcd
Format = auto
Extension = pcd
Format = auto
Extension = pcd
Format = auto
Extension = pcd
Format = auto
Extension = pcd
Format = auto
Extension = pcd

frame=9/11 late_source=3/6 scenario=2026_07_15_01_26_56 timestamp=000076 receiver=13 cavs=[13, 10, 19] pred_boxes=6 gt_boxes=31 comm_bytes=152512
frame=9/11 late_source=4/6 scenario=2026_07_15_01_26_56 timestamp=000076 receiver=15 cavs=[15, 6] pred_boxes=13 gt_boxes=18 comm_bytes=65312
frame=9/11 late_source=5/6 scenario=2026_07_15_01_26_56 timestamp=000076 receiver=16 cavs=[16, 20, 7] pred_boxes=14 gt_boxes=28 comm_bytes=150832
frame=9/11 late_source=6/6 scenario=2026_07_15_01_26_56 timestamp=000076 receiver=17 cavs=[17, 3, 18] pred_boxes=3 gt_boxes=17 comm_bytes=150912
sgcp_late_fusion frame=9/11 scenario=2026_07_15_01_26_56 timestamp=000076 sources=6 fused_pred_boxes=55 fused_gt_boxes=69
frame=10/11 late_source=1/6 scenario=2026_07_15_01_26_56 timestamp=000078 receiver=1 cavs=[1, 2, 11] pred_boxes=17 gt_boxes=40 comm_bytes=151920
frame=10/11 late_source=2/6 scenario=2026_07_15_01_26_56 timestamp=000078 receiver=4 cavs=[4, 12] pred_boxes=8 gt_boxes=35 comm_bytes=75968
frame=10/11 late_source=3/6 scenario=2026_07_15_01_26_56 timestamp=000078 receiver=13 cavs=[13, 10, 19] pred_boxes=7 gt_boxes=31 comm_bytes=152016
frame=10/11 late_source=4/6 scenario=2026_07_15_01_26_56 timestamp=000078 receiver=15 cavs=[15, 6] pred_boxes=13 gt_boxes=19 comm_bytes=65216
frame=10/11 late_source=5/6 scenario=2026_07_15_01_26_56 timestamp=000078 receiver=16 cavs=[16, 20, 7] pred_boxes=14 gt_boxes=27 comm_bytes=150832
frame=10/11 late_source=6/6 scenario=2026_07_15_01_26_56 timestamp=000078 receiver=17 cavs=[17, 3, 18] pred_boxes=3 gt_boxes=17 comm_bytes=150480
sgcp_late_fusion frame=10/11 scenario=2026_07_15_01_26_56 timestamp=000078 sources=6 fused_pred_boxes=54 fused_gt_boxes=69
frame=11/11 late_source=1/6 scenario=2026_07_15_01_26_56 timestamp=000080 receiver=1 cavs=[1, 2, 11] pred_boxes=20 gt_boxes=42 comm_bytes=152048
frame=11/11 late_source=2/6 scenario=2026_07_15_01_26_56 timestamp=000080 receiver=4 cavs=[4, 12] pred_boxes=7 gt_boxes=36 comm_bytes=76032
frame=11/11 late_source=3/6 scenario=2026_07_15_01_26_56 timestamp=000080 receiver=13 cavs=[13, 10, 19] pred_boxes=6 gt_boxes=32 comm_bytes=151696
frame=11/11 late_source=4/6 scenario=2026_07_15_01_26_56 timestamp=000080 receiver=15 cavs=[15, 6] pred_boxes=13 gt_boxes=18 comm_bytes=66704
frame=11/11 late_source=5/6 scenario=2026_07_15_01_26_56 timestamp=000080 receiver=16 cavs=[16, 20, 7] pred_boxes=14 gt_boxes=28 comm_bytes=150688
frame=11/11 late_source=6/6 scenario=2026_07_15_01_26_56 timestamp=000080 receiver=17 cavs=[17, 3, 18] pred_boxes=3 gt_boxes=18 comm_bytes=149248
sgcp_late_fusion frame=11/11 scenario=2026_07_15_01_26_56 timestamp=000080 sources=6 fused_pred_boxes=57 fused_gt_boxes=70
cp counter: 11
Evaluate final average precision results:
  - Fusion method: early
  - The Average Precision at IOU 0.3 is 0.77, The Average Precision at IOU 0.5 is 0.72, The Average Precision at IOU 0.7 is 0.34
sgcp_summary frames=66 avg_comm_bytes=123840.24 total_comm_bytes=8173456 avg_source_cavs=2.67 avg_selected_grids=55.00
