COMMAND: C:\Users\sakakibara\miniconda3\envs\opencda\python.exe -m opencda.tools.offline_inference --dataset-root D:\Data\Carla --scenario-id 2026_07_15_01_26_56 --ego-cav-id 1 --max-frames 41 --fusion-method early --coperception-yaml C:\Workspace\OpenCDA\docs\doc_workspace\SGCP\artifacts\early_from_late_checkpoint_20260719\enable_coperception_early_from_attentive.yaml --sgcp-constrained --resource-allocation cov_potential_game --sgcp-receiver-policy all-cluster-heads --sgcp-upload-mode grid --sgcp-inter-cluster-late-fusion --sgcp-grid-selection-mode utility --sgcp-grid-score-mode utility --bandwidth-mhz 40 --num-channels 10 --channel-estimator ns3 --ns3-tb-size-bytes 899 --ns3-slot-duration-ms 0.5 --ns3-subchannel-prbs 10 --ns3-symbols-per-slot 12 --ns3-mcs 28 --n-max 4 --rho-th 3 --head-rb-budget 2 --sgcp-frame-mbps-budget 200 --clustering random_balanced --sgcp-trace-output C:\Workspace\OpenCDA\docs\doc_workspace\SGCP\artifacts\table4_clustering_cv_20260724\random_balanced_trace.csv --eval-stats-output C:\Workspace\OpenCDA\docs\doc_workspace\SGCP\artifacts\table4_clustering_cv_20260724\random_balanced_eval_stats.csv

Format = auto
Extension = pcd
Format = auto
Extension = pcd
Format = auto
Extension = pcd
Format = auto
Extension = pcd
Format = auto
Extension = pcd
Format = auto
Extension = pcd
Format = auto
Extension = pcd
Format = auto
Extension = pcd
Format = auto
Extension = pcd
Format = auto
Extension = pcd
Format = auto
Extension = pcd
Format = auto
Extension = pcd
Format = auto
Extension = pcd
Format = auto
Extension = pcd
Format = auto
Extension = pcd
Format = auto
Extension = pcd
Format = auto
Extension = pcd
Format = auto
Extension = pcd
Format = auto
Extension = pcd
Format = auto
Extension = pcd
Format = auto
Extension = pcd
Format = auto
Extension = pcd
Format = auto
Extension = pcd
Format = auto
Extension = pcd
Format = auto
Extension = pcd
Format = auto
Extension = pcd
Format = auto
Extension = pcd
Format = auto
Extension = pcd
Format = auto
Extension = pcd
Format = auto
Extension = pcd
Format = auto
Extension = pcd
Format = auto
Extension = pcd
Format = auto
Extension = pcd
Format = auto
Extension = pcd
Format = auto
Extension = pcd
Format = auto
Extension = pcd
Format = auto
Extension = pcd
Format = auto
Extension = pcd
Format = auto
Extension = pcd
Format = auto
Extension = pcd
Format = auto
Extension = pcd
Format = auto
Extension = pcd
Format = auto
Extension = pcd
Format = auto
Extension = pcd
Format = auto
Extension = pcd
Format = auto
Extension = pcd
Format = auto
Extension = pcd
Format = auto
Extension = pcd
Format = auto
Extension = pcd
Format = auto
Extension = pcd
Format = auto
Extension = pcd
Format = auto
Extension = pcd
Format = auto
Extension = pcd
Format = auto
Extension = pcd
Format = auto
Extension = pcd
Format = auto
Extension = pcd
Format = auto
Extension = pcd
Format = auto
Extension = pcd
Format = auto
Extension = pcd
Format = auto
Extension = pcd
Format = auto
Extension = pcd
Format = auto
Extension = pcd
Format = auto
Extension = pcd
Format = auto
Extension = pcd
Format = auto
Extension = pcd
Format = auto
Extension = pcd
Format = auto
Extension = pcd
Format = auto
Extension = pcd
Format = auto
Extension = pcd
Format = auto
Extension = pcd
Format = auto
Extension = pcd
Format = auto
Extension = pcd
Format = auto
Extension = pcd
Format = auto
Extension = pcd
Format = auto
Extension = pcd
Format = auto
Extension = pcd
Format = auto
Extension = pcd
Format = auto
Extension = pcd
Format = auto
Extension = pcd
Format = auto
Extension = pcd
Format = auto
Extension = pcd
Format = auto
Extension = pcd
Format = auto
Extension = pcd
Format = auto
Extension = pcd
Format = auto
Extension = pcd
Format = auto
Extension = pcd
Format = auto
Extension = pcd
Format = auto
Extension = pcd
Format = auto
Extension = pcd
Format = auto
Extension = pcd
Format = auto
Extension = pcd
Format = auto
Extension = pcd
Format = auto
Extension = pcd
Format = auto
Extension = pcd
Format = auto
Extension = pcd
Format = auto
Extension = pcd
Format = auto
Extension = pcd
Format = auto
Extension = pcd
Format = auto
Extension = pcd
Format = auto
Extension = pcd
Format = auto
Extension = pcd
Format = auto
Extension = pcd
Format = auto
Extension = pcd
Format = auto
Extension = pcd
Format = auto
Extension = pcd
Format = auto
Extension = pcd
Format = auto
Extension = pcd
Format = auto
Extension = pcd
Format = auto
Extension = pcd
Format = auto
Extension = pcd
Format = auto
Extension = pcd
Format = auto
Extension = pcd
Format = auto
Extension = pcd
Format = auto
Extension = pcd
Format = auto
Extension = pcd
Format = auto
Extension = pcd
Format = auto
Extension = pcd
Format = auto
Extension = pcd
Format = auto
Extension = pcd
Format = auto
Extension = pcd
Format = auto
Extension = pcd
Format = auto
Extension = pcd
Format = auto
Extension = pcd
Format = auto
Extension = pcd
Format = auto
Extension = pcd
Format = auto
Extension = pcd
Format = auto
Extension = pcd
Format = auto
Extension = pcd
Format = auto
Extension = pcd
Format = auto
Extension = pcd
Format = auto
Extension = pcd
Format = auto
Extension = pcd
Format = auto
Extension = pcd
Format = auto
Extension = pcd
Format = auto
Extension = pcd
Format = auto
Extension = pcd
Format = auto
Extension = pcd
Format = auto
Extension = pcd
Format = auto
Extension = pcd
Format = auto
Extension = pcd
Format = auto
Extension = pcd
Format = auto
Extension = pcd
Format = auto
Extension = pcd
Format = auto
Extension = pcd
Format = auto
Extension = pcd
Format = auto
Extension = pcd
Format = auto
Extension = pcd
Format = auto
Extension = pcd
Format = auto
Extension = pcd
Format = auto
Extension = pcd
Format = auto
Extension = pcd
Format = auto
Extension = pcd
Format = auto
Extension = pcd
Format = auto
Extension = pcd
Format = auto
Extension = pcd
Format = auto
Extension = pcd
Format = auto
Extension = pcd
Format = auto
Extension = pcd
Format = auto
Extension = pcd
Format = auto
Extension = pcd
Format = auto
Extension = pcd
Format = auto
Extension = pcd
Format = auto
Extension = pcd
Format = auto
Extension = pcd
Format = auto
Extension = pcd
Format = auto
Extension = pcd
Format = auto
Extension = pcd
Format = auto
Extension = pcd
Format = auto
Extension = pcd
Format = auto
Extension = pcd
Format = auto
Extension = pcd
Format = auto
Extension = pcd
Format = auto
Extension = pcd
Format = auto
Extension = pcd
Format = auto
Extension = pcd
Format = auto
Extension = pcd
Format = auto
Extension = pcd
Format = auto
Extension = pcd
Format = auto
Extension = pcd
Format = auto
Extension = pcd
Format = auto
Extension = pcd
Format = auto
Extension = pcd
Format = auto
Extension = pcd
Format = auto
Extension = pcd
Format = auto
Extension = pcd
Format = auto
Extension = pcd
Format = auto
Extension = pcd
Format = auto
Extension = pcd
Format = auto
Extension = pcd
Format = auto
Extension = pcd
Format = auto
Extension = pcd
Format = auto
Extension = pcd
Format = auto
Extension = pcd
Format = auto
Extension = pcd
Format = auto
Extension = pcd
Format = auto
Extension = pcd
Format = auto
Extension = pcd
Format = auto
Extension = pcd
Format = auto
Extension = pcd
Format = auto
Extension = pcd
resuming by loading epoch 10000
frame=1/41 late_source=1/5 scenario=2026_07_15_01_26_56 timestamp=000060 receiver=4 cavs=[4, 2, 11] pred_boxes=36 gt_boxes=44 comm_bytes=124400
frame=1/41 late_source=2/5 scenario=2026_07_15_01_26_56 timestamp=000060 receiver=9 cavs=[9, 14, 13] pred_boxes=9 gt_boxes=26 comm_bytes=154544
frame=1/41 late_source=3/5 scenario=2026_07_15_01_26_56 timestamp=000060 receiver=10 cavs=[10, 3, 1] pred_boxes=30 gt_boxes=44 comm_bytes=153632
frame=1/41 late_source=4/5 scenario=2026_07_15_01_26_56 timestamp=000060 receiver=19 cavs=[19, 16, 5] pred_boxes=19 gt_boxes=32 comm_bytes=147728
frame=1/41 late_source=5/5 scenario=2026_07_15_01_26_56 timestamp=000060 receiver=20 cavs=[20, 7, 18] pred_boxes=20 gt_boxes=27 comm_bytes=75440
sgcp_late_fusion frame=1/41 scenario=2026_07_15_01_26_56 timestamp=000060 sources=5 fused_pred_boxes=59 fused_gt_boxes=60
frame=2/41 late_source=1/5 scenario=2026_07_15_01_26_56 timestamp=000062 receiver=2 cavs=[2, 12, 15] pred_boxes=26 gt_boxes=37 comm_bytes=147840
frame=2/41 late_source=2/5 scenario=2026_07_15_01_26_56 timestamp=000062 receiver=5 cavs=[5, 17, 11] pred_boxes=19 gt_boxes=28 comm_bytes=133504
frame=2/41 late_source=3/5 scenario=2026_07_15_01_26_56 timestamp=000062 receiver=9 cavs=[9, 7, 19] pred_boxes=17 gt_boxes=22 comm_bytes=152080
frame=2/41 late_source=4/5 scenario=2026_07_15_01_26_56 timestamp=000062 receiver=13 cavs=[13, 14] pred_boxes=0 gt_boxes=11 comm_bytes=79488
frame=2/41 late_source=5/5 scenario=2026_07_15_01_26_56 timestamp=000062 receiver=20 cavs=[20, 3, 10] pred_boxes=26 gt_boxes=42 comm_bytes=148800
sgcp_late_fusion frame=2/41 scenario=2026_07_15_01_26_56 timestamp=000062 sources=5 fused_pred_boxes=52 fused_gt_boxes=65
frame=3/41 late_source=1/5 scenario=2026_07_15_01_26_56 timestamp=000064 receiver=1 cavs=[1, 9, 15] pred_boxes=30 gt_boxes=39 comm_bytes=144256
frame=3/41 late_source=2/5 scenario=2026_07_15_01_26_56 timestamp=000064 receiver=7 cavs=[7, 13, 4] pred_boxes=26 gt_boxes=43 comm_bytes=151456
frame=3/41 late_source=3/5 scenario=2026_07_15_01_26_56 timestamp=000064 receiver=12 cavs=[12, 17, 16] pred_boxes=21 gt_boxes=37 comm_bytes=133872
frame=3/41 late_source=4/5 scenario=2026_07_15_01_26_56 timestamp=000064 receiver=19 cavs=[19, 14, 11] pred_boxes=11 gt_boxes=21 comm_bytes=148336
frame=3/41 late_source=5/5 scenario=2026_07_15_01_26_56 timestamp=000064 receiver=20 cavs=[20, 3, 10] pred_boxes=24 gt_boxes=40 comm_bytes=148704
sgcp_late_fusion frame=3/41 scenario=2026_07_15_01_26_56 timestamp=000064 sources=5 fused_pred_boxes=65 fused_gt_boxes=63
frame=4/41 late_source=1/5 scenario=2026_07_15_01_26_56 timestamp=000066 receiver=5 cavs=[5, 2, 7] pred_boxes=30 gt_boxes=42 comm_bytes=149712
frame=4/41 late_source=2/5 scenario=2026_07_15_01_26_56 timestamp=000066 receiver=8 cavs=[8, 20, 4] pred_boxes=38 gt_boxes=39 comm_bytes=150432
frame=4/41 late_source=3/5 scenario=2026_07_15_01_26_56 timestamp=000066 receiver=11 cavs=[11, 3, 6] pred_boxes=24 gt_boxes=30 comm_bytes=81776
frame=4/41 late_source=4/5 scenario=2026_07_15_01_26_56 timestamp=000066 receiver=12 cavs=[12, 1, 19] pred_boxes=22 gt_boxes=33 comm_bytes=81536
frame=4/41 late_source=5/5 scenario=2026_07_15_01_26_56 timestamp=000066 receiver=13 cavs=[13, 14, 10] pred_boxes=10 gt_boxes=33 comm_bytes=156160
sgcp_late_fusion frame=4/41 scenario=2026_07_15_01_26_56 timestamp=000066 sources=5 fused_pred_boxes=61 fused_gt_boxes=70
frame=5/41 late_source=1/5 scenario=2026_07_15_01_26_56 timestamp=000068 receiver=5 cavs=[5, 3, 12] pred_boxes=15 gt_boxes=32 comm_bytes=120224
frame=5/41 late_source=2/5 scenario=2026_07_15_01_26_56 timestamp=000068 receiver=11 cavs=[11, 9, 2] pred_boxes=29 gt_boxes=47 comm_bytes=153952
frame=5/41 late_source=3/5 scenario=2026_07_15_01_26_56 timestamp=000068 receiver=13 cavs=[13, 14, 7] pred_boxes=4 gt_boxes=26 comm_bytes=124832
frame=5/41 late_source=4/5 scenario=2026_07_15_01_26_56 timestamp=000068 receiver=16 cavs=[16, 10, 8] pred_boxes=30 gt_boxes=44 comm_bytes=86592
frame=5/41 late_source=5/5 scenario=2026_07_15_01_26_56 timestamp=000068 receiver=20 cavs=[20, 17, 4] pred_boxes=25 gt_boxes=38 comm_bytes=121472
sgcp_late_fusion frame=5/41 scenario=2026_07_15_01_26_56 timestamp=000068 sources=5 fused_pred_boxes=54 fused_gt_boxes=63
frame=6/41 late_source=1/5 scenario=2026_07_15_01_26_56 timestamp=000070 receiver=2 cavs=[2, 17, 13] pred_boxes=23 gt_boxes=38 comm_bytes=130448
frame=6/41 late_source=2/5 scenario=2026_07_15_01_26_56 timestamp=000070 receiver=4 cavs=[4, 1, 12] pred_boxes=20 gt_boxes=37 comm_bytes=155136
frame=6/41 late_source=3/5 scenario=2026_07_15_01_26_56 timestamp=000070 receiver=5 cavs=[5, 3, 10] pred_boxes=20 gt_boxes=36 comm_bytes=149824
frame=6/41 late_source=4/5 scenario=2026_07_15_01_26_56 timestamp=000070 receiver=9 cavs=[9, 11, 20] pred_boxes=31 gt_boxes=35 comm_bytes=132944
frame=6/41 late_source=5/5 scenario=2026_07_15_01_26_56 timestamp=000070 receiver=19 cavs=[19, 14, 16] pred_boxes=4 gt_boxes=29 comm_bytes=121808
sgcp_late_fusion frame=6/41 scenario=2026_07_15_01_26_56 timestamp=000070 sources=5 fused_pred_boxes=54 fused_gt_boxes=61
frame=7/41 late_source=1/5 scenario=2026_07_15_01_26_56 timestamp=000072 receiver=7 cavs=[7, 10, 9] pred_boxes=26 gt_boxes=38 comm_bytes=141296
frame=7/41 late_source=2/5 scenario=2026_07_15_01_26_56 timestamp=000072 receiver=11 cavs=[11, 4, 2] pred_boxes=32 gt_boxes=47 comm_bytes=153392
frame=7/41 late_source=3/5 scenario=2026_07_15_01_26_56 timestamp=000072 receiver=13 cavs=[13, 14, 1] pred_boxes=6 gt_boxes=24 comm_bytes=89040
frame=7/41 late_source=4/5 scenario=2026_07_15_01_26_56 timestamp=000072 receiver=15 cavs=[15, 3, 6] pred_boxes=24 gt_boxes=24 comm_bytes=142048
frame=7/41 late_source=5/5 scenario=2026_07_15_01_26_56 timestamp=000072 receiver=20 cavs=[20, 8, 16] pred_boxes=31 gt_boxes=36 comm_bytes=153440
sgcp_late_fusion frame=7/41 scenario=2026_07_15_01_26_56 timestamp=000072 sources=5 fused_pred_boxes=67 fused_gt_boxes=68
frame=8/41 late_source=1/5 scenario=2026_07_15_01_26_56 timestamp=000074 receiver=7 cavs=[7, 17, 12] pred_boxes=19 gt_boxes=34 comm_bytes=151776
frame=8/41 late_source=2/5 scenario=2026_07_15_01_26_56 timestamp=000074 receiver=8 cavs=[8, 16, 4] pred_boxes=36 gt_boxes=43 comm_bytes=149680
frame=8/41 late_source=3/5 scenario=2026_07_15_01_26_56 timestamp=000074 receiver=10 cavs=[10, 3, 9] pred_boxes=18 gt_boxes=32 comm_bytes=154592
frame=8/41 late_source=4/5 scenario=2026_07_15_01_26_56 timestamp=000074 receiver=19 cavs=[19, 14, 11] pred_boxes=13 gt_boxes=22 comm_bytes=147088
frame=8/41 late_source=5/5 scenario=2026_07_15_01_26_56 timestamp=000074 receiver=20 cavs=[20, 15, 5] pred_boxes=32 gt_boxes=36 comm_bytes=153200
sgcp_late_fusion frame=8/41 scenario=2026_07_15_01_26_56 timestamp=000074 sources=5 fused_pred_boxes=63 fused_gt_boxes=60
frame=9/41 late_source=1/5 scenario=2026_07_15_01_26_56 timestamp=000076 receiver=1 cavs=[1, 13, 8] pred_boxes=21 gt_boxes=35 comm_bytes=151088
frame=9/41 late_source=2/5 scenario=2026_07_15_01_26_56 timestamp=000076 receiver=4 cavs=[4, 2, 12] pred_boxes=26 gt_boxes=44 comm_bytes=153824
frame=9/41 late_source=3/5 scenario=2026_07_15_01_26_56 timestamp=000076 receiver=5 cavs=[5, 6, 20] pred_boxes=27 gt_boxes=42 comm_bytes=150032
frame=9/41 late_source=4/5 scenario=2026_07_15_01_26_56 timestamp=000076 receiver=16 cavs=[16, 10, 3] pred_boxes=23 gt_boxes=37 comm_bytes=149712
frame=9/41 late_source=5/5 scenario=2026_07_15_01_26_56 timestamp=000076 receiver=19 cavs=[19, 14, 9] pred_boxes=8 gt_boxes=16 comm_bytes=155776
sgcp_late_fusion frame=9/41 scenario=2026_07_15_01_26_56 timestamp=000076 sources=5 fused_pred_boxes=63 fused_gt_boxes=68
frame=10/41 late_source=1/5 scenario=2026_07_15_01_26_56 timestamp=000078 receiver=5 cavs=[5, 14, 3] pred_boxes=8 gt_boxes=12 comm_bytes=121472
frame=10/41 late_source=2/5 scenario=2026_07_15_01_26_56 timestamp=000078 receiver=8 cavs=[8, 13, 15] pred_boxes=25 gt_boxes=34 comm_bytes=83440
frame=10/41 late_source=3/5 scenario=2026_07_15_01_26_56 timestamp=000078 receiver=10 cavs=[10, 17, 9] pred_boxes=20 gt_boxes=36 comm_bytes=154640
frame=10/41 late_source=4/5 scenario=2026_07_15_01_26_56 timestamp=000078 receiver=11 cavs=[11, 16, 4] pred_boxes=40 gt_boxes=48 comm_bytes=143200Format = auto
Extension = pcd
Format = auto
Extension = pcd
Format = auto
Extension = pcd
Format = auto
Extension = pcd
Format = auto
Extension = pcd
Format = auto
Extension = pcd
Format = auto
Extension = pcd
Format = auto
Extension = pcd
Format = auto
Extension = pcd
Format = auto
Extension = pcd
Format = auto
Extension = pcd
Format = auto
Extension = pcd
Format = auto
Extension = pcd
Format = auto
Extension = pcd
Format = auto
Extension = pcd
Format = auto
Extension = pcd
Format = auto
Extension = pcd
Format = auto
Extension = pcd
Format = auto
Extension = pcd
Format = auto
Extension = pcd
Format = auto
Extension = pcd
Format = auto
Extension = pcd
Format = auto
Extension = pcd
Format = auto
Extension = pcd
Format = auto
Extension = pcd
Format = auto
Extension = pcd
Format = auto
Extension = pcd
Format = auto
Extension = pcd
Format = auto
Extension = pcd
Format = auto
Extension = pcd
Format = auto
Extension = pcd
Format = auto
Extension = pcd
Format = auto
Extension = pcd
Format = auto
Extension = pcd
Format = auto
Extension = pcd
Format = auto
Extension = pcd
Format = auto
Extension = pcd
Format = auto
Extension = pcd
Format = auto
Extension = pcd
Format = auto
Extension = pcd
Format = auto
Extension = pcd
Format = auto
Extension = pcd
Format = auto
Extension = pcd
Format = auto
Extension = pcd
Format = auto
Extension = pcd
Format = auto
Extension = pcd
Format = auto
Extension = pcd
Format = auto
Extension = pcd
Format = auto
Extension = pcd
Format = auto
Extension = pcd
Format = auto
Extension = pcd
Format = auto
Extension = pcd
Format = auto
Extension = pcd
Format = auto
Extension = pcd
Format = auto
Extension = pcd
Format = auto
Extension = pcd
Format = auto
Extension = pcd
Format = auto
Extension = pcd
Format = auto
Extension = pcd
Format = auto
Extension = pcd
Format = auto
Extension = pcd
Format = auto
Extension = pcd
Format = auto
Extension = pcd
Format = auto
Extension = pcd
Format = auto
Extension = pcd
Format = auto
Extension = pcd
Format = auto
Extension = pcd
Format = auto
Extension = pcd
Format = auto
Extension = pcd
Format = auto
Extension = pcd
Format = auto
Extension = pcd
Format = auto
Extension = pcd
Format = auto
Extension = pcd
Format = auto
Extension = pcd
Format = auto
Extension = pcd
Format = auto
Extension = pcd
Format = auto
Extension = pcd
Format = auto
Extension = pcd
Format = auto
Extension = pcd
Format = auto
Extension = pcd
Format = auto
Extension = pcd
Format = auto
Extension = pcd
Format = auto
Extension = pcd
Format = auto
Extension = pcd
Format = auto
Extension = pcd
Format = auto
Extension = pcd
Format = auto
Extension = pcd
Format = auto
Extension = pcd
Format = auto
Extension = pcd
Format = auto
Extension = pcd
Format = auto
Extension = pcd
Format = auto
Extension = pcd
Format = auto
Extension = pcd
Format = auto
Extension = pcd
Format = auto
Extension = pcd
Format = auto
Extension = pcd
Format = auto
Extension = pcd
Format = auto
Extension = pcd
Format = auto
Extension = pcd
Format = auto
Extension = pcd
Format = auto
Extension = pcd
Format = auto
Extension = pcd
Format = auto
Extension = pcd
Format = auto
Extension = pcd
Format = auto
Extension = pcd
Format = auto
Extension = pcd
Format = auto
Extension = pcd
Format = auto
Extension = pcd
Format = auto
Extension = pcd
Format = auto
Extension = pcd
Format = auto
Extension = pcd
Format = auto
Extension = pcd
Format = auto
Extension = pcd
Format = auto
Extension = pcd
Format = auto
Extension = pcd
Format = auto
Extension = pcd
Format = auto
Extension = pcd
Format = auto
Extension = pcd
Format = auto
Extension = pcd
Format = auto
Extension = pcd
Format = auto
Extension = pcd
Format = auto
Extension = pcd
Format = auto
Extension = pcd
Format = auto
Extension = pcd
Format = auto
Extension = pcd
Format = auto
Extension = pcd
Format = auto
Extension = pcd
Format = auto
Extension = pcd
Format = auto
Extension = pcd
Format = auto
Extension = pcd
Format = auto
Extension = pcd
Format = auto
Extension = pcd
Format = auto
Extension = pcd
Format = auto
Extension = pcd
Format = auto
Extension = pcd
Format = auto
Extension = pcd
Format = auto
Extension = pcd
Format = auto
Extension = pcd
Format = auto
Extension = pcd
Format = auto
Extension = pcd
Format = auto
Extension = pcd
Format = auto
Extension = pcd
Format = auto
Extension = pcd
Format = auto
Extension = pcd
Format = auto
Extension = pcd
Format = auto
Extension = pcd
Format = auto
Extension = pcd
Format = auto
Extension = pcd
Format = auto
Extension = pcd
Format = auto
Extension = pcd
Format = auto
Extension = pcd
Format = auto
Extension = pcd
Format = auto
Extension = pcd
Format = auto
Extension = pcd
Format = auto
Extension = pcd
Format = auto
Extension = pcd
Format = auto
Extension = pcd
Format = auto
Extension = pcd
Format = auto
Extension = pcd
Format = auto
Extension = pcd
Format = auto
Extension = pcd
Format = auto
Extension = pcd
Format = auto
Extension = pcd
Format = auto
Extension = pcd
Format = auto
Extension = pcd
Format = auto
Extension = pcd
Format = auto
Extension = pcd
Format = auto
Extension = pcd
Format = auto
Extension = pcd
Format = auto
Extension = pcd
Format = auto
Extension = pcd
Format = auto
Extension = pcd
Format = auto
Extension = pcd
Format = auto
Extension = pcd
Format = auto
Extension = pcd
Format = auto
Extension = pcd
Format = auto
Extension = pcd
Format = auto
Extension = pcd
Format = auto
Extension = pcd
Format = auto
Extension = pcd
Format = auto
Extension = pcd
Format = auto
Extension = pcd
Format = auto
Extension = pcd
Format = auto
Extension = pcd
Format = auto
Extension = pcd
Format = auto
Extension = pcd
Format = auto
Extension = pcd
Format = auto
Extension = pcd
Format = auto
Extension = pcd
Format = auto
Extension = pcd
Format = auto
Extension = pcd
Format = auto
Extension = pcd
Format = auto
Extension = pcd
Format = auto
Extension = pcd
Format = auto
Extension = pcd
Format = auto
Extension = pcd
Format = auto
Extension = pcd
Format = auto
Extension = pcd
Format = auto
Extension = pcd
Format = auto
Extension = pcd

frame=10/41 late_source=5/5 scenario=2026_07_15_01_26_56 timestamp=000078 receiver=20 cavs=[20, 2, 7] pred_boxes=38 gt_boxes=48 comm_bytes=150624
sgcp_late_fusion frame=10/41 scenario=2026_07_15_01_26_56 timestamp=000078 sources=5 fused_pred_boxes=59 fused_gt_boxes=62
frame=11/41 late_source=1/5 scenario=2026_07_15_01_26_56 timestamp=000080 receiver=2 cavs=[2, 3, 6] pred_boxes=24 gt_boxes=39 comm_bytes=86000
frame=11/41 late_source=2/5 scenario=2026_07_15_01_26_56 timestamp=000080 receiver=4 cavs=[4, 1, 12] pred_boxes=22 gt_boxes=38 comm_bytes=155024
frame=11/41 late_source=3/5 scenario=2026_07_15_01_26_56 timestamp=000080 receiver=9 cavs=[9, 14, 16] pred_boxes=15 gt_boxes=28 comm_bytes=125024
frame=11/41 late_source=4/5 scenario=2026_07_15_01_26_56 timestamp=000080 receiver=19 cavs=[19, 7, 13] pred_boxes=15 gt_boxes=32 comm_bytes=138496
frame=11/41 late_source=5/5 scenario=2026_07_15_01_26_56 timestamp=000080 receiver=20 cavs=[20, 17, 10] pred_boxes=27 gt_boxes=39 comm_bytes=148912
sgcp_late_fusion frame=11/41 scenario=2026_07_15_01_26_56 timestamp=000080 sources=5 fused_pred_boxes=59 fused_gt_boxes=68
frame=12/41 late_source=1/5 scenario=2026_07_15_01_26_56 timestamp=000082 receiver=4 cavs=[4, 2, 13] pred_boxes=29 gt_boxes=44 comm_bytes=81568
frame=12/41 late_source=2/5 scenario=2026_07_15_01_26_56 timestamp=000082 receiver=5 cavs=[5, 12, 18] pred_boxes=11 gt_boxes=30 comm_bytes=78656
frame=12/41 late_source=3/5 scenario=2026_07_15_01_26_56 timestamp=000082 receiver=9 cavs=[9, 14, 10] pred_boxes=12 gt_boxes=32 comm_bytes=154832
frame=12/41 late_source=4/5 scenario=2026_07_15_01_26_56 timestamp=000082 receiver=11 cavs=[11, 20, 1] pred_boxes=39 gt_boxes=41 comm_bytes=156112
frame=12/41 late_source=5/5 scenario=2026_07_15_01_26_56 timestamp=000082 receiver=16 cavs=[16, 3, 19] pred_boxes=12 gt_boxes=29 comm_bytes=138672
sgcp_late_fusion frame=12/41 scenario=2026_07_15_01_26_56 timestamp=000082 sources=5 fused_pred_boxes=56 fused_gt_boxes=63
frame=13/41 late_source=1/5 scenario=2026_07_15_01_26_56 timestamp=000084 receiver=2 cavs=[2, 9, 15] pred_boxes=27 gt_boxes=44 comm_bytes=148240
frame=13/41 late_source=2/5 scenario=2026_07_15_01_26_56 timestamp=000084 receiver=3 cavs=[3, 12, 18] pred_boxes=16 gt_boxes=26 comm_bytes=151488
frame=13/41 late_source=3/5 scenario=2026_07_15_01_26_56 timestamp=000084 receiver=5 cavs=[5, 17, 20] pred_boxes=21 gt_boxes=28 comm_bytes=155088
frame=13/41 late_source=4/5 scenario=2026_07_15_01_26_56 timestamp=000084 receiver=10 cavs=[10, 14, 7] pred_boxes=22 gt_boxes=37 comm_bytes=136640
frame=13/41 late_source=5/5 scenario=2026_07_15_01_26_56 timestamp=000084 receiver=11 cavs=[11, 16, 1] pred_boxes=35 gt_boxes=46 comm_bytes=156112
sgcp_late_fusion frame=13/41 scenario=2026_07_15_01_26_56 timestamp=000084 sources=5 fused_pred_boxes=60 fused_gt_boxes=66
frame=14/41 late_source=1/5 scenario=2026_07_15_01_26_56 timestamp=000086 receiver=1 cavs=[1, 17, 15] pred_boxes=31 gt_boxes=32 comm_bytes=145824
frame=14/41 late_source=2/5 scenario=2026_07_15_01_26_56 timestamp=000086 receiver=2 cavs=[2, 6, 5] pred_boxes=27 gt_boxes=42 comm_bytes=80512
frame=14/41 late_source=3/5 scenario=2026_07_15_01_26_56 timestamp=000086 receiver=9 cavs=[9, 3, 11] pred_boxes=21 gt_boxes=31 comm_bytes=122528
frame=14/41 late_source=4/5 scenario=2026_07_15_01_26_56 timestamp=000086 receiver=10 cavs=[10, 4, 19] pred_boxes=29 gt_boxes=41 comm_bytes=151632
frame=14/41 late_source=5/5 scenario=2026_07_15_01_26_56 timestamp=000086 receiver=16 cavs=[16, 14, 20] pred_boxes=15 gt_boxes=26 comm_bytes=154928
sgcp_late_fusion frame=14/41 scenario=2026_07_15_01_26_56 timestamp=000086 sources=5 fused_pred_boxes=68 fused_gt_boxes=67
frame=15/41 late_source=1/5 scenario=2026_07_15_01_26_56 timestamp=000088 receiver=2 cavs=[2, 14, 1] pred_boxes=22 gt_boxes=32 comm_bytes=156320
frame=15/41 late_source=2/5 scenario=2026_07_15_01_26_56 timestamp=000088 receiver=5 cavs=[5, 17, 9] pred_boxes=18 gt_boxes=22 comm_bytes=146560
frame=15/41 late_source=3/5 scenario=2026_07_15_01_26_56 timestamp=000088 receiver=7 cavs=[7, 3, 12] pred_boxes=20 gt_boxes=36 comm_bytes=151536
frame=15/41 late_source=4/5 scenario=2026_07_15_01_26_56 timestamp=000088 receiver=10 cavs=[10, 15, 8] pred_boxes=38 gt_boxes=43 comm_bytes=94576
frame=15/41 late_source=5/5 scenario=2026_07_15_01_26_56 timestamp=000088 receiver=19 cavs=[19, 16, 13] pred_boxes=14 gt_boxes=34 comm_bytes=153072
sgcp_late_fusion frame=15/41 scenario=2026_07_15_01_26_56 timestamp=000088 sources=5 fused_pred_boxes=64 fused_gt_boxes=64
frame=16/41 late_source=1/5 scenario=2026_07_15_01_26_56 timestamp=000090 receiver=1 cavs=[1, 3, 4] pred_boxes=28 gt_boxes=38 comm_bytes=144032
frame=16/41 late_source=2/5 scenario=2026_07_15_01_26_56 timestamp=000090 receiver=5 cavs=[5, 11, 7] pred_boxes=29 gt_boxes=33 comm_bytes=148880
frame=16/41 late_source=3/5 scenario=2026_07_15_01_26_56 timestamp=000090 receiver=8 cavs=[8, 17, 16] pred_boxes=27 gt_boxes=35 comm_bytes=95520
frame=16/41 late_source=4/5 scenario=2026_07_15_01_26_56 timestamp=000090 receiver=9 cavs=[9, 14, 10] pred_boxes=12 gt_boxes=33 comm_bytes=153872
frame=16/41 late_source=5/5 scenario=2026_07_15_01_26_56 timestamp=000090 receiver=19 cavs=[19, 2, 13] pred_boxes=20 gt_boxes=40 comm_bytes=152064
sgcp_late_fusion frame=16/41 scenario=2026_07_15_01_26_56 timestamp=000090 sources=5 fused_pred_boxes=58 fused_gt_boxes=62
frame=17/41 late_source=1/5 scenario=2026_07_15_01_26_56 timestamp=000092 receiver=5 cavs=[5, 4, 1] pred_boxes=22 gt_boxes=40 comm_bytes=80544
frame=17/41 late_source=2/5 scenario=2026_07_15_01_26_56 timestamp=000092 receiver=8 cavs=[8, 16, 20] pred_boxes=25 gt_boxes=36 comm_bytes=104208
frame=17/41 late_source=3/5 scenario=2026_07_15_01_26_56 timestamp=000092 receiver=9 cavs=[9, 12, 19] pred_boxes=15 gt_boxes=30 comm_bytes=153312
frame=17/41 late_source=4/5 scenario=2026_07_15_01_26_56 timestamp=000092 receiver=10 cavs=[10, 7, 13] pred_boxes=26 gt_boxes=40 comm_bytes=150480
frame=17/41 late_source=5/5 scenario=2026_07_15_01_26_56 timestamp=000092 receiver=17 cavs=[17, 14, 3] pred_boxes=12 gt_boxes=15 comm_bytes=154016
sgcp_late_fusion frame=17/41 scenario=2026_07_15_01_26_56 timestamp=000092 sources=5 fused_pred_boxes=49 fused_gt_boxes=55
frame=18/41 late_source=1/5 scenario=2026_07_15_01_26_56 timestamp=000094 receiver=1 cavs=[1, 12, 15] pred_boxes=24 gt_boxes=32 comm_bytes=147696
frame=18/41 late_source=2/5 scenario=2026_07_15_01_26_56 timestamp=000094 receiver=3 cavs=[3, 14, 18] pred_boxes=7 gt_boxes=11 comm_bytes=152144
frame=18/41 late_source=3/5 scenario=2026_07_15_01_26_56 timestamp=000094 receiver=5 cavs=[5, 2, 17] pred_boxes=29 gt_boxes=40 comm_bytes=141280
frame=18/41 late_source=4/5 scenario=2026_07_15_01_26_56 timestamp=000094 receiver=7 cavs=[7, 10, 20] pred_boxes=27 gt_boxes=42 comm_bytes=154480
frame=18/41 late_source=5/5 scenario=2026_07_15_01_26_56 timestamp=000094 receiver=9 cavs=[9, 16, 19] pred_boxes=16 gt_boxes=27 comm_bytes=152944
sgcp_late_fusion frame=18/41 scenario=2026_07_15_01_26_56 timestamp=000094 sources=5 fused_pred_boxes=57 fused_gt_boxes=63
frame=19/41 late_source=1/5 scenario=2026_07_15_01_26_56 timestamp=000096 receiver=2 cavs=[2, 7, 15] pred_boxes=30 gt_boxes=38 comm_bytes=148896
frame=19/41 late_source=2/5 scenario=2026_07_15_01_26_56 timestamp=000096 receiver=5 cavs=[5, 14, 10] pred_boxes=22 gt_boxes=34 comm_bytes=149488
frame=19/41 late_source=3/5 scenario=2026_07_15_01_26_56 timestamp=000096 receiver=8 cavs=[8, 16, 20] pred_boxes=26 gt_boxes=37 comm_bytes=104112
frame=19/41 late_source=4/5 scenario=2026_07_15_01_26_56 timestamp=000096 receiver=9 cavs=[9, 3, 11] pred_boxes=23 gt_boxes=29 comm_bytes=122864
frame=19/41 late_source=5/5 scenario=2026_07_15_01_26_56 timestamp=000096 receiver=17 cavs=[17, 13, 18] pred_boxes=11 gt_boxes=22 comm_bytes=143264
sgcp_late_fusion frame=19/41 scenario=2026_07_15_01_26_56 timestamp=000096 sources=5 fused_pred_boxes=59 fused_gt_boxes=62
frame=20/41 late_source=1/5 scenario=2026_07_15_01_26_56 timestamp=000098 receiver=4 cavs=[4, 16, 12] pred_boxes=21 gt_boxes=43 comm_bytes=155664
frame=20/41 late_source=2/5 scenario=2026_07_15_01_26_56 timestamp=000098 receiver=9 cavs=[9, 14, 10] pred_boxes=14 gt_boxes=32 comm_bytes=153392Format = auto
Extension = pcd
Format = auto
Extension = pcd
Format = auto
Extension = pcd
Format = auto
Extension = pcd
Format = auto
Extension = pcd
Format = auto
Extension = pcd
Format = auto
Extension = pcd
Format = auto
Extension = pcd
Format = auto
Extension = pcd
Format = auto
Extension = pcd
Format = auto
Extension = pcd
Format = auto
Extension = pcd
Format = auto
Extension = pcd
Format = auto
Extension = pcd
Format = auto
Extension = pcd
Format = auto
Extension = pcd
Format = auto
Extension = pcd
Format = auto
Extension = pcd
Format = auto
Extension = pcd
Format = auto
Extension = pcd
Format = auto
Extension = pcd
Format = auto
Extension = pcd
Format = auto
Extension = pcd
Format = auto
Extension = pcd
Format = auto
Extension = pcd
Format = auto
Extension = pcd
Format = auto
Extension = pcd
Format = auto
Extension = pcd
Format = auto
Extension = pcd
Format = auto
Extension = pcd
Format = auto
Extension = pcd
Format = auto
Extension = pcd
Format = auto
Extension = pcd
Format = auto
Extension = pcd
Format = auto
Extension = pcd
Format = auto
Extension = pcd
Format = auto
Extension = pcd
Format = auto
Extension = pcd
Format = auto
Extension = pcd
Format = auto
Extension = pcd
Format = auto
Extension = pcd
Format = auto
Extension = pcd
Format = auto
Extension = pcd
Format = auto
Extension = pcd
Format = auto
Extension = pcd
Format = auto
Extension = pcd
Format = auto
Extension = pcd
Format = auto
Extension = pcd
Format = auto
Extension = pcd
Format = auto
Extension = pcd
Format = auto
Extension = pcd
Format = auto
Extension = pcd
Format = auto
Extension = pcd
Format = auto
Extension = pcd
Format = auto
Extension = pcd
Format = auto
Extension = pcd
Format = auto
Extension = pcd
Format = auto
Extension = pcd
Format = auto
Extension = pcd
Format = auto
Extension = pcd
Format = auto
Extension = pcd
Format = auto
Extension = pcd
Format = auto
Extension = pcd
Format = auto
Extension = pcd
Format = auto
Extension = pcd
Format = auto
Extension = pcd
Format = auto
Extension = pcd
Format = auto
Extension = pcd
Format = auto
Extension = pcd
Format = auto
Extension = pcd
Format = auto
Extension = pcd
Format = auto
Extension = pcd
Format = auto
Extension = pcd
Format = auto
Extension = pcd
Format = auto
Extension = pcd
Format = auto
Extension = pcd
Format = auto
Extension = pcd
Format = auto
Extension = pcd
Format = auto
Extension = pcd
Format = auto
Extension = pcd
Format = auto
Extension = pcd
Format = auto
Extension = pcd
Format = auto
Extension = pcd
Format = auto
Extension = pcd
Format = auto
Extension = pcd
Format = auto
Extension = pcd
Format = auto
Extension = pcd
Format = auto
Extension = pcd
Format = auto
Extension = pcd
Format = auto
Extension = pcd
Format = auto
Extension = pcd
Format = auto
Extension = pcd
Format = auto
Extension = pcd
Format = auto
Extension = pcd
Format = auto
Extension = pcd
Format = auto
Extension = pcd
Format = auto
Extension = pcd
Format = auto
Extension = pcd
Format = auto
Extension = pcd
Format = auto
Extension = pcd
Format = auto
Extension = pcd
Format = auto
Extension = pcd
Format = auto
Extension = pcd
Format = auto
Extension = pcd
Format = auto
Extension = pcd
Format = auto
Extension = pcd
Format = auto
Extension = pcd
Format = auto
Extension = pcd
Format = auto
Extension = pcd
Format = auto
Extension = pcd
Format = auto
Extension = pcd
Format = auto
Extension = pcd
Format = auto
Extension = pcd
Format = auto
Extension = pcd
Format = auto
Extension = pcd
Format = auto
Extension = pcd
Format = auto
Extension = pcd
Format = auto
Extension = pcd
Format = auto
Extension = pcd
Format = auto
Extension = pcd
Format = auto
Extension = pcd
Format = auto
Extension = pcd
Format = auto
Extension = pcd
Format = auto
Extension = pcd
Format = auto
Extension = pcd
Format = auto
Extension = pcd
Format = auto
Extension = pcd
Format = auto
Extension = pcd
Format = auto
Extension = pcd
Format = auto
Extension = pcd
Format = auto
Extension = pcd
Format = auto
Extension = pcd
Format = auto
Extension = pcd
Format = auto
Extension = pcd
Format = auto
Extension = pcd
Format = auto
Extension = pcd
Format = auto
Extension = pcd
Format = auto
Extension = pcd
Format = auto
Extension = pcd
Format = auto
Extension = pcd
Format = auto
Extension = pcd
Format = auto
Extension = pcd
Format = auto
Extension = pcd
Format = auto
Extension = pcd
Format = auto
Extension = pcd
Format = auto
Extension = pcd
Format = auto
Extension = pcd
Format = auto
Extension = pcd
Format = auto
Extension = pcd
Format = auto
Extension = pcd
Format = auto
Extension = pcd
Format = auto
Extension = pcd
Format = auto
Extension = pcd
Format = auto
Extension = pcd
Format = auto
Extension = pcd
Format = auto
Extension = pcd
Format = auto
Extension = pcd
Format = auto
Extension = pcd
Format = auto
Extension = pcd
Format = auto
Extension = pcd
Format = auto
Extension = pcd
Format = auto
Extension = pcd
Format = auto
Extension = pcd
Format = auto
Extension = pcd
Format = auto
Extension = pcd
Format = auto
Extension = pcd
Format = auto
Extension = pcd
Format = auto
Extension = pcd
Format = auto
Extension = pcd
Format = auto
Extension = pcd
Format = auto
Extension = pcd
Format = auto
Extension = pcd
Format = auto
Extension = pcd
Format = auto
Extension = pcd
Format = auto
Extension = pcd
Format = auto
Extension = pcd
Format = auto
Extension = pcd
Format = auto
Extension = pcd
Format = auto
Extension = pcd
Format = auto
Extension = pcd

frame=20/41 late_source=3/5 scenario=2026_07_15_01_26_56 timestamp=000098 receiver=11 cavs=[11, 13, 1] pred_boxes=26 gt_boxes=34 comm_bytes=153776
frame=20/41 late_source=4/5 scenario=2026_07_15_01_26_56 timestamp=000098 receiver=19 cavs=[19, 2, 15] pred_boxes=16 gt_boxes=35 comm_bytes=77248
frame=20/41 late_source=5/5 scenario=2026_07_15_01_26_56 timestamp=000098 receiver=20 cavs=[20, 3, 7] pred_boxes=22 gt_boxes=27 comm_bytes=150432
sgcp_late_fusion frame=20/41 scenario=2026_07_15_01_26_56 timestamp=000098 sources=5 fused_pred_boxes=58 fused_gt_boxes=64
frame=21/41 late_source=1/5 scenario=2026_07_15_01_26_56 timestamp=000100 receiver=1 cavs=[1, 6, 9] pred_boxes=32 gt_boxes=44 comm_bytes=117232
frame=21/41 late_source=2/5 scenario=2026_07_15_01_26_56 timestamp=000100 receiver=3 cavs=[3, 13, 17] pred_boxes=12 gt_boxes=26 comm_bytes=152224
frame=21/41 late_source=3/5 scenario=2026_07_15_01_26_56 timestamp=000100 receiver=8 cavs=[8, 14, 4] pred_boxes=20 gt_boxes=34 comm_bytes=149328
frame=21/41 late_source=4/5 scenario=2026_07_15_01_26_56 timestamp=000100 receiver=10 cavs=[10, 7, 19] pred_boxes=24 gt_boxes=35 comm_bytes=151936
frame=21/41 late_source=5/5 scenario=2026_07_15_01_26_56 timestamp=000100 receiver=20 cavs=[20, 12, 16] pred_boxes=27 gt_boxes=37 comm_bytes=153248
sgcp_late_fusion frame=21/41 scenario=2026_07_15_01_26_56 timestamp=000100 sources=5 fused_pred_boxes=66 fused_gt_boxes=69
frame=22/41 late_source=1/5 scenario=2026_07_15_01_26_56 timestamp=000102 receiver=5 cavs=[5, 13, 19] pred_boxes=13 gt_boxes=27 comm_bytes=142224
frame=22/41 late_source=2/5 scenario=2026_07_15_01_26_56 timestamp=000102 receiver=8 cavs=[8, 14, 6] pred_boxes=12 gt_boxes=38 comm_bytes=78512
frame=22/41 late_source=3/5 scenario=2026_07_15_01_26_56 timestamp=000102 receiver=10 cavs=[10, 2, 9] pred_boxes=21 gt_boxes=45 comm_bytes=153552
frame=22/41 late_source=4/5 scenario=2026_07_15_01_26_56 timestamp=000102 receiver=11 cavs=[11, 3, 15] pred_boxes=25 gt_boxes=23 comm_bytes=146576
frame=22/41 late_source=5/5 scenario=2026_07_15_01_26_56 timestamp=000102 receiver=20 cavs=[20, 17, 16] pred_boxes=21 gt_boxes=27 comm_bytes=151872
sgcp_late_fusion frame=22/41 scenario=2026_07_15_01_26_56 timestamp=000102 sources=5 fused_pred_boxes=55 fused_gt_boxes=69
frame=23/41 late_source=1/5 scenario=2026_07_15_01_26_56 timestamp=000104 receiver=1 cavs=[1, 3, 15] pred_boxes=27 gt_boxes=32 comm_bytes=147888
frame=23/41 late_source=2/5 scenario=2026_07_15_01_26_56 timestamp=000104 receiver=4 cavs=[4, 17, 19] pred_boxes=22 gt_boxes=41 comm_bytes=84992
frame=23/41 late_source=3/5 scenario=2026_07_15_01_26_56 timestamp=000104 receiver=5 cavs=[5, 12, 16] pred_boxes=23 gt_boxes=34 comm_bytes=152816
frame=23/41 late_source=4/5 scenario=2026_07_15_01_26_56 timestamp=000104 receiver=9 cavs=[9, 14, 7] pred_boxes=17 gt_boxes=20 comm_bytes=139456
frame=23/41 late_source=5/5 scenario=2026_07_15_01_26_56 timestamp=000104 receiver=20 cavs=[20, 2, 10] pred_boxes=36 gt_boxes=47 comm_bytes=148960
sgcp_late_fusion frame=23/41 scenario=2026_07_15_01_26_56 timestamp=000104 sources=5 fused_pred_boxes=63 fused_gt_boxes=65
frame=24/41 late_source=1/5 scenario=2026_07_15_01_26_56 timestamp=000106 receiver=5 cavs=[5, 14, 16] pred_boxes=15 gt_boxes=23 comm_bytes=150224
frame=24/41 late_source=2/5 scenario=2026_07_15_01_26_56 timestamp=000106 receiver=8 cavs=[8, 7, 19] pred_boxes=19 gt_boxes=36 comm_bytes=87696
frame=24/41 late_source=3/5 scenario=2026_07_15_01_26_56 timestamp=000106 receiver=10 cavs=[10, 17, 13] pred_boxes=27 gt_boxes=38 comm_bytes=150592
frame=24/41 late_source=4/5 scenario=2026_07_15_01_26_56 timestamp=000106 receiver=11 cavs=[11, 12, 9] pred_boxes=27 gt_boxes=37 comm_bytes=150976
frame=24/41 late_source=5/5 scenario=2026_07_15_01_26_56 timestamp=000106 receiver=20 cavs=[20, 3, 1] pred_boxes=21 gt_boxes=33 comm_bytes=80736
sgcp_late_fusion frame=24/41 scenario=2026_07_15_01_26_56 timestamp=000106 sources=5 fused_pred_boxes=54 fused_gt_boxes=60
frame=25/41 late_source=1/5 scenario=2026_07_15_01_26_56 timestamp=000108 receiver=2 cavs=[2, 17, 15] pred_boxes=31 gt_boxes=41 comm_bytes=150384
frame=25/41 late_source=2/5 scenario=2026_07_15_01_26_56 timestamp=000108 receiver=4 cavs=[4, 10, 12] pred_boxes=30 gt_boxes=41 comm_bytes=155920
frame=25/41 late_source=3/5 scenario=2026_07_15_01_26_56 timestamp=000108 receiver=5 cavs=[5, 13, 9] pred_boxes=17 gt_boxes=27 comm_bytes=144144
frame=25/41 late_source=4/5 scenario=2026_07_15_01_26_56 timestamp=000108 receiver=11 cavs=[11, 16, 8] pred_boxes=39 gt_boxes=45 comm_bytes=153648
frame=25/41 late_source=5/5 scenario=2026_07_15_01_26_56 timestamp=000108 receiver=20 cavs=[20, 14, 7] pred_boxes=20 gt_boxes=25 comm_bytes=148752
sgcp_late_fusion frame=25/41 scenario=2026_07_15_01_26_56 timestamp=000108 sources=5 fused_pred_boxes=64 fused_gt_boxes=64
frame=26/41 late_source=1/5 scenario=2026_07_15_01_26_56 timestamp=000110 receiver=2 cavs=[2, 20, 15] pred_boxes=35 gt_boxes=45 comm_bytes=150736
frame=26/41 late_source=2/5 scenario=2026_07_15_01_26_56 timestamp=000110 receiver=9 cavs=[9, 6, 7] pred_boxes=27 gt_boxes=36 comm_bytes=137200
frame=26/41 late_source=3/5 scenario=2026_07_15_01_26_56 timestamp=000110 receiver=10 cavs=[10, 16, 13] pred_boxes=25 gt_boxes=40 comm_bytes=149696
frame=26/41 late_source=4/5 scenario=2026_07_15_01_26_56 timestamp=000110 receiver=17 cavs=[17, 3, 18] pred_boxes=8 gt_boxes=15 comm_bytes=140304
frame=26/41 late_source=5/5 scenario=2026_07_15_01_26_56 timestamp=000110 receiver=19 cavs=[19, 12, 1] pred_boxes=16 gt_boxes=30 comm_bytes=109120
sgcp_late_fusion frame=26/41 scenario=2026_07_15_01_26_56 timestamp=000110 sources=5 fused_pred_boxes=63 fused_gt_boxes=69
frame=27/41 late_source=1/5 scenario=2026_07_15_01_26_56 timestamp=000112 receiver=5 cavs=[5, 3, 7] pred_boxes=15 gt_boxes=19 comm_bytes=150992
frame=27/41 late_source=2/5 scenario=2026_07_15_01_26_56 timestamp=000112 receiver=11 cavs=[11, 4, 9] pred_boxes=33 gt_boxes=45 comm_bytes=149072
frame=27/41 late_source=3/5 scenario=2026_07_15_01_26_56 timestamp=000112 receiver=16 cavs=[16, 13, 17] pred_boxes=12 gt_boxes=24 comm_bytes=151744
frame=27/41 late_source=4/5 scenario=2026_07_15_01_26_56 timestamp=000112 receiver=19 cavs=[19, 1, 8] pred_boxes=19 gt_boxes=37 comm_bytes=92352
frame=27/41 late_source=5/5 scenario=2026_07_15_01_26_56 timestamp=000112 receiver=20 cavs=[20, 12, 2] pred_boxes=25 gt_boxes=47 comm_bytes=83072
sgcp_late_fusion frame=27/41 scenario=2026_07_15_01_26_56 timestamp=000112 sources=5 fused_pred_boxes=55 fused_gt_boxes=61
frame=28/41 late_source=1/5 scenario=2026_07_15_01_26_56 timestamp=000114 receiver=1 cavs=[1, 6, 19] pred_boxes=28 gt_boxes=39 comm_bytes=84848
frame=28/41 late_source=2/5 scenario=2026_07_15_01_26_56 timestamp=000114 receiver=5 cavs=[5, 12, 14] pred_boxes=17 gt_boxes=22 comm_bytes=78944
frame=28/41 late_source=3/5 scenario=2026_07_15_01_26_56 timestamp=000114 receiver=7 cavs=[7, 17, 10] pred_boxes=21 gt_boxes=39 comm_bytes=143008
frame=28/41 late_source=4/5 scenario=2026_07_15_01_26_56 timestamp=000114 receiver=11 cavs=[11, 4, 2] pred_boxes=30 gt_boxes=46 comm_bytes=153056
frame=28/41 late_source=5/5 scenario=2026_07_15_01_26_56 timestamp=000114 receiver=16 cavs=[16, 13, 3] pred_boxes=10 gt_boxes=27 comm_bytes=147760
sgcp_late_fusion frame=28/41 scenario=2026_07_15_01_26_56 timestamp=000114 sources=5 fused_pred_boxes=65 fused_gt_boxes=68
frame=29/41 late_source=1/5 scenario=2026_07_15_01_26_56 timestamp=000116 receiver=1 cavs=[1, 12, 11] pred_boxes=27 gt_boxes=35 comm_bytes=154912
frame=29/41 late_source=2/5 scenario=2026_07_15_01_26_56 timestamp=000116 receiver=7 cavs=[7, 4, 8] pred_boxes=24 gt_boxes=41 comm_bytes=144304
frame=29/41 late_source=3/5 scenario=2026_07_15_01_26_56 timestamp=000116 receiver=16 cavs=[16, 14, 17] pred_boxes=11 gt_boxes=16 comm_bytes=153008
frame=29/41 late_source=4/5 scenario=2026_07_15_01_26_56 timestamp=000116 receiver=19 cavs=[19, 2, 13] pred_boxes=18 gt_boxes=40 comm_bytes=151648
frame=29/41 late_source=5/5 scenario=2026_07_15_01_26_56 timestamp=000116 receiver=20 cavs=[20, 6, 3] pred_boxes=27 gt_boxes=36 comm_bytes=96800
sgcp_late_fusion frame=29/41 scenario=2026_07_15_01_26_56 timestamp=000116 sources=5 fused_pred_boxes=65 fused_gt_boxes=68Format = auto
Extension = pcd
Format = auto
Extension = pcd
Format = auto
Extension = pcd
Format = auto
Extension = pcd
Format = auto
Extension = pcd
Format = auto
Extension = pcd
Format = auto
Extension = pcd
Format = auto
Extension = pcd
Format = auto
Extension = pcd
Format = auto
Extension = pcd
Format = auto
Extension = pcd
Format = auto
Extension = pcd
Format = auto
Extension = pcd
Format = auto
Extension = pcd
Format = auto
Extension = pcd
Format = auto
Extension = pcd
Format = auto
Extension = pcd
Format = auto
Extension = pcd
Format = auto
Extension = pcd
Format = auto
Extension = pcd
Format = auto
Extension = pcd
Format = auto
Extension = pcd
Format = auto
Extension = pcd
Format = auto
Extension = pcd
Format = auto
Extension = pcd
Format = auto
Extension = pcd
Format = auto
Extension = pcd
Format = auto
Extension = pcd
Format = auto
Extension = pcd
Format = auto
Extension = pcd
Format = auto
Extension = pcd
Format = auto
Extension = pcd
Format = auto
Extension = pcd
Format = auto
Extension = pcd
Format = auto
Extension = pcd
Format = auto
Extension = pcd
Format = auto
Extension = pcd
Format = auto
Extension = pcd
Format = auto
Extension = pcd
Format = auto
Extension = pcd
Format = auto
Extension = pcd
Format = auto
Extension = pcd
Format = auto
Extension = pcd
Format = auto
Extension = pcd
Format = auto
Extension = pcd
Format = auto
Extension = pcd
Format = auto
Extension = pcd
Format = auto
Extension = pcd
Format = auto
Extension = pcd
Format = auto
Extension = pcd
Format = auto
Extension = pcd
Format = auto
Extension = pcd
Format = auto
Extension = pcd
Format = auto
Extension = pcd
Format = auto
Extension = pcd
Format = auto
Extension = pcd
Format = auto
Extension = pcd
Format = auto
Extension = pcd
Format = auto
Extension = pcd
Format = auto
Extension = pcd
Format = auto
Extension = pcd
Format = auto
Extension = pcd
Format = auto
Extension = pcd
Format = auto
Extension = pcd
Format = auto
Extension = pcd
Format = auto
Extension = pcd
Format = auto
Extension = pcd
Format = auto
Extension = pcd
Format = auto
Extension = pcd
Format = auto
Extension = pcd
Format = auto
Extension = pcd
Format = auto
Extension = pcd
Format = auto
Extension = pcd
Format = auto
Extension = pcd
Format = auto
Extension = pcd
Format = auto
Extension = pcd
Format = auto
Extension = pcd
Format = auto
Extension = pcd
Format = auto
Extension = pcd
Format = auto
Extension = pcd
Format = auto
Extension = pcd
Format = auto
Extension = pcd
Format = auto
Extension = pcd
Format = auto
Extension = pcd
Format = auto
Extension = pcd
Format = auto
Extension = pcd
Format = auto
Extension = pcd
Format = auto
Extension = pcd
Format = auto
Extension = pcd
Format = auto
Extension = pcd
Format = auto
Extension = pcd
Format = auto
Extension = pcd
Format = auto
Extension = pcd
Format = auto
Extension = pcd
Format = auto
Extension = pcd
Format = auto
Extension = pcd
Format = auto
Extension = pcd
Format = auto
Extension = pcd
Format = auto
Extension = pcd
Format = auto
Extension = pcd
Format = auto
Extension = pcd
Format = auto
Extension = pcd
Format = auto
Extension = pcd
Format = auto
Extension = pcd
Format = auto
Extension = pcd
Format = auto
Extension = pcd
Format = auto
Extension = pcd
Format = auto
Extension = pcd
Format = auto
Extension = pcd
Format = auto
Extension = pcd
Format = auto
Extension = pcd
Format = auto
Extension = pcd
Format = auto
Extension = pcd
Format = auto
Extension = pcd
Format = auto
Extension = pcd
Format = auto
Extension = pcd
Format = auto
Extension = pcd
Format = auto
Extension = pcd
Format = auto
Extension = pcd
Format = auto
Extension = pcd
Format = auto
Extension = pcd
Format = auto
Extension = pcd
Format = auto
Extension = pcd
Format = auto
Extension = pcd
Format = auto
Extension = pcd
Format = auto
Extension = pcd
Format = auto
Extension = pcd
Format = auto
Extension = pcd
Format = auto
Extension = pcd
Format = auto
Extension = pcd
Format = auto
Extension = pcd
Format = auto
Extension = pcd
Format = auto
Extension = pcd
Format = auto
Extension = pcd
Format = auto
Extension = pcd
Format = auto
Extension = pcd
Format = auto
Extension = pcd
Format = auto
Extension = pcd
Format = auto
Extension = pcd
Format = auto
Extension = pcd
Format = auto
Extension = pcd
Format = auto
Extension = pcd
Format = auto
Extension = pcd
Format = auto
Extension = pcd
Format = auto
Extension = pcd
Format = auto
Extension = pcd
Format = auto
Extension = pcd
Format = auto
Extension = pcd
Format = auto
Extension = pcd
Format = auto
Extension = pcd
Format = auto
Extension = pcd
Format = auto
Extension = pcd
Format = auto
Extension = pcd
Format = auto
Extension = pcd
Format = auto
Extension = pcd
Format = auto
Extension = pcd
Format = auto
Extension = pcd
Format = auto
Extension = pcd
Format = auto
Extension = pcd
Format = auto
Extension = pcd
Format = auto
Extension = pcd
Format = auto
Extension = pcd
Format = auto
Extension = pcd
Format = auto
Extension = pcd
Format = auto
Extension = pcd
Format = auto
Extension = pcd
Format = auto
Extension = pcd
Format = auto
Extension = pcd
Format = auto
Extension = pcd
Format = auto
Extension = pcd
Format = auto
Extension = pcd
Format = auto
Extension = pcd
Format = auto
Extension = pcd
Format = auto
Extension = pcd
Format = auto
Extension = pcd
Format = auto
Extension = pcd
Format = auto
Extension = pcd
Format = auto
Extension = pcd
Format = auto
Extension = pcd
Format = auto
Extension = pcd
Format = auto
Extension = pcd
Format = auto
Extension = pcd
Format = auto
Extension = pcd
Format = auto
Extension = pcd
Format = auto
Extension = pcd
Format = auto
Extension = pcd
Format = auto
Extension = pcd
Format = auto
Extension = pcd
Format = auto
Extension = pcd
Format = auto
Extension = pcd
Format = auto
Extension = pcd
Format = auto
Extension = pcd
Format = auto
Extension = pcd
Format = auto
Extension = pcd
Format = auto
Extension = pcd
Format = auto
Extension = pcd
Format = auto
Extension = pcd
Format = auto
Extension = pcd
Format = auto
Extension = pcd
Format = auto
Extension = pcd

frame=30/41 late_source=1/5 scenario=2026_07_15_01_26_56 timestamp=000118 receiver=3 cavs=[3, 2, 18] pred_boxes=21 gt_boxes=28 comm_bytes=151168
frame=30/41 late_source=2/5 scenario=2026_07_15_01_26_56 timestamp=000118 receiver=4 cavs=[4, 9, 12] pred_boxes=20 gt_boxes=39 comm_bytes=155408
frame=30/41 late_source=3/5 scenario=2026_07_15_01_26_56 timestamp=000118 receiver=5 cavs=[5, 14, 7] pred_boxes=15 gt_boxes=20 comm_bytes=148832
frame=30/41 late_source=4/5 scenario=2026_07_15_01_26_56 timestamp=000118 receiver=11 cavs=[11, 16, 19] pred_boxes=26 gt_boxes=36 comm_bytes=149136
frame=30/41 late_source=5/5 scenario=2026_07_15_01_26_56 timestamp=000118 receiver=20 cavs=[20, 17, 10] pred_boxes=24 gt_boxes=38 comm_bytes=150784
sgcp_late_fusion frame=30/41 scenario=2026_07_15_01_26_56 timestamp=000118 sources=5 fused_pred_boxes=55 fused_gt_boxes=61
frame=31/41 late_source=1/5 scenario=2026_07_15_01_26_56 timestamp=000120 receiver=3 cavs=[3, 13, 18] pred_boxes=5 gt_boxes=12 comm_bytes=147936
frame=31/41 late_source=2/5 scenario=2026_07_15_01_26_56 timestamp=000120 receiver=7 cavs=[7, 12, 9] pred_boxes=23 gt_boxes=31 comm_bytes=141248
frame=31/41 late_source=3/5 scenario=2026_07_15_01_26_56 timestamp=000120 receiver=8 cavs=[8, 6, 4] pred_boxes=33 gt_boxes=47 comm_bytes=146272
frame=31/41 late_source=4/5 scenario=2026_07_15_01_26_56 timestamp=000120 receiver=11 cavs=[11, 20, 1] pred_boxes=32 gt_boxes=40 comm_bytes=155616
frame=31/41 late_source=5/5 scenario=2026_07_15_01_26_56 timestamp=000120 receiver=16 cavs=[16, 14, 17] pred_boxes=10 gt_boxes=16 comm_bytes=153664
sgcp_late_fusion frame=31/41 scenario=2026_07_15_01_26_56 timestamp=000120 sources=5 fused_pred_boxes=61 fused_gt_boxes=67
frame=32/41 late_source=1/5 scenario=2026_07_15_01_26_56 timestamp=000122 receiver=1 cavs=[1, 12, 15] pred_boxes=22 gt_boxes=30 comm_bytes=151312
frame=32/41 late_source=2/5 scenario=2026_07_15_01_26_56 timestamp=000122 receiver=3 cavs=[3, 20, 17] pred_boxes=20 gt_boxes=25 comm_bytes=154912
frame=32/41 late_source=3/5 scenario=2026_07_15_01_26_56 timestamp=000122 receiver=5 cavs=[5, 11, 16] pred_boxes=28 gt_boxes=34 comm_bytes=152192
frame=32/41 late_source=4/5 scenario=2026_07_15_01_26_56 timestamp=000122 receiver=8 cavs=[8, 6, 4] pred_boxes=33 gt_boxes=49 comm_bytes=146432
frame=32/41 late_source=5/5 scenario=2026_07_15_01_26_56 timestamp=000122 receiver=13 cavs=[13, 2, 10] pred_boxes=24 gt_boxes=44 comm_bytes=152352
sgcp_late_fusion frame=32/41 scenario=2026_07_15_01_26_56 timestamp=000122 sources=5 fused_pred_boxes=61 fused_gt_boxes=67
frame=33/41 late_source=1/5 scenario=2026_07_15_01_26_56 timestamp=000124 receiver=1 cavs=[1, 6, 10] pred_boxes=37 gt_boxes=52 comm_bytes=142848
frame=33/41 late_source=2/5 scenario=2026_07_15_01_26_56 timestamp=000124 receiver=5 cavs=[5, 13, 16] pred_boxes=16 gt_boxes=29 comm_bytes=148640
frame=33/41 late_source=3/5 scenario=2026_07_15_01_26_56 timestamp=000124 receiver=9 cavs=[9, 12, 19] pred_boxes=15 gt_boxes=24 comm_bytes=153664
frame=33/41 late_source=4/5 scenario=2026_07_15_01_26_56 timestamp=000124 receiver=17 cavs=[17, 11, 3] pred_boxes=27 gt_boxes=29 comm_bytes=152464
frame=33/41 late_source=5/5 scenario=2026_07_15_01_26_56 timestamp=000124 receiver=20 cavs=[20, 14, 7] pred_boxes=23 gt_boxes=26 comm_bytes=148592
sgcp_late_fusion frame=33/41 scenario=2026_07_15_01_26_56 timestamp=000124 sources=5 fused_pred_boxes=61 fused_gt_boxes=68
frame=34/41 late_source=1/5 scenario=2026_07_15_01_26_56 timestamp=000126 receiver=5 cavs=[5, 2, 7] pred_boxes=27 gt_boxes=46 comm_bytes=150960
frame=34/41 late_source=2/5 scenario=2026_07_15_01_26_56 timestamp=000126 receiver=9 cavs=[9, 14, 10] pred_boxes=12 gt_boxes=28 comm_bytes=151408
frame=34/41 late_source=3/5 scenario=2026_07_15_01_26_56 timestamp=000126 receiver=11 cavs=[11, 16, 8] pred_boxes=36 gt_boxes=42 comm_bytes=154496
frame=34/41 late_source=4/5 scenario=2026_07_15_01_26_56 timestamp=000126 receiver=12 cavs=[12, 17, 13] pred_boxes=13 gt_boxes=28 comm_bytes=78896
frame=34/41 late_source=5/5 scenario=2026_07_15_01_26_56 timestamp=000126 receiver=20 cavs=[20, 4, 19] pred_boxes=26 gt_boxes=39 comm_bytes=146208
sgcp_late_fusion frame=34/41 scenario=2026_07_15_01_26_56 timestamp=000126 sources=5 fused_pred_boxes=58 fused_gt_boxes=61
frame=35/41 late_source=1/5 scenario=2026_07_15_01_26_56 timestamp=000128 receiver=7 cavs=[7, 12, 17] pred_boxes=18 gt_boxes=25 comm_bytes=145952
frame=35/41 late_source=2/5 scenario=2026_07_15_01_26_56 timestamp=000128 receiver=8 cavs=[8, 10, 4] pred_boxes=35 gt_boxes=39 comm_bytes=150720
frame=35/41 late_source=3/5 scenario=2026_07_15_01_26_56 timestamp=000128 receiver=11 cavs=[11, 6, 9] pred_boxes=32 gt_boxes=36 comm_bytes=146560
frame=35/41 late_source=4/5 scenario=2026_07_15_01_26_56 timestamp=000128 receiver=16 cavs=[16, 3, 5] pred_boxes=13 gt_boxes=22 comm_bytes=152768
frame=35/41 late_source=5/5 scenario=2026_07_15_01_26_56 timestamp=000128 receiver=20 cavs=[20, 14, 2] pred_boxes=18 gt_boxes=43 comm_bytes=80608
sgcp_late_fusion frame=35/41 scenario=2026_07_15_01_26_56 timestamp=000128 sources=5 fused_pred_boxes=62 fused_gt_boxes=68
frame=36/41 late_source=1/5 scenario=2026_07_15_01_26_56 timestamp=000130 receiver=5 cavs=[5, 13, 7] pred_boxes=13 gt_boxes=25 comm_bytes=147584
frame=36/41 late_source=2/5 scenario=2026_07_15_01_26_56 timestamp=000130 receiver=10 cavs=[10, 6, 9] pred_boxes=26 gt_boxes=43 comm_bytes=150896
frame=36/41 late_source=3/5 scenario=2026_07_15_01_26_56 timestamp=000130 receiver=11 cavs=[11, 16, 15] pred_boxes=29 gt_boxes=37 comm_bytes=150432
frame=36/41 late_source=4/5 scenario=2026_07_15_01_26_56 timestamp=000130 receiver=17 cavs=[17, 2, 18] pred_boxes=25 gt_boxes=38 comm_bytes=81632
frame=36/41 late_source=5/5 scenario=2026_07_15_01_26_56 timestamp=000130 receiver=20 cavs=[20, 12, 4] pred_boxes=31 gt_boxes=39 comm_bytes=115760
sgcp_late_fusion frame=36/41 scenario=2026_07_15_01_26_56 timestamp=000130 sources=5 fused_pred_boxes=65 fused_gt_boxes=67
frame=37/41 late_source=1/5 scenario=2026_07_15_01_26_56 timestamp=000132 receiver=5 cavs=[5, 12, 16] pred_boxes=16 gt_boxes=31 comm_bytes=153056
frame=37/41 late_source=2/5 scenario=2026_07_15_01_26_56 timestamp=000132 receiver=7 cavs=[7, 14, 17] pred_boxes=15 gt_boxes=15 comm_bytes=143872
frame=37/41 late_source=3/5 scenario=2026_07_15_01_26_56 timestamp=000132 receiver=9 cavs=[9, 3, 11] pred_boxes=18 gt_boxes=26 comm_bytes=123456
frame=37/41 late_source=4/5 scenario=2026_07_15_01_26_56 timestamp=000132 receiver=15 cavs=[15, 4, 6] pred_boxes=27 gt_boxes=46 comm_bytes=143888
frame=37/41 late_source=5/5 scenario=2026_07_15_01_26_56 timestamp=000132 receiver=20 cavs=[20, 13, 8] pred_boxes=22 gt_boxes=29 comm_bytes=80656
sgcp_late_fusion frame=37/41 scenario=2026_07_15_01_26_56 timestamp=000132 sources=5 fused_pred_boxes=56 fused_gt_boxes=67
frame=38/41 late_source=1/5 scenario=2026_07_15_01_26_56 timestamp=000134 receiver=1 cavs=[1, 17, 2] pred_boxes=32 gt_boxes=40 comm_bytes=154784
frame=38/41 late_source=2/5 scenario=2026_07_15_01_26_56 timestamp=000134 receiver=4 cavs=[4, 3, 11] pred_boxes=35 gt_boxes=40 comm_bytes=139328
frame=38/41 late_source=3/5 scenario=2026_07_15_01_26_56 timestamp=000134 receiver=5 cavs=[5, 13, 9] pred_boxes=16 gt_boxes=21 comm_bytes=139648
frame=38/41 late_source=4/5 scenario=2026_07_15_01_26_56 timestamp=000134 receiver=10 cavs=[10, 12, 7] pred_boxes=21 gt_boxes=41 comm_bytes=136320
frame=38/41 late_source=5/5 scenario=2026_07_15_01_26_56 timestamp=000134 receiver=20 cavs=[20, 16, 19] pred_boxes=17 gt_boxes=31 comm_bytes=148096
sgcp_late_fusion frame=38/41 scenario=2026_07_15_01_26_56 timestamp=000134 sources=5 fused_pred_boxes=63 fused_gt_boxes=60
frame=39/41 late_source=1/5 scenario=2026_07_15_01_26_56 timestamp=000136 receiver=1 cavs=[1, 12, 8] pred_boxes=20 gt_boxes=31 comm_bytes=153664
frame=39/41 late_source=2/5 scenario=2026_07_15_01_26_56 timestamp=000136 receiver=3 cavs=[3, 2, 18] pred_boxes=17 gt_boxes=29 comm_bytes=149008
frame=39/41 late_source=3/5 scenario=2026_07_15_01_26_56 timestamp=000136 receiver=4 cavs=[4, 17, 5] pred_boxes=19 gt_boxes=40 comm_bytes=142032
frame=39/41 late_source=4/5 scenario=2026_07_15_01_26_56 timestamp=000136 receiver=9 cavs=[9, 16, 11] pred_boxes=22 gt_boxes=36 comm_bytes=124864Format = auto
Extension = pcd
Format = auto
Extension = pcd
Format = auto
Extension = pcd
Format = auto
Extension = pcd
Format = auto
Extension = pcd
Format = auto
Extension = pcd
Format = auto
Extension = pcd
Format = auto
Extension = pcd
Format = auto
Extension = pcd
Format = auto
Extension = pcd
Format = auto
Extension = pcd
Format = auto
Extension = pcd
Format = auto
Extension = pcd
Format = auto
Extension = pcd
Format = auto
Extension = pcd
Format = auto
Extension = pcd
Format = auto
Extension = pcd
Format = auto
Extension = pcd
Format = auto
Extension = pcd
Format = auto
Extension = pcd
Format = auto
Extension = pcd
Format = auto
Extension = pcd
Format = auto
Extension = pcd
Format = auto
Extension = pcd
Format = auto
Extension = pcd
Format = auto
Extension = pcd
Format = auto
Extension = pcd
Format = auto
Extension = pcd
Format = auto
Extension = pcd
Format = auto
Extension = pcd
Format = auto
Extension = pcd
Format = auto
Extension = pcd
Format = auto
Extension = pcd
Format = auto
Extension = pcd
Format = auto
Extension = pcd
Format = auto
Extension = pcd
Format = auto
Extension = pcd
Format = auto
Extension = pcd
Format = auto
Extension = pcd
Format = auto
Extension = pcd
C:\Users\sakakibara\miniconda3\envs\opencda\lib\site-packages\torch\nn\functional.py:1806: UserWarning: nn.functional.sigmoid is deprecated. Use torch.sigmoid instead.
  warnings.warn("nn.functional.sigmoid is deprecated. Use torch.sigmoid instead.")

frame=39/41 late_source=5/5 scenario=2026_07_15_01_26_56 timestamp=000136 receiver=10 cavs=[10, 13, 20] pred_boxes=17 gt_boxes=33 comm_bytes=136528
sgcp_late_fusion frame=39/41 scenario=2026_07_15_01_26_56 timestamp=000136 sources=5 fused_pred_boxes=53 fused_gt_boxes=60
frame=40/41 late_source=1/5 scenario=2026_07_15_01_26_56 timestamp=000138 receiver=2 cavs=[2, 13, 1] pred_boxes=20 gt_boxes=35 comm_bytes=152160
frame=40/41 late_source=2/5 scenario=2026_07_15_01_26_56 timestamp=000138 receiver=7 cavs=[7, 17, 9] pred_boxes=17 gt_boxes=23 comm_bytes=141152
frame=40/41 late_source=3/5 scenario=2026_07_15_01_26_56 timestamp=000138 receiver=8 cavs=[8, 12, 10] pred_boxes=22 gt_boxes=39 comm_bytes=142816
frame=40/41 late_source=4/5 scenario=2026_07_15_01_26_56 timestamp=000138 receiver=16 cavs=[16, 11, 20] pred_boxes=27 gt_boxes=35 comm_bytes=152912
frame=40/41 late_source=5/5 scenario=2026_07_15_01_26_56 timestamp=000138 receiver=19 cavs=[19, 14, 4] pred_boxes=4 gt_boxes=33 comm_bytes=111776
sgcp_late_fusion frame=40/41 scenario=2026_07_15_01_26_56 timestamp=000138 sources=5 fused_pred_boxes=48 fused_gt_boxes=59
frame=41/41 late_source=1/5 scenario=2026_07_15_01_26_56 timestamp=000140 receiver=2 cavs=[2, 16, 1] pred_boxes=26 gt_boxes=43 comm_bytes=157072
frame=41/41 late_source=2/5 scenario=2026_07_15_01_26_56 timestamp=000140 receiver=4 cavs=[4, 12, 8] pred_boxes=16 gt_boxes=37 comm_bytes=151360
frame=41/41 late_source=3/5 scenario=2026_07_15_01_26_56 timestamp=000140 receiver=7 cavs=[7, 13, 5] pred_boxes=14 gt_boxes=24 comm_bytes=149808
frame=41/41 late_source=4/5 scenario=2026_07_15_01_26_56 timestamp=000140 receiver=17 cavs=[17, 14, 3] pred_boxes=10 gt_boxes=14 comm_bytes=150256
frame=41/41 late_source=5/5 scenario=2026_07_15_01_26_56 timestamp=000140 receiver=20 cavs=[20, 11, 10] pred_boxes=32 gt_boxes=39 comm_bytes=150512
sgcp_late_fusion frame=41/41 scenario=2026_07_15_01_26_56 timestamp=000140 sources=5 fused_pred_boxes=53 fused_gt_boxes=59
cp counter: 41
Evaluate final average precision results:
  - Fusion method: early
  - The Average Precision at IOU 0.3 is 0.79, The Average Precision at IOU 0.5 is 0.64, The Average Precision at IOU 0.7 is 0.30
sgcp_summary frames=205 avg_comm_bytes=137693.11 total_comm_bytes=28227088 avg_source_cavs=3.00 avg_selected_grids=67.64
