COMMAND: C:\Users\sakakibara\miniconda3\envs\opencda\python.exe -m opencda.tools.offline_inference --dataset-root D:\Data\Carla --scenario-id 2026_07_15_01_26_56 --ego-cav-id 1 --max-frames 41 --fusion-method early --coperception-yaml C:\Workspace\OpenCDA\docs\doc_workspace\SGCP\artifacts\early_from_late_checkpoint_20260719\enable_coperception_early_from_attentive.yaml --sgcp-constrained --resource-allocation cov_potential_game --sgcp-receiver-policy all-cluster-heads --sgcp-upload-mode grid --sgcp-inter-cluster-late-fusion --sgcp-grid-selection-mode utility --sgcp-grid-score-mode utility --bandwidth-mhz 40 --num-channels 10 --channel-estimator ns3 --ns3-tb-size-bytes 899 --ns3-slot-duration-ms 0.5 --ns3-subchannel-prbs 10 --ns3-symbols-per-slot 12 --ns3-mcs 28 --n-max 4 --rho-th 3 --head-rb-budget 2 --sgcp-frame-mbps-budget 200 --clustering seac_social_adaptive --sgcp-trace-output C:\Workspace\OpenCDA\docs\doc_workspace\SGCP\artifacts\table4_clustering_cv_20260724\seac_social_adaptive_trace.csv --eval-stats-output C:\Workspace\OpenCDA\docs\doc_workspace\SGCP\artifacts\table4_clustering_cv_20260724\seac_social_adaptive_eval_stats.csv

Format = auto
Extension = pcd
Format = auto
Extension = pcd
Format = auto
Extension = pcd
Format = auto
Extension = pcd
Format = auto
Extension = pcd
Format = auto
Extension = pcd
Format = auto
Extension = pcd
Format = auto
Extension = pcd
Format = auto
Extension = pcd
Format = auto
Extension = pcd
Format = auto
Extension = pcd
Format = auto
Extension = pcd
Format = auto
Extension = pcd
Format = auto
Extension = pcd
Format = auto
Extension = pcd
Format = auto
Extension = pcd
Format = auto
Extension = pcd
Format = auto
Extension = pcd
Format = auto
Extension = pcd
Format = auto
Extension = pcd
Format = auto
Extension = pcd
Format = auto
Extension = pcd
Format = auto
Extension = pcd
Format = auto
Extension = pcd
Format = auto
Extension = pcd
Format = auto
Extension = pcd
Format = auto
Extension = pcd
Format = auto
Extension = pcd
Format = auto
Extension = pcd
Format = auto
Extension = pcd
Format = auto
Extension = pcd
Format = auto
Extension = pcd
Format = auto
Extension = pcd
Format = auto
Extension = pcd
Format = auto
Extension = pcd
Format = auto
Extension = pcd
Format = auto
Extension = pcd
Format = auto
Extension = pcd
Format = auto
Extension = pcd
Format = auto
Extension = pcd
Format = auto
Extension = pcd
Format = auto
Extension = pcd
Format = auto
Extension = pcd
Format = auto
Extension = pcd
Format = auto
Extension = pcd
Format = auto
Extension = pcd
Format = auto
Extension = pcd
Format = auto
Extension = pcd
Format = auto
Extension = pcd
Format = auto
Extension = pcd
Format = auto
Extension = pcd
Format = auto
Extension = pcd
Format = auto
Extension = pcd
Format = auto
Extension = pcd
Format = auto
Extension = pcd
Format = auto
Extension = pcd
Format = auto
Extension = pcd
Format = auto
Extension = pcd
Format = auto
Extension = pcd
Format = auto
Extension = pcd
Format = auto
Extension = pcd
Format = auto
Extension = pcd
Format = auto
Extension = pcd
Format = auto
Extension = pcd
Format = auto
Extension = pcd
Format = auto
Extension = pcd
Format = auto
Extension = pcd
Format = auto
Extension = pcd
Format = auto
Extension = pcd
Format = auto
Extension = pcd
Format = auto
Extension = pcd
Format = auto
Extension = pcd
Format = auto
Extension = pcd
Format = auto
Extension = pcd
Format = auto
Extension = pcd
Format = auto
Extension = pcd
Format = auto
Extension = pcd
Format = auto
Extension = pcd
Format = auto
Extension = pcd
Format = auto
Extension = pcd
Format = auto
Extension = pcd
Format = auto
Extension = pcd
Format = auto
Extension = pcd
Format = auto
Extension = pcd
Format = auto
Extension = pcd
Format = auto
Extension = pcd
Format = auto
Extension = pcd
Format = auto
Extension = pcd
Format = auto
Extension = pcd
Format = auto
Extension = pcd
Format = auto
Extension = pcd
Format = auto
Extension = pcd
Format = auto
Extension = pcd
Format = auto
Extension = pcd
Format = auto
Extension = pcd
Format = auto
Extension = pcd
Format = auto
Extension = pcd
Format = auto
Extension = pcd
Format = auto
Extension = pcd
Format = auto
Extension = pcd
Format = auto
Extension = pcd
Format = auto
Extension = pcd
Format = auto
Extension = pcd
Format = auto
Extension = pcd
Format = auto
Extension = pcd
Format = auto
Extension = pcd
Format = auto
Extension = pcd
Format = auto
Extension = pcd
Format = auto
Extension = pcd
Format = auto
Extension = pcd
Format = auto
Extension = pcd
Format = auto
Extension = pcd
Format = auto
Extension = pcd
Format = auto
Extension = pcd
Format = auto
Extension = pcd
Format = auto
Extension = pcd
Format = auto
Extension = pcd
Format = auto
Extension = pcd
Format = auto
Extension = pcd
Format = auto
Extension = pcd
Format = auto
Extension = pcd
Format = auto
Extension = pcd
Format = auto
Extension = pcd
Format = auto
Extension = pcd
Format = auto
Extension = pcd
Format = auto
Extension = pcd
Format = auto
Extension = pcd
Format = auto
Extension = pcd
Format = auto
Extension = pcd
Format = auto
Extension = pcd
Format = auto
Extension = pcd
Format = auto
Extension = pcd
Format = auto
Extension = pcd
Format = auto
Extension = pcd
Format = auto
Extension = pcd
Format = auto
Extension = pcd
Format = auto
Extension = pcd
Format = auto
Extension = pcd
Format = auto
Extension = pcd
Format = auto
Extension = pcd
Format = auto
Extension = pcd
Format = auto
Extension = pcd
Format = auto
Extension = pcd
Format = auto
Extension = pcd
Format = auto
Extension = pcd
Format = auto
Extension = pcd
Format = auto
Extension = pcd
Format = auto
Extension = pcd
Format = auto
Extension = pcd
Format = auto
Extension = pcd
Format = auto
Extension = pcd
Format = auto
Extension = pcd
Format = auto
Extension = pcd
Format = auto
Extension = pcd
Format = auto
Extension = pcd
Format = auto
Extension = pcd
Format = auto
Extension = pcd
Format = auto
Extension = pcd
Format = auto
Extension = pcd
Format = auto
Extension = pcd
Format = auto
Extension = pcd
Format = auto
Extension = pcd
Format = auto
Extension = pcd
Format = auto
Extension = pcd
Format = auto
Extension = pcd
Format = auto
Extension = pcd
Format = auto
Extension = pcd
Format = auto
Extension = pcd
Format = auto
Extension = pcd
Format = auto
Extension = pcd
Format = auto
Extension = pcd
Format = auto
Extension = pcd
Format = auto
Extension = pcd
Format = auto
Extension = pcd
Format = auto
Extension = pcd
Format = auto
Extension = pcd
Format = auto
Extension = pcd
Format = auto
Extension = pcd
Format = auto
Extension = pcd
Format = auto
Extension = pcd
Format = auto
Extension = pcd
Format = auto
Extension = pcd
Format = auto
Extension = pcd
Format = auto
Extension = pcd
Format = auto
Extension = pcd
Format = auto
Extension = pcd
Format = auto
Extension = pcd
Format = auto
Extension = pcd
Format = auto
Extension = pcd
Format = auto
Extension = pcd
Format = auto
Extension = pcd
Format = auto
Extension = pcd
Format = auto
Extension = pcd
Format = auto
Extension = pcd
Format = auto
Extension = pcd
Format = auto
Extension = pcd
Format = auto
Extension = pcd
Format = auto
Extension = pcd
Format = auto
Extension = pcd
Format = auto
Extension = pcd
resuming by loading epoch 10000
frame=1/41 late_source=1/5 scenario=2026_07_15_01_26_56 timestamp=000060 receiver=1 cavs=[1, 11, 2] pred_boxes=24 gt_boxes=40 comm_bytes=148192
frame=1/41 late_source=2/5 scenario=2026_07_15_01_26_56 timestamp=000060 receiver=3 cavs=[3, 10, 17] pred_boxes=20 gt_boxes=40 comm_bytes=155120
frame=1/41 late_source=3/5 scenario=2026_07_15_01_26_56 timestamp=000060 receiver=5 cavs=[5, 9, 16] pred_boxes=20 gt_boxes=32 comm_bytes=147632
frame=1/41 late_source=4/5 scenario=2026_07_15_01_26_56 timestamp=000060 receiver=7 cavs=[7, 12, 4] pred_boxes=26 gt_boxes=42 comm_bytes=149952
frame=1/41 late_source=5/5 scenario=2026_07_15_01_26_56 timestamp=000060 receiver=13 cavs=[13, 14, 15] pred_boxes=2 gt_boxes=18 comm_bytes=79712
sgcp_late_fusion frame=1/41 scenario=2026_07_15_01_26_56 timestamp=000060 sources=5 fused_pred_boxes=61 fused_gt_boxes=65
frame=2/41 late_source=1/5 scenario=2026_07_15_01_26_56 timestamp=000062 receiver=1 cavs=[1, 2, 11] pred_boxes=27 gt_boxes=40 comm_bytes=146320
frame=2/41 late_source=2/5 scenario=2026_07_15_01_26_56 timestamp=000062 receiver=4 cavs=[4, 14, 17] pred_boxes=12 gt_boxes=34 comm_bytes=84672
frame=2/41 late_source=3/5 scenario=2026_07_15_01_26_56 timestamp=000062 receiver=5 cavs=[5, 9, 16] pred_boxes=20 gt_boxes=32 comm_bytes=147808
frame=2/41 late_source=4/5 scenario=2026_07_15_01_26_56 timestamp=000062 receiver=7 cavs=[7, 13, 12] pred_boxes=21 gt_boxes=42 comm_bytes=149936
frame=2/41 late_source=5/5 scenario=2026_07_15_01_26_56 timestamp=000062 receiver=10 cavs=[10, 3, 18] pred_boxes=18 gt_boxes=38 comm_bytes=77712
sgcp_late_fusion frame=2/41 scenario=2026_07_15_01_26_56 timestamp=000062 sources=5 fused_pred_boxes=60 fused_gt_boxes=61
frame=3/41 late_source=1/5 scenario=2026_07_15_01_26_56 timestamp=000064 receiver=1 cavs=[1, 2, 11] pred_boxes=27 gt_boxes=40 comm_bytes=143888
frame=3/41 late_source=2/5 scenario=2026_07_15_01_26_56 timestamp=000064 receiver=5 cavs=[5, 9, 20] pred_boxes=19 gt_boxes=31 comm_bytes=148640
frame=3/41 late_source=3/5 scenario=2026_07_15_01_26_56 timestamp=000064 receiver=7 cavs=[7, 17, 4] pred_boxes=27 gt_boxes=38 comm_bytes=152480
frame=3/41 late_source=4/5 scenario=2026_07_15_01_26_56 timestamp=000064 receiver=13 cavs=[13, 14, 15] pred_boxes=0 gt_boxes=18 comm_bytes=79600
frame=3/41 late_source=5/5 scenario=2026_07_15_01_26_56 timestamp=000064 receiver=16 cavs=[16, 3, 10] pred_boxes=22 gt_boxes=43 comm_bytes=145872
sgcp_late_fusion frame=3/41 scenario=2026_07_15_01_26_56 timestamp=000064 sources=5 fused_pred_boxes=59 fused_gt_boxes=65
frame=4/41 late_source=1/5 scenario=2026_07_15_01_26_56 timestamp=000066 receiver=1 cavs=[1, 2, 11] pred_boxes=28 gt_boxes=41 comm_bytes=144000
frame=4/41 late_source=2/5 scenario=2026_07_15_01_26_56 timestamp=000066 receiver=3 cavs=[3, 6, 18] pred_boxes=13 gt_boxes=24 comm_bytes=147952
frame=4/41 late_source=3/5 scenario=2026_07_15_01_26_56 timestamp=000066 receiver=5 cavs=[5, 9, 16] pred_boxes=22 gt_boxes=32 comm_bytes=147552
frame=4/41 late_source=4/5 scenario=2026_07_15_01_26_56 timestamp=000066 receiver=10 cavs=[10, 7, 13] pred_boxes=23 gt_boxes=44 comm_bytes=151040
frame=4/41 late_source=5/5 scenario=2026_07_15_01_26_56 timestamp=000066 receiver=17 cavs=[17, 14, 4] pred_boxes=8 gt_boxes=32 comm_bytes=86976
sgcp_late_fusion frame=4/41 scenario=2026_07_15_01_26_56 timestamp=000066 sources=5 fused_pred_boxes=64 fused_gt_boxes=69
frame=5/41 late_source=1/5 scenario=2026_07_15_01_26_56 timestamp=000068 receiver=1 cavs=[1, 2, 11] pred_boxes=27 gt_boxes=42 comm_bytes=143840
frame=5/41 late_source=2/5 scenario=2026_07_15_01_26_56 timestamp=000068 receiver=3 cavs=[3, 17, 18] pred_boxes=10 gt_boxes=16 comm_bytes=133696
frame=5/41 late_source=3/5 scenario=2026_07_15_01_26_56 timestamp=000068 receiver=4 cavs=[4, 14, 12] pred_boxes=14 gt_boxes=35 comm_bytes=155984
frame=5/41 late_source=4/5 scenario=2026_07_15_01_26_56 timestamp=000068 receiver=5 cavs=[5, 9, 16] pred_boxes=18 gt_boxes=31 comm_bytes=147968
frame=5/41 late_source=5/5 scenario=2026_07_15_01_26_56 timestamp=000068 receiver=10 cavs=[10, 7, 13] pred_boxes=22 gt_boxes=42 comm_bytes=151440
sgcp_late_fusion frame=5/41 scenario=2026_07_15_01_26_56 timestamp=000068 sources=5 fused_pred_boxes=57 fused_gt_boxes=64
frame=6/41 late_source=1/5 scenario=2026_07_15_01_26_56 timestamp=000070 receiver=1 cavs=[1, 2, 11] pred_boxes=28 gt_boxes=42 comm_bytes=140816
frame=6/41 late_source=2/5 scenario=2026_07_15_01_26_56 timestamp=000070 receiver=3 cavs=[3, 17, 18] pred_boxes=9 gt_boxes=16 comm_bytes=134064
frame=6/41 late_source=3/5 scenario=2026_07_15_01_26_56 timestamp=000070 receiver=4 cavs=[4, 14, 12] pred_boxes=9 gt_boxes=35 comm_bytes=155872
frame=6/41 late_source=4/5 scenario=2026_07_15_01_26_56 timestamp=000070 receiver=5 cavs=[5, 9, 16] pred_boxes=20 gt_boxes=31 comm_bytes=147520
frame=6/41 late_source=5/5 scenario=2026_07_15_01_26_56 timestamp=000070 receiver=10 cavs=[10, 7, 13] pred_boxes=23 gt_boxes=41 comm_bytes=151328
sgcp_late_fusion frame=6/41 scenario=2026_07_15_01_26_56 timestamp=000070 sources=5 fused_pred_boxes=56 fused_gt_boxes=64
frame=7/41 late_source=1/5 scenario=2026_07_15_01_26_56 timestamp=000072 receiver=1 cavs=[1, 2, 11] pred_boxes=27 gt_boxes=41 comm_bytes=145744
frame=7/41 late_source=2/5 scenario=2026_07_15_01_26_56 timestamp=000072 receiver=4 cavs=[4, 14, 12] pred_boxes=14 gt_boxes=34 comm_bytes=155984
frame=7/41 late_source=3/5 scenario=2026_07_15_01_26_56 timestamp=000072 receiver=5 cavs=[5, 9, 16] pred_boxes=17 gt_boxes=30 comm_bytes=147504
frame=7/41 late_source=4/5 scenario=2026_07_15_01_26_56 timestamp=000072 receiver=10 cavs=[10, 7, 13] pred_boxes=22 gt_boxes=40 comm_bytes=151968
frame=7/41 late_source=5/5 scenario=2026_07_15_01_26_56 timestamp=000072 receiver=17 cavs=[17, 3, 18] pred_boxes=9 gt_boxes=16 comm_bytes=124944
sgcp_late_fusion frame=7/41 scenario=2026_07_15_01_26_56 timestamp=000072 sources=5 fused_pred_boxes=58 fused_gt_boxes=63
frame=8/41 late_source=1/5 scenario=2026_07_15_01_26_56 timestamp=000074 receiver=1 cavs=[1, 2, 11] pred_boxes=27 gt_boxes=39 comm_bytes=145856
frame=8/41 late_source=2/5 scenario=2026_07_15_01_26_56 timestamp=000074 receiver=4 cavs=[4, 14, 12] pred_boxes=14 gt_boxes=35 comm_bytes=155344
frame=8/41 late_source=3/5 scenario=2026_07_15_01_26_56 timestamp=000074 receiver=5 cavs=[5, 9, 16] pred_boxes=19 gt_boxes=30 comm_bytes=147456
frame=8/41 late_source=4/5 scenario=2026_07_15_01_26_56 timestamp=000074 receiver=10 cavs=[10, 7, 13] pred_boxes=23 gt_boxes=40 comm_bytes=151760
frame=8/41 late_source=5/5 scenario=2026_07_15_01_26_56 timestamp=000074 receiver=17 cavs=[17, 3, 18] pred_boxes=9 gt_boxes=16 comm_bytes=132768
sgcp_late_fusion frame=8/41 scenario=2026_07_15_01_26_56 timestamp=000074 sources=5 fused_pred_boxes=57 fused_gt_boxes=61
frame=9/41 late_source=1/5 scenario=2026_07_15_01_26_56 timestamp=000076 receiver=1 cavs=[1, 2, 11] pred_boxes=28 gt_boxes=41 comm_bytes=145952
frame=9/41 late_source=2/5 scenario=2026_07_15_01_26_56 timestamp=000076 receiver=4 cavs=[4, 14, 12] pred_boxes=12 gt_boxes=33 comm_bytes=155216
frame=9/41 late_source=3/5 scenario=2026_07_15_01_26_56 timestamp=000076 receiver=5 cavs=[5, 16, 20] pred_boxes=21 gt_boxes=29 comm_bytes=152160
frame=9/41 late_source=4/5 scenario=2026_07_15_01_26_56 timestamp=000076 receiver=10 cavs=[10, 7, 13] pred_boxes=26 gt_boxes=39 comm_bytes=151824
frame=9/41 late_source=5/5 scenario=2026_07_15_01_26_56 timestamp=000076 receiver=17 cavs=[17, 3, 18] pred_boxes=9 gt_boxes=17 comm_bytes=132704
sgcp_late_fusion frame=9/41 scenario=2026_07_15_01_26_56 timestamp=000076 sources=5 fused_pred_boxes=58 fused_gt_boxes=61
frame=10/41 late_source=1/5 scenario=2026_07_15_01_26_56 timestamp=000078 receiver=1 cavs=[1, 2, 11] pred_boxes=27 gt_boxes=40 comm_bytes=145856
frame=10/41 late_source=2/5 scenario=2026_07_15_01_26_56 timestamp=000078 receiver=4 cavs=[4, 14, 12] pred_boxes=12 gt_boxes=35 comm_bytes=154736
frame=10/41 late_source=3/5 scenario=2026_07_15_01_26_56 timestamp=000078 receiver=5 cavs=[5, 16, 20] pred_boxes=20 gt_boxes=30 comm_bytes=152176
frame=10/41 late_source=4/5 scenario=2026_07_15_01_26_56 timestamp=000078 receiver=10 cavs=[10, 7, 13] pred_boxes=24 gt_boxes=37 comm_bytes=151456Format = auto
Extension = pcd
Format = auto
Extension = pcd
Format = auto
Extension = pcd
Format = auto
Extension = pcd
Format = auto
Extension = pcd
Format = auto
Extension = pcd
Format = auto
Extension = pcd
Format = auto
Extension = pcd
Format = auto
Extension = pcd
Format = auto
Extension = pcd
Format = auto
Extension = pcd
Format = auto
Extension = pcd
Format = auto
Extension = pcd
Format = auto
Extension = pcd
Format = auto
Extension = pcd
Format = auto
Extension = pcd
Format = auto
Extension = pcd
Format = auto
Extension = pcd
Format = auto
Extension = pcd
Format = auto
Extension = pcd
Format = auto
Extension = pcd
Format = auto
Extension = pcd
Format = auto
Extension = pcd
Format = auto
Extension = pcd
Format = auto
Extension = pcd
Format = auto
Extension = pcd
Format = auto
Extension = pcd
Format = auto
Extension = pcd
Format = auto
Extension = pcd
Format = auto
Extension = pcd
Format = auto
Extension = pcd
Format = auto
Extension = pcd
Format = auto
Extension = pcd
Format = auto
Extension = pcd
Format = auto
Extension = pcd
Format = auto
Extension = pcd
Format = auto
Extension = pcd
Format = auto
Extension = pcd
Format = auto
Extension = pcd
Format = auto
Extension = pcd
Format = auto
Extension = pcd
Format = auto
Extension = pcd
Format = auto
Extension = pcd
Format = auto
Extension = pcd
Format = auto
Extension = pcd
Format = auto
Extension = pcd
Format = auto
Extension = pcd
Format = auto
Extension = pcd
Format = auto
Extension = pcd
Format = auto
Extension = pcd
Format = auto
Extension = pcd
Format = auto
Extension = pcd
Format = auto
Extension = pcd
Format = auto
Extension = pcd
Format = auto
Extension = pcd
Format = auto
Extension = pcd
Format = auto
Extension = pcd
Format = auto
Extension = pcd
Format = auto
Extension = pcd
Format = auto
Extension = pcd
Format = auto
Extension = pcd
Format = auto
Extension = pcd
Format = auto
Extension = pcd
Format = auto
Extension = pcd
Format = auto
Extension = pcd
Format = auto
Extension = pcd
Format = auto
Extension = pcd
Format = auto
Extension = pcd
Format = auto
Extension = pcd
Format = auto
Extension = pcd
Format = auto
Extension = pcd
Format = auto
Extension = pcd
Format = auto
Extension = pcd
Format = auto
Extension = pcd
Format = auto
Extension = pcd
Format = auto
Extension = pcd
Format = auto
Extension = pcd
Format = auto
Extension = pcd
Format = auto
Extension = pcd
Format = auto
Extension = pcd
Format = auto
Extension = pcd
Format = auto
Extension = pcd
Format = auto
Extension = pcd
Format = auto
Extension = pcd
Format = auto
Extension = pcd
Format = auto
Extension = pcd
Format = auto
Extension = pcd
Format = auto
Extension = pcd
Format = auto
Extension = pcd
Format = auto
Extension = pcd
Format = auto
Extension = pcd
Format = auto
Extension = pcd
Format = auto
Extension = pcd
Format = auto
Extension = pcd
Format = auto
Extension = pcd
Format = auto
Extension = pcd
Format = auto
Extension = pcd
Format = auto
Extension = pcd
Format = auto
Extension = pcd
Format = auto
Extension = pcd
Format = auto
Extension = pcd
Format = auto
Extension = pcd
Format = auto
Extension = pcd
Format = auto
Extension = pcd
Format = auto
Extension = pcd
Format = auto
Extension = pcd
Format = auto
Extension = pcd
Format = auto
Extension = pcd
Format = auto
Extension = pcd
Format = auto
Extension = pcd
Format = auto
Extension = pcd
Format = auto
Extension = pcd
Format = auto
Extension = pcd
Format = auto
Extension = pcd
Format = auto
Extension = pcd
Format = auto
Extension = pcd
Format = auto
Extension = pcd
Format = auto
Extension = pcd
Format = auto
Extension = pcd
Format = auto
Extension = pcd
Format = auto
Extension = pcd
Format = auto
Extension = pcd
Format = auto
Extension = pcd
Format = auto
Extension = pcd
Format = auto
Extension = pcd
Format = auto
Extension = pcd
Format = auto
Extension = pcd
Format = auto
Extension = pcd
Format = auto
Extension = pcd
Format = auto
Extension = pcd
Format = auto
Extension = pcd
Format = auto
Extension = pcd
Format = auto
Extension = pcd
Format = auto
Extension = pcd
Format = auto
Extension = pcd
Format = auto
Extension = pcd
Format = auto
Extension = pcd
Format = auto
Extension = pcd
Format = auto
Extension = pcd
Format = auto
Extension = pcd
Format = auto
Extension = pcd
Format = auto
Extension = pcd
Format = auto
Extension = pcd
Format = auto
Extension = pcd
Format = auto
Extension = pcd
Format = auto
Extension = pcd
Format = auto
Extension = pcd
Format = auto
Extension = pcd
Format = auto
Extension = pcd
Format = auto
Extension = pcd
Format = auto
Extension = pcd
Format = auto
Extension = pcd
Format = auto
Extension = pcd
Format = auto
Extension = pcd
Format = auto
Extension = pcd
Format = auto
Extension = pcd
Format = auto
Extension = pcd
Format = auto
Extension = pcd
Format = auto
Extension = pcd
Format = auto
Extension = pcd
Format = auto
Extension = pcd
Format = auto
Extension = pcd
Format = auto
Extension = pcd
Format = auto
Extension = pcd
Format = auto
Extension = pcd
Format = auto
Extension = pcd
Format = auto
Extension = pcd
Format = auto
Extension = pcd
Format = auto
Extension = pcd
Format = auto
Extension = pcd
Format = auto
Extension = pcd
Format = auto
Extension = pcd
Format = auto
Extension = pcd
Format = auto
Extension = pcd
Format = auto
Extension = pcd
Format = auto
Extension = pcd
Format = auto
Extension = pcd
Format = auto
Extension = pcd
Format = auto
Extension = pcd
Format = auto
Extension = pcd
Format = auto
Extension = pcd
Format = auto
Extension = pcd
Format = auto
Extension = pcd
Format = auto
Extension = pcd
Format = auto
Extension = pcd
Format = auto
Extension = pcd
Format = auto
Extension = pcd
Format = auto
Extension = pcd
Format = auto
Extension = pcd
Format = auto
Extension = pcd
Format = auto
Extension = pcd
Format = auto
Extension = pcd
Format = auto
Extension = pcd
Format = auto
Extension = pcd
Format = auto
Extension = pcd
Format = auto
Extension = pcd
Format = auto
Extension = pcd
Format = auto
Extension = pcd
Format = auto
Extension = pcd
Format = auto
Extension = pcd

frame=10/41 late_source=5/5 scenario=2026_07_15_01_26_56 timestamp=000078 receiver=17 cavs=[17, 3, 18] pred_boxes=9 gt_boxes=17 comm_bytes=132976
sgcp_late_fusion frame=10/41 scenario=2026_07_15_01_26_56 timestamp=000078 sources=5 fused_pred_boxes=57 fused_gt_boxes=60
frame=11/41 late_source=1/5 scenario=2026_07_15_01_26_56 timestamp=000080 receiver=1 cavs=[1, 2, 11] pred_boxes=27 gt_boxes=42 comm_bytes=145664
frame=11/41 late_source=2/5 scenario=2026_07_15_01_26_56 timestamp=000080 receiver=5 cavs=[5, 16, 20] pred_boxes=18 gt_boxes=29 comm_bytes=152864
frame=11/41 late_source=3/5 scenario=2026_07_15_01_26_56 timestamp=000080 receiver=7 cavs=[7, 14, 12] pred_boxes=19 gt_boxes=33 comm_bytes=153360
frame=11/41 late_source=4/5 scenario=2026_07_15_01_26_56 timestamp=000080 receiver=10 cavs=[10, 4, 13] pred_boxes=29 gt_boxes=40 comm_bytes=150848
frame=11/41 late_source=5/5 scenario=2026_07_15_01_26_56 timestamp=000080 receiver=17 cavs=[17, 18, 3] pred_boxes=10 gt_boxes=18 comm_bytes=154688
sgcp_late_fusion frame=11/41 scenario=2026_07_15_01_26_56 timestamp=000080 sources=5 fused_pred_boxes=61 fused_gt_boxes=63
frame=12/41 late_source=1/5 scenario=2026_07_15_01_26_56 timestamp=000082 receiver=1 cavs=[1, 2, 11] pred_boxes=28 gt_boxes=41 comm_bytes=146304
frame=12/41 late_source=2/5 scenario=2026_07_15_01_26_56 timestamp=000082 receiver=5 cavs=[5, 16, 20] pred_boxes=20 gt_boxes=30 comm_bytes=153280
frame=12/41 late_source=3/5 scenario=2026_07_15_01_26_56 timestamp=000082 receiver=7 cavs=[7, 14, 12] pred_boxes=19 gt_boxes=33 comm_bytes=153200
frame=12/41 late_source=4/5 scenario=2026_07_15_01_26_56 timestamp=000082 receiver=10 cavs=[10, 4, 13] pred_boxes=26 gt_boxes=40 comm_bytes=151184
frame=12/41 late_source=5/5 scenario=2026_07_15_01_26_56 timestamp=000082 receiver=17 cavs=[17, 3, 18] pred_boxes=9 gt_boxes=18 comm_bytes=132720
sgcp_late_fusion frame=12/41 scenario=2026_07_15_01_26_56 timestamp=000082 sources=5 fused_pred_boxes=59 fused_gt_boxes=63
frame=13/41 late_source=1/5 scenario=2026_07_15_01_26_56 timestamp=000084 receiver=1 cavs=[1, 2, 11] pred_boxes=26 gt_boxes=40 comm_bytes=146240
frame=13/41 late_source=2/5 scenario=2026_07_15_01_26_56 timestamp=000084 receiver=5 cavs=[5, 10, 20] pred_boxes=24 gt_boxes=40 comm_bytes=152560
frame=13/41 late_source=3/5 scenario=2026_07_15_01_26_56 timestamp=000084 receiver=7 cavs=[7, 12, 4] pred_boxes=22 gt_boxes=41 comm_bytes=152368
frame=13/41 late_source=4/5 scenario=2026_07_15_01_26_56 timestamp=000084 receiver=13 cavs=[13, 14, 17] pred_boxes=3 gt_boxes=19 comm_bytes=78672
frame=13/41 late_source=5/5 scenario=2026_07_15_01_26_56 timestamp=000084 receiver=16 cavs=[16, 3, 18] pred_boxes=12 gt_boxes=27 comm_bytes=81024
sgcp_late_fusion frame=13/41 scenario=2026_07_15_01_26_56 timestamp=000084 sources=5 fused_pred_boxes=56 fused_gt_boxes=63
frame=14/41 late_source=1/5 scenario=2026_07_15_01_26_56 timestamp=000086 receiver=1 cavs=[1, 2, 11] pred_boxes=26 gt_boxes=42 comm_bytes=146224
frame=14/41 late_source=2/5 scenario=2026_07_15_01_26_56 timestamp=000086 receiver=9 cavs=[9, 4, 13] pred_boxes=20 gt_boxes=44 comm_bytes=149888
frame=14/41 late_source=3/5 scenario=2026_07_15_01_26_56 timestamp=000086 receiver=12 cavs=[12, 14, 17] pred_boxes=8 gt_boxes=25 comm_bytes=81296
frame=14/41 late_source=4/5 scenario=2026_07_15_01_26_56 timestamp=000086 receiver=16 cavs=[16, 3, 18] pred_boxes=13 gt_boxes=26 comm_bytes=81344
frame=14/41 late_source=5/5 scenario=2026_07_15_01_26_56 timestamp=000086 receiver=20 cavs=[20, 10, 7] pred_boxes=27 gt_boxes=42 comm_bytes=150752
sgcp_late_fusion frame=14/41 scenario=2026_07_15_01_26_56 timestamp=000086 sources=5 fused_pred_boxes=58 fused_gt_boxes=64
frame=15/41 late_source=1/5 scenario=2026_07_15_01_26_56 timestamp=000088 receiver=1 cavs=[1, 11, 2] pred_boxes=28 gt_boxes=42 comm_bytes=149056
frame=15/41 late_source=2/5 scenario=2026_07_15_01_26_56 timestamp=000088 receiver=10 cavs=[10, 4, 13] pred_boxes=25 gt_boxes=40 comm_bytes=150560
frame=15/41 late_source=3/5 scenario=2026_07_15_01_26_56 timestamp=000088 receiver=12 cavs=[12, 14, 17] pred_boxes=8 gt_boxes=25 comm_bytes=81024
frame=15/41 late_source=4/5 scenario=2026_07_15_01_26_56 timestamp=000088 receiver=16 cavs=[16, 3, 18] pred_boxes=14 gt_boxes=26 comm_bytes=80304
frame=15/41 late_source=5/5 scenario=2026_07_15_01_26_56 timestamp=000088 receiver=20 cavs=[20, 9, 7] pred_boxes=25 gt_boxes=33 comm_bytes=150288
sgcp_late_fusion frame=15/41 scenario=2026_07_15_01_26_56 timestamp=000088 sources=5 fused_pred_boxes=58 fused_gt_boxes=64
frame=16/41 late_source=1/5 scenario=2026_07_15_01_26_56 timestamp=000090 receiver=1 cavs=[1, 11, 2] pred_boxes=27 gt_boxes=42 comm_bytes=148720
frame=16/41 late_source=2/5 scenario=2026_07_15_01_26_56 timestamp=000090 receiver=10 cavs=[10, 4, 13] pred_boxes=26 gt_boxes=40 comm_bytes=150320
frame=16/41 late_source=3/5 scenario=2026_07_15_01_26_56 timestamp=000090 receiver=12 cavs=[12, 14, 17] pred_boxes=8 gt_boxes=25 comm_bytes=80864
frame=16/41 late_source=4/5 scenario=2026_07_15_01_26_56 timestamp=000090 receiver=16 cavs=[16, 3, 18] pred_boxes=14 gt_boxes=26 comm_bytes=81136
frame=16/41 late_source=5/5 scenario=2026_07_15_01_26_56 timestamp=000090 receiver=20 cavs=[20, 9, 7] pred_boxes=24 gt_boxes=32 comm_bytes=150256
sgcp_late_fusion frame=16/41 scenario=2026_07_15_01_26_56 timestamp=000090 sources=5 fused_pred_boxes=58 fused_gt_boxes=64
frame=17/41 late_source=1/5 scenario=2026_07_15_01_26_56 timestamp=000092 receiver=1 cavs=[1, 11, 2] pred_boxes=28 gt_boxes=41 comm_bytes=149104
frame=17/41 late_source=2/5 scenario=2026_07_15_01_26_56 timestamp=000092 receiver=9 cavs=[9, 16, 19] pred_boxes=19 gt_boxes=27 comm_bytes=152976
frame=17/41 late_source=3/5 scenario=2026_07_15_01_26_56 timestamp=000092 receiver=13 cavs=[13, 14, 12] pred_boxes=0 gt_boxes=21 comm_bytes=79312
frame=17/41 late_source=4/5 scenario=2026_07_15_01_26_56 timestamp=000092 receiver=17 cavs=[17, 3, 18] pred_boxes=9 gt_boxes=16 comm_bytes=136064
frame=17/41 late_source=5/5 scenario=2026_07_15_01_26_56 timestamp=000092 receiver=20 cavs=[20, 10, 7] pred_boxes=28 gt_boxes=42 comm_bytes=150704
sgcp_late_fusion frame=17/41 scenario=2026_07_15_01_26_56 timestamp=000092 sources=5 fused_pred_boxes=52 fused_gt_boxes=63
frame=18/41 late_source=1/5 scenario=2026_07_15_01_26_56 timestamp=000094 receiver=1 cavs=[1, 11, 2] pred_boxes=27 gt_boxes=39 comm_bytes=149168
frame=18/41 late_source=2/5 scenario=2026_07_15_01_26_56 timestamp=000094 receiver=10 cavs=[10, 4, 13] pred_boxes=28 gt_boxes=41 comm_bytes=150368
frame=18/41 late_source=3/5 scenario=2026_07_15_01_26_56 timestamp=000094 receiver=12 cavs=[12, 14, 17] pred_boxes=9 gt_boxes=28 comm_bytes=81120
frame=18/41 late_source=4/5 scenario=2026_07_15_01_26_56 timestamp=000094 receiver=16 cavs=[16, 3, 18] pred_boxes=12 gt_boxes=25 comm_bytes=84304
frame=18/41 late_source=5/5 scenario=2026_07_15_01_26_56 timestamp=000094 receiver=20 cavs=[20, 9, 7] pred_boxes=25 gt_boxes=32 comm_bytes=150224
sgcp_late_fusion frame=18/41 scenario=2026_07_15_01_26_56 timestamp=000094 sources=5 fused_pred_boxes=62 fused_gt_boxes=63
frame=19/41 late_source=1/5 scenario=2026_07_15_01_26_56 timestamp=000096 receiver=8 cavs=[8, 11, 4] pred_boxes=32 gt_boxes=42 comm_bytes=149744
frame=19/41 late_source=2/5 scenario=2026_07_15_01_26_56 timestamp=000096 receiver=10 cavs=[10, 2, 9] pred_boxes=24 gt_boxes=46 comm_bytes=153808
frame=19/41 late_source=3/5 scenario=2026_07_15_01_26_56 timestamp=000096 receiver=13 cavs=[13, 14, 12] pred_boxes=0 gt_boxes=22 comm_bytes=78752
frame=19/41 late_source=4/5 scenario=2026_07_15_01_26_56 timestamp=000096 receiver=17 cavs=[17, 3, 18] pred_boxes=11 gt_boxes=18 comm_bytes=138416
frame=19/41 late_source=5/5 scenario=2026_07_15_01_26_56 timestamp=000096 receiver=20 cavs=[20, 16, 7] pred_boxes=21 gt_boxes=30 comm_bytes=140848
sgcp_late_fusion frame=19/41 scenario=2026_07_15_01_26_56 timestamp=000096 sources=5 fused_pred_boxes=55 fused_gt_boxes=63
frame=20/41 late_source=1/5 scenario=2026_07_15_01_26_56 timestamp=000098 receiver=1 cavs=[1, 11, 8] pred_boxes=28 gt_boxes=38 comm_bytes=148368
frame=20/41 late_source=2/5 scenario=2026_07_15_01_26_56 timestamp=000098 receiver=3 cavs=[3, 16, 17] pred_boxes=15 gt_boxes=24 comm_bytes=154608Format = auto
Extension = pcd
Format = auto
Extension = pcd
Format = auto
Extension = pcd
Format = auto
Extension = pcd
Format = auto
Extension = pcd
Format = auto
Extension = pcd
Format = auto
Extension = pcd
Format = auto
Extension = pcd
Format = auto
Extension = pcd
Format = auto
Extension = pcd
Format = auto
Extension = pcd
Format = auto
Extension = pcd
Format = auto
Extension = pcd
Format = auto
Extension = pcd
Format = auto
Extension = pcd
Format = auto
Extension = pcd
Format = auto
Extension = pcd
Format = auto
Extension = pcd
Format = auto
Extension = pcd
Format = auto
Extension = pcd
Format = auto
Extension = pcd
Format = auto
Extension = pcd
Format = auto
Extension = pcd
Format = auto
Extension = pcd
Format = auto
Extension = pcd
Format = auto
Extension = pcd
Format = auto
Extension = pcd
Format = auto
Extension = pcd
Format = auto
Extension = pcd
Format = auto
Extension = pcd
Format = auto
Extension = pcd
Format = auto
Extension = pcd
Format = auto
Extension = pcd
Format = auto
Extension = pcd
Format = auto
Extension = pcd
Format = auto
Extension = pcd
Format = auto
Extension = pcd
Format = auto
Extension = pcd
Format = auto
Extension = pcd
Format = auto
Extension = pcd
Format = auto
Extension = pcd
Format = auto
Extension = pcd
Format = auto
Extension = pcd
Format = auto
Extension = pcd
Format = auto
Extension = pcd
Format = auto
Extension = pcd
Format = auto
Extension = pcd
Format = auto
Extension = pcd
Format = auto
Extension = pcd
Format = auto
Extension = pcd
Format = auto
Extension = pcd
Format = auto
Extension = pcd
Format = auto
Extension = pcd
Format = auto
Extension = pcd
Format = auto
Extension = pcd
Format = auto
Extension = pcd
Format = auto
Extension = pcd
Format = auto
Extension = pcd
Format = auto
Extension = pcd
Format = auto
Extension = pcd
Format = auto
Extension = pcd
Format = auto
Extension = pcd
Format = auto
Extension = pcd
Format = auto
Extension = pcd
Format = auto
Extension = pcd
Format = auto
Extension = pcd
Format = auto
Extension = pcd
Format = auto
Extension = pcd
Format = auto
Extension = pcd
Format = auto
Extension = pcd
Format = auto
Extension = pcd
Format = auto
Extension = pcd
Format = auto
Extension = pcd
Format = auto
Extension = pcd
Format = auto
Extension = pcd
Format = auto
Extension = pcd
Format = auto
Extension = pcd
Format = auto
Extension = pcd
Format = auto
Extension = pcd
Format = auto
Extension = pcd
Format = auto
Extension = pcd
Format = auto
Extension = pcd
Format = auto
Extension = pcd
Format = auto
Extension = pcd
Format = auto
Extension = pcd
Format = auto
Extension = pcd
Format = auto
Extension = pcd
Format = auto
Extension = pcd
Format = auto
Extension = pcd
Format = auto
Extension = pcd
Format = auto
Extension = pcd
Format = auto
Extension = pcd
Format = auto
Extension = pcd
Format = auto
Extension = pcd
Format = auto
Extension = pcd
Format = auto
Extension = pcd
Format = auto
Extension = pcd
Format = auto
Extension = pcd
Format = auto
Extension = pcd
Format = auto
Extension = pcd
Format = auto
Extension = pcd
Format = auto
Extension = pcd
Format = auto
Extension = pcd
Format = auto
Extension = pcd
Format = auto
Extension = pcd
Format = auto
Extension = pcd
Format = auto
Extension = pcd
Format = auto
Extension = pcd
Format = auto
Extension = pcd
Format = auto
Extension = pcd
Format = auto
Extension = pcd
Format = auto
Extension = pcd
Format = auto
Extension = pcd
Format = auto
Extension = pcd
Format = auto
Extension = pcd
Format = auto
Extension = pcd
Format = auto
Extension = pcd
Format = auto
Extension = pcd
Format = auto
Extension = pcd
Format = auto
Extension = pcd
Format = auto
Extension = pcd
Format = auto
Extension = pcd
Format = auto
Extension = pcd
Format = auto
Extension = pcd
Format = auto
Extension = pcd
Format = auto
Extension = pcd
Format = auto
Extension = pcd
Format = auto
Extension = pcd
Format = auto
Extension = pcd
Format = auto
Extension = pcd
Format = auto
Extension = pcd
Format = auto
Extension = pcd
Format = auto
Extension = pcd
Format = auto
Extension = pcd
Format = auto
Extension = pcd
Format = auto
Extension = pcd
Format = auto
Extension = pcd
Format = auto
Extension = pcd
Format = auto
Extension = pcd
Format = auto
Extension = pcd
Format = auto
Extension = pcd
Format = auto
Extension = pcd
Format = auto
Extension = pcd
Format = auto
Extension = pcd
Format = auto
Extension = pcd
Format = auto
Extension = pcd
Format = auto
Extension = pcd
Format = auto
Extension = pcd
Format = auto
Extension = pcd
Format = auto
Extension = pcd
Format = auto
Extension = pcd
Format = auto
Extension = pcd
Format = auto
Extension = pcd
Format = auto
Extension = pcd
Format = auto
Extension = pcd
Format = auto
Extension = pcd
Format = auto
Extension = pcd
Format = auto
Extension = pcd
Format = auto
Extension = pcd
Format = auto
Extension = pcd
Format = auto
Extension = pcd
Format = auto
Extension = pcd
Format = auto
Extension = pcd
Format = auto
Extension = pcd
Format = auto
Extension = pcd
Format = auto
Extension = pcd
Format = auto
Extension = pcd
Format = auto
Extension = pcd
Format = auto
Extension = pcd
Format = auto
Extension = pcd
Format = auto
Extension = pcd
Format = auto
Extension = pcd
Format = auto
Extension = pcd
Format = auto
Extension = pcd
Format = auto
Extension = pcd
Format = auto
Extension = pcd
Format = auto
Extension = pcd
Format = auto
Extension = pcd
Format = auto
Extension = pcd
Format = auto
Extension = pcd

frame=20/41 late_source=3/5 scenario=2026_07_15_01_26_56 timestamp=000098 receiver=7 cavs=[7, 4, 20] pred_boxes=30 gt_boxes=41 comm_bytes=150432
frame=20/41 late_source=4/5 scenario=2026_07_15_01_26_56 timestamp=000098 receiver=10 cavs=[10, 2, 9] pred_boxes=24 gt_boxes=46 comm_bytes=153760
frame=20/41 late_source=5/5 scenario=2026_07_15_01_26_56 timestamp=000098 receiver=13 cavs=[13, 14, 12] pred_boxes=0 gt_boxes=22 comm_bytes=78144
sgcp_late_fusion frame=20/41 scenario=2026_07_15_01_26_56 timestamp=000098 sources=5 fused_pred_boxes=58 fused_gt_boxes=63
frame=21/41 late_source=1/5 scenario=2026_07_15_01_26_56 timestamp=000100 receiver=1 cavs=[1, 11, 2] pred_boxes=26 gt_boxes=38 comm_bytes=149312
frame=21/41 late_source=2/5 scenario=2026_07_15_01_26_56 timestamp=000100 receiver=10 cavs=[10, 4, 13] pred_boxes=27 gt_boxes=39 comm_bytes=149632
frame=21/41 late_source=3/5 scenario=2026_07_15_01_26_56 timestamp=000100 receiver=12 cavs=[12, 14, 17] pred_boxes=7 gt_boxes=23 comm_bytes=80016
frame=21/41 late_source=4/5 scenario=2026_07_15_01_26_56 timestamp=000100 receiver=16 cavs=[16, 3, 18] pred_boxes=11 gt_boxes=24 comm_bytes=83360
frame=21/41 late_source=5/5 scenario=2026_07_15_01_26_56 timestamp=000100 receiver=20 cavs=[20, 9, 7] pred_boxes=26 gt_boxes=29 comm_bytes=150272
sgcp_late_fusion frame=21/41 scenario=2026_07_15_01_26_56 timestamp=000100 sources=5 fused_pred_boxes=61 fused_gt_boxes=63
frame=22/41 late_source=1/5 scenario=2026_07_15_01_26_56 timestamp=000102 receiver=1 cavs=[1, 2, 8] pred_boxes=28 gt_boxes=40 comm_bytes=145024
frame=22/41 late_source=2/5 scenario=2026_07_15_01_26_56 timestamp=000102 receiver=3 cavs=[3, 16, 17] pred_boxes=14 gt_boxes=23 comm_bytes=155024
frame=22/41 late_source=3/5 scenario=2026_07_15_01_26_56 timestamp=000102 receiver=7 cavs=[7, 4, 20] pred_boxes=28 gt_boxes=40 comm_bytes=150432
frame=22/41 late_source=4/5 scenario=2026_07_15_01_26_56 timestamp=000102 receiver=10 cavs=[10, 11, 9] pred_boxes=22 gt_boxes=39 comm_bytes=153952
frame=22/41 late_source=5/5 scenario=2026_07_15_01_26_56 timestamp=000102 receiver=13 cavs=[13, 12, 14] pred_boxes=6 gt_boxes=18 comm_bytes=107968
sgcp_late_fusion frame=22/41 scenario=2026_07_15_01_26_56 timestamp=000102 sources=5 fused_pred_boxes=60 fused_gt_boxes=63
frame=23/41 late_source=1/5 scenario=2026_07_15_01_26_56 timestamp=000104 receiver=1 cavs=[1, 2, 8] pred_boxes=24 gt_boxes=39 comm_bytes=145232
frame=23/41 late_source=2/5 scenario=2026_07_15_01_26_56 timestamp=000104 receiver=3 cavs=[3, 16, 17] pred_boxes=16 gt_boxes=22 comm_bytes=154656
frame=23/41 late_source=3/5 scenario=2026_07_15_01_26_56 timestamp=000104 receiver=7 cavs=[7, 4, 20] pred_boxes=28 gt_boxes=40 comm_bytes=150400
frame=23/41 late_source=4/5 scenario=2026_07_15_01_26_56 timestamp=000104 receiver=10 cavs=[10, 11, 9] pred_boxes=23 gt_boxes=39 comm_bytes=154048
frame=23/41 late_source=5/5 scenario=2026_07_15_01_26_56 timestamp=000104 receiver=13 cavs=[13, 12, 14] pred_boxes=6 gt_boxes=19 comm_bytes=117536
sgcp_late_fusion frame=23/41 scenario=2026_07_15_01_26_56 timestamp=000104 sources=5 fused_pred_boxes=57 fused_gt_boxes=63
frame=24/41 late_source=1/5 scenario=2026_07_15_01_26_56 timestamp=000106 receiver=1 cavs=[1, 11, 8] pred_boxes=27 gt_boxes=38 comm_bytes=148608
frame=24/41 late_source=2/5 scenario=2026_07_15_01_26_56 timestamp=000106 receiver=7 cavs=[7, 4, 20] pred_boxes=27 gt_boxes=40 comm_bytes=150416
frame=24/41 late_source=3/5 scenario=2026_07_15_01_26_56 timestamp=000106 receiver=10 cavs=[10, 2, 9] pred_boxes=24 gt_boxes=44 comm_bytes=153792
frame=24/41 late_source=4/5 scenario=2026_07_15_01_26_56 timestamp=000106 receiver=13 cavs=[13, 12, 14] pred_boxes=10 gt_boxes=19 comm_bytes=119680
frame=24/41 late_source=5/5 scenario=2026_07_15_01_26_56 timestamp=000106 receiver=16 cavs=[16, 6, 3] pred_boxes=23 gt_boxes=37 comm_bytes=146736
sgcp_late_fusion frame=24/41 scenario=2026_07_15_01_26_56 timestamp=000106 sources=5 fused_pred_boxes=67 fused_gt_boxes=70
frame=25/41 late_source=1/5 scenario=2026_07_15_01_26_56 timestamp=000108 receiver=1 cavs=[1, 11, 8] pred_boxes=27 gt_boxes=40 comm_bytes=148608
frame=25/41 late_source=2/5 scenario=2026_07_15_01_26_56 timestamp=000108 receiver=3 cavs=[3, 16, 17] pred_boxes=13 gt_boxes=21 comm_bytes=154896
frame=25/41 late_source=3/5 scenario=2026_07_15_01_26_56 timestamp=000108 receiver=7 cavs=[7, 4, 20] pred_boxes=27 gt_boxes=41 comm_bytes=150416
frame=25/41 late_source=4/5 scenario=2026_07_15_01_26_56 timestamp=000108 receiver=10 cavs=[10, 2, 9] pred_boxes=25 gt_boxes=44 comm_bytes=153808
frame=25/41 late_source=5/5 scenario=2026_07_15_01_26_56 timestamp=000108 receiver=13 cavs=[13, 12, 14] pred_boxes=7 gt_boxes=19 comm_bytes=121872
sgcp_late_fusion frame=25/41 scenario=2026_07_15_01_26_56 timestamp=000108 sources=5 fused_pred_boxes=60 fused_gt_boxes=62
frame=26/41 late_source=1/5 scenario=2026_07_15_01_26_56 timestamp=000110 receiver=1 cavs=[1, 2, 8] pred_boxes=25 gt_boxes=41 comm_bytes=145376
frame=26/41 late_source=2/5 scenario=2026_07_15_01_26_56 timestamp=000110 receiver=3 cavs=[3, 16, 17] pred_boxes=13 gt_boxes=20 comm_bytes=154704
frame=26/41 late_source=3/5 scenario=2026_07_15_01_26_56 timestamp=000110 receiver=7 cavs=[7, 4, 20] pred_boxes=28 gt_boxes=40 comm_bytes=150400
frame=26/41 late_source=4/5 scenario=2026_07_15_01_26_56 timestamp=000110 receiver=10 cavs=[10, 11, 9] pred_boxes=22 gt_boxes=39 comm_bytes=154000
frame=26/41 late_source=5/5 scenario=2026_07_15_01_26_56 timestamp=000110 receiver=13 cavs=[13, 12, 14] pred_boxes=8 gt_boxes=19 comm_bytes=124304
sgcp_late_fusion frame=26/41 scenario=2026_07_15_01_26_56 timestamp=000110 sources=5 fused_pred_boxes=58 fused_gt_boxes=61
frame=27/41 late_source=1/5 scenario=2026_07_15_01_26_56 timestamp=000112 receiver=1 cavs=[1, 11, 8] pred_boxes=24 gt_boxes=39 comm_bytes=148544
frame=27/41 late_source=2/5 scenario=2026_07_15_01_26_56 timestamp=000112 receiver=3 cavs=[3, 16, 17] pred_boxes=12 gt_boxes=19 comm_bytes=154656
frame=27/41 late_source=3/5 scenario=2026_07_15_01_26_56 timestamp=000112 receiver=7 cavs=[7, 4, 20] pred_boxes=27 gt_boxes=41 comm_bytes=150384
frame=27/41 late_source=4/5 scenario=2026_07_15_01_26_56 timestamp=000112 receiver=10 cavs=[10, 2, 9] pred_boxes=24 gt_boxes=44 comm_bytes=153760
frame=27/41 late_source=5/5 scenario=2026_07_15_01_26_56 timestamp=000112 receiver=13 cavs=[13, 12, 14] pred_boxes=10 gt_boxes=17 comm_bytes=126240
sgcp_late_fusion frame=27/41 scenario=2026_07_15_01_26_56 timestamp=000112 sources=5 fused_pred_boxes=56 fused_gt_boxes=61
frame=28/41 late_source=1/5 scenario=2026_07_15_01_26_56 timestamp=000114 receiver=1 cavs=[1, 11, 8] pred_boxes=22 gt_boxes=39 comm_bytes=148512
frame=28/41 late_source=2/5 scenario=2026_07_15_01_26_56 timestamp=000114 receiver=3 cavs=[3, 16, 17] pred_boxes=10 gt_boxes=19 comm_bytes=155168
frame=28/41 late_source=3/5 scenario=2026_07_15_01_26_56 timestamp=000114 receiver=7 cavs=[7, 4, 20] pred_boxes=27 gt_boxes=42 comm_bytes=150416
frame=28/41 late_source=4/5 scenario=2026_07_15_01_26_56 timestamp=000114 receiver=10 cavs=[10, 2, 9] pred_boxes=25 gt_boxes=44 comm_bytes=153680
frame=28/41 late_source=5/5 scenario=2026_07_15_01_26_56 timestamp=000114 receiver=13 cavs=[13, 12, 14] pred_boxes=5 gt_boxes=19 comm_bytes=127680
sgcp_late_fusion frame=28/41 scenario=2026_07_15_01_26_56 timestamp=000114 sources=5 fused_pred_boxes=54 fused_gt_boxes=61
frame=29/41 late_source=1/5 scenario=2026_07_15_01_26_56 timestamp=000116 receiver=1 cavs=[1, 11, 8] pred_boxes=25 gt_boxes=39 comm_bytes=148528
frame=29/41 late_source=2/5 scenario=2026_07_15_01_26_56 timestamp=000116 receiver=3 cavs=[3, 16, 17] pred_boxes=12 gt_boxes=18 comm_bytes=155200
frame=29/41 late_source=3/5 scenario=2026_07_15_01_26_56 timestamp=000116 receiver=7 cavs=[7, 4, 20] pred_boxes=27 gt_boxes=42 comm_bytes=150416
frame=29/41 late_source=4/5 scenario=2026_07_15_01_26_56 timestamp=000116 receiver=10 cavs=[10, 2, 9] pred_boxes=26 gt_boxes=45 comm_bytes=153840
frame=29/41 late_source=5/5 scenario=2026_07_15_01_26_56 timestamp=000116 receiver=13 cavs=[13, 12, 14] pred_boxes=7 gt_boxes=17 comm_bytes=129120
sgcp_late_fusion frame=29/41 scenario=2026_07_15_01_26_56 timestamp=000116 sources=5 fused_pred_boxes=57 fused_gt_boxes=61Format = auto
Extension = pcd
Format = auto
Extension = pcd
Format = auto
Extension = pcd
Format = auto
Extension = pcd
Format = auto
Extension = pcd
Format = auto
Extension = pcd
Format = auto
Extension = pcd
Format = auto
Extension = pcd
Format = auto
Extension = pcd
Format = auto
Extension = pcd
Format = auto
Extension = pcd
Format = auto
Extension = pcd
Format = auto
Extension = pcd
Format = auto
Extension = pcd
Format = auto
Extension = pcd
Format = auto
Extension = pcd
Format = auto
Extension = pcd
Format = auto
Extension = pcd
Format = auto
Extension = pcd
Format = auto
Extension = pcd
Format = auto
Extension = pcd
Format = auto
Extension = pcd
Format = auto
Extension = pcd
Format = auto
Extension = pcd
Format = auto
Extension = pcd
Format = auto
Extension = pcd
Format = auto
Extension = pcd
Format = auto
Extension = pcd
Format = auto
Extension = pcd
Format = auto
Extension = pcd
Format = auto
Extension = pcd
Format = auto
Extension = pcd
Format = auto
Extension = pcd
Format = auto
Extension = pcd
Format = auto
Extension = pcd
Format = auto
Extension = pcd
Format = auto
Extension = pcd
Format = auto
Extension = pcd
Format = auto
Extension = pcd
Format = auto
Extension = pcd
Format = auto
Extension = pcd
Format = auto
Extension = pcd
Format = auto
Extension = pcd
Format = auto
Extension = pcd
Format = auto
Extension = pcd
Format = auto
Extension = pcd
Format = auto
Extension = pcd
Format = auto
Extension = pcd
Format = auto
Extension = pcd
Format = auto
Extension = pcd
Format = auto
Extension = pcd
Format = auto
Extension = pcd
Format = auto
Extension = pcd
Format = auto
Extension = pcd
Format = auto
Extension = pcd
Format = auto
Extension = pcd
Format = auto
Extension = pcd
Format = auto
Extension = pcd
Format = auto
Extension = pcd
Format = auto
Extension = pcd
Format = auto
Extension = pcd
Format = auto
Extension = pcd
Format = auto
Extension = pcd
Format = auto
Extension = pcd
Format = auto
Extension = pcd
Format = auto
Extension = pcd
Format = auto
Extension = pcd
Format = auto
Extension = pcd
Format = auto
Extension = pcd
Format = auto
Extension = pcd
Format = auto
Extension = pcd
Format = auto
Extension = pcd
Format = auto
Extension = pcd
Format = auto
Extension = pcd
Format = auto
Extension = pcd
Format = auto
Extension = pcd
Format = auto
Extension = pcd
Format = auto
Extension = pcd
Format = auto
Extension = pcd
Format = auto
Extension = pcd
Format = auto
Extension = pcd
Format = auto
Extension = pcd
Format = auto
Extension = pcd
Format = auto
Extension = pcd
Format = auto
Extension = pcd
Format = auto
Extension = pcd
Format = auto
Extension = pcd
Format = auto
Extension = pcd
Format = auto
Extension = pcd
Format = auto
Extension = pcd
Format = auto
Extension = pcd
Format = auto
Extension = pcd
Format = auto
Extension = pcd
Format = auto
Extension = pcd
Format = auto
Extension = pcd
Format = auto
Extension = pcd
Format = auto
Extension = pcd
Format = auto
Extension = pcd
Format = auto
Extension = pcd
Format = auto
Extension = pcd
Format = auto
Extension = pcd
Format = auto
Extension = pcd
Format = auto
Extension = pcd
Format = auto
Extension = pcd
Format = auto
Extension = pcd
Format = auto
Extension = pcd
Format = auto
Extension = pcd
Format = auto
Extension = pcd
Format = auto
Extension = pcd
Format = auto
Extension = pcd
Format = auto
Extension = pcd
Format = auto
Extension = pcd
Format = auto
Extension = pcd
Format = auto
Extension = pcd
Format = auto
Extension = pcd
Format = auto
Extension = pcd
Format = auto
Extension = pcd
Format = auto
Extension = pcd
Format = auto
Extension = pcd
Format = auto
Extension = pcd
Format = auto
Extension = pcd
Format = auto
Extension = pcd
Format = auto
Extension = pcd
Format = auto
Extension = pcd
Format = auto
Extension = pcd
Format = auto
Extension = pcd
Format = auto
Extension = pcd
Format = auto
Extension = pcd
Format = auto
Extension = pcd
Format = auto
Extension = pcd
Format = auto
Extension = pcd
Format = auto
Extension = pcd
Format = auto
Extension = pcd
Format = auto
Extension = pcd
Format = auto
Extension = pcd
Format = auto
Extension = pcd
Format = auto
Extension = pcd
Format = auto
Extension = pcd
Format = auto
Extension = pcd
Format = auto
Extension = pcd
Format = auto
Extension = pcd
Format = auto
Extension = pcd
Format = auto
Extension = pcd
Format = auto
Extension = pcd
Format = auto
Extension = pcd
Format = auto
Extension = pcd
Format = auto
Extension = pcd
Format = auto
Extension = pcd
Format = auto
Extension = pcd
Format = auto
Extension = pcd
Format = auto
Extension = pcd
Format = auto
Extension = pcd
Format = auto
Extension = pcd
Format = auto
Extension = pcd
Format = auto
Extension = pcd
Format = auto
Extension = pcd
Format = auto
Extension = pcd
Format = auto
Extension = pcd
Format = auto
Extension = pcd
Format = auto
Extension = pcd
Format = auto
Extension = pcd
Format = auto
Extension = pcd
Format = auto
Extension = pcd
Format = auto
Extension = pcd
Format = auto
Extension = pcd
Format = auto
Extension = pcd
Format = auto
Extension = pcd
Format = auto
Extension = pcd
Format = auto
Extension = pcd
Format = auto
Extension = pcd
Format = auto
Extension = pcd
Format = auto
Extension = pcd
Format = auto
Extension = pcd
Format = auto
Extension = pcd
Format = auto
Extension = pcd
Format = auto
Extension = pcd
Format = auto
Extension = pcd
Format = auto
Extension = pcd
Format = auto
Extension = pcd
Format = auto
Extension = pcd
Format = auto
Extension = pcd
Format = auto
Extension = pcd
Format = auto
Extension = pcd
Format = auto
Extension = pcd
Format = auto
Extension = pcd
Format = auto
Extension = pcd
Format = auto
Extension = pcd
Format = auto
Extension = pcd
Format = auto
Extension = pcd
Format = auto
Extension = pcd
Format = auto
Extension = pcd
Format = auto
Extension = pcd
Format = auto
Extension = pcd
Format = auto
Extension = pcd
Format = auto
Extension = pcd
Format = auto
Extension = pcd
Format = auto
Extension = pcd
Format = auto
Extension = pcd
Format = auto
Extension = pcd
Format = auto
Extension = pcd

frame=30/41 late_source=1/5 scenario=2026_07_15_01_26_56 timestamp=000118 receiver=1 cavs=[1, 2, 15] pred_boxes=26 gt_boxes=35 comm_bytes=142576
frame=30/41 late_source=2/5 scenario=2026_07_15_01_26_56 timestamp=000118 receiver=3 cavs=[3, 16, 17] pred_boxes=9 gt_boxes=19 comm_bytes=155328
frame=30/41 late_source=3/5 scenario=2026_07_15_01_26_56 timestamp=000118 receiver=7 cavs=[7, 4, 20] pred_boxes=26 gt_boxes=42 comm_bytes=150432
frame=30/41 late_source=4/5 scenario=2026_07_15_01_26_56 timestamp=000118 receiver=10 cavs=[10, 11, 9] pred_boxes=21 gt_boxes=37 comm_bytes=154048
frame=30/41 late_source=5/5 scenario=2026_07_15_01_26_56 timestamp=000118 receiver=13 cavs=[13, 12, 14] pred_boxes=8 gt_boxes=19 comm_bytes=130064
sgcp_late_fusion frame=30/41 scenario=2026_07_15_01_26_56 timestamp=000118 sources=5 fused_pred_boxes=58 fused_gt_boxes=63
frame=31/41 late_source=1/5 scenario=2026_07_15_01_26_56 timestamp=000120 receiver=1 cavs=[1, 11, 8] pred_boxes=25 gt_boxes=38 comm_bytes=148528
frame=31/41 late_source=2/5 scenario=2026_07_15_01_26_56 timestamp=000120 receiver=3 cavs=[3, 16, 17] pred_boxes=11 gt_boxes=18 comm_bytes=155008
frame=31/41 late_source=3/5 scenario=2026_07_15_01_26_56 timestamp=000120 receiver=7 cavs=[7, 4, 20] pred_boxes=26 gt_boxes=42 comm_bytes=150464
frame=31/41 late_source=4/5 scenario=2026_07_15_01_26_56 timestamp=000120 receiver=10 cavs=[10, 2, 9] pred_boxes=24 gt_boxes=44 comm_bytes=154080
frame=31/41 late_source=5/5 scenario=2026_07_15_01_26_56 timestamp=000120 receiver=13 cavs=[13, 12, 14] pred_boxes=9 gt_boxes=18 comm_bytes=132400
sgcp_late_fusion frame=31/41 scenario=2026_07_15_01_26_56 timestamp=000120 sources=5 fused_pred_boxes=55 fused_gt_boxes=61
frame=32/41 late_source=1/5 scenario=2026_07_15_01_26_56 timestamp=000122 receiver=5 cavs=[5, 17, 20] pred_boxes=19 gt_boxes=30 comm_bytes=154480
frame=32/41 late_source=2/5 scenario=2026_07_15_01_26_56 timestamp=000122 receiver=8 cavs=[8, 2, 4] pred_boxes=26 gt_boxes=44 comm_bytes=149456
frame=32/41 late_source=3/5 scenario=2026_07_15_01_26_56 timestamp=000122 receiver=10 cavs=[10, 11, 9] pred_boxes=21 gt_boxes=35 comm_bytes=154048
frame=32/41 late_source=4/5 scenario=2026_07_15_01_26_56 timestamp=000122 receiver=13 cavs=[13, 12, 14] pred_boxes=6 gt_boxes=17 comm_bytes=132896
frame=32/41 late_source=5/5 scenario=2026_07_15_01_26_56 timestamp=000122 receiver=16 cavs=[16, 3, 18] pred_boxes=9 gt_boxes=18 comm_bytes=80224
sgcp_late_fusion frame=32/41 scenario=2026_07_15_01_26_56 timestamp=000122 sources=5 fused_pred_boxes=50 fused_gt_boxes=60
frame=33/41 late_source=1/5 scenario=2026_07_15_01_26_56 timestamp=000124 receiver=1 cavs=[1, 11, 15] pred_boxes=26 gt_boxes=37 comm_bytes=145696
frame=33/41 late_source=2/5 scenario=2026_07_15_01_26_56 timestamp=000124 receiver=3 cavs=[3, 16, 17] pred_boxes=11 gt_boxes=18 comm_bytes=155648
frame=33/41 late_source=3/5 scenario=2026_07_15_01_26_56 timestamp=000124 receiver=7 cavs=[7, 4, 20] pred_boxes=29 gt_boxes=43 comm_bytes=150288
frame=33/41 late_source=4/5 scenario=2026_07_15_01_26_56 timestamp=000124 receiver=10 cavs=[10, 2, 9] pred_boxes=28 gt_boxes=44 comm_bytes=154064
frame=33/41 late_source=5/5 scenario=2026_07_15_01_26_56 timestamp=000124 receiver=13 cavs=[13, 12, 14] pred_boxes=8 gt_boxes=17 comm_bytes=132528
sgcp_late_fusion frame=33/41 scenario=2026_07_15_01_26_56 timestamp=000124 sources=5 fused_pred_boxes=60 fused_gt_boxes=63
frame=34/41 late_source=1/5 scenario=2026_07_15_01_26_56 timestamp=000126 receiver=1 cavs=[1, 2, 15] pred_boxes=24 gt_boxes=36 comm_bytes=142880
frame=34/41 late_source=2/5 scenario=2026_07_15_01_26_56 timestamp=000126 receiver=3 cavs=[3, 16, 17] pred_boxes=11 gt_boxes=17 comm_bytes=155600
frame=34/41 late_source=3/5 scenario=2026_07_15_01_26_56 timestamp=000126 receiver=7 cavs=[7, 4, 20] pred_boxes=31 gt_boxes=43 comm_bytes=150336
frame=34/41 late_source=4/5 scenario=2026_07_15_01_26_56 timestamp=000126 receiver=10 cavs=[10, 11, 9] pred_boxes=21 gt_boxes=36 comm_bytes=154064
frame=34/41 late_source=5/5 scenario=2026_07_15_01_26_56 timestamp=000126 receiver=13 cavs=[13, 12, 14] pred_boxes=5 gt_boxes=17 comm_bytes=132672
sgcp_late_fusion frame=34/41 scenario=2026_07_15_01_26_56 timestamp=000126 sources=5 fused_pred_boxes=58 fused_gt_boxes=63
frame=35/41 late_source=1/5 scenario=2026_07_15_01_26_56 timestamp=000128 receiver=1 cavs=[1, 11, 8] pred_boxes=24 gt_boxes=37 comm_bytes=148464
frame=35/41 late_source=2/5 scenario=2026_07_15_01_26_56 timestamp=000128 receiver=3 cavs=[3, 16, 17] pred_boxes=13 gt_boxes=17 comm_bytes=155616
frame=35/41 late_source=3/5 scenario=2026_07_15_01_26_56 timestamp=000128 receiver=7 cavs=[7, 4, 20] pred_boxes=31 gt_boxes=41 comm_bytes=150432
frame=35/41 late_source=4/5 scenario=2026_07_15_01_26_56 timestamp=000128 receiver=10 cavs=[10, 2, 9] pred_boxes=24 gt_boxes=45 comm_bytes=154016
frame=35/41 late_source=5/5 scenario=2026_07_15_01_26_56 timestamp=000128 receiver=13 cavs=[13, 12, 14] pred_boxes=5 gt_boxes=16 comm_bytes=134016
sgcp_late_fusion frame=35/41 scenario=2026_07_15_01_26_56 timestamp=000128 sources=5 fused_pred_boxes=57 fused_gt_boxes=61
frame=36/41 late_source=1/5 scenario=2026_07_15_01_26_56 timestamp=000130 receiver=1 cavs=[1, 2, 8] pred_boxes=22 gt_boxes=38 comm_bytes=145504
frame=36/41 late_source=2/5 scenario=2026_07_15_01_26_56 timestamp=000130 receiver=3 cavs=[3, 16, 17] pred_boxes=11 gt_boxes=18 comm_bytes=155840
frame=36/41 late_source=3/5 scenario=2026_07_15_01_26_56 timestamp=000130 receiver=7 cavs=[7, 4, 20] pred_boxes=30 gt_boxes=40 comm_bytes=150512
frame=36/41 late_source=4/5 scenario=2026_07_15_01_26_56 timestamp=000130 receiver=10 cavs=[10, 11, 9] pred_boxes=24 gt_boxes=36 comm_bytes=154112
frame=36/41 late_source=5/5 scenario=2026_07_15_01_26_56 timestamp=000130 receiver=13 cavs=[13, 12, 14] pred_boxes=7 gt_boxes=17 comm_bytes=134592
sgcp_late_fusion frame=36/41 scenario=2026_07_15_01_26_56 timestamp=000130 sources=5 fused_pred_boxes=54 fused_gt_boxes=60
frame=37/41 late_source=1/5 scenario=2026_07_15_01_26_56 timestamp=000132 receiver=1 cavs=[1, 2, 8] pred_boxes=23 gt_boxes=39 comm_bytes=145472
frame=37/41 late_source=2/5 scenario=2026_07_15_01_26_56 timestamp=000132 receiver=3 cavs=[3, 16, 17] pred_boxes=12 gt_boxes=18 comm_bytes=155504
frame=37/41 late_source=3/5 scenario=2026_07_15_01_26_56 timestamp=000132 receiver=7 cavs=[7, 4, 20] pred_boxes=30 gt_boxes=40 comm_bytes=150544
frame=37/41 late_source=4/5 scenario=2026_07_15_01_26_56 timestamp=000132 receiver=10 cavs=[10, 11, 9] pred_boxes=21 gt_boxes=36 comm_bytes=154080
frame=37/41 late_source=5/5 scenario=2026_07_15_01_26_56 timestamp=000132 receiver=13 cavs=[13, 12, 14] pred_boxes=3 gt_boxes=16 comm_bytes=134736
sgcp_late_fusion frame=37/41 scenario=2026_07_15_01_26_56 timestamp=000132 sources=5 fused_pred_boxes=55 fused_gt_boxes=60
frame=38/41 late_source=1/5 scenario=2026_07_15_01_26_56 timestamp=000134 receiver=1 cavs=[1, 2, 8] pred_boxes=23 gt_boxes=39 comm_bytes=145472
frame=38/41 late_source=2/5 scenario=2026_07_15_01_26_56 timestamp=000134 receiver=3 cavs=[3, 16, 17] pred_boxes=10 gt_boxes=18 comm_bytes=155360
frame=38/41 late_source=3/5 scenario=2026_07_15_01_26_56 timestamp=000134 receiver=7 cavs=[7, 4, 20] pred_boxes=32 gt_boxes=40 comm_bytes=150688
frame=38/41 late_source=4/5 scenario=2026_07_15_01_26_56 timestamp=000134 receiver=10 cavs=[10, 11, 9] pred_boxes=20 gt_boxes=36 comm_bytes=154096
frame=38/41 late_source=5/5 scenario=2026_07_15_01_26_56 timestamp=000134 receiver=13 cavs=[13, 12, 14] pred_boxes=2 gt_boxes=17 comm_bytes=142256
sgcp_late_fusion frame=38/41 scenario=2026_07_15_01_26_56 timestamp=000134 sources=5 fused_pred_boxes=54 fused_gt_boxes=60
frame=39/41 late_source=1/5 scenario=2026_07_15_01_26_56 timestamp=000136 receiver=1 cavs=[1, 2, 8] pred_boxes=22 gt_boxes=39 comm_bytes=145520
frame=39/41 late_source=2/5 scenario=2026_07_15_01_26_56 timestamp=000136 receiver=3 cavs=[3, 16, 17] pred_boxes=12 gt_boxes=18 comm_bytes=148160
frame=39/41 late_source=3/5 scenario=2026_07_15_01_26_56 timestamp=000136 receiver=7 cavs=[7, 4, 20] pred_boxes=30 gt_boxes=41 comm_bytes=150816
frame=39/41 late_source=4/5 scenario=2026_07_15_01_26_56 timestamp=000136 receiver=10 cavs=[10, 11, 9] pred_boxes=22 gt_boxes=36 comm_bytes=154112Format = auto
Extension = pcd
Format = auto
Extension = pcd
Format = auto
Extension = pcd
Format = auto
Extension = pcd
Format = auto
Extension = pcd
Format = auto
Extension = pcd
Format = auto
Extension = pcd
Format = auto
Extension = pcd
Format = auto
Extension = pcd
Format = auto
Extension = pcd
Format = auto
Extension = pcd
Format = auto
Extension = pcd
Format = auto
Extension = pcd
Format = auto
Extension = pcd
Format = auto
Extension = pcd
Format = auto
Extension = pcd
Format = auto
Extension = pcd
Format = auto
Extension = pcd
Format = auto
Extension = pcd
Format = auto
Extension = pcd
Format = auto
Extension = pcd
Format = auto
Extension = pcd
Format = auto
Extension = pcd
Format = auto
Extension = pcd
Format = auto
Extension = pcd
Format = auto
Extension = pcd
Format = auto
Extension = pcd
Format = auto
Extension = pcd
Format = auto
Extension = pcd
Format = auto
Extension = pcd
Format = auto
Extension = pcd
Format = auto
Extension = pcd
Format = auto
Extension = pcd
Format = auto
Extension = pcd
Format = auto
Extension = pcd
Format = auto
Extension = pcd
Format = auto
Extension = pcd
Format = auto
Extension = pcd
Format = auto
Extension = pcd
Format = auto
Extension = pcd
C:\Users\sakakibara\miniconda3\envs\opencda\lib\site-packages\torch\nn\functional.py:1806: UserWarning: nn.functional.sigmoid is deprecated. Use torch.sigmoid instead.
  warnings.warn("nn.functional.sigmoid is deprecated. Use torch.sigmoid instead.")

frame=39/41 late_source=5/5 scenario=2026_07_15_01_26_56 timestamp=000136 receiver=13 cavs=[13, 12, 14] pred_boxes=5 gt_boxes=16 comm_bytes=142000
sgcp_late_fusion frame=39/41 scenario=2026_07_15_01_26_56 timestamp=000136 sources=5 fused_pred_boxes=55 fused_gt_boxes=60
frame=40/41 late_source=1/5 scenario=2026_07_15_01_26_56 timestamp=000138 receiver=1 cavs=[1, 2, 8] pred_boxes=22 gt_boxes=38 comm_bytes=145520
frame=40/41 late_source=2/5 scenario=2026_07_15_01_26_56 timestamp=000138 receiver=4 cavs=[4, 14, 12] pred_boxes=12 gt_boxes=33 comm_bytes=150336
frame=40/41 late_source=3/5 scenario=2026_07_15_01_26_56 timestamp=000138 receiver=5 cavs=[5, 17, 20] pred_boxes=20 gt_boxes=31 comm_bytes=154560
frame=40/41 late_source=4/5 scenario=2026_07_15_01_26_56 timestamp=000138 receiver=10 cavs=[10, 11, 9] pred_boxes=20 gt_boxes=36 comm_bytes=154128
frame=40/41 late_source=5/5 scenario=2026_07_15_01_26_56 timestamp=000138 receiver=16 cavs=[16, 6, 3] pred_boxes=19 gt_boxes=33 comm_bytes=147376
sgcp_late_fusion frame=40/41 scenario=2026_07_15_01_26_56 timestamp=000138 sources=5 fused_pred_boxes=61 fused_gt_boxes=67
frame=41/41 late_source=1/5 scenario=2026_07_15_01_26_56 timestamp=000140 receiver=1 cavs=[1, 2, 8] pred_boxes=21 gt_boxes=39 comm_bytes=145568
frame=41/41 late_source=2/5 scenario=2026_07_15_01_26_56 timestamp=000140 receiver=3 cavs=[3, 16, 17] pred_boxes=10 gt_boxes=18 comm_bytes=148176
frame=41/41 late_source=3/5 scenario=2026_07_15_01_26_56 timestamp=000140 receiver=7 cavs=[7, 20, 4] pred_boxes=30 gt_boxes=40 comm_bytes=150192
frame=41/41 late_source=4/5 scenario=2026_07_15_01_26_56 timestamp=000140 receiver=10 cavs=[10, 11, 9] pred_boxes=22 gt_boxes=36 comm_bytes=154128
frame=41/41 late_source=5/5 scenario=2026_07_15_01_26_56 timestamp=000140 receiver=13 cavs=[13, 12, 14] pred_boxes=3 gt_boxes=15 comm_bytes=144976
sgcp_late_fusion frame=41/41 scenario=2026_07_15_01_26_56 timestamp=000140 sources=5 fused_pred_boxes=54 fused_gt_boxes=59
cp counter: 41
Evaluate final average precision results:
  - Fusion method: early
  - The Average Precision at IOU 0.3 is 0.82, The Average Precision at IOU 0.5 is 0.72, The Average Precision at IOU 0.7 is 0.36
sgcp_summary frames=205 avg_comm_bytes=140753.72 total_comm_bytes=28854512 avg_source_cavs=3.00 avg_selected_grids=69.97
