Format = auto
Extension = pcd
Format = auto
Extension = pcd
Format = auto
Extension = pcd
Format = auto
Extension = pcd
Format = auto
Extension = pcd
Format = auto
Extension = pcd
Format = auto
Extension = pcd
Format = auto
Extension = pcd
Format = auto
Extension = pcd
Format = auto
Extension = pcd
Format = auto
Extension = pcd
Format = auto
Extension = pcd
Format = auto
Extension = pcd
Format = auto
Extension = pcd
Format = auto
Extension = pcd
Format = auto
Extension = pcd
Format = auto
Extension = pcd
Format = auto
Extension = pcd
Format = auto
Extension = pcd
Format = auto
Extension = pcd
Format = auto
Extension = pcd
Format = auto
Extension = pcd
Format = auto
Extension = pcd
Format = auto
Extension = pcd
Format = auto
Extension = pcd
Format = auto
Extension = pcd
Format = auto
Extension = pcd
Format = auto
Extension = pcd
Format = auto
Extension = pcd
Format = auto
Extension = pcd
Format = auto
Extension = pcd
Format = auto
Extension = pcd
Format = auto
Extension = pcd
Format = auto
Extension = pcd
Format = auto
Extension = pcd
Format = auto
Extension = pcd
Format = auto
Extension = pcd
Format = auto
Extension = pcd
Format = auto
Extension = pcd
Format = auto
Extension = pcd
Format = auto
Extension = pcd
Format = auto
Extension = pcd
Format = auto
Extension = pcd
Format = auto
Extension = pcd
Format = auto
Extension = pcd
Format = auto
Extension = pcd
Format = auto
Extension = pcd
Format = auto
Extension = pcd
Format = auto
Extension = pcd
Format = auto
Extension = pcd
Format = auto
Extension = pcd
Format = auto
Extension = pcd
Format = auto
Extension = pcd
Format = auto
Extension = pcd
Format = auto
Extension = pcd
Format = auto
Extension = pcd
Format = auto
Extension = pcd
Format = auto
Extension = pcd
Format = auto
Extension = pcd
Format = auto
Extension = pcd
Format = auto
Extension = pcd
Format = auto
Extension = pcd
Format = auto
Extension = pcd
Format = auto
Extension = pcd
Format = auto
Extension = pcd
Format = auto
Extension = pcd
Format = auto
Extension = pcd
Format = auto
Extension = pcd
Format = auto
Extension = pcd
Format = auto
Extension = pcd
Format = auto
Extension = pcd
Format = auto
Extension = pcd
Format = auto
Extension = pcd
Format = auto
Extension = pcd
Format = auto
Extension = pcd
Format = auto
Extension = pcd
Format = auto
Extension = pcd
Format = auto
Extension = pcd
Format = auto
Extension = pcd
Format = auto
Extension = pcd
Format = auto
Extension = pcd
Format = auto
Extension = pcd
Format = auto
Extension = pcd
Format = auto
Extension = pcd
Format = auto
Extension = pcd
Format = auto
Extension = pcd
Format = auto
Extension = pcd
Format = auto
Extension = pcd
Format = auto
Extension = pcd
Format = auto
Extension = pcd
Format = auto
Extension = pcd
Format = auto
Extension = pcd
Format = auto
Extension = pcd
Format = auto
Extension = pcd
Format = auto
Extension = pcd
Format = auto
Extension = pcd
Format = auto
Extension = pcd
Format = auto
Extension = pcd
Format = auto
Extension = pcd
Format = auto
Extension = pcd
Format = auto
Extension = pcd
Format = auto
Extension = pcd
Format = auto
Extension = pcd
Format = auto
Extension = pcd
Format = auto
Extension = pcd
Format = auto
Extension = pcd
Format = auto
Extension = pcd
Format = auto
Extension = pcd
Format = auto
Extension = pcd
Format = auto
Extension = pcd
Format = auto
Extension = pcd
Format = auto
Extension = pcd
Format = auto
Extension = pcd
Format = auto
Extension = pcd
Format = auto
Extension = pcd
Format = auto
Extension = pcd
Format = auto
Extension = pcd
Format = auto
Extension = pcd
Format = auto
Extension = pcd
Format = auto
Extension = pcd
Format = auto
Extension = pcd
Format = auto
Extension = pcd
Format = auto
Extension = pcd
Format = auto
Extension = pcd
Format = auto
Extension = pcd
Format = auto
Extension = pcd
Format = auto
Extension = pcd
Format = auto
Extension = pcd
Format = auto
Extension = pcd
Format = auto
Extension = pcd
Format = auto
Extension = pcd
Format = auto
Extension = pcd
Format = auto
Extension = pcd
Format = auto
Extension = pcd
Format = auto
Extension = pcd
Format = auto
Extension = pcd
Format = auto
Extension = pcd
Format = auto
Extension = pcd
Format = auto
Extension = pcd
Format = auto
Extension = pcd
Format = auto
Extension = pcd
Format = auto
Extension = pcd
Format = auto
Extension = pcd
Format = auto
Extension = pcd
Format = auto
Extension = pcd
Format = auto
Extension = pcd
Format = auto
Extension = pcd
Format = auto
Extension = pcd
Format = auto
Extension = pcd
Format = auto
Extension = pcd
resuming by loading epoch 10000
frame=1/41 late_source=1/5 scenario=2026_07_29_02_32_08 timestamp=000060 receiver=1 cavs=[1, 2, 11] pred_boxes=28 gt_boxes=72 comm_bytes=56896
frame=1/41 late_source=2/5 scenario=2026_07_29_02_32_08 timestamp=000060 receiver=3 cavs=[3, 4, 12] pred_boxes=25 gt_boxes=72 comm_bytes=96640
frame=1/41 late_source=3/5 scenario=2026_07_29_02_32_08 timestamp=000060 receiver=6 cavs=[6, 15] pred_boxes=16 gt_boxes=72 comm_bytes=27568
frame=1/41 late_source=4/5 scenario=2026_07_29_02_32_08 timestamp=000060 receiver=7 cavs=[7, 8, 10] pred_boxes=43 gt_boxes=72 comm_bytes=79280
frame=1/41 late_source=5/5 scenario=2026_07_29_02_32_08 timestamp=000060 receiver=9 cavs=[9, 13, 14] pred_boxes=14 gt_boxes=72 comm_bytes=91008
sgcp_late_fusion frame=1/41 scenario=2026_07_29_02_32_08 timestamp=000060 sources=5 fused_pred_boxes=71 fused_gt_boxes=72
frame=2/41 late_source=1/5 scenario=2026_07_29_02_32_08 timestamp=000062 receiver=1 cavs=[1, 2, 11] pred_boxes=26 gt_boxes=72 comm_bytes=56864
frame=2/41 late_source=2/5 scenario=2026_07_29_02_32_08 timestamp=000062 receiver=3 cavs=[3, 4, 12] pred_boxes=27 gt_boxes=72 comm_bytes=96896
frame=2/41 late_source=3/5 scenario=2026_07_29_02_32_08 timestamp=000062 receiver=6 cavs=[6, 15] pred_boxes=14 gt_boxes=72 comm_bytes=27136
frame=2/41 late_source=4/5 scenario=2026_07_29_02_32_08 timestamp=000062 receiver=7 cavs=[7, 8, 10] pred_boxes=45 gt_boxes=72 comm_bytes=79312
frame=2/41 late_source=5/5 scenario=2026_07_29_02_32_08 timestamp=000062 receiver=9 cavs=[9, 13, 14] pred_boxes=15 gt_boxes=72 comm_bytes=90656
sgcp_late_fusion frame=2/41 scenario=2026_07_29_02_32_08 timestamp=000062 sources=5 fused_pred_boxes=72 fused_gt_boxes=72
frame=3/41 late_source=1/5 scenario=2026_07_29_02_32_08 timestamp=000064 receiver=1 cavs=[1, 8, 11] pred_boxes=33 gt_boxes=72 comm_bytes=54736
frame=3/41 late_source=2/5 scenario=2026_07_29_02_32_08 timestamp=000064 receiver=4 cavs=[4, 3, 7] pred_boxes=34 gt_boxes=72 comm_bytes=101552
frame=3/41 late_source=3/5 scenario=2026_07_29_02_32_08 timestamp=000064 receiver=6 cavs=[6, 15] pred_boxes=16 gt_boxes=72 comm_bytes=26288
frame=3/41 late_source=4/5 scenario=2026_07_29_02_32_08 timestamp=000064 receiver=9 cavs=[9, 5, 13] pred_boxes=19 gt_boxes=72 comm_bytes=54912
frame=3/41 late_source=5/5 scenario=2026_07_29_02_32_08 timestamp=000064 receiver=14 cavs=[14] pred_boxes=0 gt_boxes=72 comm_bytes=0
sgcp_late_fusion frame=3/41 scenario=2026_07_29_02_32_08 timestamp=000064 sources=5 fused_pred_boxes=69 fused_gt_boxes=72
frame=4/41 late_source=1/5 scenario=2026_07_29_02_32_08 timestamp=000066 receiver=1 cavs=[1, 2, 11] pred_boxes=31 gt_boxes=72 comm_bytes=56368
frame=4/41 late_source=2/5 scenario=2026_07_29_02_32_08 timestamp=000066 receiver=3 cavs=[3, 4, 12] pred_boxes=24 gt_boxes=72 comm_bytes=96816
frame=4/41 late_source=3/5 scenario=2026_07_29_02_32_08 timestamp=000066 receiver=6 cavs=[6, 15] pred_boxes=17 gt_boxes=72 comm_bytes=26512
frame=4/41 late_source=4/5 scenario=2026_07_29_02_32_08 timestamp=000066 receiver=7 cavs=[7, 8, 10] pred_boxes=44 gt_boxes=72 comm_bytes=80432
frame=4/41 late_source=5/5 scenario=2026_07_29_02_32_08 timestamp=000066 receiver=9 cavs=[9, 13, 14] pred_boxes=11 gt_boxes=72 comm_bytes=92416
sgcp_late_fusion frame=4/41 scenario=2026_07_29_02_32_08 timestamp=000066 sources=5 fused_pred_boxes=71 fused_gt_boxes=72
frame=5/41 late_source=1/5 scenario=2026_07_29_02_32_08 timestamp=000068 receiver=1 cavs=[1, 2, 11] pred_boxes=27 gt_boxes=72 comm_bytes=56128
frame=5/41 late_source=2/5 scenario=2026_07_29_02_32_08 timestamp=000068 receiver=3 cavs=[3, 4, 12] pred_boxes=26 gt_boxes=72 comm_bytes=96480
frame=5/41 late_source=3/5 scenario=2026_07_29_02_32_08 timestamp=000068 receiver=6 cavs=[6, 15] pred_boxes=17 gt_boxes=72 comm_bytes=26016
frame=5/41 late_source=4/5 scenario=2026_07_29_02_32_08 timestamp=000068 receiver=7 cavs=[7, 8, 10] pred_boxes=42 gt_boxes=72 comm_bytes=80320
frame=5/41 late_source=5/5 scenario=2026_07_29_02_32_08 timestamp=000068 receiver=9 cavs=[9, 13, 14] pred_boxes=12 gt_boxes=72 comm_bytes=92496
sgcp_late_fusion frame=5/41 scenario=2026_07_29_02_32_08 timestamp=000068 sources=5 fused_pred_boxes=71 fused_gt_boxes=72
frame=6/41 late_source=1/5 scenario=2026_07_29_02_32_08 timestamp=000070 receiver=1 cavs=[1, 2, 11] pred_boxes=29 gt_boxes=72 comm_bytes=55472
frame=6/41 late_source=2/5 scenario=2026_07_29_02_32_08 timestamp=000070 receiver=3 cavs=[3, 4, 12] pred_boxes=27 gt_boxes=72 comm_bytes=96912
frame=6/41 late_source=3/5 scenario=2026_07_29_02_32_08 timestamp=000070 receiver=6 cavs=[6, 15] pred_boxes=17 gt_boxes=72 comm_bytes=27056
frame=6/41 late_source=4/5 scenario=2026_07_29_02_32_08 timestamp=000070 receiver=7 cavs=[7, 8, 10] pred_boxes=46 gt_boxes=72 comm_bytes=80864
frame=6/41 late_source=5/5 scenario=2026_07_29_02_32_08 timestamp=000070 receiver=9 cavs=[9, 13, 14] pred_boxes=12 gt_boxes=72 comm_bytes=92720
sgcp_late_fusion frame=6/41 scenario=2026_07_29_02_32_08 timestamp=000070 sources=5 fused_pred_boxes=72 fused_gt_boxes=72
frame=7/41 late_source=1/5 scenario=2026_07_29_02_32_08 timestamp=000072 receiver=1 cavs=[1, 2, 11] pred_boxes=28 gt_boxes=71 comm_bytes=55088
frame=7/41 late_source=2/5 scenario=2026_07_29_02_32_08 timestamp=000072 receiver=3 cavs=[3, 4, 12] pred_boxes=24 gt_boxes=71 comm_bytes=97104
frame=7/41 late_source=3/5 scenario=2026_07_29_02_32_08 timestamp=000072 receiver=6 cavs=[6, 15] pred_boxes=17 gt_boxes=71 comm_bytes=26400
frame=7/41 late_source=4/5 scenario=2026_07_29_02_32_08 timestamp=000072 receiver=7 cavs=[7, 8, 10] pred_boxes=42 gt_boxes=71 comm_bytes=81328
frame=7/41 late_source=5/5 scenario=2026_07_29_02_32_08 timestamp=000072 receiver=9 cavs=[9, 13, 14] pred_boxes=13 gt_boxes=71 comm_bytes=92272
sgcp_late_fusion frame=7/41 scenario=2026_07_29_02_32_08 timestamp=000072 sources=5 fused_pred_boxes=68 fused_gt_boxes=71
frame=8/41 late_source=1/5 scenario=2026_07_29_02_32_08 timestamp=000074 receiver=1 cavs=[1, 2, 11] pred_boxes=32 gt_boxes=70 comm_bytes=54368
frame=8/41 late_source=2/5 scenario=2026_07_29_02_32_08 timestamp=000074 receiver=3 cavs=[3, 4, 12] pred_boxes=19 gt_boxes=70 comm_bytes=97376
frame=8/41 late_source=3/5 scenario=2026_07_29_02_32_08 timestamp=000074 receiver=6 cavs=[6, 15] pred_boxes=18 gt_boxes=70 comm_bytes=27200
frame=8/41 late_source=4/5 scenario=2026_07_29_02_32_08 timestamp=000074 receiver=7 cavs=[7, 8, 10] pred_boxes=40 gt_boxes=70 comm_bytes=81680
frame=8/41 late_source=5/5 scenario=2026_07_29_02_32_08 timestamp=000074 receiver=9 cavs=[9, 13, 14] pred_boxes=13 gt_boxes=70 comm_bytes=93296
sgcp_late_fusion frame=8/41 scenario=2026_07_29_02_32_08 timestamp=000074 sources=5 fused_pred_boxes=68 fused_gt_boxes=70
frame=9/41 late_source=1/5 scenario=2026_07_29_02_32_08 timestamp=000076 receiver=1 cavs=[1, 2, 11] pred_boxes=30 gt_boxes=70 comm_bytes=53664
frame=9/41 late_source=2/5 scenario=2026_07_29_02_32_08 timestamp=000076 receiver=4 cavs=[4, 3, 7] pred_boxes=30 gt_boxes=70 comm_bytes=104800
frame=9/41 late_source=3/5 scenario=2026_07_29_02_32_08 timestamp=000076 receiver=6 cavs=[6, 15] pred_boxes=17 gt_boxes=70 comm_bytes=27424
frame=9/41 late_source=4/5 scenario=2026_07_29_02_32_08 timestamp=000076 receiver=9 cavs=[9, 5, 13] pred_boxes=26 gt_boxes=70 comm_bytes=57088
frame=9/41 late_source=5/5 scenario=2026_07_29_02_32_08 timestamp=000076 receiver=14 cavs=[14] pred_boxes=0 gt_boxes=70 comm_bytes=0
sgcp_late_fusion frame=9/41 scenario=2026_07_29_02_32_08 timestamp=000076 sources=5 fused_pred_boxes=66 fused_gt_boxes=70
frame=10/41 late_source=1/5 scenario=2026_07_29_02_32_08 timestamp=000078 receiver=1 cavs=[1, 2, 11] pred_boxes=30 gt_boxes=70 comm_bytes=53872
frame=10/41 late_source=2/5 scenario=2026_07_29_02_32_08 timestamp=000078 receiver=4 cavs=[4, 3, 7] pred_boxes=30 gt_boxes=70 comm_bytes=104720
frame=10/41 late_source=3/5 scenario=2026_07_29_02_32_08 timestamp=000078 receiver=6 cavs=[6, 15] pred_boxes=19 gt_boxes=70 comm_bytes=27696
frame=10/41 late_source=4/5 scenario=2026_07_29_02_32_08 timestamp=000078 receiver=9 cavs=[9, 5, 13] pred_boxes=26 gt_boxes=70 comm_bytes=57008
Warning: len(pillar_features.shape) == 1Format = auto
Extension = pcd
Format = auto
Extension = pcd
Format = auto
Extension = pcd
Format = auto
Extension = pcd
Format = auto
Extension = pcd
Format = auto
Extension = pcd
Format = auto
Extension = pcd
Format = auto
Extension = pcd
Format = auto
Extension = pcd
Format = auto
Extension = pcd
Format = auto
Extension = pcd
Format = auto
Extension = pcd
Format = auto
Extension = pcd
Format = auto
Extension = pcd
Format = auto
Extension = pcd
Format = auto
Extension = pcd
Format = auto
Extension = pcd
Format = auto
Extension = pcd
Format = auto
Extension = pcd
Format = auto
Extension = pcd
Format = auto
Extension = pcd
Format = auto
Extension = pcd
Format = auto
Extension = pcd
Format = auto
Extension = pcd
Format = auto
Extension = pcd
Format = auto
Extension = pcd
Format = auto
Extension = pcd
Format = auto
Extension = pcd
Format = auto
Extension = pcd
Format = auto
Extension = pcd
Format = auto
Extension = pcd
Format = auto
Extension = pcd
Format = auto
Extension = pcd
Format = auto
Extension = pcd
Format = auto
Extension = pcd
Format = auto
Extension = pcd
Format = auto
Extension = pcd
Format = auto
Extension = pcd
Format = auto
Extension = pcd
Format = auto
Extension = pcd
Format = auto
Extension = pcd
Format = auto
Extension = pcd
Format = auto
Extension = pcd
Format = auto
Extension = pcd
Format = auto
Extension = pcd
Format = auto
Extension = pcd
Format = auto
Extension = pcd
Format = auto
Extension = pcd
Format = auto
Extension = pcd
Format = auto
Extension = pcd
Format = auto
Extension = pcd
Format = auto
Extension = pcd
Format = auto
Extension = pcd
Format = auto
Extension = pcd
Format = auto
Extension = pcd
Format = auto
Extension = pcd
Format = auto
Extension = pcd
Format = auto
Extension = pcd
Format = auto
Extension = pcd
Format = auto
Extension = pcd
Format = auto
Extension = pcd
Format = auto
Extension = pcd
Format = auto
Extension = pcd
Format = auto
Extension = pcd
Format = auto
Extension = pcd
Format = auto
Extension = pcd
Format = auto
Extension = pcd
Format = auto
Extension = pcd
Format = auto
Extension = pcd
Format = auto
Extension = pcd
Format = auto
Extension = pcd
Format = auto
Extension = pcd
Format = auto
Extension = pcd
Format = auto
Extension = pcd
Format = auto
Extension = pcd
Format = auto
Extension = pcd
Format = auto
Extension = pcd
Format = auto
Extension = pcd
Format = auto
Extension = pcd
Format = auto
Extension = pcd
Format = auto
Extension = pcd
Format = auto
Extension = pcd
Format = auto
Extension = pcd
Format = auto
Extension = pcd
Format = auto
Extension = pcd
Format = auto
Extension = pcd
Format = auto
Extension = pcd
Format = auto
Extension = pcd
Format = auto
Extension = pcd
Format = auto
Extension = pcd
Format = auto
Extension = pcd
Format = auto
Extension = pcd
Format = auto
Extension = pcd
Format = auto
Extension = pcd
Format = auto
Extension = pcd
Format = auto
Extension = pcd
Format = auto
Extension = pcd
Format = auto
Extension = pcd
Format = auto
Extension = pcd
Format = auto
Extension = pcd
Format = auto
Extension = pcd
Format = auto
Extension = pcd
Format = auto
Extension = pcd
Format = auto
Extension = pcd
Format = auto
Extension = pcd
Format = auto
Extension = pcd
Format = auto
Extension = pcd
Format = auto
Extension = pcd
Format = auto
Extension = pcd
Format = auto
Extension = pcd
Format = auto
Extension = pcd
Format = auto
Extension = pcd
Format = auto
Extension = pcd
Format = auto
Extension = pcd
Format = auto
Extension = pcd
Format = auto
Extension = pcd
Format = auto
Extension = pcd
Format = auto
Extension = pcd
Format = auto
Extension = pcd
Format = auto
Extension = pcd
Format = auto
Extension = pcd
Format = auto
Extension = pcd
Format = auto
Extension = pcd
Format = auto
Extension = pcd
Format = auto
Extension = pcd
Format = auto
Extension = pcd
Format = auto
Extension = pcd
Format = auto
Extension = pcd
Format = auto
Extension = pcd
Format = auto
Extension = pcd
Format = auto
Extension = pcd
Format = auto
Extension = pcd
Format = auto
Extension = pcd
Format = auto
Extension = pcd
Format = auto
Extension = pcd
Format = auto
Extension = pcd
Format = auto
Extension = pcd
Format = auto
Extension = pcd
Format = auto
Extension = pcd
Format = auto
Extension = pcd
Format = auto
Extension = pcd
Format = auto
Extension = pcd
Format = auto
Extension = pcd
Format = auto
Extension = pcd
Format = auto
Extension = pcd
Format = auto
Extension = pcd
Format = auto
Extension = pcd
Format = auto
Extension = pcd
Format = auto
Extension = pcd
Format = auto
Extension = pcd

frame=10/41 late_source=5/5 scenario=2026_07_29_02_32_08 timestamp=000078 receiver=14 cavs=[14] pred_boxes=0 gt_boxes=70 comm_bytes=0
sgcp_late_fusion frame=10/41 scenario=2026_07_29_02_32_08 timestamp=000078 sources=5 fused_pred_boxes=64 fused_gt_boxes=70
frame=11/41 late_source=1/5 scenario=2026_07_29_02_32_08 timestamp=000080 receiver=1 cavs=[1, 2, 11] pred_boxes=31 gt_boxes=71 comm_bytes=53872
frame=11/41 late_source=2/5 scenario=2026_07_29_02_32_08 timestamp=000080 receiver=4 cavs=[4, 12] pred_boxes=19 gt_boxes=71 comm_bytes=32256
frame=11/41 late_source=3/5 scenario=2026_07_29_02_32_08 timestamp=000080 receiver=6 cavs=[6, 15] pred_boxes=17 gt_boxes=71 comm_bytes=28752
frame=11/41 late_source=4/5 scenario=2026_07_29_02_32_08 timestamp=000080 receiver=7 cavs=[7, 8, 10] pred_boxes=43 gt_boxes=71 comm_bytes=82192
frame=11/41 late_source=5/5 scenario=2026_07_29_02_32_08 timestamp=000080 receiver=9 cavs=[9, 3, 14] pred_boxes=20 gt_boxes=71 comm_bytes=139168
sgcp_late_fusion frame=11/41 scenario=2026_07_29_02_32_08 timestamp=000080 sources=5 fused_pred_boxes=68 fused_gt_boxes=71
frame=12/41 late_source=1/5 scenario=2026_07_29_02_32_08 timestamp=000082 receiver=1 cavs=[1, 2, 11] pred_boxes=31 gt_boxes=71 comm_bytes=53920
frame=12/41 late_source=2/5 scenario=2026_07_29_02_32_08 timestamp=000082 receiver=4 cavs=[4, 3, 7] pred_boxes=29 gt_boxes=71 comm_bytes=104656
frame=12/41 late_source=3/5 scenario=2026_07_29_02_32_08 timestamp=000082 receiver=6 cavs=[6, 15] pred_boxes=18 gt_boxes=71 comm_bytes=29312
frame=12/41 late_source=4/5 scenario=2026_07_29_02_32_08 timestamp=000082 receiver=9 cavs=[9, 5, 13] pred_boxes=22 gt_boxes=71 comm_bytes=59120
Warning: len(pillar_features.shape) == 1
frame=12/41 late_source=5/5 scenario=2026_07_29_02_32_08 timestamp=000082 receiver=14 cavs=[14] pred_boxes=0 gt_boxes=71 comm_bytes=0
sgcp_late_fusion frame=12/41 scenario=2026_07_29_02_32_08 timestamp=000082 sources=5 fused_pred_boxes=65 fused_gt_boxes=71
frame=13/41 late_source=1/5 scenario=2026_07_29_02_32_08 timestamp=000084 receiver=1 cavs=[1, 2, 11] pred_boxes=28 gt_boxes=71 comm_bytes=53904
frame=13/41 late_source=2/5 scenario=2026_07_29_02_32_08 timestamp=000084 receiver=4 cavs=[4, 3, 7] pred_boxes=32 gt_boxes=71 comm_bytes=105024
frame=13/41 late_source=3/5 scenario=2026_07_29_02_32_08 timestamp=000084 receiver=6 cavs=[6, 15] pred_boxes=17 gt_boxes=71 comm_bytes=29360
frame=13/41 late_source=4/5 scenario=2026_07_29_02_32_08 timestamp=000084 receiver=9 cavs=[9, 5, 13] pred_boxes=25 gt_boxes=71 comm_bytes=59536
Warning: len(pillar_features.shape) == 1
frame=13/41 late_source=5/5 scenario=2026_07_29_02_32_08 timestamp=000084 receiver=14 cavs=[14] pred_boxes=0 gt_boxes=71 comm_bytes=0
sgcp_late_fusion frame=13/41 scenario=2026_07_29_02_32_08 timestamp=000084 sources=5 fused_pred_boxes=66 fused_gt_boxes=71
frame=14/41 late_source=1/5 scenario=2026_07_29_02_32_08 timestamp=000086 receiver=1 cavs=[1, 2, 11] pred_boxes=35 gt_boxes=71 comm_bytes=54240
frame=14/41 late_source=2/5 scenario=2026_07_29_02_32_08 timestamp=000086 receiver=4 cavs=[4, 3, 7] pred_boxes=30 gt_boxes=71 comm_bytes=104576
frame=14/41 late_source=3/5 scenario=2026_07_29_02_32_08 timestamp=000086 receiver=6 cavs=[6, 15] pred_boxes=17 gt_boxes=71 comm_bytes=29168
frame=14/41 late_source=4/5 scenario=2026_07_29_02_32_08 timestamp=000086 receiver=9 cavs=[9, 5, 13] pred_boxes=26 gt_boxes=71 comm_bytes=60976
Warning: len(pillar_features.shape) == 1
frame=14/41 late_source=5/5 scenario=2026_07_29_02_32_08 timestamp=000086 receiver=14 cavs=[14] pred_boxes=0 gt_boxes=71 comm_bytes=0
sgcp_late_fusion frame=14/41 scenario=2026_07_29_02_32_08 timestamp=000086 sources=5 fused_pred_boxes=67 fused_gt_boxes=71
frame=15/41 late_source=1/5 scenario=2026_07_29_02_32_08 timestamp=000088 receiver=1 cavs=[1, 2, 11] pred_boxes=30 gt_boxes=71 comm_bytes=54640
frame=15/41 late_source=2/5 scenario=2026_07_29_02_32_08 timestamp=000088 receiver=4 cavs=[4, 3, 7] pred_boxes=32 gt_boxes=71 comm_bytes=104336
frame=15/41 late_source=3/5 scenario=2026_07_29_02_32_08 timestamp=000088 receiver=6 cavs=[6, 15] pred_boxes=16 gt_boxes=71 comm_bytes=29232
frame=15/41 late_source=4/5 scenario=2026_07_29_02_32_08 timestamp=000088 receiver=9 cavs=[9, 5, 13] pred_boxes=23 gt_boxes=71 comm_bytes=62416
frame=15/41 late_source=5/5 scenario=2026_07_29_02_32_08 timestamp=000088 receiver=14 cavs=[14] skipped=empty_pillars comm_bytes=0
sgcp_late_fusion frame=15/41 scenario=2026_07_29_02_32_08 timestamp=000088 sources=5 fused_pred_boxes=66 fused_gt_boxes=71
frame=16/41 late_source=1/5 scenario=2026_07_29_02_32_08 timestamp=000090 receiver=1 cavs=[1, 2, 11] pred_boxes=35 gt_boxes=72 comm_bytes=54256
frame=16/41 late_source=2/5 scenario=2026_07_29_02_32_08 timestamp=000090 receiver=4 cavs=[4, 3, 7] pred_boxes=33 gt_boxes=72 comm_bytes=103984
frame=16/41 late_source=3/5 scenario=2026_07_29_02_32_08 timestamp=000090 receiver=6 cavs=[6, 15] pred_boxes=19 gt_boxes=72 comm_bytes=29760
frame=16/41 late_source=4/5 scenario=2026_07_29_02_32_08 timestamp=000090 receiver=9 cavs=[9, 5, 13] pred_boxes=24 gt_boxes=72 comm_bytes=62960
frame=16/41 late_source=5/5 scenario=2026_07_29_02_32_08 timestamp=000090 receiver=14 cavs=[14] skipped=empty_pillars comm_bytes=0
sgcp_late_fusion frame=16/41 scenario=2026_07_29_02_32_08 timestamp=000090 sources=5 fused_pred_boxes=69 fused_gt_boxes=72
frame=17/41 late_source=1/5 scenario=2026_07_29_02_32_08 timestamp=000092 receiver=1 cavs=[1, 8, 11] pred_boxes=31 gt_boxes=72 comm_bytes=52208
frame=17/41 late_source=2/5 scenario=2026_07_29_02_32_08 timestamp=000092 receiver=4 cavs=[4, 3, 12] pred_boxes=27 gt_boxes=72 comm_bytes=106032
frame=17/41 late_source=3/5 scenario=2026_07_29_02_32_08 timestamp=000092 receiver=6 cavs=[6, 15] pred_boxes=17 gt_boxes=72 comm_bytes=30688
frame=17/41 late_source=4/5 scenario=2026_07_29_02_32_08 timestamp=000092 receiver=9 cavs=[9, 5, 13] pred_boxes=23 gt_boxes=72 comm_bytes=64304
frame=17/41 late_source=5/5 scenario=2026_07_29_02_32_08 timestamp=000092 receiver=14 cavs=[14] skipped=empty_pillars comm_bytes=0
sgcp_late_fusion frame=17/41 scenario=2026_07_29_02_32_08 timestamp=000092 sources=5 fused_pred_boxes=66 fused_gt_boxes=72
frame=18/41 late_source=1/5 scenario=2026_07_29_02_32_08 timestamp=000094 receiver=1 cavs=[1, 8, 11] pred_boxes=35 gt_boxes=72 comm_bytes=52272
frame=18/41 late_source=2/5 scenario=2026_07_29_02_32_08 timestamp=000094 receiver=4 cavs=[4, 3, 12] pred_boxes=28 gt_boxes=72 comm_bytes=105968
frame=18/41 late_source=3/5 scenario=2026_07_29_02_32_08 timestamp=000094 receiver=6 cavs=[6, 15] pred_boxes=18 gt_boxes=72 comm_bytes=30240
frame=18/41 late_source=4/5 scenario=2026_07_29_02_32_08 timestamp=000094 receiver=9 cavs=[9, 5, 13] pred_boxes=24 gt_boxes=72 comm_bytes=65792
frame=18/41 late_source=5/5 scenario=2026_07_29_02_32_08 timestamp=000094 receiver=14 cavs=[14] skipped=empty_pillars comm_bytes=0
sgcp_late_fusion frame=18/41 scenario=2026_07_29_02_32_08 timestamp=000094 sources=5 fused_pred_boxes=68 fused_gt_boxes=72
frame=19/41 late_source=1/5 scenario=2026_07_29_02_32_08 timestamp=000096 receiver=1 cavs=[1, 8, 11] pred_boxes=32 gt_boxes=72 comm_bytes=52304
frame=19/41 late_source=2/5 scenario=2026_07_29_02_32_08 timestamp=000096 receiver=4 cavs=[4, 3, 12] pred_boxes=26 gt_boxes=72 comm_bytes=105872
frame=19/41 late_source=3/5 scenario=2026_07_29_02_32_08 timestamp=000096 receiver=6 cavs=[6, 15] pred_boxes=18 gt_boxes=72 comm_bytes=29360
frame=19/41 late_source=4/5 scenario=2026_07_29_02_32_08 timestamp=000096 receiver=9 cavs=[9, 5, 13] pred_boxes=26 gt_boxes=72 comm_bytes=66832
frame=19/41 late_source=5/5 scenario=2026_07_29_02_32_08 timestamp=000096 receiver=14 cavs=[14] skipped=empty_pillars comm_bytes=0
sgcp_late_fusion frame=19/41 scenario=2026_07_29_02_32_08 timestamp=000096 sources=5 fused_pred_boxes=65 fused_gt_boxes=72
frame=20/41 late_source=1/5 scenario=2026_07_29_02_32_08 timestamp=000098 receiver=1 cavs=[1, 8, 11] pred_boxes=32 gt_boxes=72 comm_bytes=52032
frame=20/41 late_source=2/5 scenario=2026_07_29_02_32_08 timestamp=000098 receiver=3 cavs=[3, 5, 7] pred_boxes=29 gt_boxes=72 comm_bytes=87920Format = auto
Extension = pcd
Format = auto
Extension = pcd
Format = auto
Extension = pcd
Format = auto
Extension = pcd
Format = auto
Extension = pcd
Format = auto
Extension = pcd
Format = auto
Extension = pcd
Format = auto
Extension = pcd
Format = auto
Extension = pcd
Format = auto
Extension = pcd
Format = auto
Extension = pcd
Format = auto
Extension = pcd
Format = auto
Extension = pcd
Format = auto
Extension = pcd
Format = auto
Extension = pcd
Format = auto
Extension = pcd
Format = auto
Extension = pcd
Format = auto
Extension = pcd
Format = auto
Extension = pcd
Format = auto
Extension = pcd
Format = auto
Extension = pcd
Format = auto
Extension = pcd
Format = auto
Extension = pcd
Format = auto
Extension = pcd
Format = auto
Extension = pcd
Format = auto
Extension = pcd
Format = auto
Extension = pcd
Format = auto
Extension = pcd
Format = auto
Extension = pcd
Format = auto
Extension = pcd
Format = auto
Extension = pcd
Format = auto
Extension = pcd
Format = auto
Extension = pcd
Format = auto
Extension = pcd
Format = auto
Extension = pcd
Format = auto
Extension = pcd
Format = auto
Extension = pcd
Format = auto
Extension = pcd
Format = auto
Extension = pcd
Format = auto
Extension = pcd
Format = auto
Extension = pcd
Format = auto
Extension = pcd
Format = auto
Extension = pcd
Format = auto
Extension = pcd
Format = auto
Extension = pcd
Format = auto
Extension = pcd
Format = auto
Extension = pcd
Format = auto
Extension = pcd
Format = auto
Extension = pcd
Format = auto
Extension = pcd
Format = auto
Extension = pcd
Format = auto
Extension = pcd
Format = auto
Extension = pcd
Format = auto
Extension = pcd
Format = auto
Extension = pcd
Format = auto
Extension = pcd
Format = auto
Extension = pcd
Format = auto
Extension = pcd
Format = auto
Extension = pcd
Format = auto
Extension = pcd
Format = auto
Extension = pcd
Format = auto
Extension = pcd
Format = auto
Extension = pcd
Format = auto
Extension = pcd
Format = auto
Extension = pcd
Format = auto
Extension = pcd
Format = auto
Extension = pcd
Format = auto
Extension = pcd
Format = auto
Extension = pcd
Format = auto
Extension = pcd
Format = auto
Extension = pcd
Format = auto
Extension = pcd
Format = auto
Extension = pcd
Format = auto
Extension = pcd
Format = auto
Extension = pcd
Format = auto
Extension = pcd
Format = auto
Extension = pcd
Format = auto
Extension = pcd
Format = auto
Extension = pcd
Format = auto
Extension = pcd
Format = auto
Extension = pcd
Format = auto
Extension = pcd
Format = auto
Extension = pcd
Format = auto
Extension = pcd
Format = auto
Extension = pcd
Format = auto
Extension = pcd
Format = auto
Extension = pcd
Format = auto
Extension = pcd
Format = auto
Extension = pcd
Format = auto
Extension = pcd
Format = auto
Extension = pcd
Format = auto
Extension = pcd
Format = auto
Extension = pcd
Format = auto
Extension = pcd
Format = auto
Extension = pcd
Format = auto
Extension = pcd
Format = auto
Extension = pcd
Format = auto
Extension = pcd
Format = auto
Extension = pcd
Format = auto
Extension = pcd
Format = auto
Extension = pcd
Format = auto
Extension = pcd
Format = auto
Extension = pcd
Format = auto
Extension = pcd
Format = auto
Extension = pcd
Format = auto
Extension = pcd
Format = auto
Extension = pcd
Format = auto
Extension = pcd
Format = auto
Extension = pcd
Format = auto
Extension = pcd
Format = auto
Extension = pcd
Format = auto
Extension = pcd
Format = auto
Extension = pcd
Format = auto
Extension = pcd
Format = auto
Extension = pcd
Format = auto
Extension = pcd
Format = auto
Extension = pcd
Format = auto
Extension = pcd
Format = auto
Extension = pcd
Format = auto
Extension = pcd
Format = auto
Extension = pcd
Format = auto
Extension = pcd
Format = auto
Extension = pcd
Format = auto
Extension = pcd
Format = auto
Extension = pcd
Format = auto
Extension = pcd
Format = auto
Extension = pcd
Format = auto
Extension = pcd
Format = auto
Extension = pcd
Format = auto
Extension = pcd
Format = auto
Extension = pcd
Format = auto
Extension = pcd
Format = auto
Extension = pcd
Format = auto
Extension = pcd
Format = auto
Extension = pcd
Format = auto
Extension = pcd
Format = auto
Extension = pcd
Format = auto
Extension = pcd
Format = auto
Extension = pcd
Format = auto
Extension = pcd
Format = auto
Extension = pcd
Format = auto
Extension = pcd
Format = auto
Extension = pcd
Format = auto
Extension = pcd
Format = auto
Extension = pcd
Format = auto
Extension = pcd
Format = auto
Extension = pcd
Format = auto
Extension = pcd
Format = auto
Extension = pcd
Format = auto
Extension = pcd

frame=20/41 late_source=3/5 scenario=2026_07_29_02_32_08 timestamp=000098 receiver=4 cavs=[4, 12] pred_boxes=16 gt_boxes=72 comm_bytes=36800
frame=20/41 late_source=4/5 scenario=2026_07_29_02_32_08 timestamp=000098 receiver=6 cavs=[6, 15] pred_boxes=19 gt_boxes=72 comm_bytes=28288
frame=20/41 late_source=5/5 scenario=2026_07_29_02_32_08 timestamp=000098 receiver=9 cavs=[9, 13, 14] pred_boxes=12 gt_boxes=72 comm_bytes=96256
sgcp_late_fusion frame=20/41 scenario=2026_07_29_02_32_08 timestamp=000098 sources=5 fused_pred_boxes=69 fused_gt_boxes=72
frame=21/41 late_source=1/5 scenario=2026_07_29_02_32_08 timestamp=000100 receiver=1 cavs=[1, 8, 11] pred_boxes=34 gt_boxes=72 comm_bytes=52000
frame=21/41 late_source=2/5 scenario=2026_07_29_02_32_08 timestamp=000100 receiver=4 cavs=[4, 3, 12] pred_boxes=21 gt_boxes=72 comm_bytes=106128
frame=21/41 late_source=3/5 scenario=2026_07_29_02_32_08 timestamp=000100 receiver=6 cavs=[6, 15] pred_boxes=17 gt_boxes=72 comm_bytes=28384
frame=21/41 late_source=4/5 scenario=2026_07_29_02_32_08 timestamp=000100 receiver=9 cavs=[9, 5, 13] pred_boxes=25 gt_boxes=72 comm_bytes=69952
frame=21/41 late_source=5/5 scenario=2026_07_29_02_32_08 timestamp=000100 receiver=14 cavs=[14] skipped=empty_pillars comm_bytes=0
sgcp_late_fusion frame=21/41 scenario=2026_07_29_02_32_08 timestamp=000100 sources=5 fused_pred_boxes=63 fused_gt_boxes=72
frame=22/41 late_source=1/5 scenario=2026_07_29_02_32_08 timestamp=000102 receiver=1 cavs=[1, 8, 11] pred_boxes=33 gt_boxes=72 comm_bytes=51904
frame=22/41 late_source=2/5 scenario=2026_07_29_02_32_08 timestamp=000102 receiver=4 cavs=[4, 3, 12] pred_boxes=26 gt_boxes=72 comm_bytes=107248
frame=22/41 late_source=3/5 scenario=2026_07_29_02_32_08 timestamp=000102 receiver=6 cavs=[6, 15] pred_boxes=18 gt_boxes=72 comm_bytes=28208
frame=22/41 late_source=4/5 scenario=2026_07_29_02_32_08 timestamp=000102 receiver=9 cavs=[9, 5, 13] pred_boxes=22 gt_boxes=72 comm_bytes=71840
frame=22/41 late_source=5/5 scenario=2026_07_29_02_32_08 timestamp=000102 receiver=14 cavs=[14] skipped=empty_pillars comm_bytes=0
sgcp_late_fusion frame=22/41 scenario=2026_07_29_02_32_08 timestamp=000102 sources=5 fused_pred_boxes=63 fused_gt_boxes=72
frame=23/41 late_source=1/5 scenario=2026_07_29_02_32_08 timestamp=000104 receiver=1 cavs=[1, 8, 11] pred_boxes=35 gt_boxes=72 comm_bytes=51888
frame=23/41 late_source=2/5 scenario=2026_07_29_02_32_08 timestamp=000104 receiver=4 cavs=[4, 3, 12] pred_boxes=26 gt_boxes=72 comm_bytes=109280
frame=23/41 late_source=3/5 scenario=2026_07_29_02_32_08 timestamp=000104 receiver=6 cavs=[6, 15] pred_boxes=19 gt_boxes=72 comm_bytes=28624
frame=23/41 late_source=4/5 scenario=2026_07_29_02_32_08 timestamp=000104 receiver=9 cavs=[9, 5, 13] pred_boxes=24 gt_boxes=72 comm_bytes=72608
frame=23/41 late_source=5/5 scenario=2026_07_29_02_32_08 timestamp=000104 receiver=14 cavs=[14] skipped=empty_pillars comm_bytes=0
sgcp_late_fusion frame=23/41 scenario=2026_07_29_02_32_08 timestamp=000104 sources=5 fused_pred_boxes=66 fused_gt_boxes=72
frame=24/41 late_source=1/5 scenario=2026_07_29_02_32_08 timestamp=000106 receiver=1 cavs=[1, 8, 11] pred_boxes=35 gt_boxes=71 comm_bytes=51872
frame=24/41 late_source=2/5 scenario=2026_07_29_02_32_08 timestamp=000106 receiver=3 cavs=[3, 5, 7] pred_boxes=28 gt_boxes=71 comm_bytes=90192
frame=24/41 late_source=3/5 scenario=2026_07_29_02_32_08 timestamp=000106 receiver=4 cavs=[4, 12] pred_boxes=16 gt_boxes=71 comm_bytes=39840
frame=24/41 late_source=4/5 scenario=2026_07_29_02_32_08 timestamp=000106 receiver=6 cavs=[6, 15] pred_boxes=21 gt_boxes=71 comm_bytes=30128
frame=24/41 late_source=5/5 scenario=2026_07_29_02_32_08 timestamp=000106 receiver=9 cavs=[9, 13, 14] pred_boxes=11 gt_boxes=71 comm_bytes=96400
sgcp_late_fusion frame=24/41 scenario=2026_07_29_02_32_08 timestamp=000106 sources=5 fused_pred_boxes=66 fused_gt_boxes=71
frame=25/41 late_source=1/5 scenario=2026_07_29_02_32_08 timestamp=000108 receiver=1 cavs=[1, 8, 11] pred_boxes=34 gt_boxes=71 comm_bytes=51824
frame=25/41 late_source=2/5 scenario=2026_07_29_02_32_08 timestamp=000108 receiver=3 cavs=[3, 5, 7] pred_boxes=24 gt_boxes=71 comm_bytes=91696
frame=25/41 late_source=3/5 scenario=2026_07_29_02_32_08 timestamp=000108 receiver=4 cavs=[4, 12] pred_boxes=16 gt_boxes=71 comm_bytes=40528
frame=25/41 late_source=4/5 scenario=2026_07_29_02_32_08 timestamp=000108 receiver=6 cavs=[6, 15] pred_boxes=20 gt_boxes=71 comm_bytes=30224
frame=25/41 late_source=5/5 scenario=2026_07_29_02_32_08 timestamp=000108 receiver=9 cavs=[9, 13, 14] pred_boxes=13 gt_boxes=71 comm_bytes=95760
sgcp_late_fusion frame=25/41 scenario=2026_07_29_02_32_08 timestamp=000108 sources=5 fused_pred_boxes=68 fused_gt_boxes=71
frame=26/41 late_source=1/5 scenario=2026_07_29_02_32_08 timestamp=000110 receiver=1 cavs=[1, 8, 11] pred_boxes=34 gt_boxes=70 comm_bytes=51744
frame=26/41 late_source=2/5 scenario=2026_07_29_02_32_08 timestamp=000110 receiver=3 cavs=[3] pred_boxes=7 gt_boxes=70 comm_bytes=0
frame=26/41 late_source=3/5 scenario=2026_07_29_02_32_08 timestamp=000110 receiver=4 cavs=[4, 5, 12] pred_boxes=31 gt_boxes=70 comm_bytes=91008
frame=26/41 late_source=4/5 scenario=2026_07_29_02_32_08 timestamp=000110 receiver=6 cavs=[6, 15] pred_boxes=20 gt_boxes=70 comm_bytes=30384
frame=26/41 late_source=5/5 scenario=2026_07_29_02_32_08 timestamp=000110 receiver=9 cavs=[9, 13, 14] pred_boxes=12 gt_boxes=70 comm_bytes=95728
sgcp_late_fusion frame=26/41 scenario=2026_07_29_02_32_08 timestamp=000110 sources=5 fused_pred_boxes=68 fused_gt_boxes=70
frame=27/41 late_source=1/5 scenario=2026_07_29_02_32_08 timestamp=000112 receiver=1 cavs=[1, 8, 11] pred_boxes=33 gt_boxes=70 comm_bytes=51696
frame=27/41 late_source=2/5 scenario=2026_07_29_02_32_08 timestamp=000112 receiver=3 cavs=[3] pred_boxes=10 gt_boxes=70 comm_bytes=0
frame=27/41 late_source=3/5 scenario=2026_07_29_02_32_08 timestamp=000112 receiver=4 cavs=[4, 5, 12] pred_boxes=29 gt_boxes=70 comm_bytes=92912
frame=27/41 late_source=4/5 scenario=2026_07_29_02_32_08 timestamp=000112 receiver=6 cavs=[6, 15] pred_boxes=20 gt_boxes=70 comm_bytes=30896
frame=27/41 late_source=5/5 scenario=2026_07_29_02_32_08 timestamp=000112 receiver=9 cavs=[9, 13, 14] pred_boxes=14 gt_boxes=70 comm_bytes=95552
sgcp_late_fusion frame=27/41 scenario=2026_07_29_02_32_08 timestamp=000112 sources=5 fused_pred_boxes=72 fused_gt_boxes=70
frame=28/41 late_source=1/5 scenario=2026_07_29_02_32_08 timestamp=000114 receiver=1 cavs=[1, 8, 11] pred_boxes=34 gt_boxes=69 comm_bytes=51584
frame=28/41 late_source=2/5 scenario=2026_07_29_02_32_08 timestamp=000114 receiver=3 cavs=[3] pred_boxes=8 gt_boxes=69 comm_bytes=0
frame=28/41 late_source=3/5 scenario=2026_07_29_02_32_08 timestamp=000114 receiver=4 cavs=[4, 5, 12] pred_boxes=30 gt_boxes=69 comm_bytes=91824
frame=28/41 late_source=4/5 scenario=2026_07_29_02_32_08 timestamp=000114 receiver=6 cavs=[6, 15] pred_boxes=20 gt_boxes=69 comm_bytes=31104
frame=28/41 late_source=5/5 scenario=2026_07_29_02_32_08 timestamp=000114 receiver=9 cavs=[9, 13, 14] pred_boxes=13 gt_boxes=69 comm_bytes=97072
sgcp_late_fusion frame=28/41 scenario=2026_07_29_02_32_08 timestamp=000114 sources=5 fused_pred_boxes=68 fused_gt_boxes=69
frame=29/41 late_source=1/5 scenario=2026_07_29_02_32_08 timestamp=000116 receiver=1 cavs=[1, 8, 11] pred_boxes=33 gt_boxes=69 comm_bytes=51600
frame=29/41 late_source=2/5 scenario=2026_07_29_02_32_08 timestamp=000116 receiver=3 cavs=[3] pred_boxes=9 gt_boxes=69 comm_bytes=0
frame=29/41 late_source=3/5 scenario=2026_07_29_02_32_08 timestamp=000116 receiver=4 cavs=[4, 5, 12] pred_boxes=33 gt_boxes=69 comm_bytes=92112
frame=29/41 late_source=4/5 scenario=2026_07_29_02_32_08 timestamp=000116 receiver=6 cavs=[6, 15] pred_boxes=21 gt_boxes=69 comm_bytes=31904
frame=29/41 late_source=5/5 scenario=2026_07_29_02_32_08 timestamp=000116 receiver=9 cavs=[9, 13, 14] pred_boxes=14 gt_boxes=69 comm_bytes=97344
sgcp_late_fusion frame=29/41 scenario=2026_07_29_02_32_08 timestamp=000116 sources=5 fused_pred_boxes=70 fused_gt_boxes=69
frame=30/41 late_source=1/5 scenario=2026_07_29_02_32_08 timestamp=000118 receiver=1 cavs=[1, 8, 11] pred_boxes=31 gt_boxes=69 comm_bytes=51584Format = auto
Extension = pcd
Format = auto
Extension = pcd
Format = auto
Extension = pcd
Format = auto
Extension = pcd
Format = auto
Extension = pcd
Format = auto
Extension = pcd
Format = auto
Extension = pcd
Format = auto
Extension = pcd
Format = auto
Extension = pcd
Format = auto
Extension = pcd
Format = auto
Extension = pcd
Format = auto
Extension = pcd
Format = auto
Extension = pcd
Format = auto
Extension = pcd
Format = auto
Extension = pcd
Format = auto
Extension = pcd
Format = auto
Extension = pcd
Format = auto
Extension = pcd
Format = auto
Extension = pcd
Format = auto
Extension = pcd
Format = auto
Extension = pcd
Format = auto
Extension = pcd
Format = auto
Extension = pcd
Format = auto
Extension = pcd
Format = auto
Extension = pcd
Format = auto
Extension = pcd
Format = auto
Extension = pcd
Format = auto
Extension = pcd
Format = auto
Extension = pcd
Format = auto
Extension = pcd
Format = auto
Extension = pcd
Format = auto
Extension = pcd
Format = auto
Extension = pcd
Format = auto
Extension = pcd
Format = auto
Extension = pcd
Format = auto
Extension = pcd
Format = auto
Extension = pcd
Format = auto
Extension = pcd
Format = auto
Extension = pcd
Format = auto
Extension = pcd
Format = auto
Extension = pcd
Format = auto
Extension = pcd
Format = auto
Extension = pcd
Format = auto
Extension = pcd
Format = auto
Extension = pcd
Format = auto
Extension = pcd
Format = auto
Extension = pcd
Format = auto
Extension = pcd
Format = auto
Extension = pcd
Format = auto
Extension = pcd
Format = auto
Extension = pcd
Format = auto
Extension = pcd
Format = auto
Extension = pcd
Format = auto
Extension = pcd
Format = auto
Extension = pcd
Format = auto
Extension = pcd
Format = auto
Extension = pcd
Format = auto
Extension = pcd
Format = auto
Extension = pcd
Format = auto
Extension = pcd
Format = auto
Extension = pcd
Format = auto
Extension = pcd
Format = auto
Extension = pcd
Format = auto
Extension = pcd
Format = auto
Extension = pcd
Format = auto
Extension = pcd
Format = auto
Extension = pcd
Format = auto
Extension = pcd
Format = auto
Extension = pcd
Format = auto
Extension = pcd
Format = auto
Extension = pcd
Format = auto
Extension = pcd
Format = auto
Extension = pcd
Format = auto
Extension = pcd
Format = auto
Extension = pcd
Format = auto
Extension = pcd
Format = auto
Extension = pcd
Format = auto
Extension = pcd
Format = auto
Extension = pcd
Format = auto
Extension = pcd
Format = auto
Extension = pcd
Format = auto
Extension = pcd
Format = auto
Extension = pcd
Format = auto
Extension = pcd
Format = auto
Extension = pcd
Format = auto
Extension = pcd
Format = auto
Extension = pcd
Format = auto
Extension = pcd
Format = auto
Extension = pcd
Format = auto
Extension = pcd
Format = auto
Extension = pcd
Format = auto
Extension = pcd
Format = auto
Extension = pcd
Format = auto
Extension = pcd
Format = auto
Extension = pcd
Format = auto
Extension = pcd
Format = auto
Extension = pcd
Format = auto
Extension = pcd
Format = auto
Extension = pcd
Format = auto
Extension = pcd
Format = auto
Extension = pcd
Format = auto
Extension = pcd
Format = auto
Extension = pcd
Format = auto
Extension = pcd
Format = auto
Extension = pcd
Format = auto
Extension = pcd
Format = auto
Extension = pcd
Format = auto
Extension = pcd
Format = auto
Extension = pcd
Format = auto
Extension = pcd
Format = auto
Extension = pcd
Format = auto
Extension = pcd
Format = auto
Extension = pcd
Format = auto
Extension = pcd
Format = auto
Extension = pcd
Format = auto
Extension = pcd
Format = auto
Extension = pcd
Format = auto
Extension = pcd
Format = auto
Extension = pcd
Format = auto
Extension = pcd
Format = auto
Extension = pcd
Format = auto
Extension = pcd
Format = auto
Extension = pcd
Format = auto
Extension = pcd
Format = auto
Extension = pcd
Format = auto
Extension = pcd
Format = auto
Extension = pcd
Format = auto
Extension = pcd
Format = auto
Extension = pcd
Format = auto
Extension = pcd
Format = auto
Extension = pcd
Format = auto
Extension = pcd
Format = auto
Extension = pcd
Format = auto
Extension = pcd
Format = auto
Extension = pcd

frame=30/41 late_source=2/5 scenario=2026_07_29_02_32_08 timestamp=000118 receiver=3 cavs=[3] pred_boxes=8 gt_boxes=69 comm_bytes=0
frame=30/41 late_source=3/5 scenario=2026_07_29_02_32_08 timestamp=000118 receiver=4 cavs=[4, 5, 12] pred_boxes=30 gt_boxes=69 comm_bytes=92304
frame=30/41 late_source=4/5 scenario=2026_07_29_02_32_08 timestamp=000118 receiver=6 cavs=[6, 15] pred_boxes=20 gt_boxes=69 comm_bytes=31968
frame=30/41 late_source=5/5 scenario=2026_07_29_02_32_08 timestamp=000118 receiver=9 cavs=[9, 13, 14] pred_boxes=13 gt_boxes=69 comm_bytes=97024
sgcp_late_fusion frame=30/41 scenario=2026_07_29_02_32_08 timestamp=000118 sources=5 fused_pred_boxes=67 fused_gt_boxes=69
frame=31/41 late_source=1/5 scenario=2026_07_29_02_32_08 timestamp=000120 receiver=1 cavs=[1, 8, 11] pred_boxes=32 gt_boxes=69 comm_bytes=51568
frame=31/41 late_source=2/5 scenario=2026_07_29_02_32_08 timestamp=000120 receiver=3 cavs=[3] pred_boxes=7 gt_boxes=69 comm_bytes=0
frame=31/41 late_source=3/5 scenario=2026_07_29_02_32_08 timestamp=000120 receiver=4 cavs=[4, 5, 12] pred_boxes=31 gt_boxes=69 comm_bytes=92880
frame=31/41 late_source=4/5 scenario=2026_07_29_02_32_08 timestamp=000120 receiver=6 cavs=[6, 15] pred_boxes=20 gt_boxes=69 comm_bytes=32144
frame=31/41 late_source=5/5 scenario=2026_07_29_02_32_08 timestamp=000120 receiver=9 cavs=[9, 13, 14] pred_boxes=13 gt_boxes=69 comm_bytes=96320
sgcp_late_fusion frame=31/41 scenario=2026_07_29_02_32_08 timestamp=000120 sources=5 fused_pred_boxes=66 fused_gt_boxes=69
frame=32/41 late_source=1/5 scenario=2026_07_29_02_32_08 timestamp=000122 receiver=1 cavs=[1, 8, 11] pred_boxes=33 gt_boxes=69 comm_bytes=51584
frame=32/41 late_source=2/5 scenario=2026_07_29_02_32_08 timestamp=000122 receiver=3 cavs=[3] pred_boxes=8 gt_boxes=69 comm_bytes=0
frame=32/41 late_source=3/5 scenario=2026_07_29_02_32_08 timestamp=000122 receiver=4 cavs=[4, 5, 12] pred_boxes=31 gt_boxes=69 comm_bytes=92016
frame=32/41 late_source=4/5 scenario=2026_07_29_02_32_08 timestamp=000122 receiver=6 cavs=[6, 15] pred_boxes=20 gt_boxes=69 comm_bytes=31856
frame=32/41 late_source=5/5 scenario=2026_07_29_02_32_08 timestamp=000122 receiver=9 cavs=[9, 13, 14] pred_boxes=14 gt_boxes=69 comm_bytes=96320
sgcp_late_fusion frame=32/41 scenario=2026_07_29_02_32_08 timestamp=000122 sources=5 fused_pred_boxes=69 fused_gt_boxes=69
frame=33/41 late_source=1/5 scenario=2026_07_29_02_32_08 timestamp=000124 receiver=1 cavs=[1, 8, 11] pred_boxes=33 gt_boxes=69 comm_bytes=51648
frame=33/41 late_source=2/5 scenario=2026_07_29_02_32_08 timestamp=000124 receiver=3 cavs=[3] pred_boxes=9 gt_boxes=69 comm_bytes=0
frame=33/41 late_source=3/5 scenario=2026_07_29_02_32_08 timestamp=000124 receiver=4 cavs=[4, 5, 12] pred_boxes=27 gt_boxes=69 comm_bytes=91664
frame=33/41 late_source=4/5 scenario=2026_07_29_02_32_08 timestamp=000124 receiver=6 cavs=[6, 15] pred_boxes=20 gt_boxes=69 comm_bytes=31920
frame=33/41 late_source=5/5 scenario=2026_07_29_02_32_08 timestamp=000124 receiver=9 cavs=[9, 13, 14] pred_boxes=14 gt_boxes=69 comm_bytes=97328
sgcp_late_fusion frame=33/41 scenario=2026_07_29_02_32_08 timestamp=000124 sources=5 fused_pred_boxes=70 fused_gt_boxes=69
frame=34/41 late_source=1/5 scenario=2026_07_29_02_32_08 timestamp=000126 receiver=1 cavs=[1, 8, 11] pred_boxes=33 gt_boxes=69 comm_bytes=51744
frame=34/41 late_source=2/5 scenario=2026_07_29_02_32_08 timestamp=000126 receiver=3 cavs=[3] pred_boxes=9 gt_boxes=69 comm_bytes=0
frame=34/41 late_source=3/5 scenario=2026_07_29_02_32_08 timestamp=000126 receiver=4 cavs=[4, 5, 12] pred_boxes=29 gt_boxes=69 comm_bytes=92656
frame=34/41 late_source=4/5 scenario=2026_07_29_02_32_08 timestamp=000126 receiver=6 cavs=[6, 15] pred_boxes=22 gt_boxes=69 comm_bytes=31904
frame=34/41 late_source=5/5 scenario=2026_07_29_02_32_08 timestamp=000126 receiver=9 cavs=[9, 13, 14] pred_boxes=12 gt_boxes=69 comm_bytes=97248
sgcp_late_fusion frame=34/41 scenario=2026_07_29_02_32_08 timestamp=000126 sources=5 fused_pred_boxes=68 fused_gt_boxes=69
frame=35/41 late_source=1/5 scenario=2026_07_29_02_32_08 timestamp=000128 receiver=1 cavs=[1, 8, 11] pred_boxes=31 gt_boxes=69 comm_bytes=51728
frame=35/41 late_source=2/5 scenario=2026_07_29_02_32_08 timestamp=000128 receiver=3 cavs=[3] pred_boxes=9 gt_boxes=69 comm_bytes=0
frame=35/41 late_source=3/5 scenario=2026_07_29_02_32_08 timestamp=000128 receiver=4 cavs=[4, 5, 12] pred_boxes=30 gt_boxes=69 comm_bytes=92496
frame=35/41 late_source=4/5 scenario=2026_07_29_02_32_08 timestamp=000128 receiver=6 cavs=[6, 15] pred_boxes=19 gt_boxes=69 comm_bytes=32480
frame=35/41 late_source=5/5 scenario=2026_07_29_02_32_08 timestamp=000128 receiver=9 cavs=[9, 13, 14] pred_boxes=14 gt_boxes=69 comm_bytes=97760
sgcp_late_fusion frame=35/41 scenario=2026_07_29_02_32_08 timestamp=000128 sources=5 fused_pred_boxes=67 fused_gt_boxes=69
frame=36/41 late_source=1/5 scenario=2026_07_29_02_32_08 timestamp=000130 receiver=1 cavs=[1, 8, 11] pred_boxes=35 gt_boxes=68 comm_bytes=51776
frame=36/41 late_source=2/5 scenario=2026_07_29_02_32_08 timestamp=000130 receiver=3 cavs=[3] pred_boxes=8 gt_boxes=68 comm_bytes=0
frame=36/41 late_source=3/5 scenario=2026_07_29_02_32_08 timestamp=000130 receiver=4 cavs=[4, 5, 12] pred_boxes=28 gt_boxes=68 comm_bytes=94176
frame=36/41 late_source=4/5 scenario=2026_07_29_02_32_08 timestamp=000130 receiver=6 cavs=[6, 15] pred_boxes=20 gt_boxes=68 comm_bytes=32368
frame=36/41 late_source=5/5 scenario=2026_07_29_02_32_08 timestamp=000130 receiver=9 cavs=[9, 13, 14] pred_boxes=11 gt_boxes=68 comm_bytes=97216
sgcp_late_fusion frame=36/41 scenario=2026_07_29_02_32_08 timestamp=000130 sources=5 fused_pred_boxes=66 fused_gt_boxes=68
frame=37/41 late_source=1/5 scenario=2026_07_29_02_32_08 timestamp=000132 receiver=1 cavs=[1, 2] pred_boxes=24 gt_boxes=68 comm_bytes=33936
frame=37/41 late_source=2/5 scenario=2026_07_29_02_32_08 timestamp=000132 receiver=3 cavs=[3, 8, 11] pred_boxes=33 gt_boxes=68 comm_bytes=92144
frame=37/41 late_source=3/5 scenario=2026_07_29_02_32_08 timestamp=000132 receiver=4 cavs=[4, 5, 12] pred_boxes=28 gt_boxes=68 comm_bytes=96320
frame=37/41 late_source=4/5 scenario=2026_07_29_02_32_08 timestamp=000132 receiver=6 cavs=[6, 15] pred_boxes=21 gt_boxes=68 comm_bytes=32784
frame=37/41 late_source=5/5 scenario=2026_07_29_02_32_08 timestamp=000132 receiver=9 cavs=[9, 13, 14] pred_boxes=12 gt_boxes=68 comm_bytes=96960
sgcp_late_fusion frame=37/41 scenario=2026_07_29_02_32_08 timestamp=000132 sources=5 fused_pred_boxes=68 fused_gt_boxes=68
frame=38/41 late_source=1/5 scenario=2026_07_29_02_32_08 timestamp=000134 receiver=1 cavs=[1, 2] pred_boxes=24 gt_boxes=68 comm_bytes=33904
frame=38/41 late_source=2/5 scenario=2026_07_29_02_32_08 timestamp=000134 receiver=3 cavs=[3, 8, 11] pred_boxes=33 gt_boxes=68 comm_bytes=92144
frame=38/41 late_source=3/5 scenario=2026_07_29_02_32_08 timestamp=000134 receiver=4 cavs=[4, 5, 12] pred_boxes=29 gt_boxes=68 comm_bytes=97456
frame=38/41 late_source=4/5 scenario=2026_07_29_02_32_08 timestamp=000134 receiver=6 cavs=[6, 15] pred_boxes=27 gt_boxes=68 comm_bytes=32560
frame=38/41 late_source=5/5 scenario=2026_07_29_02_32_08 timestamp=000134 receiver=9 cavs=[9, 13, 14] pred_boxes=11 gt_boxes=68 comm_bytes=97520
sgcp_late_fusion frame=38/41 scenario=2026_07_29_02_32_08 timestamp=000134 sources=5 fused_pred_boxes=68 fused_gt_boxes=68
frame=39/41 late_source=1/5 scenario=2026_07_29_02_32_08 timestamp=000136 receiver=1 cavs=[1, 2] pred_boxes=25 gt_boxes=68 comm_bytes=34096
frame=39/41 late_source=2/5 scenario=2026_07_29_02_32_08 timestamp=000136 receiver=3 cavs=[3, 8, 11] pred_boxes=32 gt_boxes=68 comm_bytes=92048
frame=39/41 late_source=3/5 scenario=2026_07_29_02_32_08 timestamp=000136 receiver=4 cavs=[4, 5, 12] pred_boxes=29 gt_boxes=68 comm_bytes=99712
frame=39/41 late_source=4/5 scenario=2026_07_29_02_32_08 timestamp=000136 receiver=6 cavs=[6, 15] pred_boxes=21 gt_boxes=68 comm_bytes=32272
frame=39/41 late_source=5/5 scenario=2026_07_29_02_32_08 timestamp=000136 receiver=9 cavs=[9, 13, 14] pred_boxes=13 gt_boxes=68 comm_bytes=98016
sgcp_late_fusion frame=39/41 scenario=2026_07_29_02_32_08 timestamp=000136 sources=5 fused_pred_boxes=66 fused_gt_boxes=68Format = auto
Extension = pcd
Format = auto
Extension = pcd
Format = auto
Extension = pcd
Format = auto
Extension = pcd
Format = auto
Extension = pcd
Format = auto
Extension = pcd
Format = auto
Extension = pcd
Format = auto
Extension = pcd
Format = auto
Extension = pcd
Format = auto
Extension = pcd
Format = auto
Extension = pcd
Format = auto
Extension = pcd
Format = auto
Extension = pcd
Format = auto
Extension = pcd
Format = auto
Extension = pcd
Format = auto
Extension = pcd
Format = auto
Extension = pcd
Format = auto
Extension = pcd
Format = auto
Extension = pcd
Format = auto
Extension = pcd
Format = auto
Extension = pcd
Format = auto
Extension = pcd
Format = auto
Extension = pcd
Format = auto
Extension = pcd
Format = auto
Extension = pcd
Format = auto
Extension = pcd
Format = auto
Extension = pcd
Format = auto
Extension = pcd
Format = auto
Extension = pcd
Format = auto
Extension = pcd
C:\Users\sakakibara\miniconda3\envs\opencda\lib\site-packages\torch\nn\functional.py:1806: UserWarning: nn.functional.sigmoid is deprecated. Use torch.sigmoid instead.
  warnings.warn("nn.functional.sigmoid is deprecated. Use torch.sigmoid instead.")

frame=40/41 late_source=1/5 scenario=2026_07_29_02_32_08 timestamp=000138 receiver=1 cavs=[1, 2] pred_boxes=25 gt_boxes=68 comm_bytes=34240
frame=40/41 late_source=2/5 scenario=2026_07_29_02_32_08 timestamp=000138 receiver=3 cavs=[3, 8, 11] pred_boxes=32 gt_boxes=68 comm_bytes=92080
frame=40/41 late_source=3/5 scenario=2026_07_29_02_32_08 timestamp=000138 receiver=4 cavs=[4, 5, 12] pred_boxes=31 gt_boxes=68 comm_bytes=103328
frame=40/41 late_source=4/5 scenario=2026_07_29_02_32_08 timestamp=000138 receiver=6 cavs=[6, 15] pred_boxes=24 gt_boxes=68 comm_bytes=32768
frame=40/41 late_source=5/5 scenario=2026_07_29_02_32_08 timestamp=000138 receiver=9 cavs=[9, 13, 14] pred_boxes=14 gt_boxes=68 comm_bytes=98288
sgcp_late_fusion frame=40/41 scenario=2026_07_29_02_32_08 timestamp=000138 sources=5 fused_pred_boxes=67 fused_gt_boxes=68
frame=41/41 late_source=1/5 scenario=2026_07_29_02_32_08 timestamp=000140 receiver=1 cavs=[1, 2] pred_boxes=25 gt_boxes=67 comm_bytes=34464
frame=41/41 late_source=2/5 scenario=2026_07_29_02_32_08 timestamp=000140 receiver=3 cavs=[3, 8, 11] pred_boxes=30 gt_boxes=67 comm_bytes=92144
frame=41/41 late_source=3/5 scenario=2026_07_29_02_32_08 timestamp=000140 receiver=4 cavs=[4, 5, 12] pred_boxes=28 gt_boxes=67 comm_bytes=105728
frame=41/41 late_source=4/5 scenario=2026_07_29_02_32_08 timestamp=000140 receiver=6 cavs=[6, 15] pred_boxes=20 gt_boxes=67 comm_bytes=32336
frame=41/41 late_source=5/5 scenario=2026_07_29_02_32_08 timestamp=000140 receiver=9 cavs=[9, 13, 14] pred_boxes=16 gt_boxes=67 comm_bytes=98064
sgcp_late_fusion frame=41/41 scenario=2026_07_29_02_32_08 timestamp=000140 sources=5 fused_pred_boxes=66 fused_gt_boxes=67
cp counter: 41
Evaluate final average precision results:
  - Fusion method: early
  - The Average Precision at IOU 0.3 is 0.84, The Average Precision at IOU 0.5 is 0.76, The Average Precision at IOU 0.7 is 0.57
sgcp_summary frames=205 avg_comm_bytes=58604.41 total_comm_bytes=12013904 avg_source_cavs=2.51 avg_selected_grids=48.91
