COMMAND: C:\Users\sakakibara\miniconda3\envs\opencda\python.exe -m opencda.tools.offline_inference --dataset-root D:\Data\Carla --scenario-id 2026_07_29_02_32_08 --ego-cav-id 1 --max-frames 41 --fusion-method early --coperception-yaml docs\doc_workspace\SGCP\artifacts\early_from_late_checkpoint_20260719\enable_coperception_early_from_attentive.yaml --bandwidth-mhz 40 --num-channels 10 --channel-estimator ns3 --ns3-tb-size-bytes 899 --ns3-slot-duration-ms 0.5 --ns3-subchannel-prbs 10 --ns3-symbols-per-slot 12 --ns3-mcs 28 --communication-deadline-ms 60 --gt-scope sample --cav-count 15 --sgcp-constrained --clustering potential_verified_cov_coalition_game --resource-allocation dynamic_cv --sgcp-receiver-policy all-cluster-heads --sgcp-upload-mode grid --sgcp-inter-cluster-late-fusion --n-max 5 --rho-th 2 --head-rb-budget 2 --sgcp-frame-mbps-budget 40.0 --upload-density-cap-rho 2 --sgcp-trace-output docs\doc_workspace\SGCP\artifacts\dense_cav_sweep_20260731\N15\sgcp_trace.csv --eval-stats-output docs\doc_workspace\SGCP\artifacts\dense_cav_sweep_20260731\N15\sgcp_eval_stats.csv

Format = auto
Extension = pcd
Format = auto
Extension = pcd
Format = auto
Extension = pcd
Format = auto
Extension = pcd
Format = auto
Extension = pcd
Format = auto
Extension = pcd
Format = auto
Extension = pcd
Format = auto
Extension = pcd
Format = auto
Extension = pcd
Format = auto
Extension = pcd
Format = auto
Extension = pcd
Format = auto
Extension = pcd
Format = auto
Extension = pcd
Format = auto
Extension = pcd
Format = auto
Extension = pcd
Format = auto
Extension = pcd
Format = auto
Extension = pcd
Format = auto
Extension = pcd
Format = auto
Extension = pcd
Format = auto
Extension = pcd
Format = auto
Extension = pcd
Format = auto
Extension = pcd
Format = auto
Extension = pcd
Format = auto
Extension = pcd
Format = auto
Extension = pcd
Format = auto
Extension = pcd
Format = auto
Extension = pcd
Format = auto
Extension = pcd
Format = auto
Extension = pcd
Format = auto
Extension = pcd
Format = auto
Extension = pcd
Format = auto
Extension = pcd
Format = auto
Extension = pcd
Format = auto
Extension = pcd
Format = auto
Extension = pcd
Format = auto
Extension = pcd
Format = auto
Extension = pcd
Format = auto
Extension = pcd
Format = auto
Extension = pcd
Format = auto
Extension = pcd
Format = auto
Extension = pcd
Format = auto
Extension = pcd
Format = auto
Extension = pcd
Format = auto
Extension = pcd
Format = auto
Extension = pcd
Format = auto
Extension = pcd
Format = auto
Extension = pcd
Format = auto
Extension = pcd
Format = auto
Extension = pcd
Format = auto
Extension = pcd
Format = auto
Extension = pcd
Format = auto
Extension = pcd
Format = auto
Extension = pcd
Format = auto
Extension = pcd
Format = auto
Extension = pcd
Format = auto
Extension = pcd
Format = auto
Extension = pcd
Format = auto
Extension = pcd
Format = auto
Extension = pcd
Format = auto
Extension = pcd
Format = auto
Extension = pcd
Format = auto
Extension = pcd
Format = auto
Extension = pcd
Format = auto
Extension = pcd
Format = auto
Extension = pcd
Format = auto
Extension = pcd
Format = auto
Extension = pcd
Format = auto
Extension = pcd
Format = auto
Extension = pcd
Format = auto
Extension = pcd
Format = auto
Extension = pcd
Format = auto
Extension = pcd
Format = auto
Extension = pcd
Format = auto
Extension = pcd
Format = auto
Extension = pcd
Format = auto
Extension = pcd
Format = auto
Extension = pcd
Format = auto
Extension = pcd
Format = auto
Extension = pcd
Format = auto
Extension = pcd
Format = auto
Extension = pcd
Format = auto
Extension = pcd
Format = auto
Extension = pcd
Format = auto
Extension = pcd
Format = auto
Extension = pcd
Format = auto
Extension = pcd
Format = auto
Extension = pcd
Format = auto
Extension = pcd
Format = auto
Extension = pcd
Format = auto
Extension = pcd
Format = auto
Extension = pcd
Format = auto
Extension = pcd
Format = auto
Extension = pcd
Format = auto
Extension = pcd
Format = auto
Extension = pcd
Format = auto
Extension = pcd
Format = auto
Extension = pcd
Format = auto
Extension = pcd
Format = auto
Extension = pcd
Format = auto
Extension = pcd
Format = auto
Extension = pcd
Format = auto
Extension = pcd
Format = auto
Extension = pcd
Format = auto
Extension = pcd
Format = auto
Extension = pcd
Format = auto
Extension = pcd
Format = auto
Extension = pcd
Format = auto
Extension = pcd
Format = auto
Extension = pcd
Format = auto
Extension = pcd
Format = auto
Extension = pcd
Format = auto
Extension = pcd
Format = auto
Extension = pcd
Format = auto
Extension = pcd
Format = auto
Extension = pcd
Format = auto
Extension = pcd
Format = auto
Extension = pcd
Format = auto
Extension = pcd
Format = auto
Extension = pcd
Format = auto
Extension = pcd
Format = auto
Extension = pcd
Format = auto
Extension = pcd
Format = auto
Extension = pcd
Format = auto
Extension = pcd
Format = auto
Extension = pcd
Format = auto
Extension = pcd
Format = auto
Extension = pcd
Format = auto
Extension = pcd
Format = auto
Extension = pcd
Format = auto
Extension = pcd
Format = auto
Extension = pcd
Format = auto
Extension = pcd
Format = auto
Extension = pcd
Format = auto
Extension = pcd
Format = auto
Extension = pcd
Format = auto
Extension = pcd
Format = auto
Extension = pcd
Format = auto
Extension = pcd
Format = auto
Extension = pcd
Format = auto
Extension = pcd
Format = auto
Extension = pcd
Format = auto
Extension = pcd
Format = auto
Extension = pcd
Format = auto
Extension = pcd
Format = auto
Extension = pcd
Format = auto
Extension = pcd
Format = auto
Extension = pcd
Format = auto
Extension = pcd
Format = auto
Extension = pcd
Format = auto
Extension = pcd
Format = auto
Extension = pcd
Format = auto
Extension = pcd
Format = auto
Extension = pcd
Format = auto
Extension = pcd
Format = auto
Extension = pcd
Format = auto
Extension = pcd
Format = auto
Extension = pcd
Format = auto
Extension = pcd
Format = auto
Extension = pcd
Format = auto
Extension = pcd
Format = auto
Extension = pcd
Format = auto
Extension = pcd
Format = auto
Extension = pcd
Format = auto
Extension = pcd
Format = auto
Extension = pcd
Format = auto
Extension = pcd
Format = auto
Extension = pcd
Format = auto
Extension = pcd
Format = auto
Extension = pcd
Format = auto
Extension = pcd
Format = auto
Extension = pcd
Format = auto
Extension = pcd
Format = auto
Extension = pcd
Format = auto
Extension = pcd
Format = auto
Extension = pcd
Format = auto
Extension = pcd
Format = auto
Extension = pcd
Format = auto
Extension = pcd
Format = auto
Extension = pcd
Format = auto
Extension = pcd
resuming by loading epoch 10000
frame=1/41 late_source=1/4 scenario=2026_07_29_02_32_08 timestamp=000060 receiver=3 cavs=[3, 4, 12] pred_boxes=25 gt_boxes=53 comm_bytes=93568
frame=1/41 late_source=2/4 scenario=2026_07_29_02_32_08 timestamp=000060 receiver=5 cavs=[5, 7, 10] pred_boxes=27 gt_boxes=57 comm_bytes=80560
frame=1/41 late_source=3/4 scenario=2026_07_29_02_32_08 timestamp=000060 receiver=6 cavs=[6, 15] pred_boxes=16 gt_boxes=21 comm_bytes=27568
frame=1/41 late_source=4/4 scenario=2026_07_29_02_32_08 timestamp=000060 receiver=11 cavs=[11, 13, 14] pred_boxes=21 gt_boxes=41 comm_bytes=104000
sgcp_late_fusion frame=1/41 scenario=2026_07_29_02_32_08 timestamp=000060 sources=4 fused_pred_boxes=63 fused_gt_boxes=71
frame=2/41 late_source=1/4 scenario=2026_07_29_02_32_08 timestamp=000062 receiver=3 cavs=[3, 4, 12] pred_boxes=26 gt_boxes=53 comm_bytes=94336
frame=2/41 late_source=2/4 scenario=2026_07_29_02_32_08 timestamp=000062 receiver=5 cavs=[5, 7, 10] pred_boxes=23 gt_boxes=55 comm_bytes=80672
frame=2/41 late_source=3/4 scenario=2026_07_29_02_32_08 timestamp=000062 receiver=6 cavs=[6, 15] pred_boxes=14 gt_boxes=21 comm_bytes=27168
frame=2/41 late_source=4/4 scenario=2026_07_29_02_32_08 timestamp=000062 receiver=11 cavs=[11, 13, 14] pred_boxes=21 gt_boxes=42 comm_bytes=102544
sgcp_late_fusion frame=2/41 scenario=2026_07_29_02_32_08 timestamp=000062 sources=4 fused_pred_boxes=64 fused_gt_boxes=71
frame=3/41 late_source=1/4 scenario=2026_07_29_02_32_08 timestamp=000064 receiver=1 cavs=[1, 2, 8] pred_boxes=35 gt_boxes=50 comm_bytes=54480
frame=3/41 late_source=2/4 scenario=2026_07_29_02_32_08 timestamp=000064 receiver=4 cavs=[4, 3, 7] pred_boxes=29 gt_boxes=52 comm_bytes=100400
frame=3/41 late_source=3/4 scenario=2026_07_29_02_32_08 timestamp=000064 receiver=6 cavs=[6, 15] pred_boxes=15 gt_boxes=21 comm_bytes=26304
frame=3/41 late_source=4/4 scenario=2026_07_29_02_32_08 timestamp=000064 receiver=9 cavs=[9, 13, 14] pred_boxes=12 gt_boxes=34 comm_bytes=88528
sgcp_late_fusion frame=3/41 scenario=2026_07_29_02_32_08 timestamp=000064 sources=4 fused_pred_boxes=67 fused_gt_boxes=71
frame=4/41 late_source=1/4 scenario=2026_07_29_02_32_08 timestamp=000066 receiver=3 cavs=[3, 4, 12] pred_boxes=23 gt_boxes=53 comm_bytes=94352
frame=4/41 late_source=2/4 scenario=2026_07_29_02_32_08 timestamp=000066 receiver=5 cavs=[5, 7, 10] pred_boxes=27 gt_boxes=55 comm_bytes=79648
frame=4/41 late_source=3/4 scenario=2026_07_29_02_32_08 timestamp=000066 receiver=6 cavs=[6, 15] pred_boxes=17 gt_boxes=20 comm_bytes=26656
frame=4/41 late_source=4/4 scenario=2026_07_29_02_32_08 timestamp=000066 receiver=11 cavs=[11, 13, 14] pred_boxes=23 gt_boxes=43 comm_bytes=104496
sgcp_late_fusion frame=4/41 scenario=2026_07_29_02_32_08 timestamp=000066 sources=4 fused_pred_boxes=61 fused_gt_boxes=71
frame=5/41 late_source=1/4 scenario=2026_07_29_02_32_08 timestamp=000068 receiver=3 cavs=[3, 4, 12] pred_boxes=25 gt_boxes=52 comm_bytes=93184
frame=5/41 late_source=2/4 scenario=2026_07_29_02_32_08 timestamp=000068 receiver=5 cavs=[5, 7, 10] pred_boxes=27 gt_boxes=54 comm_bytes=82512
frame=5/41 late_source=3/4 scenario=2026_07_29_02_32_08 timestamp=000068 receiver=6 cavs=[6, 15] pred_boxes=17 gt_boxes=20 comm_bytes=26352
frame=5/41 late_source=4/4 scenario=2026_07_29_02_32_08 timestamp=000068 receiver=11 cavs=[11, 13, 14] pred_boxes=22 gt_boxes=43 comm_bytes=104512
sgcp_late_fusion frame=5/41 scenario=2026_07_29_02_32_08 timestamp=000068 sources=4 fused_pred_boxes=63 fused_gt_boxes=71
frame=6/41 late_source=1/4 scenario=2026_07_29_02_32_08 timestamp=000070 receiver=3 cavs=[3, 4, 12] pred_boxes=25 gt_boxes=53 comm_bytes=93344
frame=6/41 late_source=2/4 scenario=2026_07_29_02_32_08 timestamp=000070 receiver=5 cavs=[5, 7, 10] pred_boxes=27 gt_boxes=53 comm_bytes=82992
frame=6/41 late_source=3/4 scenario=2026_07_29_02_32_08 timestamp=000070 receiver=6 cavs=[6, 15] pred_boxes=17 gt_boxes=20 comm_bytes=27056
frame=6/41 late_source=4/4 scenario=2026_07_29_02_32_08 timestamp=000070 receiver=11 cavs=[11, 13, 14] pred_boxes=22 gt_boxes=44 comm_bytes=104704
sgcp_late_fusion frame=6/41 scenario=2026_07_29_02_32_08 timestamp=000070 sources=4 fused_pred_boxes=64 fused_gt_boxes=71
frame=7/41 late_source=1/4 scenario=2026_07_29_02_32_08 timestamp=000072 receiver=3 cavs=[3, 4, 12] pred_boxes=22 gt_boxes=51 comm_bytes=93344
frame=7/41 late_source=2/4 scenario=2026_07_29_02_32_08 timestamp=000072 receiver=5 cavs=[5, 7, 10] pred_boxes=29 gt_boxes=53 comm_bytes=83104
frame=7/41 late_source=3/4 scenario=2026_07_29_02_32_08 timestamp=000072 receiver=6 cavs=[6, 15] pred_boxes=17 gt_boxes=20 comm_bytes=26480
frame=7/41 late_source=4/4 scenario=2026_07_29_02_32_08 timestamp=000072 receiver=11 cavs=[11, 13, 14] pred_boxes=22 gt_boxes=44 comm_bytes=104112
sgcp_late_fusion frame=7/41 scenario=2026_07_29_02_32_08 timestamp=000072 sources=4 fused_pred_boxes=61 fused_gt_boxes=70
frame=8/41 late_source=1/4 scenario=2026_07_29_02_32_08 timestamp=000074 receiver=3 cavs=[3, 4, 12] pred_boxes=18 gt_boxes=49 comm_bytes=92944
frame=8/41 late_source=2/4 scenario=2026_07_29_02_32_08 timestamp=000074 receiver=5 cavs=[5, 7, 10] pred_boxes=30 gt_boxes=49 comm_bytes=82512
frame=8/41 late_source=3/4 scenario=2026_07_29_02_32_08 timestamp=000074 receiver=6 cavs=[6, 15] pred_boxes=18 gt_boxes=21 comm_bytes=27296
frame=8/41 late_source=4/4 scenario=2026_07_29_02_32_08 timestamp=000074 receiver=11 cavs=[11, 13, 14] pred_boxes=23 gt_boxes=44 comm_bytes=101200
sgcp_late_fusion frame=8/41 scenario=2026_07_29_02_32_08 timestamp=000074 sources=4 fused_pred_boxes=58 fused_gt_boxes=69
frame=9/41 late_source=1/4 scenario=2026_07_29_02_32_08 timestamp=000076 receiver=1 cavs=[1, 2, 8] pred_boxes=34 gt_boxes=49 comm_bytes=52464
frame=9/41 late_source=2/4 scenario=2026_07_29_02_32_08 timestamp=000076 receiver=4 cavs=[4, 3, 12] pred_boxes=24 gt_boxes=51 comm_bytes=103600
frame=9/41 late_source=3/4 scenario=2026_07_29_02_32_08 timestamp=000076 receiver=6 cavs=[6, 15] pred_boxes=17 gt_boxes=22 comm_bytes=27712
frame=9/41 late_source=4/4 scenario=2026_07_29_02_32_08 timestamp=000076 receiver=9 cavs=[9, 5, 14] pred_boxes=22 gt_boxes=41 comm_bytes=89408
sgcp_late_fusion frame=9/41 scenario=2026_07_29_02_32_08 timestamp=000076 sources=4 fused_pred_boxes=61 fused_gt_boxes=69
frame=10/41 late_source=1/4 scenario=2026_07_29_02_32_08 timestamp=000078 receiver=1 cavs=[1, 2, 8] pred_boxes=32 gt_boxes=50 comm_bytes=52208
frame=10/41 late_source=2/4 scenario=2026_07_29_02_32_08 timestamp=000078 receiver=4 cavs=[4, 3, 12] pred_boxes=24 gt_boxes=50 comm_bytes=104000
frame=10/41 late_source=3/4 scenario=2026_07_29_02_32_08 timestamp=000078 receiver=6 cavs=[6, 15] pred_boxes=18 gt_boxes=22 comm_bytes=27952
frame=10/41 late_source=4/4 scenario=2026_07_29_02_32_08 timestamp=000078 receiver=9 cavs=[9, 5, 14] pred_boxes=23 gt_boxes=40 comm_bytes=89120
sgcp_late_fusion frame=10/41 scenario=2026_07_29_02_32_08 timestamp=000078 sources=4 fused_pred_boxes=62 fused_gt_boxes=69
frame=11/41 late_source=1/4 scenario=2026_07_29_02_32_08 timestamp=000080 receiver=3 cavs=[3, 4, 12] pred_boxes=20 gt_boxes=50 comm_bytes=93040
frame=11/41 late_source=2/4 scenario=2026_07_29_02_32_08 timestamp=000080 receiver=5 cavs=[5, 7, 10] pred_boxes=31 gt_boxes=53 comm_bytes=80912
frame=11/41 late_source=3/4 scenario=2026_07_29_02_32_08 timestamp=000080 receiver=6 cavs=[6, 15] pred_boxes=17 gt_boxes=22 comm_bytes=29072
frame=11/41 late_source=4/4 scenario=2026_07_29_02_32_08 timestamp=000080 receiver=11 cavs=[11, 13, 14] pred_boxes=26 gt_boxes=43 comm_bytes=100544
sgcp_late_fusion frame=11/41 scenario=2026_07_29_02_32_08 timestamp=000080 sources=4 fused_pred_boxes=62 fused_gt_boxes=70
frame=12/41 late_source=1/4 scenario=2026_07_29_02_32_08 timestamp=000082 receiver=1 cavs=[1, 2, 8] pred_boxes=32 gt_boxes=49 comm_bytes=52096
frame=12/41 late_source=2/4 scenario=2026_07_29_02_32_08 timestamp=000082 receiver=4 cavs=[4, 3, 12] pred_boxes=27 gt_boxes=51 comm_bytes=104576
frame=12/41 late_source=3/4 scenario=2026_07_29_02_32_08 timestamp=000082 receiver=6 cavs=[6, 15] pred_boxes=18 gt_boxes=22 comm_bytes=29632
frame=12/41 late_source=4/4 scenario=2026_07_29_02_32_08 timestamp=000082 receiver=9 cavs=[9, 5, 14] pred_boxes=19 gt_boxes=40 comm_bytes=89632Format = auto
Extension = pcd
Format = auto
Extension = pcd
Format = auto
Extension = pcd
Format = auto
Extension = pcd
Format = auto
Extension = pcd
Format = auto
Extension = pcd
Format = auto
Extension = pcd
Format = auto
Extension = pcd
Format = auto
Extension = pcd
Format = auto
Extension = pcd
Format = auto
Extension = pcd
Format = auto
Extension = pcd
Format = auto
Extension = pcd
Format = auto
Extension = pcd
Format = auto
Extension = pcd
Format = auto
Extension = pcd
Format = auto
Extension = pcd
Format = auto
Extension = pcd
Format = auto
Extension = pcd
Format = auto
Extension = pcd
Format = auto
Extension = pcd
Format = auto
Extension = pcd
Format = auto
Extension = pcd
Format = auto
Extension = pcd
Format = auto
Extension = pcd
Format = auto
Extension = pcd
Format = auto
Extension = pcd
Format = auto
Extension = pcd
Format = auto
Extension = pcd
Format = auto
Extension = pcd
Format = auto
Extension = pcd
Format = auto
Extension = pcd
Format = auto
Extension = pcd
Format = auto
Extension = pcd
Format = auto
Extension = pcd
Format = auto
Extension = pcd
Format = auto
Extension = pcd
Format = auto
Extension = pcd
Format = auto
Extension = pcd
Format = auto
Extension = pcd
Format = auto
Extension = pcd
Format = auto
Extension = pcd
Format = auto
Extension = pcd
Format = auto
Extension = pcd
Format = auto
Extension = pcd
Format = auto
Extension = pcd
Format = auto
Extension = pcd
Format = auto
Extension = pcd
Format = auto
Extension = pcd
Format = auto
Extension = pcd
Format = auto
Extension = pcd
Format = auto
Extension = pcd
Format = auto
Extension = pcd
Format = auto
Extension = pcd
Format = auto
Extension = pcd
Format = auto
Extension = pcd
Format = auto
Extension = pcd
Format = auto
Extension = pcd
Format = auto
Extension = pcd
Format = auto
Extension = pcd
Format = auto
Extension = pcd
Format = auto
Extension = pcd
Format = auto
Extension = pcd
Format = auto
Extension = pcd
Format = auto
Extension = pcd
Format = auto
Extension = pcd
Format = auto
Extension = pcd
Format = auto
Extension = pcd
Format = auto
Extension = pcd
Format = auto
Extension = pcd
Format = auto
Extension = pcd
Format = auto
Extension = pcd
Format = auto
Extension = pcd
Format = auto
Extension = pcd
Format = auto
Extension = pcd
Format = auto
Extension = pcd
Format = auto
Extension = pcd
Format = auto
Extension = pcd
Format = auto
Extension = pcd
Format = auto
Extension = pcd
Format = auto
Extension = pcd
Format = auto
Extension = pcd
Format = auto
Extension = pcd
Format = auto
Extension = pcd
Format = auto
Extension = pcd
Format = auto
Extension = pcd
Format = auto
Extension = pcd
Format = auto
Extension = pcd
Format = auto
Extension = pcd
Format = auto
Extension = pcd
Format = auto
Extension = pcd
Format = auto
Extension = pcd
Format = auto
Extension = pcd
Format = auto
Extension = pcd
Format = auto
Extension = pcd
Format = auto
Extension = pcd
Format = auto
Extension = pcd
Format = auto
Extension = pcd
Format = auto
Extension = pcd
Format = auto
Extension = pcd
Format = auto
Extension = pcd
Format = auto
Extension = pcd
Format = auto
Extension = pcd
Format = auto
Extension = pcd
Format = auto
Extension = pcd
Format = auto
Extension = pcd
Format = auto
Extension = pcd
Format = auto
Extension = pcd
Format = auto
Extension = pcd
Format = auto
Extension = pcd
Format = auto
Extension = pcd
Format = auto
Extension = pcd
Format = auto
Extension = pcd
Format = auto
Extension = pcd
Format = auto
Extension = pcd
Format = auto
Extension = pcd
Format = auto
Extension = pcd
Format = auto
Extension = pcd
Format = auto
Extension = pcd
Format = auto
Extension = pcd
Format = auto
Extension = pcd
Format = auto
Extension = pcd
Format = auto
Extension = pcd
Format = auto
Extension = pcd
Format = auto
Extension = pcd
Format = auto
Extension = pcd
Format = auto
Extension = pcd
Format = auto
Extension = pcd
Format = auto
Extension = pcd
Format = auto
Extension = pcd
Format = auto
Extension = pcd
Format = auto
Extension = pcd
Format = auto
Extension = pcd
Format = auto
Extension = pcd
Format = auto
Extension = pcd
Format = auto
Extension = pcd
Format = auto
Extension = pcd
Format = auto
Extension = pcd
Format = auto
Extension = pcd
Format = auto
Extension = pcd
Format = auto
Extension = pcd
Format = auto
Extension = pcd
Format = auto
Extension = pcd
Format = auto
Extension = pcd
Format = auto
Extension = pcd
Format = auto
Extension = pcd
Format = auto
Extension = pcd
Format = auto
Extension = pcd
Format = auto
Extension = pcd
Format = auto
Extension = pcd
Format = auto
Extension = pcd
Format = auto
Extension = pcd
Format = auto
Extension = pcd
Format = auto
Extension = pcd
Format = auto
Extension = pcd
Format = auto
Extension = pcd
Format = auto
Extension = pcd
Format = auto
Extension = pcd
Format = auto
Extension = pcd
Format = auto
Extension = pcd
Format = auto
Extension = pcd
Format = auto
Extension = pcd
Format = auto
Extension = pcd
Format = auto
Extension = pcd
Format = auto
Extension = pcd
Format = auto
Extension = pcd
Format = auto
Extension = pcd
Format = auto
Extension = pcd
Format = auto
Extension = pcd
Format = auto
Extension = pcd
Format = auto
Extension = pcd
Format = auto
Extension = pcd
Format = auto
Extension = pcd
Format = auto
Extension = pcd
Format = auto
Extension = pcd
Format = auto
Extension = pcd
Format = auto
Extension = pcd
Format = auto
Extension = pcd
Format = auto
Extension = pcd
Format = auto
Extension = pcd

sgcp_late_fusion frame=12/41 scenario=2026_07_29_02_32_08 timestamp=000082 sources=4 fused_pred_boxes=66 fused_gt_boxes=70
frame=13/41 late_source=1/4 scenario=2026_07_29_02_32_08 timestamp=000084 receiver=1 cavs=[1, 2, 8] pred_boxes=33 gt_boxes=48 comm_bytes=51648
frame=13/41 late_source=2/4 scenario=2026_07_29_02_32_08 timestamp=000084 receiver=4 cavs=[4, 3, 12] pred_boxes=28 gt_boxes=50 comm_bytes=105360
frame=13/41 late_source=3/4 scenario=2026_07_29_02_32_08 timestamp=000084 receiver=6 cavs=[6, 15] pred_boxes=17 gt_boxes=22 comm_bytes=29600
frame=13/41 late_source=4/4 scenario=2026_07_29_02_32_08 timestamp=000084 receiver=9 cavs=[9, 5, 14] pred_boxes=24 gt_boxes=39 comm_bytes=90816
sgcp_late_fusion frame=13/41 scenario=2026_07_29_02_32_08 timestamp=000084 sources=4 fused_pred_boxes=64 fused_gt_boxes=70
frame=14/41 late_source=1/4 scenario=2026_07_29_02_32_08 timestamp=000086 receiver=1 cavs=[1, 2, 8] pred_boxes=32 gt_boxes=49 comm_bytes=52096
frame=14/41 late_source=2/4 scenario=2026_07_29_02_32_08 timestamp=000086 receiver=4 cavs=[4, 3, 12] pred_boxes=30 gt_boxes=50 comm_bytes=105648
frame=14/41 late_source=3/4 scenario=2026_07_29_02_32_08 timestamp=000086 receiver=6 cavs=[6, 15] pred_boxes=17 gt_boxes=23 comm_bytes=29344
frame=14/41 late_source=4/4 scenario=2026_07_29_02_32_08 timestamp=000086 receiver=9 cavs=[9, 5, 14] pred_boxes=21 gt_boxes=39 comm_bytes=91312
sgcp_late_fusion frame=14/41 scenario=2026_07_29_02_32_08 timestamp=000086 sources=4 fused_pred_boxes=64 fused_gt_boxes=70
frame=15/41 late_source=1/4 scenario=2026_07_29_02_32_08 timestamp=000088 receiver=1 cavs=[1, 2, 8] pred_boxes=31 gt_boxes=49 comm_bytes=52144
frame=15/41 late_source=2/4 scenario=2026_07_29_02_32_08 timestamp=000088 receiver=4 cavs=[4, 3, 12] pred_boxes=27 gt_boxes=50 comm_bytes=105296
frame=15/41 late_source=3/4 scenario=2026_07_29_02_32_08 timestamp=000088 receiver=6 cavs=[6, 15] pred_boxes=16 gt_boxes=23 comm_bytes=29472
frame=15/41 late_source=4/4 scenario=2026_07_29_02_32_08 timestamp=000088 receiver=9 cavs=[9, 5, 14] pred_boxes=21 gt_boxes=38 comm_bytes=92016
sgcp_late_fusion frame=15/41 scenario=2026_07_29_02_32_08 timestamp=000088 sources=4 fused_pred_boxes=65 fused_gt_boxes=70
frame=16/41 late_source=1/4 scenario=2026_07_29_02_32_08 timestamp=000090 receiver=1 cavs=[1, 2, 8] pred_boxes=32 gt_boxes=49 comm_bytes=52048
frame=16/41 late_source=2/4 scenario=2026_07_29_02_32_08 timestamp=000090 receiver=4 cavs=[4, 3, 12] pred_boxes=27 gt_boxes=51 comm_bytes=105680
frame=16/41 late_source=3/4 scenario=2026_07_29_02_32_08 timestamp=000090 receiver=6 cavs=[6, 15] pred_boxes=18 gt_boxes=23 comm_bytes=29792
frame=16/41 late_source=4/4 scenario=2026_07_29_02_32_08 timestamp=000090 receiver=9 cavs=[9, 5, 14] pred_boxes=23 gt_boxes=40 comm_bytes=92144
sgcp_late_fusion frame=16/41 scenario=2026_07_29_02_32_08 timestamp=000090 sources=4 fused_pred_boxes=66 fused_gt_boxes=71
frame=17/41 late_source=1/4 scenario=2026_07_29_02_32_08 timestamp=000092 receiver=1 cavs=[1, 2, 11] pred_boxes=28 gt_boxes=48 comm_bytes=52192
frame=17/41 late_source=2/4 scenario=2026_07_29_02_32_08 timestamp=000092 receiver=4 cavs=[4, 3, 12] pred_boxes=27 gt_boxes=50 comm_bytes=105312
frame=17/41 late_source=3/4 scenario=2026_07_29_02_32_08 timestamp=000092 receiver=6 cavs=[6, 15] pred_boxes=17 gt_boxes=23 comm_bytes=30880
frame=17/41 late_source=4/4 scenario=2026_07_29_02_32_08 timestamp=000092 receiver=9 cavs=[9, 5, 14] pred_boxes=22 gt_boxes=39 comm_bytes=92016
sgcp_late_fusion frame=17/41 scenario=2026_07_29_02_32_08 timestamp=000092 sources=4 fused_pred_boxes=64 fused_gt_boxes=71
frame=18/41 late_source=1/4 scenario=2026_07_29_02_32_08 timestamp=000094 receiver=1 cavs=[1, 2, 11] pred_boxes=31 gt_boxes=48 comm_bytes=51968
frame=18/41 late_source=2/4 scenario=2026_07_29_02_32_08 timestamp=000094 receiver=4 cavs=[4, 3, 12] pred_boxes=28 gt_boxes=51 comm_bytes=104688
frame=18/41 late_source=3/4 scenario=2026_07_29_02_32_08 timestamp=000094 receiver=6 cavs=[6, 15] pred_boxes=18 gt_boxes=25 comm_bytes=30496
frame=18/41 late_source=4/4 scenario=2026_07_29_02_32_08 timestamp=000094 receiver=9 cavs=[9, 5, 14] pred_boxes=23 gt_boxes=39 comm_bytes=93008
sgcp_late_fusion frame=18/41 scenario=2026_07_29_02_32_08 timestamp=000094 sources=4 fused_pred_boxes=67 fused_gt_boxes=71
frame=19/41 late_source=1/4 scenario=2026_07_29_02_32_08 timestamp=000096 receiver=1 cavs=[1, 2, 11] pred_boxes=27 gt_boxes=48 comm_bytes=51296
frame=19/41 late_source=2/4 scenario=2026_07_29_02_32_08 timestamp=000096 receiver=4 cavs=[4, 3, 12] pred_boxes=29 gt_boxes=51 comm_bytes=104800
frame=19/41 late_source=3/4 scenario=2026_07_29_02_32_08 timestamp=000096 receiver=6 cavs=[6, 15] pred_boxes=18 gt_boxes=25 comm_bytes=29504
frame=19/41 late_source=4/4 scenario=2026_07_29_02_32_08 timestamp=000096 receiver=9 cavs=[9, 5, 14] pred_boxes=23 gt_boxes=38 comm_bytes=94736
sgcp_late_fusion frame=19/41 scenario=2026_07_29_02_32_08 timestamp=000096 sources=4 fused_pred_boxes=65 fused_gt_boxes=71
frame=20/41 late_source=1/5 scenario=2026_07_29_02_32_08 timestamp=000098 receiver=1 cavs=[1, 2, 11] pred_boxes=26 gt_boxes=48 comm_bytes=50720
frame=20/41 late_source=2/5 scenario=2026_07_29_02_32_08 timestamp=000098 receiver=3 cavs=[3, 5, 7] pred_boxes=22 gt_boxes=46 comm_bytes=76720
frame=20/41 late_source=3/5 scenario=2026_07_29_02_32_08 timestamp=000098 receiver=4 cavs=[4, 12] pred_boxes=18 gt_boxes=41 comm_bytes=37232
frame=20/41 late_source=4/5 scenario=2026_07_29_02_32_08 timestamp=000098 receiver=6 cavs=[6, 15] pred_boxes=19 gt_boxes=26 comm_bytes=28960
frame=20/41 late_source=5/5 scenario=2026_07_29_02_32_08 timestamp=000098 receiver=9 cavs=[9, 13, 14] pred_boxes=14 gt_boxes=35 comm_bytes=91840
sgcp_late_fusion frame=20/41 scenario=2026_07_29_02_32_08 timestamp=000098 sources=5 fused_pred_boxes=68 fused_gt_boxes=71
frame=21/41 late_source=1/4 scenario=2026_07_29_02_32_08 timestamp=000100 receiver=1 cavs=[1, 2, 11] pred_boxes=29 gt_boxes=48 comm_bytes=50224
frame=21/41 late_source=2/4 scenario=2026_07_29_02_32_08 timestamp=000100 receiver=4 cavs=[4, 3, 12] pred_boxes=26 gt_boxes=51 comm_bytes=105232
frame=21/41 late_source=3/4 scenario=2026_07_29_02_32_08 timestamp=000100 receiver=6 cavs=[6, 15] pred_boxes=17 gt_boxes=29 comm_bytes=28496
frame=21/41 late_source=4/4 scenario=2026_07_29_02_32_08 timestamp=000100 receiver=9 cavs=[9, 5, 14] pred_boxes=23 gt_boxes=40 comm_bytes=94976
sgcp_late_fusion frame=21/41 scenario=2026_07_29_02_32_08 timestamp=000100 sources=4 fused_pred_boxes=62 fused_gt_boxes=71
frame=22/41 late_source=1/4 scenario=2026_07_29_02_32_08 timestamp=000102 receiver=1 cavs=[1, 2, 11] pred_boxes=29 gt_boxes=48 comm_bytes=49824
frame=22/41 late_source=2/4 scenario=2026_07_29_02_32_08 timestamp=000102 receiver=4 cavs=[4, 3, 12] pred_boxes=27 gt_boxes=51 comm_bytes=105936
frame=22/41 late_source=3/4 scenario=2026_07_29_02_32_08 timestamp=000102 receiver=6 cavs=[6, 15] pred_boxes=18 gt_boxes=28 comm_bytes=28304
frame=22/41 late_source=4/4 scenario=2026_07_29_02_32_08 timestamp=000102 receiver=9 cavs=[9, 5, 14] pred_boxes=22 gt_boxes=40 comm_bytes=94832
sgcp_late_fusion frame=22/41 scenario=2026_07_29_02_32_08 timestamp=000102 sources=4 fused_pred_boxes=65 fused_gt_boxes=71
frame=23/41 late_source=1/4 scenario=2026_07_29_02_32_08 timestamp=000104 receiver=1 cavs=[1, 2, 11] pred_boxes=30 gt_boxes=48 comm_bytes=49840
frame=23/41 late_source=2/4 scenario=2026_07_29_02_32_08 timestamp=000104 receiver=4 cavs=[4, 3, 12] pred_boxes=27 gt_boxes=50 comm_bytes=107552
frame=23/41 late_source=3/4 scenario=2026_07_29_02_32_08 timestamp=000104 receiver=6 cavs=[6, 15] pred_boxes=18 gt_boxes=28 comm_bytes=29136
frame=23/41 late_source=4/4 scenario=2026_07_29_02_32_08 timestamp=000104 receiver=9 cavs=[9, 5, 14] pred_boxes=24 gt_boxes=40 comm_bytes=94656
sgcp_late_fusion frame=23/41 scenario=2026_07_29_02_32_08 timestamp=000104 sources=4 fused_pred_boxes=66 fused_gt_boxes=71
frame=24/41 late_source=1/5 scenario=2026_07_29_02_32_08 timestamp=000106 receiver=1 cavs=[1, 2, 11] pred_boxes=29 gt_boxes=48 comm_bytes=49840
frame=24/41 late_source=2/5 scenario=2026_07_29_02_32_08 timestamp=000106 receiver=3 cavs=[3, 5, 7] pred_boxes=23 gt_boxes=46 comm_bytes=80960Format = auto
Extension = pcd
Format = auto
Extension = pcd
Format = auto
Extension = pcd
Format = auto
Extension = pcd
Format = auto
Extension = pcd
Format = auto
Extension = pcd
Format = auto
Extension = pcd
Format = auto
Extension = pcd
Format = auto
Extension = pcd
Format = auto
Extension = pcd
Format = auto
Extension = pcd
Format = auto
Extension = pcd
Format = auto
Extension = pcd
Format = auto
Extension = pcd
Format = auto
Extension = pcd
Format = auto
Extension = pcd
Format = auto
Extension = pcd
Format = auto
Extension = pcd
Format = auto
Extension = pcd
Format = auto
Extension = pcd
Format = auto
Extension = pcd
Format = auto
Extension = pcd
Format = auto
Extension = pcd
Format = auto
Extension = pcd
Format = auto
Extension = pcd
Format = auto
Extension = pcd
Format = auto
Extension = pcd
Format = auto
Extension = pcd
Format = auto
Extension = pcd
Format = auto
Extension = pcd
Format = auto
Extension = pcd
Format = auto
Extension = pcd
Format = auto
Extension = pcd
Format = auto
Extension = pcd
Format = auto
Extension = pcd
Format = auto
Extension = pcd
Format = auto
Extension = pcd
Format = auto
Extension = pcd
Format = auto
Extension = pcd
Format = auto
Extension = pcd
Format = auto
Extension = pcd
Format = auto
Extension = pcd
Format = auto
Extension = pcd
Format = auto
Extension = pcd
Format = auto
Extension = pcd
Format = auto
Extension = pcd
Format = auto
Extension = pcd
Format = auto
Extension = pcd
Format = auto
Extension = pcd
Format = auto
Extension = pcd
Format = auto
Extension = pcd
Format = auto
Extension = pcd
Format = auto
Extension = pcd
Format = auto
Extension = pcd
Format = auto
Extension = pcd
Format = auto
Extension = pcd
Format = auto
Extension = pcd
Format = auto
Extension = pcd
Format = auto
Extension = pcd
Format = auto
Extension = pcd
Format = auto
Extension = pcd
Format = auto
Extension = pcd
Format = auto
Extension = pcd
Format = auto
Extension = pcd
Format = auto
Extension = pcd
Format = auto
Extension = pcd
Format = auto
Extension = pcd
Format = auto
Extension = pcd
Format = auto
Extension = pcd
Format = auto
Extension = pcd
Format = auto
Extension = pcd
Format = auto
Extension = pcd
Format = auto
Extension = pcd
Format = auto
Extension = pcd
Format = auto
Extension = pcd
Format = auto
Extension = pcd
Format = auto
Extension = pcd
Format = auto
Extension = pcd
Format = auto
Extension = pcd
Format = auto
Extension = pcd
Format = auto
Extension = pcd
Format = auto
Extension = pcd
Format = auto
Extension = pcd
Format = auto
Extension = pcd
Format = auto
Extension = pcd
Format = auto
Extension = pcd
Format = auto
Extension = pcd
Format = auto
Extension = pcd
Format = auto
Extension = pcd
Format = auto
Extension = pcd
Format = auto
Extension = pcd
Format = auto
Extension = pcd
Format = auto
Extension = pcd
Format = auto
Extension = pcd
Format = auto
Extension = pcd
Format = auto
Extension = pcd
Format = auto
Extension = pcd
Format = auto
Extension = pcd
Format = auto
Extension = pcd
Format = auto
Extension = pcd
Format = auto
Extension = pcd
Format = auto
Extension = pcd
Format = auto
Extension = pcd
Format = auto
Extension = pcd
Format = auto
Extension = pcd
Format = auto
Extension = pcd
Format = auto
Extension = pcd
Format = auto
Extension = pcd
Format = auto
Extension = pcd
Format = auto
Extension = pcd
Format = auto
Extension = pcd
Format = auto
Extension = pcd
Format = auto
Extension = pcd
Format = auto
Extension = pcd
Format = auto
Extension = pcd
Format = auto
Extension = pcd
Format = auto
Extension = pcd
Format = auto
Extension = pcd
Format = auto
Extension = pcd
Format = auto
Extension = pcd
Format = auto
Extension = pcd
Format = auto
Extension = pcd
Format = auto
Extension = pcd
Format = auto
Extension = pcd
Format = auto
Extension = pcd
Format = auto
Extension = pcd
Format = auto
Extension = pcd
Format = auto
Extension = pcd
Format = auto
Extension = pcd
Format = auto
Extension = pcd
Format = auto
Extension = pcd
Format = auto
Extension = pcd
Format = auto
Extension = pcd
Format = auto
Extension = pcd
Format = auto
Extension = pcd
Format = auto
Extension = pcd
Format = auto
Extension = pcd
Format = auto
Extension = pcd
Format = auto
Extension = pcd
Format = auto
Extension = pcd
Format = auto
Extension = pcd
Format = auto
Extension = pcd
Format = auto
Extension = pcd
Format = auto
Extension = pcd
Format = auto
Extension = pcd
Format = auto
Extension = pcd
Format = auto
Extension = pcd
Format = auto
Extension = pcd
Format = auto
Extension = pcd
Format = auto
Extension = pcd
Format = auto
Extension = pcd
Format = auto
Extension = pcd
Format = auto
Extension = pcd
Format = auto
Extension = pcd
Format = auto
Extension = pcd
Format = auto
Extension = pcd
Format = auto
Extension = pcd
Format = auto
Extension = pcd
Format = auto
Extension = pcd
Format = auto
Extension = pcd
Format = auto
Extension = pcd
Format = auto
Extension = pcd
Format = auto
Extension = pcd
Format = auto
Extension = pcd
Format = auto
Extension = pcd

frame=24/41 late_source=3/5 scenario=2026_07_29_02_32_08 timestamp=000106 receiver=4 cavs=[4, 12] pred_boxes=16 gt_boxes=40 comm_bytes=40256
frame=24/41 late_source=4/5 scenario=2026_07_29_02_32_08 timestamp=000106 receiver=6 cavs=[6, 15] pred_boxes=21 gt_boxes=28 comm_bytes=30528
frame=24/41 late_source=5/5 scenario=2026_07_29_02_32_08 timestamp=000106 receiver=9 cavs=[9, 13, 14] pred_boxes=10 gt_boxes=32 comm_bytes=93920
sgcp_late_fusion frame=24/41 scenario=2026_07_29_02_32_08 timestamp=000106 sources=5 fused_pred_boxes=65 fused_gt_boxes=70
frame=25/41 late_source=1/5 scenario=2026_07_29_02_32_08 timestamp=000108 receiver=1 cavs=[1, 2, 11] pred_boxes=28 gt_boxes=48 comm_bytes=49776
frame=25/41 late_source=2/5 scenario=2026_07_29_02_32_08 timestamp=000108 receiver=3 cavs=[3, 5, 7] pred_boxes=18 gt_boxes=47 comm_bytes=82848
frame=25/41 late_source=3/5 scenario=2026_07_29_02_32_08 timestamp=000108 receiver=4 cavs=[4, 12] pred_boxes=16 gt_boxes=40 comm_bytes=40896
frame=25/41 late_source=4/5 scenario=2026_07_29_02_32_08 timestamp=000108 receiver=6 cavs=[6, 15] pred_boxes=20 gt_boxes=27 comm_bytes=30400
frame=25/41 late_source=5/5 scenario=2026_07_29_02_32_08 timestamp=000108 receiver=9 cavs=[9, 13, 14] pred_boxes=14 gt_boxes=32 comm_bytes=93648
sgcp_late_fusion frame=25/41 scenario=2026_07_29_02_32_08 timestamp=000108 sources=5 fused_pred_boxes=65 fused_gt_boxes=70
frame=26/41 late_source=1/4 scenario=2026_07_29_02_32_08 timestamp=000110 receiver=1 cavs=[1, 2, 11] pred_boxes=28 gt_boxes=48 comm_bytes=49792
frame=26/41 late_source=2/4 scenario=2026_07_29_02_32_08 timestamp=000110 receiver=5 cavs=[5, 3, 12] pred_boxes=24 gt_boxes=43 comm_bytes=96144
frame=26/41 late_source=3/4 scenario=2026_07_29_02_32_08 timestamp=000110 receiver=6 cavs=[6, 15] pred_boxes=20 gt_boxes=27 comm_bytes=30592
frame=26/41 late_source=4/4 scenario=2026_07_29_02_32_08 timestamp=000110 receiver=9 cavs=[9, 13, 14] pred_boxes=12 gt_boxes=32 comm_bytes=93648
sgcp_late_fusion frame=26/41 scenario=2026_07_29_02_32_08 timestamp=000110 sources=4 fused_pred_boxes=61 fused_gt_boxes=69
frame=27/41 late_source=1/4 scenario=2026_07_29_02_32_08 timestamp=000112 receiver=1 cavs=[1, 2, 11] pred_boxes=29 gt_boxes=48 comm_bytes=49648
frame=27/41 late_source=2/4 scenario=2026_07_29_02_32_08 timestamp=000112 receiver=5 cavs=[5, 3, 12] pred_boxes=34 gt_boxes=44 comm_bytes=95360
frame=27/41 late_source=3/4 scenario=2026_07_29_02_32_08 timestamp=000112 receiver=6 cavs=[6, 15] pred_boxes=19 gt_boxes=27 comm_bytes=31104
frame=27/41 late_source=4/4 scenario=2026_07_29_02_32_08 timestamp=000112 receiver=9 cavs=[9, 13, 14] pred_boxes=13 gt_boxes=32 comm_bytes=92992
sgcp_late_fusion frame=27/41 scenario=2026_07_29_02_32_08 timestamp=000112 sources=4 fused_pred_boxes=67 fused_gt_boxes=69
frame=28/41 late_source=1/4 scenario=2026_07_29_02_32_08 timestamp=000114 receiver=1 cavs=[1, 2, 11] pred_boxes=30 gt_boxes=48 comm_bytes=49504
frame=28/41 late_source=2/4 scenario=2026_07_29_02_32_08 timestamp=000114 receiver=5 cavs=[5, 4, 12] pred_boxes=29 gt_boxes=53 comm_bytes=94800
frame=28/41 late_source=3/4 scenario=2026_07_29_02_32_08 timestamp=000114 receiver=6 cavs=[6, 15] pred_boxes=20 gt_boxes=27 comm_bytes=31408
frame=28/41 late_source=4/4 scenario=2026_07_29_02_32_08 timestamp=000114 receiver=9 cavs=[9, 13, 14] pred_boxes=13 gt_boxes=32 comm_bytes=94944
sgcp_late_fusion frame=28/41 scenario=2026_07_29_02_32_08 timestamp=000114 sources=4 fused_pred_boxes=63 fused_gt_boxes=68
frame=29/41 late_source=1/4 scenario=2026_07_29_02_32_08 timestamp=000116 receiver=1 cavs=[1, 2, 11] pred_boxes=29 gt_boxes=48 comm_bytes=49568
frame=29/41 late_source=2/4 scenario=2026_07_29_02_32_08 timestamp=000116 receiver=5 cavs=[5, 4, 12] pred_boxes=32 gt_boxes=52 comm_bytes=95152
frame=29/41 late_source=3/4 scenario=2026_07_29_02_32_08 timestamp=000116 receiver=6 cavs=[6, 15] pred_boxes=20 gt_boxes=28 comm_bytes=32096
frame=29/41 late_source=4/4 scenario=2026_07_29_02_32_08 timestamp=000116 receiver=9 cavs=[9, 13, 14] pred_boxes=14 gt_boxes=30 comm_bytes=95408
sgcp_late_fusion frame=29/41 scenario=2026_07_29_02_32_08 timestamp=000116 sources=4 fused_pred_boxes=64 fused_gt_boxes=68
frame=30/41 late_source=1/4 scenario=2026_07_29_02_32_08 timestamp=000118 receiver=1 cavs=[1, 2, 11] pred_boxes=28 gt_boxes=48 comm_bytes=49344
frame=30/41 late_source=2/4 scenario=2026_07_29_02_32_08 timestamp=000118 receiver=5 cavs=[5, 3, 12] pred_boxes=28 gt_boxes=43 comm_bytes=95520
frame=30/41 late_source=3/4 scenario=2026_07_29_02_32_08 timestamp=000118 receiver=6 cavs=[6, 15] pred_boxes=20 gt_boxes=28 comm_bytes=32048
frame=30/41 late_source=4/4 scenario=2026_07_29_02_32_08 timestamp=000118 receiver=9 cavs=[9, 13, 14] pred_boxes=13 gt_boxes=30 comm_bytes=95024
sgcp_late_fusion frame=30/41 scenario=2026_07_29_02_32_08 timestamp=000118 sources=4 fused_pred_boxes=65 fused_gt_boxes=68
frame=31/41 late_source=1/4 scenario=2026_07_29_02_32_08 timestamp=000120 receiver=1 cavs=[1, 2, 11] pred_boxes=28 gt_boxes=48 comm_bytes=49360
frame=31/41 late_source=2/4 scenario=2026_07_29_02_32_08 timestamp=000120 receiver=5 cavs=[5, 3, 12] pred_boxes=29 gt_boxes=43 comm_bytes=95264
frame=31/41 late_source=3/4 scenario=2026_07_29_02_32_08 timestamp=000120 receiver=6 cavs=[6, 15] pred_boxes=20 gt_boxes=28 comm_bytes=32240
frame=31/41 late_source=4/4 scenario=2026_07_29_02_32_08 timestamp=000120 receiver=9 cavs=[9, 13, 14] pred_boxes=13 gt_boxes=30 comm_bytes=93760
sgcp_late_fusion frame=31/41 scenario=2026_07_29_02_32_08 timestamp=000120 sources=4 fused_pred_boxes=66 fused_gt_boxes=68
frame=32/41 late_source=1/4 scenario=2026_07_29_02_32_08 timestamp=000122 receiver=1 cavs=[1, 2, 11] pred_boxes=29 gt_boxes=47 comm_bytes=49312
frame=32/41 late_source=2/4 scenario=2026_07_29_02_32_08 timestamp=000122 receiver=5 cavs=[5, 7, 12] pred_boxes=28 gt_boxes=50 comm_bytes=95488
frame=32/41 late_source=3/4 scenario=2026_07_29_02_32_08 timestamp=000122 receiver=6 cavs=[6, 15] pred_boxes=20 gt_boxes=29 comm_bytes=32016
frame=32/41 late_source=4/4 scenario=2026_07_29_02_32_08 timestamp=000122 receiver=9 cavs=[9, 13, 14] pred_boxes=12 gt_boxes=30 comm_bytes=93456
sgcp_late_fusion frame=32/41 scenario=2026_07_29_02_32_08 timestamp=000122 sources=4 fused_pred_boxes=66 fused_gt_boxes=68
frame=33/41 late_source=1/4 scenario=2026_07_29_02_32_08 timestamp=000124 receiver=1 cavs=[1, 2, 11] pred_boxes=28 gt_boxes=46 comm_bytes=49392
frame=33/41 late_source=2/4 scenario=2026_07_29_02_32_08 timestamp=000124 receiver=5 cavs=[5, 7, 12] pred_boxes=25 gt_boxes=49 comm_bytes=96480
frame=33/41 late_source=3/4 scenario=2026_07_29_02_32_08 timestamp=000124 receiver=6 cavs=[6, 15] pred_boxes=20 gt_boxes=30 comm_bytes=32320
frame=33/41 late_source=4/4 scenario=2026_07_29_02_32_08 timestamp=000124 receiver=9 cavs=[9, 13, 14] pred_boxes=13 gt_boxes=30 comm_bytes=94768
sgcp_late_fusion frame=33/41 scenario=2026_07_29_02_32_08 timestamp=000124 sources=4 fused_pred_boxes=64 fused_gt_boxes=68
frame=34/41 late_source=1/4 scenario=2026_07_29_02_32_08 timestamp=000126 receiver=1 cavs=[1, 2, 11] pred_boxes=28 gt_boxes=46 comm_bytes=49776
frame=34/41 late_source=2/4 scenario=2026_07_29_02_32_08 timestamp=000126 receiver=5 cavs=[5, 7, 12] pred_boxes=23 gt_boxes=48 comm_bytes=97248
frame=34/41 late_source=3/4 scenario=2026_07_29_02_32_08 timestamp=000126 receiver=6 cavs=[6, 15] pred_boxes=22 gt_boxes=31 comm_bytes=32256
frame=34/41 late_source=4/4 scenario=2026_07_29_02_32_08 timestamp=000126 receiver=9 cavs=[9, 13, 14] pred_boxes=11 gt_boxes=30 comm_bytes=95264
sgcp_late_fusion frame=34/41 scenario=2026_07_29_02_32_08 timestamp=000126 sources=4 fused_pred_boxes=63 fused_gt_boxes=68
frame=35/41 late_source=1/4 scenario=2026_07_29_02_32_08 timestamp=000128 receiver=1 cavs=[1, 2, 11] pred_boxes=30 gt_boxes=46 comm_bytes=49936
frame=35/41 late_source=2/4 scenario=2026_07_29_02_32_08 timestamp=000128 receiver=5 cavs=[5, 7, 12] pred_boxes=25 gt_boxes=48 comm_bytes=98192
frame=35/41 late_source=3/4 scenario=2026_07_29_02_32_08 timestamp=000128 receiver=6 cavs=[6, 15] pred_boxes=19 gt_boxes=30 comm_bytes=32832
frame=35/41 late_source=4/4 scenario=2026_07_29_02_32_08 timestamp=000128 receiver=9 cavs=[9, 13, 14] pred_boxes=13 gt_boxes=29 comm_bytes=95856Format = auto
Extension = pcd
Format = auto
Extension = pcd
Format = auto
Extension = pcd
Format = auto
Extension = pcd
Format = auto
Extension = pcd
Format = auto
Extension = pcd
Format = auto
Extension = pcd
Format = auto
Extension = pcd
Format = auto
Extension = pcd
Format = auto
Extension = pcd
Format = auto
Extension = pcd
Format = auto
Extension = pcd
Format = auto
Extension = pcd
Format = auto
Extension = pcd
Format = auto
Extension = pcd
Format = auto
Extension = pcd
Format = auto
Extension = pcd
Format = auto
Extension = pcd
Format = auto
Extension = pcd
Format = auto
Extension = pcd
Format = auto
Extension = pcd
Format = auto
Extension = pcd
Format = auto
Extension = pcd
Format = auto
Extension = pcd
Format = auto
Extension = pcd
Format = auto
Extension = pcd
Format = auto
Extension = pcd
Format = auto
Extension = pcd
Format = auto
Extension = pcd
Format = auto
Extension = pcd
Format = auto
Extension = pcd
Format = auto
Extension = pcd
Format = auto
Extension = pcd
Format = auto
Extension = pcd
Format = auto
Extension = pcd
Format = auto
Extension = pcd
Format = auto
Extension = pcd
Format = auto
Extension = pcd
Format = auto
Extension = pcd
Format = auto
Extension = pcd
Format = auto
Extension = pcd
Format = auto
Extension = pcd
Format = auto
Extension = pcd
Format = auto
Extension = pcd
Format = auto
Extension = pcd
Format = auto
Extension = pcd
Format = auto
Extension = pcd
Format = auto
Extension = pcd
Format = auto
Extension = pcd
Format = auto
Extension = pcd
Format = auto
Extension = pcd
Format = auto
Extension = pcd
Format = auto
Extension = pcd
Format = auto
Extension = pcd
Format = auto
Extension = pcd
Format = auto
Extension = pcd
Format = auto
Extension = pcd
Format = auto
Extension = pcd
Format = auto
Extension = pcd
Format = auto
Extension = pcd
Format = auto
Extension = pcd
Format = auto
Extension = pcd
Format = auto
Extension = pcd
Format = auto
Extension = pcd
Format = auto
Extension = pcd
Format = auto
Extension = pcd
Format = auto
Extension = pcd
Format = auto
Extension = pcd
Format = auto
Extension = pcd
Format = auto
Extension = pcd
Format = auto
Extension = pcd
Format = auto
Extension = pcd
Format = auto
Extension = pcd
Format = auto
Extension = pcd
Format = auto
Extension = pcd
Format = auto
Extension = pcd
Format = auto
Extension = pcd
Format = auto
Extension = pcd
Format = auto
Extension = pcd
Format = auto
Extension = pcd
Format = auto
Extension = pcd
Format = auto
Extension = pcd
Format = auto
Extension = pcd
Format = auto
Extension = pcd
Format = auto
Extension = pcd
Format = auto
Extension = pcd
Format = auto
Extension = pcd
Format = auto
Extension = pcd
Format = auto
Extension = pcd
Format = auto
Extension = pcd
C:\Users\sakakibara\miniconda3\envs\opencda\lib\site-packages\torch\nn\functional.py:1806: UserWarning: nn.functional.sigmoid is deprecated. Use torch.sigmoid instead.
  warnings.warn("nn.functional.sigmoid is deprecated. Use torch.sigmoid instead.")

sgcp_late_fusion frame=35/41 scenario=2026_07_29_02_32_08 timestamp=000128 sources=4 fused_pred_boxes=63 fused_gt_boxes=68
frame=36/41 late_source=1/4 scenario=2026_07_29_02_32_08 timestamp=000130 receiver=1 cavs=[1, 2, 11] pred_boxes=31 gt_boxes=45 comm_bytes=49936
frame=36/41 late_source=2/4 scenario=2026_07_29_02_32_08 timestamp=000130 receiver=5 cavs=[5, 7, 12] pred_boxes=26 gt_boxes=46 comm_bytes=101456
frame=36/41 late_source=3/4 scenario=2026_07_29_02_32_08 timestamp=000130 receiver=6 cavs=[6, 15] pred_boxes=20 gt_boxes=29 comm_bytes=32720
frame=36/41 late_source=4/4 scenario=2026_07_29_02_32_08 timestamp=000130 receiver=9 cavs=[9, 13, 14] pred_boxes=11 gt_boxes=30 comm_bytes=94400
sgcp_late_fusion frame=36/41 scenario=2026_07_29_02_32_08 timestamp=000130 sources=4 fused_pred_boxes=63 fused_gt_boxes=67
frame=37/41 late_source=1/5 scenario=2026_07_29_02_32_08 timestamp=000132 receiver=1 cavs=[1, 2] pred_boxes=24 gt_boxes=44 comm_bytes=33936
frame=37/41 late_source=2/5 scenario=2026_07_29_02_32_08 timestamp=000132 receiver=5 cavs=[5, 7, 12] pred_boxes=26 gt_boxes=46 comm_bytes=102688
frame=37/41 late_source=3/5 scenario=2026_07_29_02_32_08 timestamp=000132 receiver=6 cavs=[6, 15] pred_boxes=20 gt_boxes=29 comm_bytes=33264
frame=37/41 late_source=4/5 scenario=2026_07_29_02_32_08 timestamp=000132 receiver=8 cavs=[8, 11] pred_boxes=33 gt_boxes=45 comm_bytes=45696
frame=37/41 late_source=5/5 scenario=2026_07_29_02_32_08 timestamp=000132 receiver=9 cavs=[9, 13, 14] pred_boxes=12 gt_boxes=29 comm_bytes=94896
sgcp_late_fusion frame=37/41 scenario=2026_07_29_02_32_08 timestamp=000132 sources=5 fused_pred_boxes=67 fused_gt_boxes=67
frame=38/41 late_source=1/5 scenario=2026_07_29_02_32_08 timestamp=000134 receiver=1 cavs=[1, 2] pred_boxes=24 gt_boxes=44 comm_bytes=33904
frame=38/41 late_source=2/5 scenario=2026_07_29_02_32_08 timestamp=000134 receiver=5 cavs=[5, 7, 12] pred_boxes=26 gt_boxes=46 comm_bytes=103632
frame=38/41 late_source=3/5 scenario=2026_07_29_02_32_08 timestamp=000134 receiver=6 cavs=[6, 15] pred_boxes=24 gt_boxes=31 comm_bytes=32992
frame=38/41 late_source=4/5 scenario=2026_07_29_02_32_08 timestamp=000134 receiver=8 cavs=[8, 11] pred_boxes=33 gt_boxes=45 comm_bytes=45728
frame=38/41 late_source=5/5 scenario=2026_07_29_02_32_08 timestamp=000134 receiver=9 cavs=[9, 13, 14] pred_boxes=10 gt_boxes=30 comm_bytes=95376
sgcp_late_fusion frame=38/41 scenario=2026_07_29_02_32_08 timestamp=000134 sources=5 fused_pred_boxes=66 fused_gt_boxes=67
frame=39/41 late_source=1/5 scenario=2026_07_29_02_32_08 timestamp=000136 receiver=1 cavs=[1, 2] pred_boxes=25 gt_boxes=45 comm_bytes=34096
frame=39/41 late_source=2/5 scenario=2026_07_29_02_32_08 timestamp=000136 receiver=5 cavs=[5, 7, 12] pred_boxes=27 gt_boxes=46 comm_bytes=104464
frame=39/41 late_source=3/5 scenario=2026_07_29_02_32_08 timestamp=000136 receiver=6 cavs=[6, 15] pred_boxes=21 gt_boxes=31 comm_bytes=32512
frame=39/41 late_source=4/5 scenario=2026_07_29_02_32_08 timestamp=000136 receiver=8 cavs=[8, 11] pred_boxes=31 gt_boxes=45 comm_bytes=45696
frame=39/41 late_source=5/5 scenario=2026_07_29_02_32_08 timestamp=000136 receiver=9 cavs=[9, 13, 14] pred_boxes=13 gt_boxes=30 comm_bytes=95632
sgcp_late_fusion frame=39/41 scenario=2026_07_29_02_32_08 timestamp=000136 sources=5 fused_pred_boxes=65 fused_gt_boxes=67
frame=40/41 late_source=1/5 scenario=2026_07_29_02_32_08 timestamp=000138 receiver=1 cavs=[1, 2] pred_boxes=25 gt_boxes=46 comm_bytes=34240
frame=40/41 late_source=2/5 scenario=2026_07_29_02_32_08 timestamp=000138 receiver=5 cavs=[5, 7, 12] pred_boxes=24 gt_boxes=46 comm_bytes=105472
frame=40/41 late_source=3/5 scenario=2026_07_29_02_32_08 timestamp=000138 receiver=6 cavs=[6, 15] pred_boxes=23 gt_boxes=31 comm_bytes=33120
frame=40/41 late_source=4/5 scenario=2026_07_29_02_32_08 timestamp=000138 receiver=8 cavs=[8, 11] pred_boxes=31 gt_boxes=46 comm_bytes=45568
frame=40/41 late_source=5/5 scenario=2026_07_29_02_32_08 timestamp=000138 receiver=9 cavs=[9, 13, 14] pred_boxes=14 gt_boxes=30 comm_bytes=95952
sgcp_late_fusion frame=40/41 scenario=2026_07_29_02_32_08 timestamp=000138 sources=5 fused_pred_boxes=64 fused_gt_boxes=67
frame=41/41 late_source=1/5 scenario=2026_07_29_02_32_08 timestamp=000140 receiver=1 cavs=[1, 2] pred_boxes=25 gt_boxes=45 comm_bytes=34464
frame=41/41 late_source=2/5 scenario=2026_07_29_02_32_08 timestamp=000140 receiver=5 cavs=[5, 7, 12] pred_boxes=29 gt_boxes=46 comm_bytes=106528
frame=41/41 late_source=3/5 scenario=2026_07_29_02_32_08 timestamp=000140 receiver=6 cavs=[6, 15] pred_boxes=20 gt_boxes=30 comm_bytes=32848
frame=41/41 late_source=4/5 scenario=2026_07_29_02_32_08 timestamp=000140 receiver=8 cavs=[8, 11] pred_boxes=32 gt_boxes=45 comm_bytes=45568
frame=41/41 late_source=5/5 scenario=2026_07_29_02_32_08 timestamp=000140 receiver=9 cavs=[9, 13, 14] pred_boxes=13 gt_boxes=29 comm_bytes=95840
sgcp_late_fusion frame=41/41 scenario=2026_07_29_02_32_08 timestamp=000140 sources=5 fused_pred_boxes=64 fused_gt_boxes=66
cp counter: 41
Evaluate final average precision results:
  - Fusion method: early
  - The Average Precision at IOU 0.3 is 0.80, The Average Precision at IOU 0.5 is 0.74, The Average Precision at IOU 0.7 is 0.52
sgcp_summary frames=172 avg_comm_bytes=68440.09 total_comm_bytes=11771696 avg_source_cavs=2.69 avg_selected_grids=51.59
