Format = auto
Extension = pcd
Format = auto
Extension = pcd
Format = auto
Extension = pcd
Format = auto
Extension = pcd
Format = auto
Extension = pcd
Format = auto
Extension = pcd
Format = auto
Extension = pcd
Format = auto
Extension = pcd
Format = auto
Extension = pcd
Format = auto
Extension = pcd
Format = auto
Extension = pcd
Format = auto
Extension = pcd
Format = auto
Extension = pcd
Format = auto
Extension = pcd
Format = auto
Extension = pcd
Format = auto
Extension = pcd
Format = auto
Extension = pcd
Format = auto
Extension = pcd
Format = auto
Extension = pcd
Format = auto
Extension = pcd
Format = auto
Extension = pcd
Format = auto
Extension = pcd
Format = auto
Extension = pcd
Format = auto
Extension = pcd
Format = auto
Extension = pcd
Format = auto
Extension = pcd
Format = auto
Extension = pcd
Format = auto
Extension = pcd
Format = auto
Extension = pcd
Format = auto
Extension = pcd
Format = auto
Extension = pcd
Format = auto
Extension = pcd
Format = auto
Extension = pcd
Format = auto
Extension = pcd
Format = auto
Extension = pcd
Format = auto
Extension = pcd
Format = auto
Extension = pcd
Format = auto
Extension = pcd
Format = auto
Extension = pcd
Format = auto
Extension = pcd
Format = auto
Extension = pcd
Format = auto
Extension = pcd
Format = auto
Extension = pcd
Format = auto
Extension = pcd
Format = auto
Extension = pcd
Format = auto
Extension = pcd
Format = auto
Extension = pcd
Format = auto
Extension = pcd
Format = auto
Extension = pcd
Format = auto
Extension = pcd
Format = auto
Extension = pcd
Format = auto
Extension = pcd
Format = auto
Extension = pcd
Format = auto
Extension = pcd
Format = auto
Extension = pcd
Format = auto
Extension = pcd
Format = auto
Extension = pcd
Format = auto
Extension = pcd
Format = auto
Extension = pcd
Format = auto
Extension = pcd
Format = auto
Extension = pcd
Format = auto
Extension = pcd
Format = auto
Extension = pcd
Format = auto
Extension = pcd
Format = auto
Extension = pcd
Format = auto
Extension = pcd
Format = auto
Extension = pcd
Format = auto
Extension = pcd
Format = auto
Extension = pcd
Format = auto
Extension = pcd
Format = auto
Extension = pcd
Format = auto
Extension = pcd
Format = auto
Extension = pcd
Format = auto
Extension = pcd
Format = auto
Extension = pcd
Format = auto
Extension = pcd
Format = auto
Extension = pcd
Format = auto
Extension = pcd
Format = auto
Extension = pcd
Format = auto
Extension = pcd
Format = auto
Extension = pcd
Format = auto
Extension = pcd
Format = auto
Extension = pcd
Format = auto
Extension = pcd
Format = auto
Extension = pcd
Format = auto
Extension = pcd
Format = auto
Extension = pcd
Format = auto
Extension = pcd
Format = auto
Extension = pcd
Format = auto
Extension = pcd
Format = auto
Extension = pcd
Format = auto
Extension = pcd
Format = auto
Extension = pcd
Format = auto
Extension = pcd
Format = auto
Extension = pcd
Format = auto
Extension = pcd
Format = auto
Extension = pcd
Format = auto
Extension = pcd
Format = auto
Extension = pcd
Format = auto
Extension = pcd
Format = auto
Extension = pcd
Format = auto
Extension = pcd
Format = auto
Extension = pcd
Format = auto
Extension = pcd
Format = auto
Extension = pcd
Format = auto
Extension = pcd
Format = auto
Extension = pcd
Format = auto
Extension = pcd
Format = auto
Extension = pcd
Format = auto
Extension = pcd
Format = auto
Extension = pcd
Format = auto
Extension = pcd
Format = auto
Extension = pcd
Format = auto
Extension = pcd
Format = auto
Extension = pcd
Format = auto
Extension = pcd
Format = auto
Extension = pcd
Format = auto
Extension = pcd
Format = auto
Extension = pcd
Format = auto
Extension = pcd
Format = auto
Extension = pcd
Format = auto
Extension = pcd
Format = auto
Extension = pcd
Format = auto
Extension = pcd
Format = auto
Extension = pcd
Format = auto
Extension = pcd
Format = auto
Extension = pcd
Format = auto
Extension = pcd
Format = auto
Extension = pcd
Format = auto
Extension = pcd
Format = auto
Extension = pcd
Format = auto
Extension = pcd
Format = auto
Extension = pcd
Format = auto
Extension = pcd
Format = auto
Extension = pcd
Format = auto
Extension = pcd
Format = auto
Extension = pcd
Format = auto
Extension = pcd
Format = auto
Extension = pcd
Format = auto
Extension = pcd
Format = auto
Extension = pcd
Format = auto
Extension = pcd
Format = auto
Extension = pcd
Format = auto
Extension = pcd
Format = auto
Extension = pcd
Format = auto
Extension = pcd
Format = auto
Extension = pcd
Format = auto
Extension = pcd
Format = auto
Extension = pcd
Format = auto
Extension = pcd
Format = auto
Extension = pcd
Format = auto
Extension = pcd
Format = auto
Extension = pcd
Format = auto
Extension = pcd
Format = auto
Extension = pcd
Format = auto
Extension = pcd
Format = auto
Extension = pcd
Format = auto
Extension = pcd
Format = auto
Extension = pcd
Format = auto
Extension = pcd
resuming by loading epoch 10000
frame=1/41 late_source=1/7 scenario=2026_07_29_02_32_08 timestamp=000060 receiver=1 cavs=[1, 2, 8, 11] pred_boxes=34 gt_boxes=72 comm_bytes=65232
frame=1/41 late_source=2/7 scenario=2026_07_29_02_32_08 timestamp=000060 receiver=10 cavs=[10, 9] pred_boxes=18 gt_boxes=72 comm_bytes=21408
frame=1/41 late_source=3/7 scenario=2026_07_29_02_32_08 timestamp=000060 receiver=12 cavs=[12, 4, 7] pred_boxes=31 gt_boxes=72 comm_bytes=64208
frame=1/41 late_source=4/7 scenario=2026_07_29_02_32_08 timestamp=000060 receiver=13 cavs=[13, 14, 19] pred_boxes=6 gt_boxes=72 comm_bytes=93728
frame=1/41 late_source=5/7 scenario=2026_07_29_02_32_08 timestamp=000060 receiver=15 cavs=[15, 6] pred_boxes=17 gt_boxes=72 comm_bytes=44400
frame=1/41 late_source=6/7 scenario=2026_07_29_02_32_08 timestamp=000060 receiver=16 cavs=[16, 5, 20] pred_boxes=22 gt_boxes=72 comm_bytes=38848
frame=1/41 late_source=7/7 scenario=2026_07_29_02_32_08 timestamp=000060 receiver=17 cavs=[17, 3, 18] pred_boxes=10 gt_boxes=72 comm_bytes=59648
sgcp_late_fusion frame=1/41 scenario=2026_07_29_02_32_08 timestamp=000060 sources=7 fused_pred_boxes=68 fused_gt_boxes=72
frame=2/41 late_source=1/7 scenario=2026_07_29_02_32_08 timestamp=000062 receiver=1 cavs=[1, 2, 8, 11] pred_boxes=32 gt_boxes=72 comm_bytes=66208
frame=2/41 late_source=2/7 scenario=2026_07_29_02_32_08 timestamp=000062 receiver=10 cavs=[10, 9] pred_boxes=22 gt_boxes=72 comm_bytes=21232
frame=2/41 late_source=3/7 scenario=2026_07_29_02_32_08 timestamp=000062 receiver=12 cavs=[12, 4, 7] pred_boxes=34 gt_boxes=72 comm_bytes=63600
frame=2/41 late_source=4/7 scenario=2026_07_29_02_32_08 timestamp=000062 receiver=13 cavs=[13, 14, 19] pred_boxes=6 gt_boxes=72 comm_bytes=93424
frame=2/41 late_source=5/7 scenario=2026_07_29_02_32_08 timestamp=000062 receiver=15 cavs=[15, 6] pred_boxes=15 gt_boxes=72 comm_bytes=44592
frame=2/41 late_source=6/7 scenario=2026_07_29_02_32_08 timestamp=000062 receiver=16 cavs=[16, 5, 20] pred_boxes=22 gt_boxes=72 comm_bytes=38944
frame=2/41 late_source=7/7 scenario=2026_07_29_02_32_08 timestamp=000062 receiver=17 cavs=[17, 3, 18] pred_boxes=10 gt_boxes=72 comm_bytes=59264
sgcp_late_fusion frame=2/41 scenario=2026_07_29_02_32_08 timestamp=000062 sources=7 fused_pred_boxes=70 fused_gt_boxes=72
frame=3/41 late_source=1/7 scenario=2026_07_29_02_32_08 timestamp=000064 receiver=1 cavs=[1, 2, 8, 11] pred_boxes=31 gt_boxes=72 comm_bytes=65632
frame=3/41 late_source=2/7 scenario=2026_07_29_02_32_08 timestamp=000064 receiver=10 cavs=[10, 9] pred_boxes=25 gt_boxes=72 comm_bytes=20944
frame=3/41 late_source=3/7 scenario=2026_07_29_02_32_08 timestamp=000064 receiver=12 cavs=[12, 4, 7] pred_boxes=29 gt_boxes=72 comm_bytes=61712
frame=3/41 late_source=4/7 scenario=2026_07_29_02_32_08 timestamp=000064 receiver=13 cavs=[13, 14, 19] pred_boxes=4 gt_boxes=72 comm_bytes=94432
frame=3/41 late_source=5/7 scenario=2026_07_29_02_32_08 timestamp=000064 receiver=15 cavs=[15, 6] pred_boxes=18 gt_boxes=72 comm_bytes=45072
frame=3/41 late_source=6/7 scenario=2026_07_29_02_32_08 timestamp=000064 receiver=16 cavs=[16, 5, 20] pred_boxes=22 gt_boxes=72 comm_bytes=39104
frame=3/41 late_source=7/7 scenario=2026_07_29_02_32_08 timestamp=000064 receiver=17 cavs=[17, 3, 18] pred_boxes=9 gt_boxes=72 comm_bytes=59328
sgcp_late_fusion frame=3/41 scenario=2026_07_29_02_32_08 timestamp=000064 sources=7 fused_pred_boxes=71 fused_gt_boxes=72
frame=4/41 late_source=1/6 scenario=2026_07_29_02_32_08 timestamp=000066 receiver=1 cavs=[1, 2, 8, 11] pred_boxes=32 gt_boxes=72 comm_bytes=65424
frame=4/41 late_source=2/6 scenario=2026_07_29_02_32_08 timestamp=000066 receiver=12 cavs=[12, 4, 7] pred_boxes=31 gt_boxes=72 comm_bytes=60368
frame=4/41 late_source=3/6 scenario=2026_07_29_02_32_08 timestamp=000066 receiver=15 cavs=[15, 6] pred_boxes=19 gt_boxes=72 comm_bytes=46080
frame=4/41 late_source=4/6 scenario=2026_07_29_02_32_08 timestamp=000066 receiver=16 cavs=[16, 5, 20] pred_boxes=21 gt_boxes=72 comm_bytes=39280
frame=4/41 late_source=5/6 scenario=2026_07_29_02_32_08 timestamp=000066 receiver=17 cavs=[17, 3, 14, 18] pred_boxes=8 gt_boxes=72 comm_bytes=121904
frame=4/41 late_source=6/6 scenario=2026_07_29_02_32_08 timestamp=000066 receiver=19 cavs=[19, 9, 10, 13] pred_boxes=14 gt_boxes=72 comm_bytes=52560
sgcp_late_fusion frame=4/41 scenario=2026_07_29_02_32_08 timestamp=000066 sources=6 fused_pred_boxes=69 fused_gt_boxes=72
frame=5/41 late_source=1/6 scenario=2026_07_29_02_32_08 timestamp=000068 receiver=1 cavs=[1, 4, 12] pred_boxes=36 gt_boxes=72 comm_bytes=90160
frame=5/41 late_source=2/6 scenario=2026_07_29_02_32_08 timestamp=000068 receiver=11 cavs=[11, 2, 8, 19] pred_boxes=33 gt_boxes=72 comm_bytes=79440
frame=5/41 late_source=3/6 scenario=2026_07_29_02_32_08 timestamp=000068 receiver=13 cavs=[13, 9, 10, 14] pred_boxes=12 gt_boxes=72 comm_bytes=100096
frame=5/41 late_source=4/6 scenario=2026_07_29_02_32_08 timestamp=000068 receiver=15 cavs=[15, 6] pred_boxes=18 gt_boxes=72 comm_bytes=46528
frame=5/41 late_source=5/6 scenario=2026_07_29_02_32_08 timestamp=000068 receiver=16 cavs=[16, 5, 7, 20] pred_boxes=27 gt_boxes=72 comm_bytes=50224
frame=5/41 late_source=6/6 scenario=2026_07_29_02_32_08 timestamp=000068 receiver=17 cavs=[17, 3, 18] pred_boxes=9 gt_boxes=72 comm_bytes=60592
sgcp_late_fusion frame=5/41 scenario=2026_07_29_02_32_08 timestamp=000068 sources=6 fused_pred_boxes=73 fused_gt_boxes=72
frame=6/41 late_source=1/6 scenario=2026_07_29_02_32_08 timestamp=000070 receiver=11 cavs=[11, 1, 2, 19] pred_boxes=32 gt_boxes=72 comm_bytes=73328
frame=6/41 late_source=2/6 scenario=2026_07_29_02_32_08 timestamp=000070 receiver=12 cavs=[12, 4, 7, 8] pred_boxes=35 gt_boxes=72 comm_bytes=74464
frame=6/41 late_source=3/6 scenario=2026_07_29_02_32_08 timestamp=000070 receiver=13 cavs=[13, 9, 10, 14] pred_boxes=18 gt_boxes=72 comm_bytes=101696
frame=6/41 late_source=4/6 scenario=2026_07_29_02_32_08 timestamp=000070 receiver=15 cavs=[15, 6] pred_boxes=18 gt_boxes=72 comm_bytes=46864
frame=6/41 late_source=5/6 scenario=2026_07_29_02_32_08 timestamp=000070 receiver=16 cavs=[16, 5, 20] pred_boxes=19 gt_boxes=72 comm_bytes=39040
frame=6/41 late_source=6/6 scenario=2026_07_29_02_32_08 timestamp=000070 receiver=17 cavs=[17, 3, 18] pred_boxes=9 gt_boxes=72 comm_bytes=61344
sgcp_late_fusion frame=6/41 scenario=2026_07_29_02_32_08 timestamp=000070 sources=6 fused_pred_boxes=71 fused_gt_boxes=72
frame=7/41 late_source=1/6 scenario=2026_07_29_02_32_08 timestamp=000072 receiver=11 cavs=[11, 1, 2, 19] pred_boxes=28 gt_boxes=71 comm_bytes=73376
frame=7/41 late_source=2/6 scenario=2026_07_29_02_32_08 timestamp=000072 receiver=12 cavs=[12, 4, 7, 8] pred_boxes=39 gt_boxes=71 comm_bytes=71888
frame=7/41 late_source=3/6 scenario=2026_07_29_02_32_08 timestamp=000072 receiver=13 cavs=[13, 9, 10, 14] pred_boxes=17 gt_boxes=71 comm_bytes=101360
frame=7/41 late_source=4/6 scenario=2026_07_29_02_32_08 timestamp=000072 receiver=15 cavs=[15, 6] pred_boxes=18 gt_boxes=71 comm_bytes=46768
frame=7/41 late_source=5/6 scenario=2026_07_29_02_32_08 timestamp=000072 receiver=16 cavs=[16, 5, 20] pred_boxes=21 gt_boxes=71 comm_bytes=38512
frame=7/41 late_source=6/6 scenario=2026_07_29_02_32_08 timestamp=000072 receiver=17 cavs=[17, 3, 18] pred_boxes=7 gt_boxes=71 comm_bytes=63200
sgcp_late_fusion frame=7/41 scenario=2026_07_29_02_32_08 timestamp=000072 sources=6 fused_pred_boxes=68 fused_gt_boxes=71
frame=8/41 late_source=1/6 scenario=2026_07_29_02_32_08 timestamp=000074 receiver=4 cavs=[4, 8, 12] pred_boxes=30 gt_boxes=70 comm_bytes=54512
frame=8/41 late_source=2/6 scenario=2026_07_29_02_32_08 timestamp=000074 receiver=11 cavs=[11, 1, 2, 19] pred_boxes=34 gt_boxes=70 comm_bytes=73328
frame=8/41 late_source=3/6 scenario=2026_07_29_02_32_08 timestamp=000074 receiver=13 cavs=[13, 9, 10, 14] pred_boxes=17 gt_boxes=70 comm_bytes=101696
frame=8/41 late_source=4/6 scenario=2026_07_29_02_32_08 timestamp=000074 receiver=15 cavs=[15, 6] pred_boxes=18 gt_boxes=70 comm_bytes=46960
frame=8/41 late_source=5/6 scenario=2026_07_29_02_32_08 timestamp=000074 receiver=16 cavs=[16, 5, 7, 20] pred_boxes=30 gt_boxes=70 comm_bytes=54784
frame=8/41 late_source=6/6 scenario=2026_07_29_02_32_08 timestamp=000074 receiver=17 cavs=[17, 3, 18] pred_boxes=12 gt_boxes=70 comm_bytes=65008Format = auto
Extension = pcd
Format = auto
Extension = pcd
Format = auto
Extension = pcd
Format = auto
Extension = pcd
Format = auto
Extension = pcd
Format = auto
Extension = pcd
Format = auto
Extension = pcd
Format = auto
Extension = pcd
Format = auto
Extension = pcd
Format = auto
Extension = pcd
Format = auto
Extension = pcd
Format = auto
Extension = pcd
Format = auto
Extension = pcd
Format = auto
Extension = pcd
Format = auto
Extension = pcd
Format = auto
Extension = pcd
Format = auto
Extension = pcd
Format = auto
Extension = pcd
Format = auto
Extension = pcd
Format = auto
Extension = pcd
Format = auto
Extension = pcd
Format = auto
Extension = pcd
Format = auto
Extension = pcd
Format = auto
Extension = pcd
Format = auto
Extension = pcd
Format = auto
Extension = pcd
Format = auto
Extension = pcd
Format = auto
Extension = pcd
Format = auto
Extension = pcd
Format = auto
Extension = pcd
Format = auto
Extension = pcd
Format = auto
Extension = pcd
Format = auto
Extension = pcd
Format = auto
Extension = pcd
Format = auto
Extension = pcd
Format = auto
Extension = pcd
Format = auto
Extension = pcd
Format = auto
Extension = pcd
Format = auto
Extension = pcd
Format = auto
Extension = pcd
Format = auto
Extension = pcd
Format = auto
Extension = pcd
Format = auto
Extension = pcd
Format = auto
Extension = pcd
Format = auto
Extension = pcd
Format = auto
Extension = pcd
Format = auto
Extension = pcd
Format = auto
Extension = pcd
Format = auto
Extension = pcd
Format = auto
Extension = pcd
Format = auto
Extension = pcd
Format = auto
Extension = pcd
Format = auto
Extension = pcd
Format = auto
Extension = pcd
Format = auto
Extension = pcd
Format = auto
Extension = pcd
Format = auto
Extension = pcd
Format = auto
Extension = pcd
Format = auto
Extension = pcd
Format = auto
Extension = pcd
Format = auto
Extension = pcd
Format = auto
Extension = pcd
Format = auto
Extension = pcd
Format = auto
Extension = pcd
Format = auto
Extension = pcd
Format = auto
Extension = pcd
Format = auto
Extension = pcd
Format = auto
Extension = pcd
Format = auto
Extension = pcd
Format = auto
Extension = pcd
Format = auto
Extension = pcd
Format = auto
Extension = pcd
Format = auto
Extension = pcd
Format = auto
Extension = pcd
Format = auto
Extension = pcd
Format = auto
Extension = pcd
Format = auto
Extension = pcd
Format = auto
Extension = pcd
Format = auto
Extension = pcd
Format = auto
Extension = pcd
Format = auto
Extension = pcd
Format = auto
Extension = pcd
Format = auto
Extension = pcd
Format = auto
Extension = pcd
Format = auto
Extension = pcd
Format = auto
Extension = pcd
Format = auto
Extension = pcd
Format = auto
Extension = pcd
Format = auto
Extension = pcd
Format = auto
Extension = pcd
Format = auto
Extension = pcd
Format = auto
Extension = pcd
Format = auto
Extension = pcd
Format = auto
Extension = pcd
Format = auto
Extension = pcd
Format = auto
Extension = pcd
Format = auto
Extension = pcd
Format = auto
Extension = pcd
Format = auto
Extension = pcd
Format = auto
Extension = pcd
Format = auto
Extension = pcd
Format = auto
Extension = pcd
Format = auto
Extension = pcd
Format = auto
Extension = pcd
Format = auto
Extension = pcd
Format = auto
Extension = pcd
Format = auto
Extension = pcd
Format = auto
Extension = pcd
Format = auto
Extension = pcd
Format = auto
Extension = pcd
Format = auto
Extension = pcd
Format = auto
Extension = pcd
Format = auto
Extension = pcd
Format = auto
Extension = pcd
Format = auto
Extension = pcd
Format = auto
Extension = pcd
Format = auto
Extension = pcd
Format = auto
Extension = pcd
Format = auto
Extension = pcd
Format = auto
Extension = pcd
Format = auto
Extension = pcd
Format = auto
Extension = pcd
Format = auto
Extension = pcd
Format = auto
Extension = pcd
Format = auto
Extension = pcd
Format = auto
Extension = pcd
Format = auto
Extension = pcd
Format = auto
Extension = pcd
Format = auto
Extension = pcd
Format = auto
Extension = pcd
Format = auto
Extension = pcd
Format = auto
Extension = pcd
Format = auto
Extension = pcd
Format = auto
Extension = pcd
Format = auto
Extension = pcd
Format = auto
Extension = pcd
Format = auto
Extension = pcd
Format = auto
Extension = pcd
Format = auto
Extension = pcd
Format = auto
Extension = pcd
Format = auto
Extension = pcd
Format = auto
Extension = pcd
Format = auto
Extension = pcd
Format = auto
Extension = pcd
Format = auto
Extension = pcd
Format = auto
Extension = pcd
Format = auto
Extension = pcd
Format = auto
Extension = pcd
Format = auto
Extension = pcd
Format = auto
Extension = pcd
Format = auto
Extension = pcd
Format = auto
Extension = pcd
Format = auto
Extension = pcd
Format = auto
Extension = pcd
Format = auto
Extension = pcd
Format = auto
Extension = pcd
Format = auto
Extension = pcd
Format = auto
Extension = pcd
Format = auto
Extension = pcd
Format = auto
Extension = pcd

sgcp_late_fusion frame=8/41 scenario=2026_07_29_02_32_08 timestamp=000074 sources=6 fused_pred_boxes=72 fused_gt_boxes=70
frame=9/41 late_source=1/6 scenario=2026_07_29_02_32_08 timestamp=000076 receiver=4 cavs=[4, 8, 12] pred_boxes=35 gt_boxes=70 comm_bytes=55984
frame=9/41 late_source=2/6 scenario=2026_07_29_02_32_08 timestamp=000076 receiver=11 cavs=[11, 1, 2, 19] pred_boxes=33 gt_boxes=70 comm_bytes=73152
frame=9/41 late_source=3/6 scenario=2026_07_29_02_32_08 timestamp=000076 receiver=13 cavs=[13, 9, 10, 14] pred_boxes=18 gt_boxes=70 comm_bytes=101232
frame=9/41 late_source=4/6 scenario=2026_07_29_02_32_08 timestamp=000076 receiver=15 cavs=[15, 6] pred_boxes=17 gt_boxes=70 comm_bytes=47056
frame=9/41 late_source=5/6 scenario=2026_07_29_02_32_08 timestamp=000076 receiver=16 cavs=[16, 5, 7, 20] pred_boxes=28 gt_boxes=70 comm_bytes=55360
frame=9/41 late_source=6/6 scenario=2026_07_29_02_32_08 timestamp=000076 receiver=17 cavs=[17, 3, 18] pred_boxes=9 gt_boxes=70 comm_bytes=63024
sgcp_late_fusion frame=9/41 scenario=2026_07_29_02_32_08 timestamp=000076 sources=6 fused_pred_boxes=70 fused_gt_boxes=70
frame=10/41 late_source=1/6 scenario=2026_07_29_02_32_08 timestamp=000078 receiver=4 cavs=[4, 8, 12] pred_boxes=31 gt_boxes=70 comm_bytes=56640
frame=10/41 late_source=2/6 scenario=2026_07_29_02_32_08 timestamp=000078 receiver=11 cavs=[11, 1, 2, 19] pred_boxes=32 gt_boxes=70 comm_bytes=73184
frame=10/41 late_source=3/6 scenario=2026_07_29_02_32_08 timestamp=000078 receiver=13 cavs=[13, 9, 10, 14] pred_boxes=15 gt_boxes=70 comm_bytes=101216
frame=10/41 late_source=4/6 scenario=2026_07_29_02_32_08 timestamp=000078 receiver=15 cavs=[15, 6] pred_boxes=19 gt_boxes=70 comm_bytes=46880
frame=10/41 late_source=5/6 scenario=2026_07_29_02_32_08 timestamp=000078 receiver=16 cavs=[16, 5, 7, 20] pred_boxes=32 gt_boxes=70 comm_bytes=54992
frame=10/41 late_source=6/6 scenario=2026_07_29_02_32_08 timestamp=000078 receiver=17 cavs=[17, 3, 18] pred_boxes=12 gt_boxes=70 comm_bytes=61984
sgcp_late_fusion frame=10/41 scenario=2026_07_29_02_32_08 timestamp=000078 sources=6 fused_pred_boxes=73 fused_gt_boxes=70
frame=11/41 late_source=1/6 scenario=2026_07_29_02_32_08 timestamp=000080 receiver=11 cavs=[11, 1, 2, 19] pred_boxes=32 gt_boxes=71 comm_bytes=73456
frame=11/41 late_source=2/6 scenario=2026_07_29_02_32_08 timestamp=000080 receiver=12 cavs=[12, 4, 7, 8] pred_boxes=37 gt_boxes=71 comm_bytes=80240
frame=11/41 late_source=3/6 scenario=2026_07_29_02_32_08 timestamp=000080 receiver=13 cavs=[13, 9, 10, 14] pred_boxes=15 gt_boxes=71 comm_bytes=101424
frame=11/41 late_source=4/6 scenario=2026_07_29_02_32_08 timestamp=000080 receiver=15 cavs=[15, 6] pred_boxes=18 gt_boxes=71 comm_bytes=46912
frame=11/41 late_source=5/6 scenario=2026_07_29_02_32_08 timestamp=000080 receiver=16 cavs=[16, 5, 20] pred_boxes=20 gt_boxes=71 comm_bytes=38016
frame=11/41 late_source=6/6 scenario=2026_07_29_02_32_08 timestamp=000080 receiver=17 cavs=[17, 3, 18] pred_boxes=12 gt_boxes=71 comm_bytes=64224
sgcp_late_fusion frame=11/41 scenario=2026_07_29_02_32_08 timestamp=000080 sources=6 fused_pred_boxes=70 fused_gt_boxes=71
frame=12/41 late_source=1/7 scenario=2026_07_29_02_32_08 timestamp=000082 receiver=1 cavs=[1, 2, 8, 11] pred_boxes=33 gt_boxes=71 comm_bytes=62384
frame=12/41 late_source=2/7 scenario=2026_07_29_02_32_08 timestamp=000082 receiver=10 cavs=[10, 9] pred_boxes=25 gt_boxes=71 comm_bytes=19168
frame=12/41 late_source=3/7 scenario=2026_07_29_02_32_08 timestamp=000082 receiver=12 cavs=[12, 4, 7] pred_boxes=32 gt_boxes=71 comm_bytes=63168
frame=12/41 late_source=4/7 scenario=2026_07_29_02_32_08 timestamp=000082 receiver=13 cavs=[13, 14, 19] pred_boxes=8 gt_boxes=71 comm_bytes=92496
frame=12/41 late_source=5/7 scenario=2026_07_29_02_32_08 timestamp=000082 receiver=15 cavs=[15, 6] pred_boxes=19 gt_boxes=71 comm_bytes=46864
frame=12/41 late_source=6/7 scenario=2026_07_29_02_32_08 timestamp=000082 receiver=17 cavs=[17, 3, 16, 18] pred_boxes=15 gt_boxes=71 comm_bytes=94896
frame=12/41 late_source=7/7 scenario=2026_07_29_02_32_08 timestamp=000082 receiver=20 cavs=[20, 5] pred_boxes=24 gt_boxes=71 comm_bytes=22544
sgcp_late_fusion frame=12/41 scenario=2026_07_29_02_32_08 timestamp=000082 sources=7 fused_pred_boxes=73 fused_gt_boxes=71
frame=13/41 late_source=1/7 scenario=2026_07_29_02_32_08 timestamp=000084 receiver=1 cavs=[1, 2, 8, 11] pred_boxes=34 gt_boxes=71 comm_bytes=62320
frame=13/41 late_source=2/7 scenario=2026_07_29_02_32_08 timestamp=000084 receiver=10 cavs=[10, 9] pred_boxes=23 gt_boxes=71 comm_bytes=19216
frame=13/41 late_source=3/7 scenario=2026_07_29_02_32_08 timestamp=000084 receiver=12 cavs=[12, 4, 7] pred_boxes=27 gt_boxes=71 comm_bytes=63264
frame=13/41 late_source=4/7 scenario=2026_07_29_02_32_08 timestamp=000084 receiver=13 cavs=[13, 14, 19] pred_boxes=8 gt_boxes=71 comm_bytes=93952
frame=13/41 late_source=5/7 scenario=2026_07_29_02_32_08 timestamp=000084 receiver=15 cavs=[15, 6] pred_boxes=18 gt_boxes=71 comm_bytes=46592
frame=13/41 late_source=6/7 scenario=2026_07_29_02_32_08 timestamp=000084 receiver=17 cavs=[17, 3, 16, 18] pred_boxes=17 gt_boxes=71 comm_bytes=91184
frame=13/41 late_source=7/7 scenario=2026_07_29_02_32_08 timestamp=000084 receiver=20 cavs=[20, 5] pred_boxes=26 gt_boxes=71 comm_bytes=22416
sgcp_late_fusion frame=13/41 scenario=2026_07_29_02_32_08 timestamp=000084 sources=7 fused_pred_boxes=68 fused_gt_boxes=71
frame=14/41 late_source=1/7 scenario=2026_07_29_02_32_08 timestamp=000086 receiver=1 cavs=[1, 2, 8, 11] pred_boxes=36 gt_boxes=71 comm_bytes=62336
frame=14/41 late_source=2/7 scenario=2026_07_29_02_32_08 timestamp=000086 receiver=10 cavs=[10, 9] pred_boxes=20 gt_boxes=71 comm_bytes=19056
frame=14/41 late_source=3/7 scenario=2026_07_29_02_32_08 timestamp=000086 receiver=12 cavs=[12, 4, 7] pred_boxes=28 gt_boxes=71 comm_bytes=60736
frame=14/41 late_source=4/7 scenario=2026_07_29_02_32_08 timestamp=000086 receiver=13 cavs=[13, 14, 19] pred_boxes=6 gt_boxes=71 comm_bytes=94656
frame=14/41 late_source=5/7 scenario=2026_07_29_02_32_08 timestamp=000086 receiver=15 cavs=[15, 6] pred_boxes=17 gt_boxes=71 comm_bytes=46464
frame=14/41 late_source=6/7 scenario=2026_07_29_02_32_08 timestamp=000086 receiver=17 cavs=[17, 3, 16, 18] pred_boxes=15 gt_boxes=71 comm_bytes=93344
frame=14/41 late_source=7/7 scenario=2026_07_29_02_32_08 timestamp=000086 receiver=20 cavs=[20, 5] pred_boxes=24 gt_boxes=71 comm_bytes=21872
sgcp_late_fusion frame=14/41 scenario=2026_07_29_02_32_08 timestamp=000086 sources=7 fused_pred_boxes=68 fused_gt_boxes=71
frame=15/41 late_source=1/7 scenario=2026_07_29_02_32_08 timestamp=000088 receiver=1 cavs=[1, 2, 8, 11] pred_boxes=34 gt_boxes=71 comm_bytes=64160
frame=15/41 late_source=2/7 scenario=2026_07_29_02_32_08 timestamp=000088 receiver=10 cavs=[10, 9] pred_boxes=22 gt_boxes=71 comm_bytes=19296
frame=15/41 late_source=3/7 scenario=2026_07_29_02_32_08 timestamp=000088 receiver=12 cavs=[12, 4, 7] pred_boxes=27 gt_boxes=71 comm_bytes=63024
frame=15/41 late_source=4/7 scenario=2026_07_29_02_32_08 timestamp=000088 receiver=13 cavs=[13, 14, 19] pred_boxes=7 gt_boxes=71 comm_bytes=95760
frame=15/41 late_source=5/7 scenario=2026_07_29_02_32_08 timestamp=000088 receiver=15 cavs=[15, 6] pred_boxes=16 gt_boxes=71 comm_bytes=46768
frame=15/41 late_source=6/7 scenario=2026_07_29_02_32_08 timestamp=000088 receiver=17 cavs=[17, 3, 16, 18] pred_boxes=18 gt_boxes=71 comm_bytes=93936
frame=15/41 late_source=7/7 scenario=2026_07_29_02_32_08 timestamp=000088 receiver=20 cavs=[20, 5] pred_boxes=25 gt_boxes=71 comm_bytes=20992
sgcp_late_fusion frame=15/41 scenario=2026_07_29_02_32_08 timestamp=000088 sources=7 fused_pred_boxes=68 fused_gt_boxes=71
frame=16/41 late_source=1/7 scenario=2026_07_29_02_32_08 timestamp=000090 receiver=1 cavs=[1, 2, 8, 11] pred_boxes=37 gt_boxes=72 comm_bytes=64000
frame=16/41 late_source=2/7 scenario=2026_07_29_02_32_08 timestamp=000090 receiver=10 cavs=[10, 9] pred_boxes=23 gt_boxes=72 comm_bytes=19664
frame=16/41 late_source=3/7 scenario=2026_07_29_02_32_08 timestamp=000090 receiver=12 cavs=[12, 4, 7] pred_boxes=31 gt_boxes=72 comm_bytes=62112
frame=16/41 late_source=4/7 scenario=2026_07_29_02_32_08 timestamp=000090 receiver=13 cavs=[13, 14, 19] pred_boxes=7 gt_boxes=72 comm_bytes=92896Format = auto
Extension = pcd
Format = auto
Extension = pcd
Format = auto
Extension = pcd
Format = auto
Extension = pcd
Format = auto
Extension = pcd
Format = auto
Extension = pcd
Format = auto
Extension = pcd
Format = auto
Extension = pcd
Format = auto
Extension = pcd
Format = auto
Extension = pcd
Format = auto
Extension = pcd
Format = auto
Extension = pcd
Format = auto
Extension = pcd
Format = auto
Extension = pcd
Format = auto
Extension = pcd
Format = auto
Extension = pcd
Format = auto
Extension = pcd
Format = auto
Extension = pcd
Format = auto
Extension = pcd
Format = auto
Extension = pcd
Format = auto
Extension = pcd
Format = auto
Extension = pcd
Format = auto
Extension = pcd
Format = auto
Extension = pcd
Format = auto
Extension = pcd
Format = auto
Extension = pcd
Format = auto
Extension = pcd
Format = auto
Extension = pcd
Format = auto
Extension = pcd
Format = auto
Extension = pcd
Format = auto
Extension = pcd
Format = auto
Extension = pcd
Format = auto
Extension = pcd
Format = auto
Extension = pcd
Format = auto
Extension = pcd
Format = auto
Extension = pcd
Format = auto
Extension = pcd
Format = auto
Extension = pcd
Format = auto
Extension = pcd
Format = auto
Extension = pcd
Format = auto
Extension = pcd
Format = auto
Extension = pcd
Format = auto
Extension = pcd
Format = auto
Extension = pcd
Format = auto
Extension = pcd
Format = auto
Extension = pcd
Format = auto
Extension = pcd
Format = auto
Extension = pcd
Format = auto
Extension = pcd
Format = auto
Extension = pcd
Format = auto
Extension = pcd
Format = auto
Extension = pcd
Format = auto
Extension = pcd
Format = auto
Extension = pcd
Format = auto
Extension = pcd
Format = auto
Extension = pcd
Format = auto
Extension = pcd
Format = auto
Extension = pcd
Format = auto
Extension = pcd
Format = auto
Extension = pcd
Format = auto
Extension = pcd
Format = auto
Extension = pcd
Format = auto
Extension = pcd
Format = auto
Extension = pcd
Format = auto
Extension = pcd
Format = auto
Extension = pcd
Format = auto
Extension = pcd
Format = auto
Extension = pcd
Format = auto
Extension = pcd
Format = auto
Extension = pcd
Format = auto
Extension = pcd
Format = auto
Extension = pcd
Format = auto
Extension = pcd
Format = auto
Extension = pcd
Format = auto
Extension = pcd
Format = auto
Extension = pcd
Format = auto
Extension = pcd
Format = auto
Extension = pcd
Format = auto
Extension = pcd
Format = auto
Extension = pcd
Format = auto
Extension = pcd
Format = auto
Extension = pcd
Format = auto
Extension = pcd
Format = auto
Extension = pcd
Format = auto
Extension = pcd
Format = auto
Extension = pcd
Format = auto
Extension = pcd
Format = auto
Extension = pcd
Format = auto
Extension = pcd
Format = auto
Extension = pcd
Format = auto
Extension = pcd
Format = auto
Extension = pcd
Format = auto
Extension = pcd
Format = auto
Extension = pcd
Format = auto
Extension = pcd
Format = auto
Extension = pcd
Format = auto
Extension = pcd
Format = auto
Extension = pcd
Format = auto
Extension = pcd
Format = auto
Extension = pcd
Format = auto
Extension = pcd
Format = auto
Extension = pcd
Format = auto
Extension = pcd
Format = auto
Extension = pcd
Format = auto
Extension = pcd
Format = auto
Extension = pcd
Format = auto
Extension = pcd
Format = auto
Extension = pcd
Format = auto
Extension = pcd
Format = auto
Extension = pcd
Format = auto
Extension = pcd
Format = auto
Extension = pcd
Format = auto
Extension = pcd
Format = auto
Extension = pcd
Format = auto
Extension = pcd
Format = auto
Extension = pcd
Format = auto
Extension = pcd
Format = auto
Extension = pcd
Format = auto
Extension = pcd
Format = auto
Extension = pcd
Format = auto
Extension = pcd
Format = auto
Extension = pcd
Format = auto
Extension = pcd
Format = auto
Extension = pcd
Format = auto
Extension = pcd
Format = auto
Extension = pcd
Format = auto
Extension = pcd
Format = auto
Extension = pcd
Format = auto
Extension = pcd
Format = auto
Extension = pcd
Format = auto
Extension = pcd
Format = auto
Extension = pcd
Format = auto
Extension = pcd
Format = auto
Extension = pcd
Format = auto
Extension = pcd
Format = auto
Extension = pcd
Format = auto
Extension = pcd
Format = auto
Extension = pcd
Format = auto
Extension = pcd
Format = auto
Extension = pcd

frame=16/41 late_source=5/7 scenario=2026_07_29_02_32_08 timestamp=000090 receiver=15 cavs=[15, 6] pred_boxes=19 gt_boxes=72 comm_bytes=45744
frame=16/41 late_source=6/7 scenario=2026_07_29_02_32_08 timestamp=000090 receiver=17 cavs=[17, 3, 16, 18] pred_boxes=17 gt_boxes=72 comm_bytes=91856
frame=16/41 late_source=7/7 scenario=2026_07_29_02_32_08 timestamp=000090 receiver=20 cavs=[20, 5] pred_boxes=24 gt_boxes=72 comm_bytes=21088
sgcp_late_fusion frame=16/41 scenario=2026_07_29_02_32_08 timestamp=000090 sources=7 fused_pred_boxes=72 fused_gt_boxes=72
frame=17/41 late_source=1/7 scenario=2026_07_29_02_32_08 timestamp=000092 receiver=1 cavs=[1, 2, 8, 11] pred_boxes=35 gt_boxes=72 comm_bytes=63536
frame=17/41 late_source=2/7 scenario=2026_07_29_02_32_08 timestamp=000092 receiver=10 cavs=[10, 9] pred_boxes=23 gt_boxes=72 comm_bytes=19616
frame=17/41 late_source=3/7 scenario=2026_07_29_02_32_08 timestamp=000092 receiver=12 cavs=[12, 4, 7] pred_boxes=27 gt_boxes=72 comm_bytes=61152
frame=17/41 late_source=4/7 scenario=2026_07_29_02_32_08 timestamp=000092 receiver=13 cavs=[13, 14, 19] pred_boxes=9 gt_boxes=72 comm_bytes=95856
frame=17/41 late_source=5/7 scenario=2026_07_29_02_32_08 timestamp=000092 receiver=15 cavs=[15, 6] pred_boxes=18 gt_boxes=72 comm_bytes=46240
frame=17/41 late_source=6/7 scenario=2026_07_29_02_32_08 timestamp=000092 receiver=17 cavs=[17, 3, 16, 18] pred_boxes=15 gt_boxes=72 comm_bytes=92624
frame=17/41 late_source=7/7 scenario=2026_07_29_02_32_08 timestamp=000092 receiver=20 cavs=[20, 5] pred_boxes=25 gt_boxes=72 comm_bytes=20640
sgcp_late_fusion frame=17/41 scenario=2026_07_29_02_32_08 timestamp=000092 sources=7 fused_pred_boxes=72 fused_gt_boxes=72
frame=18/41 late_source=1/7 scenario=2026_07_29_02_32_08 timestamp=000094 receiver=1 cavs=[1, 2, 8, 11] pred_boxes=36 gt_boxes=72 comm_bytes=63264
frame=18/41 late_source=2/7 scenario=2026_07_29_02_32_08 timestamp=000094 receiver=10 cavs=[10, 9] pred_boxes=26 gt_boxes=72 comm_bytes=19632
frame=18/41 late_source=3/7 scenario=2026_07_29_02_32_08 timestamp=000094 receiver=12 cavs=[12, 4, 7] pred_boxes=29 gt_boxes=72 comm_bytes=58128
frame=18/41 late_source=4/7 scenario=2026_07_29_02_32_08 timestamp=000094 receiver=13 cavs=[13, 14, 19] pred_boxes=5 gt_boxes=72 comm_bytes=92768
frame=18/41 late_source=5/7 scenario=2026_07_29_02_32_08 timestamp=000094 receiver=15 cavs=[15, 6] pred_boxes=19 gt_boxes=72 comm_bytes=49376
frame=18/41 late_source=6/7 scenario=2026_07_29_02_32_08 timestamp=000094 receiver=17 cavs=[17, 3, 16, 18] pred_boxes=18 gt_boxes=72 comm_bytes=89664
frame=18/41 late_source=7/7 scenario=2026_07_29_02_32_08 timestamp=000094 receiver=20 cavs=[20, 5] pred_boxes=26 gt_boxes=72 comm_bytes=20176
sgcp_late_fusion frame=18/41 scenario=2026_07_29_02_32_08 timestamp=000094 sources=7 fused_pred_boxes=73 fused_gt_boxes=72
frame=19/41 late_source=1/7 scenario=2026_07_29_02_32_08 timestamp=000096 receiver=1 cavs=[1, 2, 8, 11] pred_boxes=34 gt_boxes=72 comm_bytes=63136
frame=19/41 late_source=2/7 scenario=2026_07_29_02_32_08 timestamp=000096 receiver=10 cavs=[10, 9] pred_boxes=26 gt_boxes=72 comm_bytes=19616
frame=19/41 late_source=3/7 scenario=2026_07_29_02_32_08 timestamp=000096 receiver=12 cavs=[12, 4, 7] pred_boxes=26 gt_boxes=72 comm_bytes=57296
frame=19/41 late_source=4/7 scenario=2026_07_29_02_32_08 timestamp=000096 receiver=13 cavs=[13, 14, 19] pred_boxes=4 gt_boxes=72 comm_bytes=95136
frame=19/41 late_source=5/7 scenario=2026_07_29_02_32_08 timestamp=000096 receiver=15 cavs=[15, 6] pred_boxes=19 gt_boxes=72 comm_bytes=49376
frame=19/41 late_source=6/7 scenario=2026_07_29_02_32_08 timestamp=000096 receiver=17 cavs=[17, 3, 16, 18] pred_boxes=15 gt_boxes=72 comm_bytes=90016
frame=19/41 late_source=7/7 scenario=2026_07_29_02_32_08 timestamp=000096 receiver=20 cavs=[20, 5] pred_boxes=25 gt_boxes=72 comm_bytes=20448
sgcp_late_fusion frame=19/41 scenario=2026_07_29_02_32_08 timestamp=000096 sources=7 fused_pred_boxes=71 fused_gt_boxes=72
frame=20/41 late_source=1/7 scenario=2026_07_29_02_32_08 timestamp=000098 receiver=1 cavs=[1, 2, 8, 11] pred_boxes=31 gt_boxes=72 comm_bytes=62352
frame=20/41 late_source=2/7 scenario=2026_07_29_02_32_08 timestamp=000098 receiver=10 cavs=[10, 9] pred_boxes=27 gt_boxes=72 comm_bytes=19616
frame=20/41 late_source=3/7 scenario=2026_07_29_02_32_08 timestamp=000098 receiver=12 cavs=[12, 4, 7] pred_boxes=26 gt_boxes=72 comm_bytes=60720
frame=20/41 late_source=4/7 scenario=2026_07_29_02_32_08 timestamp=000098 receiver=13 cavs=[13, 14, 19] pred_boxes=4 gt_boxes=72 comm_bytes=95840
frame=20/41 late_source=5/7 scenario=2026_07_29_02_32_08 timestamp=000098 receiver=15 cavs=[15, 6] pred_boxes=20 gt_boxes=72 comm_bytes=49872
frame=20/41 late_source=6/7 scenario=2026_07_29_02_32_08 timestamp=000098 receiver=17 cavs=[17, 3, 16, 18] pred_boxes=14 gt_boxes=72 comm_bytes=93280
frame=20/41 late_source=7/7 scenario=2026_07_29_02_32_08 timestamp=000098 receiver=20 cavs=[20, 5] pred_boxes=27 gt_boxes=72 comm_bytes=19680
sgcp_late_fusion frame=20/41 scenario=2026_07_29_02_32_08 timestamp=000098 sources=7 fused_pred_boxes=71 fused_gt_boxes=72
frame=21/41 late_source=1/7 scenario=2026_07_29_02_32_08 timestamp=000100 receiver=1 cavs=[1, 2, 8, 11] pred_boxes=32 gt_boxes=72 comm_bytes=61824
frame=21/41 late_source=2/7 scenario=2026_07_29_02_32_08 timestamp=000100 receiver=10 cavs=[10, 9] pred_boxes=23 gt_boxes=72 comm_bytes=19568
frame=21/41 late_source=3/7 scenario=2026_07_29_02_32_08 timestamp=000100 receiver=12 cavs=[12, 4, 7] pred_boxes=29 gt_boxes=72 comm_bytes=61328
frame=21/41 late_source=4/7 scenario=2026_07_29_02_32_08 timestamp=000100 receiver=13 cavs=[13, 14, 19] pred_boxes=6 gt_boxes=72 comm_bytes=94256
frame=21/41 late_source=5/7 scenario=2026_07_29_02_32_08 timestamp=000100 receiver=15 cavs=[15, 6] pred_boxes=18 gt_boxes=72 comm_bytes=50000
frame=21/41 late_source=6/7 scenario=2026_07_29_02_32_08 timestamp=000100 receiver=17 cavs=[17, 3, 16, 18] pred_boxes=15 gt_boxes=72 comm_bytes=90352
frame=21/41 late_source=7/7 scenario=2026_07_29_02_32_08 timestamp=000100 receiver=20 cavs=[20, 5] pred_boxes=26 gt_boxes=72 comm_bytes=19696
sgcp_late_fusion frame=21/41 scenario=2026_07_29_02_32_08 timestamp=000100 sources=7 fused_pred_boxes=73 fused_gt_boxes=72
frame=22/41 late_source=1/7 scenario=2026_07_29_02_32_08 timestamp=000102 receiver=1 cavs=[1, 2, 8, 11] pred_boxes=31 gt_boxes=72 comm_bytes=61536
frame=22/41 late_source=2/7 scenario=2026_07_29_02_32_08 timestamp=000102 receiver=10 cavs=[10, 9] pred_boxes=23 gt_boxes=72 comm_bytes=19584
frame=22/41 late_source=3/7 scenario=2026_07_29_02_32_08 timestamp=000102 receiver=12 cavs=[12, 4, 7] pred_boxes=28 gt_boxes=72 comm_bytes=61392
frame=22/41 late_source=4/7 scenario=2026_07_29_02_32_08 timestamp=000102 receiver=13 cavs=[13, 14, 19] pred_boxes=5 gt_boxes=72 comm_bytes=94192
frame=22/41 late_source=5/7 scenario=2026_07_29_02_32_08 timestamp=000102 receiver=15 cavs=[15, 6] pred_boxes=20 gt_boxes=72 comm_bytes=49536
frame=22/41 late_source=6/7 scenario=2026_07_29_02_32_08 timestamp=000102 receiver=17 cavs=[17, 3, 16, 18] pred_boxes=14 gt_boxes=72 comm_bytes=89504
frame=22/41 late_source=7/7 scenario=2026_07_29_02_32_08 timestamp=000102 receiver=20 cavs=[20, 5] pred_boxes=25 gt_boxes=72 comm_bytes=20016
sgcp_late_fusion frame=22/41 scenario=2026_07_29_02_32_08 timestamp=000102 sources=7 fused_pred_boxes=73 fused_gt_boxes=72
frame=23/41 late_source=1/7 scenario=2026_07_29_02_32_08 timestamp=000104 receiver=1 cavs=[1, 2, 8, 11] pred_boxes=35 gt_boxes=72 comm_bytes=61104
frame=23/41 late_source=2/7 scenario=2026_07_29_02_32_08 timestamp=000104 receiver=10 cavs=[10, 9] pred_boxes=23 gt_boxes=72 comm_bytes=19616
frame=23/41 late_source=3/7 scenario=2026_07_29_02_32_08 timestamp=000104 receiver=12 cavs=[12, 4, 7] pred_boxes=28 gt_boxes=72 comm_bytes=61968
frame=23/41 late_source=4/7 scenario=2026_07_29_02_32_08 timestamp=000104 receiver=13 cavs=[13, 14, 19] pred_boxes=3 gt_boxes=72 comm_bytes=93888
frame=23/41 late_source=5/7 scenario=2026_07_29_02_32_08 timestamp=000104 receiver=15 cavs=[15, 6] pred_boxes=18 gt_boxes=72 comm_bytes=50096
frame=23/41 late_source=6/7 scenario=2026_07_29_02_32_08 timestamp=000104 receiver=17 cavs=[17, 3, 16, 18] pred_boxes=15 gt_boxes=72 comm_bytes=95136Format = auto
Extension = pcd
Format = auto
Extension = pcd
Format = auto
Extension = pcd
Format = auto
Extension = pcd
Format = auto
Extension = pcd
Format = auto
Extension = pcd
Format = auto
Extension = pcd
Format = auto
Extension = pcd
Format = auto
Extension = pcd
Format = auto
Extension = pcd
Format = auto
Extension = pcd
Format = auto
Extension = pcd
Format = auto
Extension = pcd
Format = auto
Extension = pcd
Format = auto
Extension = pcd
Format = auto
Extension = pcd
Format = auto
Extension = pcd
Format = auto
Extension = pcd
Format = auto
Extension = pcd
Format = auto
Extension = pcd
Format = auto
Extension = pcd
Format = auto
Extension = pcd
Format = auto
Extension = pcd
Format = auto
Extension = pcd
Format = auto
Extension = pcd
Format = auto
Extension = pcd
Format = auto
Extension = pcd
Format = auto
Extension = pcd
Format = auto
Extension = pcd
Format = auto
Extension = pcd
Format = auto
Extension = pcd
Format = auto
Extension = pcd
Format = auto
Extension = pcd
Format = auto
Extension = pcd
Format = auto
Extension = pcd
Format = auto
Extension = pcd
Format = auto
Extension = pcd
Format = auto
Extension = pcd
Format = auto
Extension = pcd
Format = auto
Extension = pcd
Format = auto
Extension = pcd
Format = auto
Extension = pcd
Format = auto
Extension = pcd
Format = auto
Extension = pcd
Format = auto
Extension = pcd
Format = auto
Extension = pcd
Format = auto
Extension = pcd
Format = auto
Extension = pcd
Format = auto
Extension = pcd
Format = auto
Extension = pcd
Format = auto
Extension = pcd
Format = auto
Extension = pcd
Format = auto
Extension = pcd
Format = auto
Extension = pcd
Format = auto
Extension = pcd
Format = auto
Extension = pcd
Format = auto
Extension = pcd
Format = auto
Extension = pcd
Format = auto
Extension = pcd
Format = auto
Extension = pcd
Format = auto
Extension = pcd
Format = auto
Extension = pcd
Format = auto
Extension = pcd
Format = auto
Extension = pcd
Format = auto
Extension = pcd
Format = auto
Extension = pcd
Format = auto
Extension = pcd
Format = auto
Extension = pcd
Format = auto
Extension = pcd
Format = auto
Extension = pcd
Format = auto
Extension = pcd
Format = auto
Extension = pcd
Format = auto
Extension = pcd
Format = auto
Extension = pcd
Format = auto
Extension = pcd
Format = auto
Extension = pcd
Format = auto
Extension = pcd
Format = auto
Extension = pcd
Format = auto
Extension = pcd
Format = auto
Extension = pcd
Format = auto
Extension = pcd
Format = auto
Extension = pcd
Format = auto
Extension = pcd
Format = auto
Extension = pcd
Format = auto
Extension = pcd
Format = auto
Extension = pcd
Format = auto
Extension = pcd
Format = auto
Extension = pcd
Format = auto
Extension = pcd
Format = auto
Extension = pcd
Format = auto
Extension = pcd
Format = auto
Extension = pcd
Format = auto
Extension = pcd
Format = auto
Extension = pcd
Format = auto
Extension = pcd
Format = auto
Extension = pcd
Format = auto
Extension = pcd
Format = auto
Extension = pcd
Format = auto
Extension = pcd
Format = auto
Extension = pcd
Format = auto
Extension = pcd
Format = auto
Extension = pcd
Format = auto
Extension = pcd
Format = auto
Extension = pcd
Format = auto
Extension = pcd
Format = auto
Extension = pcd
Format = auto
Extension = pcd
Format = auto
Extension = pcd
Format = auto
Extension = pcd
Format = auto
Extension = pcd
Format = auto
Extension = pcd
Format = auto
Extension = pcd
Format = auto
Extension = pcd
Format = auto
Extension = pcd
Format = auto
Extension = pcd
Format = auto
Extension = pcd
Format = auto
Extension = pcd
Format = auto
Extension = pcd
Format = auto
Extension = pcd
Format = auto
Extension = pcd
Format = auto
Extension = pcd
Format = auto
Extension = pcd
Format = auto
Extension = pcd
Format = auto
Extension = pcd
Format = auto
Extension = pcd
Format = auto
Extension = pcd
Format = auto
Extension = pcd
Format = auto
Extension = pcd
Format = auto
Extension = pcd
Format = auto
Extension = pcd
Format = auto
Extension = pcd
Format = auto
Extension = pcd
Format = auto
Extension = pcd
Format = auto
Extension = pcd
Format = auto
Extension = pcd
Format = auto
Extension = pcd
Format = auto
Extension = pcd
Format = auto
Extension = pcd
Format = auto
Extension = pcd
Format = auto
Extension = pcd
Format = auto
Extension = pcd
Format = auto
Extension = pcd
Format = auto
Extension = pcd
Format = auto
Extension = pcd
Format = auto
Extension = pcd
Format = auto
Extension = pcd
Format = auto
Extension = pcd
Format = auto
Extension = pcd
Format = auto
Extension = pcd
Format = auto
Extension = pcd
Format = auto
Extension = pcd
Format = auto
Extension = pcd
Format = auto
Extension = pcd
Format = auto
Extension = pcd
Format = auto
Extension = pcd
Format = auto
Extension = pcd
Format = auto
Extension = pcd
Format = auto
Extension = pcd
Format = auto
Extension = pcd
Format = auto
Extension = pcd

frame=23/41 late_source=7/7 scenario=2026_07_29_02_32_08 timestamp=000104 receiver=20 cavs=[20, 5] pred_boxes=24 gt_boxes=72 comm_bytes=19824
sgcp_late_fusion frame=23/41 scenario=2026_07_29_02_32_08 timestamp=000104 sources=7 fused_pred_boxes=73 fused_gt_boxes=72
frame=24/41 late_source=1/6 scenario=2026_07_29_02_32_08 timestamp=000106 receiver=11 cavs=[11, 1, 2, 19] pred_boxes=34 gt_boxes=71 comm_bytes=71568
frame=24/41 late_source=2/6 scenario=2026_07_29_02_32_08 timestamp=000106 receiver=12 cavs=[12, 4, 7, 8] pred_boxes=32 gt_boxes=71 comm_bytes=79328
frame=24/41 late_source=3/6 scenario=2026_07_29_02_32_08 timestamp=000106 receiver=13 cavs=[13, 9, 10, 14] pred_boxes=14 gt_boxes=71 comm_bytes=103376
frame=24/41 late_source=4/6 scenario=2026_07_29_02_32_08 timestamp=000106 receiver=15 cavs=[15, 6] pred_boxes=22 gt_boxes=71 comm_bytes=50944
frame=24/41 late_source=5/6 scenario=2026_07_29_02_32_08 timestamp=000106 receiver=17 cavs=[17, 3, 16, 18] pred_boxes=14 gt_boxes=71 comm_bytes=93888
frame=24/41 late_source=6/6 scenario=2026_07_29_02_32_08 timestamp=000106 receiver=20 cavs=[20, 5] pred_boxes=25 gt_boxes=71 comm_bytes=19456
sgcp_late_fusion frame=24/41 scenario=2026_07_29_02_32_08 timestamp=000106 sources=6 fused_pred_boxes=72 fused_gt_boxes=71
frame=25/41 late_source=1/6 scenario=2026_07_29_02_32_08 timestamp=000108 receiver=11 cavs=[11, 1, 2, 19] pred_boxes=32 gt_boxes=71 comm_bytes=72848
frame=25/41 late_source=2/6 scenario=2026_07_29_02_32_08 timestamp=000108 receiver=12 cavs=[12, 4, 7, 8] pred_boxes=33 gt_boxes=71 comm_bytes=79648
frame=25/41 late_source=3/6 scenario=2026_07_29_02_32_08 timestamp=000108 receiver=13 cavs=[13, 9, 10, 14] pred_boxes=19 gt_boxes=71 comm_bytes=102912
frame=25/41 late_source=4/6 scenario=2026_07_29_02_32_08 timestamp=000108 receiver=15 cavs=[15, 6] pred_boxes=20 gt_boxes=71 comm_bytes=50816
frame=25/41 late_source=5/6 scenario=2026_07_29_02_32_08 timestamp=000108 receiver=17 cavs=[17, 3, 16, 18] pred_boxes=14 gt_boxes=71 comm_bytes=93664
frame=25/41 late_source=6/6 scenario=2026_07_29_02_32_08 timestamp=000108 receiver=20 cavs=[20, 5] pred_boxes=25 gt_boxes=71 comm_bytes=19568
sgcp_late_fusion frame=25/41 scenario=2026_07_29_02_32_08 timestamp=000108 sources=6 fused_pred_boxes=68 fused_gt_boxes=71
frame=26/41 late_source=1/7 scenario=2026_07_29_02_32_08 timestamp=000110 receiver=1 cavs=[1, 2, 8, 11] pred_boxes=33 gt_boxes=70 comm_bytes=61008
frame=26/41 late_source=2/7 scenario=2026_07_29_02_32_08 timestamp=000110 receiver=10 cavs=[10, 9] pred_boxes=25 gt_boxes=70 comm_bytes=19712
frame=26/41 late_source=3/7 scenario=2026_07_29_02_32_08 timestamp=000110 receiver=12 cavs=[12, 4, 7] pred_boxes=30 gt_boxes=70 comm_bytes=60096
frame=26/41 late_source=4/7 scenario=2026_07_29_02_32_08 timestamp=000110 receiver=13 cavs=[13, 14, 19] pred_boxes=6 gt_boxes=70 comm_bytes=96192
frame=26/41 late_source=5/7 scenario=2026_07_29_02_32_08 timestamp=000110 receiver=15 cavs=[15, 6] pred_boxes=20 gt_boxes=70 comm_bytes=50832
frame=26/41 late_source=6/7 scenario=2026_07_29_02_32_08 timestamp=000110 receiver=17 cavs=[17, 3, 16, 18] pred_boxes=14 gt_boxes=70 comm_bytes=95296
frame=26/41 late_source=7/7 scenario=2026_07_29_02_32_08 timestamp=000110 receiver=20 cavs=[20, 5] pred_boxes=25 gt_boxes=70 comm_bytes=19040
sgcp_late_fusion frame=26/41 scenario=2026_07_29_02_32_08 timestamp=000110 sources=7 fused_pred_boxes=73 fused_gt_boxes=70
frame=27/41 late_source=1/7 scenario=2026_07_29_02_32_08 timestamp=000112 receiver=1 cavs=[1, 2, 8, 11] pred_boxes=33 gt_boxes=70 comm_bytes=60880
frame=27/41 late_source=2/7 scenario=2026_07_29_02_32_08 timestamp=000112 receiver=10 cavs=[10, 9] pred_boxes=24 gt_boxes=70 comm_bytes=19760
frame=27/41 late_source=3/7 scenario=2026_07_29_02_32_08 timestamp=000112 receiver=12 cavs=[12, 4, 7] pred_boxes=22 gt_boxes=70 comm_bytes=63664
frame=27/41 late_source=4/7 scenario=2026_07_29_02_32_08 timestamp=000112 receiver=13 cavs=[13, 14, 19] pred_boxes=8 gt_boxes=70 comm_bytes=96912
frame=27/41 late_source=5/7 scenario=2026_07_29_02_32_08 timestamp=000112 receiver=15 cavs=[15, 6] pred_boxes=22 gt_boxes=70 comm_bytes=50864
frame=27/41 late_source=6/7 scenario=2026_07_29_02_32_08 timestamp=000112 receiver=17 cavs=[17, 3, 16, 18] pred_boxes=13 gt_boxes=70 comm_bytes=93264
frame=27/41 late_source=7/7 scenario=2026_07_29_02_32_08 timestamp=000112 receiver=20 cavs=[20, 5] pred_boxes=26 gt_boxes=70 comm_bytes=19712
sgcp_late_fusion frame=27/41 scenario=2026_07_29_02_32_08 timestamp=000112 sources=7 fused_pred_boxes=72 fused_gt_boxes=70
frame=28/41 late_source=1/7 scenario=2026_07_29_02_32_08 timestamp=000114 receiver=1 cavs=[1, 2, 8, 11] pred_boxes=34 gt_boxes=69 comm_bytes=60592
frame=28/41 late_source=2/7 scenario=2026_07_29_02_32_08 timestamp=000114 receiver=10 cavs=[10, 9] pred_boxes=26 gt_boxes=69 comm_bytes=19760
frame=28/41 late_source=3/7 scenario=2026_07_29_02_32_08 timestamp=000114 receiver=12 cavs=[12, 4, 7] pred_boxes=26 gt_boxes=69 comm_bytes=64560
frame=28/41 late_source=4/7 scenario=2026_07_29_02_32_08 timestamp=000114 receiver=13 cavs=[13, 14, 19] pred_boxes=8 gt_boxes=69 comm_bytes=97568
frame=28/41 late_source=5/7 scenario=2026_07_29_02_32_08 timestamp=000114 receiver=15 cavs=[15, 6] pred_boxes=20 gt_boxes=69 comm_bytes=50960
frame=28/41 late_source=6/7 scenario=2026_07_29_02_32_08 timestamp=000114 receiver=17 cavs=[17, 3, 16, 18] pred_boxes=12 gt_boxes=69 comm_bytes=91872
frame=28/41 late_source=7/7 scenario=2026_07_29_02_32_08 timestamp=000114 receiver=20 cavs=[20, 5] pred_boxes=26 gt_boxes=69 comm_bytes=20080
sgcp_late_fusion frame=28/41 scenario=2026_07_29_02_32_08 timestamp=000114 sources=7 fused_pred_boxes=71 fused_gt_boxes=69
frame=29/41 late_source=1/7 scenario=2026_07_29_02_32_08 timestamp=000116 receiver=1 cavs=[1, 2, 8, 11] pred_boxes=31 gt_boxes=69 comm_bytes=60624
frame=29/41 late_source=2/7 scenario=2026_07_29_02_32_08 timestamp=000116 receiver=10 cavs=[10, 9] pred_boxes=24 gt_boxes=69 comm_bytes=19728
frame=29/41 late_source=3/7 scenario=2026_07_29_02_32_08 timestamp=000116 receiver=12 cavs=[12, 4, 7] pred_boxes=28 gt_boxes=69 comm_bytes=65280
frame=29/41 late_source=4/7 scenario=2026_07_29_02_32_08 timestamp=000116 receiver=13 cavs=[13, 14, 19] pred_boxes=7 gt_boxes=69 comm_bytes=97936
frame=29/41 late_source=5/7 scenario=2026_07_29_02_32_08 timestamp=000116 receiver=15 cavs=[15, 6] pred_boxes=20 gt_boxes=69 comm_bytes=50896
frame=29/41 late_source=6/7 scenario=2026_07_29_02_32_08 timestamp=000116 receiver=17 cavs=[17, 3, 16, 18] pred_boxes=10 gt_boxes=69 comm_bytes=89872
frame=29/41 late_source=7/7 scenario=2026_07_29_02_32_08 timestamp=000116 receiver=20 cavs=[20, 5] pred_boxes=26 gt_boxes=69 comm_bytes=20416
sgcp_late_fusion frame=29/41 scenario=2026_07_29_02_32_08 timestamp=000116 sources=7 fused_pred_boxes=70 fused_gt_boxes=69
frame=30/41 late_source=1/7 scenario=2026_07_29_02_32_08 timestamp=000118 receiver=1 cavs=[1, 2, 8, 11] pred_boxes=31 gt_boxes=69 comm_bytes=60832
frame=30/41 late_source=2/7 scenario=2026_07_29_02_32_08 timestamp=000118 receiver=10 cavs=[10, 9] pred_boxes=25 gt_boxes=69 comm_bytes=19744
frame=30/41 late_source=3/7 scenario=2026_07_29_02_32_08 timestamp=000118 receiver=12 cavs=[12, 4, 7] pred_boxes=27 gt_boxes=69 comm_bytes=67312
frame=30/41 late_source=4/7 scenario=2026_07_29_02_32_08 timestamp=000118 receiver=13 cavs=[13, 14, 19] pred_boxes=6 gt_boxes=69 comm_bytes=97808
frame=30/41 late_source=5/7 scenario=2026_07_29_02_32_08 timestamp=000118 receiver=15 cavs=[15, 6] pred_boxes=21 gt_boxes=69 comm_bytes=51536
frame=30/41 late_source=6/7 scenario=2026_07_29_02_32_08 timestamp=000118 receiver=17 cavs=[17, 3, 16, 18] pred_boxes=10 gt_boxes=69 comm_bytes=90080
frame=30/41 late_source=7/7 scenario=2026_07_29_02_32_08 timestamp=000118 receiver=20 cavs=[20, 5] pred_boxes=25 gt_boxes=69 comm_bytes=21040
sgcp_late_fusion frame=30/41 scenario=2026_07_29_02_32_08 timestamp=000118 sources=7 fused_pred_boxes=70 fused_gt_boxes=69
frame=31/41 late_source=1/7 scenario=2026_07_29_02_32_08 timestamp=000120 receiver=1 cavs=[1, 2, 8, 11] pred_boxes=32 gt_boxes=69 comm_bytes=60784
frame=31/41 late_source=2/7 scenario=2026_07_29_02_32_08 timestamp=000120 receiver=10 cavs=[10, 9] pred_boxes=24 gt_boxes=69 comm_bytes=19760Format = auto
Extension = pcd
Format = auto
Extension = pcd
Format = auto
Extension = pcd
Format = auto
Extension = pcd
Format = auto
Extension = pcd
Format = auto
Extension = pcd
Format = auto
Extension = pcd
Format = auto
Extension = pcd
Format = auto
Extension = pcd
Format = auto
Extension = pcd
Format = auto
Extension = pcd
Format = auto
Extension = pcd
Format = auto
Extension = pcd
Format = auto
Extension = pcd
Format = auto
Extension = pcd
Format = auto
Extension = pcd
Format = auto
Extension = pcd
Format = auto
Extension = pcd
Format = auto
Extension = pcd
Format = auto
Extension = pcd
Format = auto
Extension = pcd
Format = auto
Extension = pcd
Format = auto
Extension = pcd
Format = auto
Extension = pcd
Format = auto
Extension = pcd
Format = auto
Extension = pcd
Format = auto
Extension = pcd
Format = auto
Extension = pcd
Format = auto
Extension = pcd
Format = auto
Extension = pcd
Format = auto
Extension = pcd
Format = auto
Extension = pcd
Format = auto
Extension = pcd
Format = auto
Extension = pcd
Format = auto
Extension = pcd
Format = auto
Extension = pcd
Format = auto
Extension = pcd
Format = auto
Extension = pcd
Format = auto
Extension = pcd
Format = auto
Extension = pcd
Format = auto
Extension = pcd
Format = auto
Extension = pcd
Format = auto
Extension = pcd
Format = auto
Extension = pcd
Format = auto
Extension = pcd
Format = auto
Extension = pcd
Format = auto
Extension = pcd
Format = auto
Extension = pcd
Format = auto
Extension = pcd
Format = auto
Extension = pcd
Format = auto
Extension = pcd
Format = auto
Extension = pcd
Format = auto
Extension = pcd
Format = auto
Extension = pcd
Format = auto
Extension = pcd
Format = auto
Extension = pcd
Format = auto
Extension = pcd
Format = auto
Extension = pcd
Format = auto
Extension = pcd
Format = auto
Extension = pcd
Format = auto
Extension = pcd
Format = auto
Extension = pcd
Format = auto
Extension = pcd
Format = auto
Extension = pcd
Format = auto
Extension = pcd
Format = auto
Extension = pcd
Format = auto
Extension = pcd
Format = auto
Extension = pcd
Format = auto
Extension = pcd
Format = auto
Extension = pcd
Format = auto
Extension = pcd
Format = auto
Extension = pcd
Format = auto
Extension = pcd
Format = auto
Extension = pcd
Format = auto
Extension = pcd
Format = auto
Extension = pcd
Format = auto
Extension = pcd
Format = auto
Extension = pcd
Format = auto
Extension = pcd
Format = auto
Extension = pcd
Format = auto
Extension = pcd
Format = auto
Extension = pcd
Format = auto
Extension = pcd
Format = auto
Extension = pcd
Format = auto
Extension = pcd
Format = auto
Extension = pcd
Format = auto
Extension = pcd
Format = auto
Extension = pcd
Format = auto
Extension = pcd
Format = auto
Extension = pcd
Format = auto
Extension = pcd
Format = auto
Extension = pcd
Format = auto
Extension = pcd
Format = auto
Extension = pcd
Format = auto
Extension = pcd
Format = auto
Extension = pcd
Format = auto
Extension = pcd
Format = auto
Extension = pcd
Format = auto
Extension = pcd
Format = auto
Extension = pcd
Format = auto
Extension = pcd
Format = auto
Extension = pcd
Format = auto
Extension = pcd
Format = auto
Extension = pcd
Format = auto
Extension = pcd
Format = auto
Extension = pcd
Format = auto
Extension = pcd
Format = auto
Extension = pcd
Format = auto
Extension = pcd
Format = auto
Extension = pcd
Format = auto
Extension = pcd
Format = auto
Extension = pcd
Format = auto
Extension = pcd
Format = auto
Extension = pcd
Format = auto
Extension = pcd
Format = auto
Extension = pcd
Format = auto
Extension = pcd
Format = auto
Extension = pcd
Format = auto
Extension = pcd
Format = auto
Extension = pcd
Format = auto
Extension = pcd
Format = auto
Extension = pcd
Format = auto
Extension = pcd
Format = auto
Extension = pcd
Format = auto
Extension = pcd
Format = auto
Extension = pcd
Format = auto
Extension = pcd
Format = auto
Extension = pcd
Format = auto
Extension = pcd
Format = auto
Extension = pcd
Format = auto
Extension = pcd
Format = auto
Extension = pcd
Format = auto
Extension = pcd
Format = auto
Extension = pcd
Format = auto
Extension = pcd
Format = auto
Extension = pcd
Format = auto
Extension = pcd
Format = auto
Extension = pcd
Format = auto
Extension = pcd
Format = auto
Extension = pcd

frame=31/41 late_source=3/7 scenario=2026_07_29_02_32_08 timestamp=000120 receiver=12 cavs=[12, 4, 7] pred_boxes=29 gt_boxes=69 comm_bytes=66768
frame=31/41 late_source=4/7 scenario=2026_07_29_02_32_08 timestamp=000120 receiver=13 cavs=[13, 14, 19] pred_boxes=5 gt_boxes=69 comm_bytes=96560
frame=31/41 late_source=5/7 scenario=2026_07_29_02_32_08 timestamp=000120 receiver=15 cavs=[15, 6] pred_boxes=20 gt_boxes=69 comm_bytes=51424
frame=31/41 late_source=6/7 scenario=2026_07_29_02_32_08 timestamp=000120 receiver=17 cavs=[17, 3, 16, 18] pred_boxes=11 gt_boxes=69 comm_bytes=89168
frame=31/41 late_source=7/7 scenario=2026_07_29_02_32_08 timestamp=000120 receiver=20 cavs=[20, 5] pred_boxes=24 gt_boxes=69 comm_bytes=21824
sgcp_late_fusion frame=31/41 scenario=2026_07_29_02_32_08 timestamp=000120 sources=7 fused_pred_boxes=69 fused_gt_boxes=69
frame=32/41 late_source=1/7 scenario=2026_07_29_02_32_08 timestamp=000122 receiver=1 cavs=[1, 2, 8, 11] pred_boxes=32 gt_boxes=69 comm_bytes=60720
frame=32/41 late_source=2/7 scenario=2026_07_29_02_32_08 timestamp=000122 receiver=10 cavs=[10, 9] pred_boxes=25 gt_boxes=69 comm_bytes=19744
frame=32/41 late_source=3/7 scenario=2026_07_29_02_32_08 timestamp=000122 receiver=12 cavs=[12, 4, 7] pred_boxes=27 gt_boxes=69 comm_bytes=65824
frame=32/41 late_source=4/7 scenario=2026_07_29_02_32_08 timestamp=000122 receiver=13 cavs=[13, 14, 19] pred_boxes=5 gt_boxes=69 comm_bytes=96304
frame=32/41 late_source=5/7 scenario=2026_07_29_02_32_08 timestamp=000122 receiver=15 cavs=[15, 6] pred_boxes=21 gt_boxes=69 comm_bytes=51712
frame=32/41 late_source=6/7 scenario=2026_07_29_02_32_08 timestamp=000122 receiver=17 cavs=[17, 3, 16, 18] pred_boxes=9 gt_boxes=69 comm_bytes=89440
frame=32/41 late_source=7/7 scenario=2026_07_29_02_32_08 timestamp=000122 receiver=20 cavs=[20, 5] pred_boxes=26 gt_boxes=69 comm_bytes=22560
sgcp_late_fusion frame=32/41 scenario=2026_07_29_02_32_08 timestamp=000122 sources=7 fused_pred_boxes=70 fused_gt_boxes=69
frame=33/41 late_source=1/7 scenario=2026_07_29_02_32_08 timestamp=000124 receiver=1 cavs=[1, 2, 8, 11] pred_boxes=31 gt_boxes=69 comm_bytes=60848
frame=33/41 late_source=2/7 scenario=2026_07_29_02_32_08 timestamp=000124 receiver=10 cavs=[10, 9] pred_boxes=24 gt_boxes=69 comm_bytes=19808
frame=33/41 late_source=3/7 scenario=2026_07_29_02_32_08 timestamp=000124 receiver=12 cavs=[12, 4, 7] pred_boxes=23 gt_boxes=69 comm_bytes=70624
frame=33/41 late_source=4/7 scenario=2026_07_29_02_32_08 timestamp=000124 receiver=13 cavs=[13, 14, 19] pred_boxes=4 gt_boxes=69 comm_bytes=96528
frame=33/41 late_source=5/7 scenario=2026_07_29_02_32_08 timestamp=000124 receiver=15 cavs=[15, 6] pred_boxes=21 gt_boxes=69 comm_bytes=51616
frame=33/41 late_source=6/7 scenario=2026_07_29_02_32_08 timestamp=000124 receiver=17 cavs=[17, 3, 16, 18] pred_boxes=10 gt_boxes=69 comm_bytes=90832
frame=33/41 late_source=7/7 scenario=2026_07_29_02_32_08 timestamp=000124 receiver=20 cavs=[20, 5] pred_boxes=26 gt_boxes=69 comm_bytes=22016
sgcp_late_fusion frame=33/41 scenario=2026_07_29_02_32_08 timestamp=000124 sources=7 fused_pred_boxes=67 fused_gt_boxes=69
frame=34/41 late_source=1/7 scenario=2026_07_29_02_32_08 timestamp=000126 receiver=1 cavs=[1, 2, 8, 11] pred_boxes=34 gt_boxes=69 comm_bytes=60880
frame=34/41 late_source=2/7 scenario=2026_07_29_02_32_08 timestamp=000126 receiver=10 cavs=[10, 9] pred_boxes=24 gt_boxes=69 comm_bytes=19792
frame=34/41 late_source=3/7 scenario=2026_07_29_02_32_08 timestamp=000126 receiver=12 cavs=[12, 4, 7] pred_boxes=28 gt_boxes=69 comm_bytes=66192
frame=34/41 late_source=4/7 scenario=2026_07_29_02_32_08 timestamp=000126 receiver=13 cavs=[13, 14, 19] pred_boxes=6 gt_boxes=69 comm_bytes=96160
frame=34/41 late_source=5/7 scenario=2026_07_29_02_32_08 timestamp=000126 receiver=15 cavs=[15, 6] pred_boxes=23 gt_boxes=69 comm_bytes=51440
frame=34/41 late_source=6/7 scenario=2026_07_29_02_32_08 timestamp=000126 receiver=17 cavs=[17, 3, 16, 18] pred_boxes=10 gt_boxes=69 comm_bytes=90416
frame=34/41 late_source=7/7 scenario=2026_07_29_02_32_08 timestamp=000126 receiver=20 cavs=[20, 5] pred_boxes=27 gt_boxes=69 comm_bytes=22768
sgcp_late_fusion frame=34/41 scenario=2026_07_29_02_32_08 timestamp=000126 sources=7 fused_pred_boxes=69 fused_gt_boxes=69
frame=35/41 late_source=1/7 scenario=2026_07_29_02_32_08 timestamp=000128 receiver=1 cavs=[1, 2, 8, 11] pred_boxes=31 gt_boxes=69 comm_bytes=60912
frame=35/41 late_source=2/7 scenario=2026_07_29_02_32_08 timestamp=000128 receiver=10 cavs=[10, 9] pred_boxes=26 gt_boxes=69 comm_bytes=19808
frame=35/41 late_source=3/7 scenario=2026_07_29_02_32_08 timestamp=000128 receiver=12 cavs=[12, 4, 7] pred_boxes=29 gt_boxes=69 comm_bytes=70800
frame=35/41 late_source=4/7 scenario=2026_07_29_02_32_08 timestamp=000128 receiver=13 cavs=[13, 14, 19] pred_boxes=7 gt_boxes=69 comm_bytes=96288
frame=35/41 late_source=5/7 scenario=2026_07_29_02_32_08 timestamp=000128 receiver=15 cavs=[15, 6] pred_boxes=21 gt_boxes=69 comm_bytes=53440
frame=35/41 late_source=6/7 scenario=2026_07_29_02_32_08 timestamp=000128 receiver=17 cavs=[17, 3, 16, 18] pred_boxes=10 gt_boxes=69 comm_bytes=89392
frame=35/41 late_source=7/7 scenario=2026_07_29_02_32_08 timestamp=000128 receiver=20 cavs=[20, 5] pred_boxes=27 gt_boxes=69 comm_bytes=22848
sgcp_late_fusion frame=35/41 scenario=2026_07_29_02_32_08 timestamp=000128 sources=7 fused_pred_boxes=69 fused_gt_boxes=69
frame=36/41 late_source=1/7 scenario=2026_07_29_02_32_08 timestamp=000130 receiver=1 cavs=[1, 2, 8, 11] pred_boxes=33 gt_boxes=68 comm_bytes=60896
frame=36/41 late_source=2/7 scenario=2026_07_29_02_32_08 timestamp=000130 receiver=10 cavs=[10, 9] pred_boxes=24 gt_boxes=68 comm_bytes=19904
frame=36/41 late_source=3/7 scenario=2026_07_29_02_32_08 timestamp=000130 receiver=12 cavs=[12, 4, 7] pred_boxes=23 gt_boxes=68 comm_bytes=71168
frame=36/41 late_source=4/7 scenario=2026_07_29_02_32_08 timestamp=000130 receiver=13 cavs=[13, 14, 19] pred_boxes=7 gt_boxes=68 comm_bytes=95680
frame=36/41 late_source=5/7 scenario=2026_07_29_02_32_08 timestamp=000130 receiver=15 cavs=[15, 6] pred_boxes=21 gt_boxes=68 comm_bytes=53840
frame=36/41 late_source=6/7 scenario=2026_07_29_02_32_08 timestamp=000130 receiver=17 cavs=[17, 3, 16, 18] pred_boxes=10 gt_boxes=68 comm_bytes=88224
frame=36/41 late_source=7/7 scenario=2026_07_29_02_32_08 timestamp=000130 receiver=20 cavs=[20, 5] pred_boxes=26 gt_boxes=68 comm_bytes=22752
sgcp_late_fusion frame=36/41 scenario=2026_07_29_02_32_08 timestamp=000130 sources=7 fused_pred_boxes=67 fused_gt_boxes=68
frame=37/41 late_source=1/6 scenario=2026_07_29_02_32_08 timestamp=000132 receiver=4 cavs=[4, 7, 8, 12] pred_boxes=31 gt_boxes=68 comm_bytes=93104
frame=37/41 late_source=2/6 scenario=2026_07_29_02_32_08 timestamp=000132 receiver=11 cavs=[11, 1, 2, 19] pred_boxes=34 gt_boxes=68 comm_bytes=71312
frame=37/41 late_source=3/6 scenario=2026_07_29_02_32_08 timestamp=000132 receiver=13 cavs=[13, 9, 10, 14] pred_boxes=17 gt_boxes=68 comm_bytes=105920
frame=37/41 late_source=4/6 scenario=2026_07_29_02_32_08 timestamp=000132 receiver=15 cavs=[15, 6] pred_boxes=22 gt_boxes=68 comm_bytes=54048
frame=37/41 late_source=5/6 scenario=2026_07_29_02_32_08 timestamp=000132 receiver=17 cavs=[17, 3, 16, 18] pred_boxes=12 gt_boxes=68 comm_bytes=88656
frame=37/41 late_source=6/6 scenario=2026_07_29_02_32_08 timestamp=000132 receiver=20 cavs=[20, 5] pred_boxes=26 gt_boxes=68 comm_bytes=23024
sgcp_late_fusion frame=37/41 scenario=2026_07_29_02_32_08 timestamp=000132 sources=6 fused_pred_boxes=65 fused_gt_boxes=68
frame=38/41 late_source=1/6 scenario=2026_07_29_02_32_08 timestamp=000134 receiver=4 cavs=[4, 7, 8, 12] pred_boxes=33 gt_boxes=68 comm_bytes=94384
frame=38/41 late_source=2/6 scenario=2026_07_29_02_32_08 timestamp=000134 receiver=11 cavs=[11, 1, 2, 19] pred_boxes=32 gt_boxes=68 comm_bytes=71328
frame=38/41 late_source=3/6 scenario=2026_07_29_02_32_08 timestamp=000134 receiver=13 cavs=[13, 9, 10, 14] pred_boxes=16 gt_boxes=68 comm_bytes=106176
frame=38/41 late_source=4/6 scenario=2026_07_29_02_32_08 timestamp=000134 receiver=15 cavs=[15, 6] pred_boxes=23 gt_boxes=68 comm_bytes=53792
frame=38/41 late_source=5/6 scenario=2026_07_29_02_32_08 timestamp=000134 receiver=17 cavs=[17, 3, 16, 18] pred_boxes=11 gt_boxes=68 comm_bytes=88016Format = auto
Extension = pcd
Format = auto
Extension = pcd
Format = auto
Extension = pcd
Format = auto
Extension = pcd
Format = auto
Extension = pcd
Format = auto
Extension = pcd
Format = auto
Extension = pcd
Format = auto
Extension = pcd
Format = auto
Extension = pcd
Format = auto
Extension = pcd
Format = auto
Extension = pcd
Format = auto
Extension = pcd
Format = auto
Extension = pcd
Format = auto
Extension = pcd
Format = auto
Extension = pcd
Format = auto
Extension = pcd
Format = auto
Extension = pcd
Format = auto
Extension = pcd
Format = auto
Extension = pcd
Format = auto
Extension = pcd
Format = auto
Extension = pcd
Format = auto
Extension = pcd
Format = auto
Extension = pcd
Format = auto
Extension = pcd
Format = auto
Extension = pcd
Format = auto
Extension = pcd
Format = auto
Extension = pcd
Format = auto
Extension = pcd
Format = auto
Extension = pcd
Format = auto
Extension = pcd
Format = auto
Extension = pcd
Format = auto
Extension = pcd
Format = auto
Extension = pcd
Format = auto
Extension = pcd
Format = auto
Extension = pcd
Format = auto
Extension = pcd
Format = auto
Extension = pcd
Format = auto
Extension = pcd
Format = auto
Extension = pcd
Format = auto
Extension = pcd
Format = auto
Extension = pcd
Format = auto
Extension = pcd
Format = auto
Extension = pcd
Format = auto
Extension = pcd
Format = auto
Extension = pcd
Format = auto
Extension = pcd
Format = auto
Extension = pcd
Format = auto
Extension = pcd
Format = auto
Extension = pcd
Format = auto
Extension = pcd
Format = auto
Extension = pcd
Format = auto
Extension = pcd
Format = auto
Extension = pcd
Format = auto
Extension = pcd
Format = auto
Extension = pcd
Format = auto
Extension = pcd
Format = auto
Extension = pcd
Format = auto
Extension = pcd
Format = auto
Extension = pcd
Format = auto
Extension = pcd

frame=38/41 late_source=6/6 scenario=2026_07_29_02_32_08 timestamp=000134 receiver=20 cavs=[20, 5] pred_boxes=25 gt_boxes=68 comm_bytes=23728
sgcp_late_fusion frame=38/41 scenario=2026_07_29_02_32_08 timestamp=000134 sources=6 fused_pred_boxes=65 fused_gt_boxes=68
frame=39/41 late_source=1/6 scenario=2026_07_29_02_32_08 timestamp=000136 receiver=4 cavs=[4, 7, 8, 12] pred_boxes=33 gt_boxes=68 comm_bytes=96240
frame=39/41 late_source=2/6 scenario=2026_07_29_02_32_08 timestamp=000136 receiver=11 cavs=[11, 1, 2, 19] pred_boxes=33 gt_boxes=68 comm_bytes=72064
frame=39/41 late_source=3/6 scenario=2026_07_29_02_32_08 timestamp=000136 receiver=13 cavs=[13, 9, 10, 14] pred_boxes=17 gt_boxes=68 comm_bytes=106288
frame=39/41 late_source=4/6 scenario=2026_07_29_02_32_08 timestamp=000136 receiver=15 cavs=[15, 6] pred_boxes=24 gt_boxes=68 comm_bytes=53728
frame=39/41 late_source=5/6 scenario=2026_07_29_02_32_08 timestamp=000136 receiver=17 cavs=[17, 3, 16, 18] pred_boxes=10 gt_boxes=68 comm_bytes=91248
frame=39/41 late_source=6/6 scenario=2026_07_29_02_32_08 timestamp=000136 receiver=20 cavs=[20, 5] pred_boxes=24 gt_boxes=68 comm_bytes=23808
sgcp_late_fusion frame=39/41 scenario=2026_07_29_02_32_08 timestamp=000136 sources=6 fused_pred_boxes=65 fused_gt_boxes=68
frame=40/41 late_source=1/6 scenario=2026_07_29_02_32_08 timestamp=000138 receiver=4 cavs=[4, 7, 8, 12] pred_boxes=33 gt_boxes=68 comm_bytes=99392
frame=40/41 late_source=2/6 scenario=2026_07_29_02_32_08 timestamp=000138 receiver=11 cavs=[11, 1, 2, 19] pred_boxes=32 gt_boxes=68 comm_bytes=72432
frame=40/41 late_source=3/6 scenario=2026_07_29_02_32_08 timestamp=000138 receiver=13 cavs=[13, 9, 10, 14] pred_boxes=17 gt_boxes=68 comm_bytes=106144
frame=40/41 late_source=4/6 scenario=2026_07_29_02_32_08 timestamp=000138 receiver=15 cavs=[15, 6] pred_boxes=24 gt_boxes=68 comm_bytes=53568
frame=40/41 late_source=5/6 scenario=2026_07_29_02_32_08 timestamp=000138 receiver=17 cavs=[17, 3, 16, 18] pred_boxes=11 gt_boxes=68 comm_bytes=88192
frame=40/41 late_source=6/6 scenario=2026_07_29_02_32_08 timestamp=000138 receiver=20 cavs=[20, 5] pred_boxes=24 gt_boxes=68 comm_bytes=24656
sgcp_late_fusion frame=40/41 scenario=2026_07_29_02_32_08 timestamp=000138 sources=6 fused_pred_boxes=68 fused_gt_boxes=68
frame=41/41 late_source=1/6 scenario=2026_07_29_02_32_08 timestamp=000140 receiver=4 cavs=[4, 7, 8, 12] pred_boxes=32 gt_boxes=67 comm_bytes=100848
frame=41/41 late_source=2/6 scenario=2026_07_29_02_32_08 timestamp=000140 receiver=11 cavs=[11, 1, 2, 19] pred_boxes=33 gt_boxes=67 comm_bytes=72880
frame=41/41 late_source=3/6 scenario=2026_07_29_02_32_08 timestamp=000140 receiver=13 cavs=[13, 9, 10, 14] pred_boxes=17 gt_boxes=67 comm_bytes=106208
frame=41/41 late_source=4/6 scenario=2026_07_29_02_32_08 timestamp=000140 receiver=15 cavs=[15, 6] pred_boxes=21 gt_boxes=67 comm_bytes=53200
frame=41/41 late_source=5/6 scenario=2026_07_29_02_32_08 timestamp=000140 receiver=17 cavs=[17, 3, 16, 18] pred_boxes=11 gt_boxes=67 comm_bytes=87984
frame=41/41 late_source=6/6 scenario=2026_07_29_02_32_08 timestamp=000140 receiver=20 cavs=[20, 5] pred_boxes=24 gt_boxes=67 comm_bytes=25648
sgcp_late_fusion frame=41/41 scenario=2026_07_29_02_32_08 timestamp=000140 sources=6 fused_pred_boxes=65 fused_gt_boxes=67
cp counter: 41
Evaluate final average precision results:
  - Fusion method: early
  - The Average Precision at IOU 0.3 is 0.88, The Average Precision at IOU 0.5 is 0.82, The Average Precision at IOU 0.7 is 0.59
sgcp_summary frames=272 avg_comm_bytes=61289.12 total_comm_bytes=16670640 avg_source_cavs=3.01 avg_selected_grids=67.34
C:\Users\sakakibara\miniconda3\envs\opencda\lib\site-packages\torch\nn\functional.py:1806: UserWarning: nn.functional.sigmoid is deprecated. Use torch.sigmoid instead.
  warnings.warn("nn.functional.sigmoid is deprecated. Use torch.sigmoid instead.")
