COMMAND: C:\Users\sakakibara\miniconda3\envs\opencda\python.exe -m opencda.tools.offline_inference --dataset-root D:\Data\Carla --scenario-id 2026_07_29_02_32_08 --ego-cav-id 1 --max-frames 41 --fusion-method early --coperception-yaml docs\doc_workspace\SGCP\artifacts\early_from_late_checkpoint_20260719\enable_coperception_early_from_attentive.yaml --bandwidth-mhz 40 --num-channels 10 --channel-estimator ns3 --ns3-tb-size-bytes 899 --ns3-slot-duration-ms 0.5 --ns3-subchannel-prbs 10 --ns3-symbols-per-slot 12 --ns3-mcs 28 --communication-deadline-ms 60 --gt-scope full-frame --cav-count 10 --sgcp-constrained --clustering potential_verified_cov_coalition_game --resource-allocation dynamic_cv --sgcp-receiver-policy all-cluster-heads --sgcp-upload-mode grid --sgcp-inter-cluster-late-fusion --n-max 2 --rho-th 2 --head-rb-budget 2 --sgcp-frame-mbps-budget 40.0 --upload-density-cap-rho 2 --sgcp-trace-output docs\doc_workspace\SGCP\artifacts\dense_cav_sweep_fullgt_nmax_formula_20260801\N10\sgcp_trace.csv --eval-stats-output docs\doc_workspace\SGCP\artifacts\dense_cav_sweep_fullgt_nmax_formula_20260801\N10\sgcp_eval_stats.csv

Format = auto
Extension = pcd
Format = auto
Extension = pcd
Format = auto
Extension = pcd
Format = auto
Extension = pcd
Format = auto
Extension = pcd
Format = auto
Extension = pcd
Format = auto
Extension = pcd
Format = auto
Extension = pcd
Format = auto
Extension = pcd
Format = auto
Extension = pcd
Format = auto
Extension = pcd
Format = auto
Extension = pcd
Format = auto
Extension = pcd
Format = auto
Extension = pcd
Format = auto
Extension = pcd
Format = auto
Extension = pcd
Format = auto
Extension = pcd
Format = auto
Extension = pcd
Format = auto
Extension = pcd
Format = auto
Extension = pcd
Format = auto
Extension = pcd
Format = auto
Extension = pcd
Format = auto
Extension = pcd
Format = auto
Extension = pcd
Format = auto
Extension = pcd
Format = auto
Extension = pcd
Format = auto
Extension = pcd
Format = auto
Extension = pcd
Format = auto
Extension = pcd
Format = auto
Extension = pcd
Format = auto
Extension = pcd
Format = auto
Extension = pcd
Format = auto
Extension = pcd
Format = auto
Extension = pcd
Format = auto
Extension = pcd
Format = auto
Extension = pcd
Format = auto
Extension = pcd
Format = auto
Extension = pcd
Format = auto
Extension = pcd
Format = auto
Extension = pcd
Format = auto
Extension = pcd
Format = auto
Extension = pcd
Format = auto
Extension = pcd
Format = auto
Extension = pcd
Format = auto
Extension = pcd
Format = auto
Extension = pcd
Format = auto
Extension = pcd
Format = auto
Extension = pcd
Format = auto
Extension = pcd
Format = auto
Extension = pcd
Format = auto
Extension = pcd
Format = auto
Extension = pcd
Format = auto
Extension = pcd
Format = auto
Extension = pcd
Format = auto
Extension = pcd
Format = auto
Extension = pcd
Format = auto
Extension = pcd
Format = auto
Extension = pcd
Format = auto
Extension = pcd
Format = auto
Extension = pcd
Format = auto
Extension = pcd
Format = auto
Extension = pcd
Format = auto
Extension = pcd
Format = auto
Extension = pcd
Format = auto
Extension = pcd
Format = auto
Extension = pcd
Format = auto
Extension = pcd
Format = auto
Extension = pcd
Format = auto
Extension = pcd
Format = auto
Extension = pcd
Format = auto
Extension = pcd
Format = auto
Extension = pcd
Format = auto
Extension = pcd
Format = auto
Extension = pcd
Format = auto
Extension = pcd
Format = auto
Extension = pcd
Format = auto
Extension = pcd
Format = auto
Extension = pcd
Format = auto
Extension = pcd
Format = auto
Extension = pcd
Format = auto
Extension = pcd
Format = auto
Extension = pcd
Format = auto
Extension = pcd
Format = auto
Extension = pcd
Format = auto
Extension = pcd
Format = auto
Extension = pcd
Format = auto
Extension = pcd
Format = auto
Extension = pcd
Format = auto
Extension = pcd
Format = auto
Extension = pcd
resuming by loading epoch 10000
frame=1/41 late_source=1/6 scenario=2026_07_29_02_32_08 timestamp=000060 receiver=1 cavs=[1, 2] pred_boxes=29 gt_boxes=72 comm_bytes=39888
frame=1/41 late_source=2/6 scenario=2026_07_29_02_32_08 timestamp=000060 receiver=3 cavs=[3] pred_boxes=7 gt_boxes=72 comm_bytes=0
frame=1/41 late_source=3/6 scenario=2026_07_29_02_32_08 timestamp=000060 receiver=4 cavs=[4, 7] pred_boxes=29 gt_boxes=72 comm_bytes=42640
frame=1/41 late_source=4/6 scenario=2026_07_29_02_32_08 timestamp=000060 receiver=5 cavs=[5, 10] pred_boxes=24 gt_boxes=72 comm_bytes=48096
frame=1/41 late_source=5/6 scenario=2026_07_29_02_32_08 timestamp=000060 receiver=6 cavs=[6] pred_boxes=12 gt_boxes=72 comm_bytes=0
frame=1/41 late_source=6/6 scenario=2026_07_29_02_32_08 timestamp=000060 receiver=8 cavs=[8, 9] pred_boxes=38 gt_boxes=72 comm_bytes=54512
sgcp_late_fusion frame=1/41 scenario=2026_07_29_02_32_08 timestamp=000060 sources=6 fused_pred_boxes=71 fused_gt_boxes=72
frame=2/41 late_source=1/6 scenario=2026_07_29_02_32_08 timestamp=000062 receiver=1 cavs=[1, 2] pred_boxes=28 gt_boxes=72 comm_bytes=39904
frame=2/41 late_source=2/6 scenario=2026_07_29_02_32_08 timestamp=000062 receiver=3 cavs=[3] pred_boxes=10 gt_boxes=72 comm_bytes=0
frame=2/41 late_source=3/6 scenario=2026_07_29_02_32_08 timestamp=000062 receiver=4 cavs=[4, 7] pred_boxes=30 gt_boxes=72 comm_bytes=43040
frame=2/41 late_source=4/6 scenario=2026_07_29_02_32_08 timestamp=000062 receiver=5 cavs=[5, 10] pred_boxes=20 gt_boxes=72 comm_bytes=48240
frame=2/41 late_source=5/6 scenario=2026_07_29_02_32_08 timestamp=000062 receiver=6 cavs=[6] pred_boxes=12 gt_boxes=72 comm_bytes=0
frame=2/41 late_source=6/6 scenario=2026_07_29_02_32_08 timestamp=000062 receiver=8 cavs=[8, 9] pred_boxes=36 gt_boxes=72 comm_bytes=54560
sgcp_late_fusion frame=2/41 scenario=2026_07_29_02_32_08 timestamp=000062 sources=6 fused_pred_boxes=73 fused_gt_boxes=72
frame=3/41 late_source=1/6 scenario=2026_07_29_02_32_08 timestamp=000064 receiver=1 cavs=[1, 2] pred_boxes=27 gt_boxes=72 comm_bytes=39280
frame=3/41 late_source=2/6 scenario=2026_07_29_02_32_08 timestamp=000064 receiver=3 cavs=[3] pred_boxes=7 gt_boxes=72 comm_bytes=0
frame=3/41 late_source=3/6 scenario=2026_07_29_02_32_08 timestamp=000064 receiver=4 cavs=[4, 7] pred_boxes=30 gt_boxes=72 comm_bytes=42864
frame=3/41 late_source=4/6 scenario=2026_07_29_02_32_08 timestamp=000064 receiver=5 cavs=[5, 10] pred_boxes=24 gt_boxes=72 comm_bytes=48192
frame=3/41 late_source=5/6 scenario=2026_07_29_02_32_08 timestamp=000064 receiver=6 cavs=[6] pred_boxes=12 gt_boxes=72 comm_bytes=0
frame=3/41 late_source=6/6 scenario=2026_07_29_02_32_08 timestamp=000064 receiver=8 cavs=[8, 9] pred_boxes=32 gt_boxes=72 comm_bytes=54528
sgcp_late_fusion frame=3/41 scenario=2026_07_29_02_32_08 timestamp=000064 sources=6 fused_pred_boxes=70 fused_gt_boxes=72
frame=4/41 late_source=1/6 scenario=2026_07_29_02_32_08 timestamp=000066 receiver=1 cavs=[1, 2] pred_boxes=25 gt_boxes=72 comm_bytes=39584
frame=4/41 late_source=2/6 scenario=2026_07_29_02_32_08 timestamp=000066 receiver=3 cavs=[3] pred_boxes=9 gt_boxes=72 comm_bytes=0
frame=4/41 late_source=3/6 scenario=2026_07_29_02_32_08 timestamp=000066 receiver=4 cavs=[4, 7] pred_boxes=29 gt_boxes=72 comm_bytes=42944
frame=4/41 late_source=4/6 scenario=2026_07_29_02_32_08 timestamp=000066 receiver=5 cavs=[5, 10] pred_boxes=26 gt_boxes=72 comm_bytes=48304
frame=4/41 late_source=5/6 scenario=2026_07_29_02_32_08 timestamp=000066 receiver=6 cavs=[6] pred_boxes=12 gt_boxes=72 comm_bytes=0
frame=4/41 late_source=6/6 scenario=2026_07_29_02_32_08 timestamp=000066 receiver=8 cavs=[8, 9] pred_boxes=36 gt_boxes=72 comm_bytes=54512
sgcp_late_fusion frame=4/41 scenario=2026_07_29_02_32_08 timestamp=000066 sources=6 fused_pred_boxes=71 fused_gt_boxes=72
frame=5/41 late_source=1/6 scenario=2026_07_29_02_32_08 timestamp=000068 receiver=1 cavs=[1, 2] pred_boxes=24 gt_boxes=72 comm_bytes=39248
frame=5/41 late_source=2/6 scenario=2026_07_29_02_32_08 timestamp=000068 receiver=3 cavs=[3] pred_boxes=8 gt_boxes=72 comm_bytes=0
frame=5/41 late_source=3/6 scenario=2026_07_29_02_32_08 timestamp=000068 receiver=4 cavs=[4, 7] pred_boxes=28 gt_boxes=72 comm_bytes=42832
frame=5/41 late_source=4/6 scenario=2026_07_29_02_32_08 timestamp=000068 receiver=5 cavs=[5, 10] pred_boxes=26 gt_boxes=72 comm_bytes=48112
frame=5/41 late_source=5/6 scenario=2026_07_29_02_32_08 timestamp=000068 receiver=6 cavs=[6] pred_boxes=12 gt_boxes=72 comm_bytes=0
frame=5/41 late_source=6/6 scenario=2026_07_29_02_32_08 timestamp=000068 receiver=8 cavs=[8, 9] pred_boxes=38 gt_boxes=72 comm_bytes=54528
sgcp_late_fusion frame=5/41 scenario=2026_07_29_02_32_08 timestamp=000068 sources=6 fused_pred_boxes=70 fused_gt_boxes=72
frame=6/41 late_source=1/6 scenario=2026_07_29_02_32_08 timestamp=000070 receiver=1 cavs=[1, 2] pred_boxes=23 gt_boxes=72 comm_bytes=38832
frame=6/41 late_source=2/6 scenario=2026_07_29_02_32_08 timestamp=000070 receiver=3 cavs=[3] pred_boxes=10 gt_boxes=72 comm_bytes=0
frame=6/41 late_source=3/6 scenario=2026_07_29_02_32_08 timestamp=000070 receiver=4 cavs=[4, 7] pred_boxes=34 gt_boxes=72 comm_bytes=42400
frame=6/41 late_source=4/6 scenario=2026_07_29_02_32_08 timestamp=000070 receiver=5 cavs=[5, 10] pred_boxes=26 gt_boxes=72 comm_bytes=47824
frame=6/41 late_source=5/6 scenario=2026_07_29_02_32_08 timestamp=000070 receiver=6 cavs=[6] pred_boxes=12 gt_boxes=72 comm_bytes=0
frame=6/41 late_source=6/6 scenario=2026_07_29_02_32_08 timestamp=000070 receiver=8 cavs=[8, 9] pred_boxes=37 gt_boxes=72 comm_bytes=54560
sgcp_late_fusion frame=6/41 scenario=2026_07_29_02_32_08 timestamp=000070 sources=6 fused_pred_boxes=74 fused_gt_boxes=72
frame=7/41 late_source=1/6 scenario=2026_07_29_02_32_08 timestamp=000072 receiver=1 cavs=[1, 2] pred_boxes=27 gt_boxes=71 comm_bytes=38496
frame=7/41 late_source=2/6 scenario=2026_07_29_02_32_08 timestamp=000072 receiver=3 cavs=[3] pred_boxes=10 gt_boxes=71 comm_bytes=0
frame=7/41 late_source=3/6 scenario=2026_07_29_02_32_08 timestamp=000072 receiver=4 cavs=[4, 7] pred_boxes=29 gt_boxes=71 comm_bytes=42192
frame=7/41 late_source=4/6 scenario=2026_07_29_02_32_08 timestamp=000072 receiver=5 cavs=[5, 10] pred_boxes=25 gt_boxes=71 comm_bytes=47584
frame=7/41 late_source=5/6 scenario=2026_07_29_02_32_08 timestamp=000072 receiver=6 cavs=[6] pred_boxes=13 gt_boxes=71 comm_bytes=0
frame=7/41 late_source=6/6 scenario=2026_07_29_02_32_08 timestamp=000072 receiver=8 cavs=[8, 9] pred_boxes=38 gt_boxes=71 comm_bytes=54608
sgcp_late_fusion frame=7/41 scenario=2026_07_29_02_32_08 timestamp=000072 sources=6 fused_pred_boxes=72 fused_gt_boxes=71
frame=8/41 late_source=1/6 scenario=2026_07_29_02_32_08 timestamp=000074 receiver=1 cavs=[1, 2] pred_boxes=29 gt_boxes=70 comm_bytes=37616
frame=8/41 late_source=2/6 scenario=2026_07_29_02_32_08 timestamp=000074 receiver=3 cavs=[3] pred_boxes=8 gt_boxes=70 comm_bytes=0
frame=8/41 late_source=3/6 scenario=2026_07_29_02_32_08 timestamp=000074 receiver=4 cavs=[4, 7] pred_boxes=25 gt_boxes=70 comm_bytes=42656
frame=8/41 late_source=4/6 scenario=2026_07_29_02_32_08 timestamp=000074 receiver=5 cavs=[5, 10] pred_boxes=25 gt_boxes=70 comm_bytes=47280
frame=8/41 late_source=5/6 scenario=2026_07_29_02_32_08 timestamp=000074 receiver=6 cavs=[6] pred_boxes=13 gt_boxes=70 comm_bytes=0
frame=8/41 late_source=6/6 scenario=2026_07_29_02_32_08 timestamp=000074 receiver=8 cavs=[8, 9] pred_boxes=38 gt_boxes=70 comm_bytes=54720
sgcp_late_fusion frame=8/41 scenario=2026_07_29_02_32_08 timestamp=000074 sources=6 fused_pred_boxes=69 fused_gt_boxes=70
frame=9/41 late_source=1/6 scenario=2026_07_29_02_32_08 timestamp=000076 receiver=1 cavs=[1, 2] pred_boxes=25 gt_boxes=70 comm_bytes=37168
frame=9/41 late_source=2/6 scenario=2026_07_29_02_32_08 timestamp=000076 receiver=3 cavs=[3] pred_boxes=7 gt_boxes=70 comm_bytes=0
frame=9/41 late_source=3/6 scenario=2026_07_29_02_32_08 timestamp=000076 receiver=4 cavs=[4, 7] pred_boxes=28 gt_boxes=70 comm_bytes=42624
frame=9/41 late_source=4/6 scenario=2026_07_29_02_32_08 timestamp=000076 receiver=5 cavs=[5, 10] pred_boxes=25 gt_boxes=70 comm_bytes=46896
frame=9/41 late_source=5/6 scenario=2026_07_29_02_32_08 timestamp=000076 receiver=6 cavs=[6] pred_boxes=13 gt_boxes=70 comm_bytes=0Format = auto
Extension = pcd
Format = auto
Extension = pcd
Format = auto
Extension = pcd
Format = auto
Extension = pcd
Format = auto
Extension = pcd
Format = auto
Extension = pcd
Format = auto
Extension = pcd
Format = auto
Extension = pcd
Format = auto
Extension = pcd
Format = auto
Extension = pcd
Format = auto
Extension = pcd
Format = auto
Extension = pcd
Format = auto
Extension = pcd
Format = auto
Extension = pcd
Format = auto
Extension = pcd
Format = auto
Extension = pcd
Format = auto
Extension = pcd
Format = auto
Extension = pcd
Format = auto
Extension = pcd
Format = auto
Extension = pcd
Format = auto
Extension = pcd
Format = auto
Extension = pcd
Format = auto
Extension = pcd
Format = auto
Extension = pcd
Format = auto
Extension = pcd
Format = auto
Extension = pcd
Format = auto
Extension = pcd
Format = auto
Extension = pcd
Format = auto
Extension = pcd
Format = auto
Extension = pcd
Format = auto
Extension = pcd
Format = auto
Extension = pcd
Format = auto
Extension = pcd
Format = auto
Extension = pcd
Format = auto
Extension = pcd
Format = auto
Extension = pcd
Format = auto
Extension = pcd
Format = auto
Extension = pcd
Format = auto
Extension = pcd
Format = auto
Extension = pcd
Format = auto
Extension = pcd
Format = auto
Extension = pcd
Format = auto
Extension = pcd
Format = auto
Extension = pcd
Format = auto
Extension = pcd
Format = auto
Extension = pcd
Format = auto
Extension = pcd
Format = auto
Extension = pcd
Format = auto
Extension = pcd
Format = auto
Extension = pcd
Format = auto
Extension = pcd
Format = auto
Extension = pcd
Format = auto
Extension = pcd
Format = auto
Extension = pcd
Format = auto
Extension = pcd
Format = auto
Extension = pcd
Format = auto
Extension = pcd
Format = auto
Extension = pcd
Format = auto
Extension = pcd
Format = auto
Extension = pcd
Format = auto
Extension = pcd
Format = auto
Extension = pcd
Format = auto
Extension = pcd
Format = auto
Extension = pcd
Format = auto
Extension = pcd
Format = auto
Extension = pcd
Format = auto
Extension = pcd
Format = auto
Extension = pcd
Format = auto
Extension = pcd
Format = auto
Extension = pcd
Format = auto
Extension = pcd
Format = auto
Extension = pcd
Format = auto
Extension = pcd
Format = auto
Extension = pcd
Format = auto
Extension = pcd
Format = auto
Extension = pcd
Format = auto
Extension = pcd
Format = auto
Extension = pcd
Format = auto
Extension = pcd
Format = auto
Extension = pcd
Format = auto
Extension = pcd
Format = auto
Extension = pcd
Format = auto
Extension = pcd
Format = auto
Extension = pcd
Format = auto
Extension = pcd
Format = auto
Extension = pcd
Format = auto
Extension = pcd
Format = auto
Extension = pcd
Format = auto
Extension = pcd
Format = auto
Extension = pcd

frame=9/41 late_source=6/6 scenario=2026_07_29_02_32_08 timestamp=000076 receiver=8 cavs=[8, 9] pred_boxes=38 gt_boxes=70 comm_bytes=54752
sgcp_late_fusion frame=9/41 scenario=2026_07_29_02_32_08 timestamp=000076 sources=6 fused_pred_boxes=71 fused_gt_boxes=70
frame=10/41 late_source=1/5 scenario=2026_07_29_02_32_08 timestamp=000078 receiver=1 cavs=[1, 2] pred_boxes=26 gt_boxes=70 comm_bytes=36944
frame=10/41 late_source=2/5 scenario=2026_07_29_02_32_08 timestamp=000078 receiver=3 cavs=[3, 7] pred_boxes=20 gt_boxes=70 comm_bytes=53984
frame=10/41 late_source=3/5 scenario=2026_07_29_02_32_08 timestamp=000078 receiver=4 cavs=[4, 8] pred_boxes=29 gt_boxes=70 comm_bytes=26752
frame=10/41 late_source=4/5 scenario=2026_07_29_02_32_08 timestamp=000078 receiver=5 cavs=[5, 10] pred_boxes=28 gt_boxes=70 comm_bytes=47488
frame=10/41 late_source=5/5 scenario=2026_07_29_02_32_08 timestamp=000078 receiver=6 cavs=[6, 9] pred_boxes=23 gt_boxes=70 comm_bytes=62304
sgcp_late_fusion frame=10/41 scenario=2026_07_29_02_32_08 timestamp=000078 sources=5 fused_pred_boxes=66 fused_gt_boxes=70
frame=11/41 late_source=1/5 scenario=2026_07_29_02_32_08 timestamp=000080 receiver=1 cavs=[1, 2] pred_boxes=26 gt_boxes=71 comm_bytes=36704
frame=11/41 late_source=2/5 scenario=2026_07_29_02_32_08 timestamp=000080 receiver=3 cavs=[3, 7] pred_boxes=19 gt_boxes=71 comm_bytes=54928
frame=11/41 late_source=3/5 scenario=2026_07_29_02_32_08 timestamp=000080 receiver=4 cavs=[4, 8] pred_boxes=30 gt_boxes=71 comm_bytes=26784
frame=11/41 late_source=4/5 scenario=2026_07_29_02_32_08 timestamp=000080 receiver=5 cavs=[5, 10] pred_boxes=26 gt_boxes=71 comm_bytes=47520
frame=11/41 late_source=5/5 scenario=2026_07_29_02_32_08 timestamp=000080 receiver=6 cavs=[6, 9] pred_boxes=24 gt_boxes=71 comm_bytes=62192
sgcp_late_fusion frame=11/41 scenario=2026_07_29_02_32_08 timestamp=000080 sources=5 fused_pred_boxes=70 fused_gt_boxes=71
frame=12/41 late_source=1/6 scenario=2026_07_29_02_32_08 timestamp=000082 receiver=1 cavs=[1, 2] pred_boxes=29 gt_boxes=71 comm_bytes=36656
frame=12/41 late_source=2/6 scenario=2026_07_29_02_32_08 timestamp=000082 receiver=3 cavs=[3] pred_boxes=9 gt_boxes=71 comm_bytes=0
frame=12/41 late_source=3/6 scenario=2026_07_29_02_32_08 timestamp=000082 receiver=4 cavs=[4, 7] pred_boxes=28 gt_boxes=71 comm_bytes=42320
frame=12/41 late_source=4/6 scenario=2026_07_29_02_32_08 timestamp=000082 receiver=5 cavs=[5, 10] pred_boxes=26 gt_boxes=71 comm_bytes=47760
frame=12/41 late_source=5/6 scenario=2026_07_29_02_32_08 timestamp=000082 receiver=6 cavs=[6] pred_boxes=12 gt_boxes=71 comm_bytes=0
frame=12/41 late_source=6/6 scenario=2026_07_29_02_32_08 timestamp=000082 receiver=8 cavs=[8, 9] pred_boxes=35 gt_boxes=71 comm_bytes=54448
sgcp_late_fusion frame=12/41 scenario=2026_07_29_02_32_08 timestamp=000082 sources=6 fused_pred_boxes=71 fused_gt_boxes=71
frame=13/41 late_source=1/6 scenario=2026_07_29_02_32_08 timestamp=000084 receiver=1 cavs=[1, 2] pred_boxes=29 gt_boxes=71 comm_bytes=36352
frame=13/41 late_source=2/6 scenario=2026_07_29_02_32_08 timestamp=000084 receiver=3 cavs=[3] pred_boxes=10 gt_boxes=71 comm_bytes=0
frame=13/41 late_source=3/6 scenario=2026_07_29_02_32_08 timestamp=000084 receiver=4 cavs=[4, 7] pred_boxes=29 gt_boxes=71 comm_bytes=42192
frame=13/41 late_source=4/6 scenario=2026_07_29_02_32_08 timestamp=000084 receiver=5 cavs=[5, 10] pred_boxes=27 gt_boxes=71 comm_bytes=47824
frame=13/41 late_source=5/6 scenario=2026_07_29_02_32_08 timestamp=000084 receiver=6 cavs=[6] pred_boxes=14 gt_boxes=71 comm_bytes=0
frame=13/41 late_source=6/6 scenario=2026_07_29_02_32_08 timestamp=000084 receiver=8 cavs=[8, 9] pred_boxes=36 gt_boxes=71 comm_bytes=54320
sgcp_late_fusion frame=13/41 scenario=2026_07_29_02_32_08 timestamp=000084 sources=6 fused_pred_boxes=73 fused_gt_boxes=71
frame=14/41 late_source=1/6 scenario=2026_07_29_02_32_08 timestamp=000086 receiver=1 cavs=[1, 2] pred_boxes=30 gt_boxes=71 comm_bytes=36416
frame=14/41 late_source=2/6 scenario=2026_07_29_02_32_08 timestamp=000086 receiver=3 cavs=[3] pred_boxes=9 gt_boxes=71 comm_bytes=0
frame=14/41 late_source=3/6 scenario=2026_07_29_02_32_08 timestamp=000086 receiver=4 cavs=[4, 7] pred_boxes=27 gt_boxes=71 comm_bytes=41936
frame=14/41 late_source=4/6 scenario=2026_07_29_02_32_08 timestamp=000086 receiver=5 cavs=[5, 10] pred_boxes=27 gt_boxes=71 comm_bytes=47760
frame=14/41 late_source=5/6 scenario=2026_07_29_02_32_08 timestamp=000086 receiver=6 cavs=[6] pred_boxes=14 gt_boxes=71 comm_bytes=0
frame=14/41 late_source=6/6 scenario=2026_07_29_02_32_08 timestamp=000086 receiver=8 cavs=[8, 9] pred_boxes=36 gt_boxes=71 comm_bytes=54336
sgcp_late_fusion frame=14/41 scenario=2026_07_29_02_32_08 timestamp=000086 sources=6 fused_pred_boxes=69 fused_gt_boxes=71
frame=15/41 late_source=1/5 scenario=2026_07_29_02_32_08 timestamp=000088 receiver=1 cavs=[1, 2] pred_boxes=27 gt_boxes=71 comm_bytes=36688
frame=15/41 late_source=2/5 scenario=2026_07_29_02_32_08 timestamp=000088 receiver=3 cavs=[3, 7] pred_boxes=23 gt_boxes=71 comm_bytes=55952
frame=15/41 late_source=3/5 scenario=2026_07_29_02_32_08 timestamp=000088 receiver=4 cavs=[4, 8] pred_boxes=28 gt_boxes=71 comm_bytes=27424
frame=15/41 late_source=4/5 scenario=2026_07_29_02_32_08 timestamp=000088 receiver=5 cavs=[5, 10] pred_boxes=24 gt_boxes=71 comm_bytes=47888
frame=15/41 late_source=5/5 scenario=2026_07_29_02_32_08 timestamp=000088 receiver=6 cavs=[6, 9] pred_boxes=20 gt_boxes=71 comm_bytes=61904
sgcp_late_fusion frame=15/41 scenario=2026_07_29_02_32_08 timestamp=000088 sources=5 fused_pred_boxes=68 fused_gt_boxes=71
frame=16/41 late_source=1/5 scenario=2026_07_29_02_32_08 timestamp=000090 receiver=1 cavs=[1, 2] pred_boxes=28 gt_boxes=72 comm_bytes=36528
frame=16/41 late_source=2/5 scenario=2026_07_29_02_32_08 timestamp=000090 receiver=3 cavs=[3, 7] pred_boxes=23 gt_boxes=72 comm_bytes=56320
frame=16/41 late_source=3/5 scenario=2026_07_29_02_32_08 timestamp=000090 receiver=4 cavs=[4, 8] pred_boxes=28 gt_boxes=72 comm_bytes=27392
frame=16/41 late_source=4/5 scenario=2026_07_29_02_32_08 timestamp=000090 receiver=5 cavs=[5, 10] pred_boxes=27 gt_boxes=72 comm_bytes=48256
frame=16/41 late_source=5/5 scenario=2026_07_29_02_32_08 timestamp=000090 receiver=6 cavs=[6, 9] pred_boxes=24 gt_boxes=72 comm_bytes=62304
sgcp_late_fusion frame=16/41 scenario=2026_07_29_02_32_08 timestamp=000090 sources=5 fused_pred_boxes=70 fused_gt_boxes=72
frame=17/41 late_source=1/6 scenario=2026_07_29_02_32_08 timestamp=000092 receiver=1 cavs=[1, 2] pred_boxes=28 gt_boxes=72 comm_bytes=36128
frame=17/41 late_source=2/6 scenario=2026_07_29_02_32_08 timestamp=000092 receiver=3 cavs=[3] pred_boxes=10 gt_boxes=72 comm_bytes=0
frame=17/41 late_source=3/6 scenario=2026_07_29_02_32_08 timestamp=000092 receiver=4 cavs=[4, 7] pred_boxes=26 gt_boxes=72 comm_bytes=41280
frame=17/41 late_source=4/6 scenario=2026_07_29_02_32_08 timestamp=000092 receiver=5 cavs=[5, 10] pred_boxes=26 gt_boxes=72 comm_bytes=48800
frame=17/41 late_source=5/6 scenario=2026_07_29_02_32_08 timestamp=000092 receiver=6 cavs=[6] pred_boxes=13 gt_boxes=72 comm_bytes=0
frame=17/41 late_source=6/6 scenario=2026_07_29_02_32_08 timestamp=000092 receiver=8 cavs=[8, 9] pred_boxes=34 gt_boxes=72 comm_bytes=54816
sgcp_late_fusion frame=17/41 scenario=2026_07_29_02_32_08 timestamp=000092 sources=6 fused_pred_boxes=72 fused_gt_boxes=72
frame=18/41 late_source=1/6 scenario=2026_07_29_02_32_08 timestamp=000094 receiver=1 cavs=[1, 2] pred_boxes=26 gt_boxes=72 comm_bytes=35872
frame=18/41 late_source=2/6 scenario=2026_07_29_02_32_08 timestamp=000094 receiver=3 cavs=[3] pred_boxes=9 gt_boxes=72 comm_bytes=0
frame=18/41 late_source=3/6 scenario=2026_07_29_02_32_08 timestamp=000094 receiver=4 cavs=[4, 7] pred_boxes=25 gt_boxes=72 comm_bytes=40944
frame=18/41 late_source=4/6 scenario=2026_07_29_02_32_08 timestamp=000094 receiver=5 cavs=[5, 10] pred_boxes=27 gt_boxes=72 comm_bytes=49200
frame=18/41 late_source=5/6 scenario=2026_07_29_02_32_08 timestamp=000094 receiver=6 cavs=[6] pred_boxes=15 gt_boxes=72 comm_bytes=0
frame=18/41 late_source=6/6 scenario=2026_07_29_02_32_08 timestamp=000094 receiver=8 cavs=[8, 9] pred_boxes=33 gt_boxes=72 comm_bytes=54800Format = auto
Extension = pcd
Format = auto
Extension = pcd
Format = auto
Extension = pcd
Format = auto
Extension = pcd
Format = auto
Extension = pcd
Format = auto
Extension = pcd
Format = auto
Extension = pcd
Format = auto
Extension = pcd
Format = auto
Extension = pcd
Format = auto
Extension = pcd
Format = auto
Extension = pcd
Format = auto
Extension = pcd
Format = auto
Extension = pcd
Format = auto
Extension = pcd
Format = auto
Extension = pcd
Format = auto
Extension = pcd
Format = auto
Extension = pcd
Format = auto
Extension = pcd
Format = auto
Extension = pcd
Format = auto
Extension = pcd
Format = auto
Extension = pcd
Format = auto
Extension = pcd
Format = auto
Extension = pcd
Format = auto
Extension = pcd
Format = auto
Extension = pcd
Format = auto
Extension = pcd
Format = auto
Extension = pcd
Format = auto
Extension = pcd
Format = auto
Extension = pcd
Format = auto
Extension = pcd
Format = auto
Extension = pcd
Format = auto
Extension = pcd
Format = auto
Extension = pcd
Format = auto
Extension = pcd
Format = auto
Extension = pcd
Format = auto
Extension = pcd
Format = auto
Extension = pcd
Format = auto
Extension = pcd
Format = auto
Extension = pcd
Format = auto
Extension = pcd
Format = auto
Extension = pcd
Format = auto
Extension = pcd
Format = auto
Extension = pcd
Format = auto
Extension = pcd
Format = auto
Extension = pcd
Format = auto
Extension = pcd
Format = auto
Extension = pcd
Format = auto
Extension = pcd
Format = auto
Extension = pcd
Format = auto
Extension = pcd
Format = auto
Extension = pcd
Format = auto
Extension = pcd
Format = auto
Extension = pcd
Format = auto
Extension = pcd
Format = auto
Extension = pcd
Format = auto
Extension = pcd
Format = auto
Extension = pcd
Format = auto
Extension = pcd
Format = auto
Extension = pcd
Format = auto
Extension = pcd
Format = auto
Extension = pcd
Format = auto
Extension = pcd
Format = auto
Extension = pcd
Format = auto
Extension = pcd
Format = auto
Extension = pcd
Format = auto
Extension = pcd
Format = auto
Extension = pcd
Format = auto
Extension = pcd
Format = auto
Extension = pcd
Format = auto
Extension = pcd
Format = auto
Extension = pcd
Format = auto
Extension = pcd
Format = auto
Extension = pcd
Format = auto
Extension = pcd
Format = auto
Extension = pcd
Format = auto
Extension = pcd
Format = auto
Extension = pcd
Format = auto
Extension = pcd
Format = auto
Extension = pcd
Format = auto
Extension = pcd
Format = auto
Extension = pcd
Format = auto
Extension = pcd
Format = auto
Extension = pcd
Format = auto
Extension = pcd
Format = auto
Extension = pcd
Format = auto
Extension = pcd
Format = auto
Extension = pcd
Format = auto
Extension = pcd
Format = auto
Extension = pcd
Format = auto
Extension = pcd

sgcp_late_fusion frame=18/41 scenario=2026_07_29_02_32_08 timestamp=000094 sources=6 fused_pred_boxes=71 fused_gt_boxes=72
frame=19/41 late_source=1/6 scenario=2026_07_29_02_32_08 timestamp=000096 receiver=1 cavs=[1, 2] pred_boxes=25 gt_boxes=72 comm_bytes=35968
frame=19/41 late_source=2/6 scenario=2026_07_29_02_32_08 timestamp=000096 receiver=3 cavs=[3] pred_boxes=9 gt_boxes=72 comm_bytes=0
frame=19/41 late_source=3/6 scenario=2026_07_29_02_32_08 timestamp=000096 receiver=4 cavs=[4, 7] pred_boxes=27 gt_boxes=72 comm_bytes=40864
frame=19/41 late_source=4/6 scenario=2026_07_29_02_32_08 timestamp=000096 receiver=5 cavs=[5, 10] pred_boxes=26 gt_boxes=72 comm_bytes=49232
frame=19/41 late_source=5/6 scenario=2026_07_29_02_32_08 timestamp=000096 receiver=6 cavs=[6] pred_boxes=15 gt_boxes=72 comm_bytes=0
frame=19/41 late_source=6/6 scenario=2026_07_29_02_32_08 timestamp=000096 receiver=8 cavs=[8, 9] pred_boxes=32 gt_boxes=72 comm_bytes=54784
sgcp_late_fusion frame=19/41 scenario=2026_07_29_02_32_08 timestamp=000096 sources=6 fused_pred_boxes=72 fused_gt_boxes=72
frame=20/41 late_source=1/6 scenario=2026_07_29_02_32_08 timestamp=000098 receiver=1 cavs=[1, 2] pred_boxes=24 gt_boxes=72 comm_bytes=35440
frame=20/41 late_source=2/6 scenario=2026_07_29_02_32_08 timestamp=000098 receiver=3 cavs=[3] pred_boxes=8 gt_boxes=72 comm_bytes=0
frame=20/41 late_source=3/6 scenario=2026_07_29_02_32_08 timestamp=000098 receiver=4 cavs=[4, 7] pred_boxes=26 gt_boxes=72 comm_bytes=40944
frame=20/41 late_source=4/6 scenario=2026_07_29_02_32_08 timestamp=000098 receiver=5 cavs=[5, 10] pred_boxes=27 gt_boxes=72 comm_bytes=49728
frame=20/41 late_source=5/6 scenario=2026_07_29_02_32_08 timestamp=000098 receiver=6 cavs=[6] pred_boxes=14 gt_boxes=72 comm_bytes=0
frame=20/41 late_source=6/6 scenario=2026_07_29_02_32_08 timestamp=000098 receiver=8 cavs=[8, 9] pred_boxes=34 gt_boxes=72 comm_bytes=54768
sgcp_late_fusion frame=20/41 scenario=2026_07_29_02_32_08 timestamp=000098 sources=6 fused_pred_boxes=74 fused_gt_boxes=72
frame=21/41 late_source=1/6 scenario=2026_07_29_02_32_08 timestamp=000100 receiver=1 cavs=[1, 2] pred_boxes=25 gt_boxes=72 comm_bytes=34864
frame=21/41 late_source=2/6 scenario=2026_07_29_02_32_08 timestamp=000100 receiver=3 cavs=[3] pred_boxes=9 gt_boxes=72 comm_bytes=0
frame=21/41 late_source=3/6 scenario=2026_07_29_02_32_08 timestamp=000100 receiver=4 cavs=[4, 7] pred_boxes=26 gt_boxes=72 comm_bytes=40896
frame=21/41 late_source=4/6 scenario=2026_07_29_02_32_08 timestamp=000100 receiver=5 cavs=[5, 10] pred_boxes=26 gt_boxes=72 comm_bytes=50016
frame=21/41 late_source=5/6 scenario=2026_07_29_02_32_08 timestamp=000100 receiver=6 cavs=[6] pred_boxes=15 gt_boxes=72 comm_bytes=0
frame=21/41 late_source=6/6 scenario=2026_07_29_02_32_08 timestamp=000100 receiver=8 cavs=[8, 9] pred_boxes=34 gt_boxes=72 comm_bytes=54784
sgcp_late_fusion frame=21/41 scenario=2026_07_29_02_32_08 timestamp=000100 sources=6 fused_pred_boxes=74 fused_gt_boxes=72
frame=22/41 late_source=1/6 scenario=2026_07_29_02_32_08 timestamp=000102 receiver=1 cavs=[1, 2] pred_boxes=26 gt_boxes=72 comm_bytes=34448
frame=22/41 late_source=2/6 scenario=2026_07_29_02_32_08 timestamp=000102 receiver=3 cavs=[3] pred_boxes=11 gt_boxes=72 comm_bytes=0
frame=22/41 late_source=3/6 scenario=2026_07_29_02_32_08 timestamp=000102 receiver=4 cavs=[4, 7] pred_boxes=26 gt_boxes=72 comm_bytes=41008
frame=22/41 late_source=4/6 scenario=2026_07_29_02_32_08 timestamp=000102 receiver=5 cavs=[5, 10] pred_boxes=27 gt_boxes=72 comm_bytes=50000
frame=22/41 late_source=5/6 scenario=2026_07_29_02_32_08 timestamp=000102 receiver=6 cavs=[6] pred_boxes=14 gt_boxes=72 comm_bytes=0
frame=22/41 late_source=6/6 scenario=2026_07_29_02_32_08 timestamp=000102 receiver=8 cavs=[8, 9] pred_boxes=39 gt_boxes=72 comm_bytes=54784
sgcp_late_fusion frame=22/41 scenario=2026_07_29_02_32_08 timestamp=000102 sources=6 fused_pred_boxes=73 fused_gt_boxes=72
frame=23/41 late_source=1/6 scenario=2026_07_29_02_32_08 timestamp=000104 receiver=1 cavs=[1, 2] pred_boxes=25 gt_boxes=72 comm_bytes=34432
frame=23/41 late_source=2/6 scenario=2026_07_29_02_32_08 timestamp=000104 receiver=3 cavs=[3] pred_boxes=10 gt_boxes=72 comm_bytes=0
frame=23/41 late_source=3/6 scenario=2026_07_29_02_32_08 timestamp=000104 receiver=4 cavs=[4, 7] pred_boxes=26 gt_boxes=72 comm_bytes=41088
frame=23/41 late_source=4/6 scenario=2026_07_29_02_32_08 timestamp=000104 receiver=5 cavs=[5, 10] pred_boxes=28 gt_boxes=72 comm_bytes=50144
frame=23/41 late_source=5/6 scenario=2026_07_29_02_32_08 timestamp=000104 receiver=6 cavs=[6] pred_boxes=15 gt_boxes=72 comm_bytes=0
frame=23/41 late_source=6/6 scenario=2026_07_29_02_32_08 timestamp=000104 receiver=8 cavs=[8, 9] pred_boxes=37 gt_boxes=72 comm_bytes=54752
sgcp_late_fusion frame=23/41 scenario=2026_07_29_02_32_08 timestamp=000104 sources=6 fused_pred_boxes=75 fused_gt_boxes=72
frame=24/41 late_source=1/6 scenario=2026_07_29_02_32_08 timestamp=000106 receiver=1 cavs=[1, 2] pred_boxes=25 gt_boxes=71 comm_bytes=34416
frame=24/41 late_source=2/6 scenario=2026_07_29_02_32_08 timestamp=000106 receiver=3 cavs=[3] pred_boxes=10 gt_boxes=71 comm_bytes=0
frame=24/41 late_source=3/6 scenario=2026_07_29_02_32_08 timestamp=000106 receiver=4 cavs=[4, 7] pred_boxes=23 gt_boxes=71 comm_bytes=40976
frame=24/41 late_source=4/6 scenario=2026_07_29_02_32_08 timestamp=000106 receiver=5 cavs=[5, 10] pred_boxes=28 gt_boxes=71 comm_bytes=50512
frame=24/41 late_source=5/6 scenario=2026_07_29_02_32_08 timestamp=000106 receiver=6 cavs=[6] pred_boxes=16 gt_boxes=71 comm_bytes=0
frame=24/41 late_source=6/6 scenario=2026_07_29_02_32_08 timestamp=000106 receiver=8 cavs=[8, 9] pred_boxes=36 gt_boxes=71 comm_bytes=54752
sgcp_late_fusion frame=24/41 scenario=2026_07_29_02_32_08 timestamp=000106 sources=6 fused_pred_boxes=74 fused_gt_boxes=71
frame=25/41 late_source=1/6 scenario=2026_07_29_02_32_08 timestamp=000108 receiver=1 cavs=[1, 2] pred_boxes=25 gt_boxes=71 comm_bytes=34384
frame=25/41 late_source=2/6 scenario=2026_07_29_02_32_08 timestamp=000108 receiver=3 cavs=[3] pred_boxes=9 gt_boxes=71 comm_bytes=0
frame=25/41 late_source=3/6 scenario=2026_07_29_02_32_08 timestamp=000108 receiver=4 cavs=[4, 7] pred_boxes=26 gt_boxes=71 comm_bytes=41104
frame=25/41 late_source=4/6 scenario=2026_07_29_02_32_08 timestamp=000108 receiver=5 cavs=[5, 10] pred_boxes=26 gt_boxes=71 comm_bytes=50864
frame=25/41 late_source=5/6 scenario=2026_07_29_02_32_08 timestamp=000108 receiver=6 cavs=[6] pred_boxes=16 gt_boxes=71 comm_bytes=0
frame=25/41 late_source=6/6 scenario=2026_07_29_02_32_08 timestamp=000108 receiver=8 cavs=[8, 9] pred_boxes=36 gt_boxes=71 comm_bytes=54704
sgcp_late_fusion frame=25/41 scenario=2026_07_29_02_32_08 timestamp=000108 sources=6 fused_pred_boxes=76 fused_gt_boxes=71
frame=26/41 late_source=1/6 scenario=2026_07_29_02_32_08 timestamp=000110 receiver=1 cavs=[1, 2] pred_boxes=24 gt_boxes=70 comm_bytes=34288
frame=26/41 late_source=2/6 scenario=2026_07_29_02_32_08 timestamp=000110 receiver=3 cavs=[3] pred_boxes=7 gt_boxes=70 comm_bytes=0
frame=26/41 late_source=3/6 scenario=2026_07_29_02_32_08 timestamp=000110 receiver=4 cavs=[4, 7] pred_boxes=28 gt_boxes=70 comm_bytes=40736
frame=26/41 late_source=4/6 scenario=2026_07_29_02_32_08 timestamp=000110 receiver=5 cavs=[5, 10] pred_boxes=27 gt_boxes=70 comm_bytes=51728
frame=26/41 late_source=5/6 scenario=2026_07_29_02_32_08 timestamp=000110 receiver=6 cavs=[6] pred_boxes=16 gt_boxes=70 comm_bytes=0
frame=26/41 late_source=6/6 scenario=2026_07_29_02_32_08 timestamp=000110 receiver=8 cavs=[8, 9] pred_boxes=33 gt_boxes=70 comm_bytes=54704
sgcp_late_fusion frame=26/41 scenario=2026_07_29_02_32_08 timestamp=000110 sources=6 fused_pred_boxes=70 fused_gt_boxes=70
frame=27/41 late_source=1/6 scenario=2026_07_29_02_32_08 timestamp=000112 receiver=1 cavs=[1, 2] pred_boxes=25 gt_boxes=70 comm_bytes=34176
frame=27/41 late_source=2/6 scenario=2026_07_29_02_32_08 timestamp=000112 receiver=3 cavs=[3] pred_boxes=10 gt_boxes=70 comm_bytes=0
frame=27/41 late_source=3/6 scenario=2026_07_29_02_32_08 timestamp=000112 receiver=4 cavs=[4, 7] pred_boxes=25 gt_boxes=70 comm_bytes=40480
Format = auto
Extension = pcd
Format = auto
Extension = pcd
Format = auto
Extension = pcd
Format = auto
Extension = pcd
Format = auto
Extension = pcd
Format = auto
Extension = pcd
Format = auto
Extension = pcd
Format = auto
Extension = pcd
Format = auto
Extension = pcd
Format = auto
Extension = pcd
Format = auto
Extension = pcd
Format = auto
Extension = pcd
Format = auto
Extension = pcd
Format = auto
Extension = pcd
Format = auto
Extension = pcd
Format = auto
Extension = pcd
Format = auto
Extension = pcd
Format = auto
Extension = pcd
Format = auto
Extension = pcd
Format = auto
Extension = pcd
Format = auto
Extension = pcd
Format = auto
Extension = pcd
Format = auto
Extension = pcd
Format = auto
Extension = pcd
Format = auto
Extension = pcd
Format = auto
Extension = pcd
Format = auto
Extension = pcd
Format = auto
Extension = pcd
Format = auto
Extension = pcd
Format = auto
Extension = pcd
Format = auto
Extension = pcd
Format = auto
Extension = pcd
Format = auto
Extension = pcd
Format = auto
Extension = pcd
Format = auto
Extension = pcd
Format = auto
Extension = pcd
Format = auto
Extension = pcd
Format = auto
Extension = pcd
Format = auto
Extension = pcd
Format = auto
Extension = pcd
Format = auto
Extension = pcd
Format = auto
Extension = pcd
Format = auto
Extension = pcd
Format = auto
Extension = pcd
Format = auto
Extension = pcd
Format = auto
Extension = pcd
Format = auto
Extension = pcd
Format = auto
Extension = pcd
Format = auto
Extension = pcd
Format = auto
Extension = pcd
Format = auto
Extension = pcd
Format = auto
Extension = pcd
Format = auto
Extension = pcd
Format = auto
Extension = pcd
Format = auto
Extension = pcd
Format = auto
Extension = pcd
Format = auto
Extension = pcd
Format = auto
Extension = pcd
Format = auto
Extension = pcd
Format = auto
Extension = pcd
Format = auto
Extension = pcd
Format = auto
Extension = pcd
Format = auto
Extension = pcd
Format = auto
Extension = pcd
Format = auto
Extension = pcd
Format = auto
Extension = pcd
Format = auto
Extension = pcd
Format = auto
Extension = pcd
Format = auto
Extension = pcd
Format = auto
Extension = pcd
Format = auto
Extension = pcd
Format = auto
Extension = pcd
Format = auto
Extension = pcd
Format = auto
Extension = pcd
Format = auto
Extension = pcd
Format = auto
Extension = pcd
Format = auto
Extension = pcd
Format = auto
Extension = pcd
Format = auto
Extension = pcd
Format = auto
Extension = pcd
Format = auto
Extension = pcd
Format = auto
Extension = pcd
Format = auto
Extension = pcd
Format = auto
Extension = pcd
Format = auto
Extension = pcd
Format = auto
Extension = pcd
Format = auto
Extension = pcd
Format = auto
Extension = pcd
Format = auto
Extension = pcd
Format = auto
Extension = pcd
frame=27/41 late_source=4/6 scenario=2026_07_29_02_32_08 timestamp=000112 receiver=5 cavs=[5, 10] pred_boxes=27 gt_boxes=70 comm_bytes=51648
frame=27/41 late_source=5/6 scenario=2026_07_29_02_32_08 timestamp=000112 receiver=6 cavs=[6] pred_boxes=15 gt_boxes=70 comm_bytes=0
frame=27/41 late_source=6/6 scenario=2026_07_29_02_32_08 timestamp=000112 receiver=8 cavs=[8, 9] pred_boxes=37 gt_boxes=70 comm_bytes=54688
sgcp_late_fusion frame=27/41 scenario=2026_07_29_02_32_08 timestamp=000112 sources=6 fused_pred_boxes=75 fused_gt_boxes=70
frame=28/41 late_source=1/6 scenario=2026_07_29_02_32_08 timestamp=000114 receiver=1 cavs=[1, 2] pred_boxes=25 gt_boxes=69 comm_bytes=34032
frame=28/41 late_source=2/6 scenario=2026_07_29_02_32_08 timestamp=000114 receiver=3 cavs=[3] pred_boxes=8 gt_boxes=69 comm_bytes=0
frame=28/41 late_source=3/6 scenario=2026_07_29_02_32_08 timestamp=000114 receiver=4 cavs=[4, 7] pred_boxes=25 gt_boxes=69 comm_bytes=40176
frame=28/41 late_source=4/6 scenario=2026_07_29_02_32_08 timestamp=000114 receiver=5 cavs=[5, 10] pred_boxes=30 gt_boxes=69 comm_bytes=53248
frame=28/41 late_source=5/6 scenario=2026_07_29_02_32_08 timestamp=000114 receiver=6 cavs=[6] pred_boxes=15 gt_boxes=69 comm_bytes=0
frame=28/41 late_source=6/6 scenario=2026_07_29_02_32_08 timestamp=000114 receiver=8 cavs=[8, 9] pred_boxes=37 gt_boxes=69 comm_bytes=54688
sgcp_late_fusion frame=28/41 scenario=2026_07_29_02_32_08 timestamp=000114 sources=6 fused_pred_boxes=73 fused_gt_boxes=69
frame=29/41 late_source=1/6 scenario=2026_07_29_02_32_08 timestamp=000116 receiver=1 cavs=[1, 2] pred_boxes=25 gt_boxes=69 comm_bytes=33984
frame=29/41 late_source=2/6 scenario=2026_07_29_02_32_08 timestamp=000116 receiver=3 cavs=[3] pred_boxes=9 gt_boxes=69 comm_bytes=0
frame=29/41 late_source=3/6 scenario=2026_07_29_02_32_08 timestamp=000116 receiver=4 cavs=[4, 7] pred_boxes=23 gt_boxes=69 comm_bytes=40256
frame=29/41 late_source=4/6 scenario=2026_07_29_02_32_08 timestamp=000116 receiver=5 cavs=[5, 10] pred_boxes=25 gt_boxes=69 comm_bytes=53776
frame=29/41 late_source=5/6 scenario=2026_07_29_02_32_08 timestamp=000116 receiver=6 cavs=[6] pred_boxes=16 gt_boxes=69 comm_bytes=0
frame=29/41 late_source=6/6 scenario=2026_07_29_02_32_08 timestamp=000116 receiver=8 cavs=[8, 9] pred_boxes=36 gt_boxes=69 comm_bytes=54688
sgcp_late_fusion frame=29/41 scenario=2026_07_29_02_32_08 timestamp=000116 sources=6 fused_pred_boxes=71 fused_gt_boxes=69
frame=30/41 late_source=1/6 scenario=2026_07_29_02_32_08 timestamp=000118 receiver=1 cavs=[1, 2] pred_boxes=25 gt_boxes=69 comm_bytes=33888
frame=30/41 late_source=2/6 scenario=2026_07_29_02_32_08 timestamp=000118 receiver=3 cavs=[3] pred_boxes=8 gt_boxes=69 comm_bytes=0
frame=30/41 late_source=3/6 scenario=2026_07_29_02_32_08 timestamp=000118 receiver=4 cavs=[4, 7] pred_boxes=23 gt_boxes=69 comm_bytes=40000
frame=30/41 late_source=4/6 scenario=2026_07_29_02_32_08 timestamp=000118 receiver=5 cavs=[5, 10] pred_boxes=29 gt_boxes=69 comm_bytes=54160
frame=30/41 late_source=5/6 scenario=2026_07_29_02_32_08 timestamp=000118 receiver=6 cavs=[6] pred_boxes=13 gt_boxes=69 comm_bytes=0
frame=30/41 late_source=6/6 scenario=2026_07_29_02_32_08 timestamp=000118 receiver=8 cavs=[8, 9] pred_boxes=37 gt_boxes=69 comm_bytes=54608
sgcp_late_fusion frame=30/41 scenario=2026_07_29_02_32_08 timestamp=000118 sources=6 fused_pred_boxes=70 fused_gt_boxes=69
frame=31/41 late_source=1/6 scenario=2026_07_29_02_32_08 timestamp=000120 receiver=1 cavs=[1, 2] pred_boxes=23 gt_boxes=69 comm_bytes=33824
frame=31/41 late_source=2/6 scenario=2026_07_29_02_32_08 timestamp=000120 receiver=3 cavs=[3] pred_boxes=7 gt_boxes=69 comm_bytes=0
frame=31/41 late_source=3/6 scenario=2026_07_29_02_32_08 timestamp=000120 receiver=4 cavs=[4, 7] pred_boxes=26 gt_boxes=69 comm_bytes=39072
frame=31/41 late_source=4/6 scenario=2026_07_29_02_32_08 timestamp=000120 receiver=5 cavs=[5, 10] pred_boxes=27 gt_boxes=69 comm_bytes=55136
frame=31/41 late_source=5/6 scenario=2026_07_29_02_32_08 timestamp=000120 receiver=6 cavs=[6] pred_boxes=13 gt_boxes=69 comm_bytes=0
frame=31/41 late_source=6/6 scenario=2026_07_29_02_32_08 timestamp=000120 receiver=8 cavs=[8, 9] pred_boxes=36 gt_boxes=69 comm_bytes=54608
sgcp_late_fusion frame=31/41 scenario=2026_07_29_02_32_08 timestamp=000120 sources=6 fused_pred_boxes=69 fused_gt_boxes=69
frame=32/41 late_source=1/6 scenario=2026_07_29_02_32_08 timestamp=000122 receiver=1 cavs=[1, 2] pred_boxes=24 gt_boxes=69 comm_bytes=33728
frame=32/41 late_source=2/6 scenario=2026_07_29_02_32_08 timestamp=000122 receiver=3 cavs=[3] pred_boxes=8 gt_boxes=69 comm_bytes=0
frame=32/41 late_source=3/6 scenario=2026_07_29_02_32_08 timestamp=000122 receiver=4 cavs=[4, 7] pred_boxes=24 gt_boxes=69 comm_bytes=38864
frame=32/41 late_source=4/6 scenario=2026_07_29_02_32_08 timestamp=000122 receiver=5 cavs=[5, 10] pred_boxes=28 gt_boxes=69 comm_bytes=55600
frame=32/41 late_source=5/6 scenario=2026_07_29_02_32_08 timestamp=000122 receiver=6 cavs=[6] pred_boxes=13 gt_boxes=69 comm_bytes=0
frame=32/41 late_source=6/6 scenario=2026_07_29_02_32_08 timestamp=000122 receiver=8 cavs=[8, 9] pred_boxes=36 gt_boxes=69 comm_bytes=54592
sgcp_late_fusion frame=32/41 scenario=2026_07_29_02_32_08 timestamp=000122 sources=6 fused_pred_boxes=71 fused_gt_boxes=69
frame=33/41 late_source=1/6 scenario=2026_07_29_02_32_08 timestamp=000124 receiver=1 cavs=[1, 2] pred_boxes=23 gt_boxes=69 comm_bytes=33792
frame=33/41 late_source=2/6 scenario=2026_07_29_02_32_08 timestamp=000124 receiver=3 cavs=[3] pred_boxes=9 gt_boxes=69 comm_bytes=0
frame=33/41 late_source=3/6 scenario=2026_07_29_02_32_08 timestamp=000124 receiver=4 cavs=[4, 7] pred_boxes=22 gt_boxes=69 comm_bytes=38480
frame=33/41 late_source=4/6 scenario=2026_07_29_02_32_08 timestamp=000124 receiver=5 cavs=[5, 10] pred_boxes=28 gt_boxes=69 comm_bytes=56064
frame=33/41 late_source=5/6 scenario=2026_07_29_02_32_08 timestamp=000124 receiver=6 cavs=[6] pred_boxes=13 gt_boxes=69 comm_bytes=0
frame=33/41 late_source=6/6 scenario=2026_07_29_02_32_08 timestamp=000124 receiver=8 cavs=[8, 9] pred_boxes=37 gt_boxes=69 comm_bytes=54656
sgcp_late_fusion frame=33/41 scenario=2026_07_29_02_32_08 timestamp=000124 sources=6 fused_pred_boxes=71 fused_gt_boxes=69
frame=34/41 late_source=1/6 scenario=2026_07_29_02_32_08 timestamp=000126 receiver=1 cavs=[1, 2] pred_boxes=23 gt_boxes=69 comm_bytes=33792
frame=34/41 late_source=2/6 scenario=2026_07_29_02_32_08 timestamp=000126 receiver=3 cavs=[3] pred_boxes=9 gt_boxes=69 comm_bytes=0
frame=34/41 late_source=3/6 scenario=2026_07_29_02_32_08 timestamp=000126 receiver=4 cavs=[4, 7] pred_boxes=25 gt_boxes=69 comm_bytes=38176
frame=34/41 late_source=4/6 scenario=2026_07_29_02_32_08 timestamp=000126 receiver=5 cavs=[5, 10] pred_boxes=29 gt_boxes=69 comm_bytes=55920
frame=34/41 late_source=5/6 scenario=2026_07_29_02_32_08 timestamp=000126 receiver=6 cavs=[6] pred_boxes=14 gt_boxes=69 comm_bytes=0
frame=34/41 late_source=6/6 scenario=2026_07_29_02_32_08 timestamp=000126 receiver=8 cavs=[8, 9] pred_boxes=35 gt_boxes=69 comm_bytes=54624
sgcp_late_fusion frame=34/41 scenario=2026_07_29_02_32_08 timestamp=000126 sources=6 fused_pred_boxes=70 fused_gt_boxes=69
frame=35/41 late_source=1/6 scenario=2026_07_29_02_32_08 timestamp=000128 receiver=1 cavs=[1, 2] pred_boxes=24 gt_boxes=69 comm_bytes=33824
frame=35/41 late_source=2/6 scenario=2026_07_29_02_32_08 timestamp=000128 receiver=3 cavs=[3] pred_boxes=9 gt_boxes=69 comm_bytes=0
frame=35/41 late_source=3/6 scenario=2026_07_29_02_32_08 timestamp=000128 receiver=4 cavs=[4, 7] pred_boxes=24 gt_boxes=69 comm_bytes=38560
frame=35/41 late_source=4/6 scenario=2026_07_29_02_32_08 timestamp=000128 receiver=5 cavs=[5, 10] pred_boxes=30 gt_boxes=69 comm_bytes=56208
frame=35/41 late_source=5/6 scenario=2026_07_29_02_32_08 timestamp=000128 receiver=6 cavs=[6] pred_boxes=14 gt_boxes=69 comm_bytes=0
frame=35/41 late_source=6/6 scenario=2026_07_29_02_32_08 timestamp=000128 receiver=8 cavs=[8, 9] pred_boxes=34 gt_boxes=69 comm_bytes=54640
sgcp_late_fusion frame=35/41 scenario=2026_07_29_02_32_08 timestamp=000128 sources=6 fused_pred_boxes=69 fused_gt_boxes=69
frame=36/41 late_source=1/6 scenario=2026_07_29_02_32_08 timestamp=000130 receiver=1 cavs=[1, 2] pred_boxes=25 gt_boxes=68 comm_bytes=33824Format = auto
Extension = pcd
Format = auto
Extension = pcd
Format = auto
Extension = pcd
Format = auto
Extension = pcd
Format = auto
Extension = pcd
Format = auto
Extension = pcd
Format = auto
Extension = pcd
Format = auto
Extension = pcd
Format = auto
Extension = pcd
Format = auto
Extension = pcd
Format = auto
Extension = pcd
Format = auto
Extension = pcd
Format = auto
Extension = pcd
Format = auto
Extension = pcd
Format = auto
Extension = pcd
Format = auto
Extension = pcd
Format = auto
Extension = pcd
Format = auto
Extension = pcd
Format = auto
Extension = pcd
Format = auto
Extension = pcd
Format = auto
Extension = pcd
Format = auto
Extension = pcd
Format = auto
Extension = pcd
Format = auto
Extension = pcd
Format = auto
Extension = pcd
Format = auto
Extension = pcd
Format = auto
Extension = pcd
Format = auto
Extension = pcd
Format = auto
Extension = pcd
Format = auto
Extension = pcd
Format = auto
Extension = pcd
Format = auto
Extension = pcd
Format = auto
Extension = pcd
Format = auto
Extension = pcd
Format = auto
Extension = pcd
Format = auto
Extension = pcd
Format = auto
Extension = pcd
Format = auto
Extension = pcd
Format = auto
Extension = pcd
Format = auto
Extension = pcd
Format = auto
Extension = pcd
Format = auto
Extension = pcd
Format = auto
Extension = pcd
Format = auto
Extension = pcd
Format = auto
Extension = pcd
Format = auto
Extension = pcd
Format = auto
Extension = pcd
Format = auto
Extension = pcd
Format = auto
Extension = pcd
Format = auto
Extension = pcd
C:\Users\sakakibara\miniconda3\envs\opencda\lib\site-packages\torch\nn\functional.py:1806: UserWarning: nn.functional.sigmoid is deprecated. Use torch.sigmoid instead.
  warnings.warn("nn.functional.sigmoid is deprecated. Use torch.sigmoid instead.")

frame=36/41 late_source=2/6 scenario=2026_07_29_02_32_08 timestamp=000130 receiver=3 cavs=[3] pred_boxes=8 gt_boxes=68 comm_bytes=0
frame=36/41 late_source=3/6 scenario=2026_07_29_02_32_08 timestamp=000130 receiver=4 cavs=[4, 7] pred_boxes=24 gt_boxes=68 comm_bytes=38816
frame=36/41 late_source=4/6 scenario=2026_07_29_02_32_08 timestamp=000130 receiver=5 cavs=[5, 10] pred_boxes=26 gt_boxes=68 comm_bytes=56240
frame=36/41 late_source=5/6 scenario=2026_07_29_02_32_08 timestamp=000130 receiver=6 cavs=[6] pred_boxes=15 gt_boxes=68 comm_bytes=0
frame=36/41 late_source=6/6 scenario=2026_07_29_02_32_08 timestamp=000130 receiver=8 cavs=[8, 9] pred_boxes=35 gt_boxes=68 comm_bytes=54736
sgcp_late_fusion frame=36/41 scenario=2026_07_29_02_32_08 timestamp=000130 sources=6 fused_pred_boxes=69 fused_gt_boxes=68
frame=37/41 late_source=1/6 scenario=2026_07_29_02_32_08 timestamp=000132 receiver=1 cavs=[1, 2] pred_boxes=24 gt_boxes=68 comm_bytes=33936
frame=37/41 late_source=2/6 scenario=2026_07_29_02_32_08 timestamp=000132 receiver=3 cavs=[3] pred_boxes=6 gt_boxes=68 comm_bytes=0
frame=37/41 late_source=3/6 scenario=2026_07_29_02_32_08 timestamp=000132 receiver=4 cavs=[4, 7] pred_boxes=23 gt_boxes=68 comm_bytes=38960
frame=37/41 late_source=4/6 scenario=2026_07_29_02_32_08 timestamp=000132 receiver=5 cavs=[5, 10] pred_boxes=27 gt_boxes=68 comm_bytes=56512
frame=37/41 late_source=5/6 scenario=2026_07_29_02_32_08 timestamp=000132 receiver=6 cavs=[6] pred_boxes=14 gt_boxes=68 comm_bytes=0
frame=37/41 late_source=6/6 scenario=2026_07_29_02_32_08 timestamp=000132 receiver=8 cavs=[8, 9] pred_boxes=36 gt_boxes=68 comm_bytes=54880
sgcp_late_fusion frame=37/41 scenario=2026_07_29_02_32_08 timestamp=000132 sources=6 fused_pred_boxes=68 fused_gt_boxes=68
frame=38/41 late_source=1/6 scenario=2026_07_29_02_32_08 timestamp=000134 receiver=1 cavs=[1, 2] pred_boxes=24 gt_boxes=68 comm_bytes=33904
frame=38/41 late_source=2/6 scenario=2026_07_29_02_32_08 timestamp=000134 receiver=3 cavs=[3] pred_boxes=6 gt_boxes=68 comm_bytes=0
frame=38/41 late_source=3/6 scenario=2026_07_29_02_32_08 timestamp=000134 receiver=4 cavs=[4, 7] pred_boxes=26 gt_boxes=68 comm_bytes=39248
frame=38/41 late_source=4/6 scenario=2026_07_29_02_32_08 timestamp=000134 receiver=5 cavs=[5, 10] pred_boxes=27 gt_boxes=68 comm_bytes=56848
frame=38/41 late_source=5/6 scenario=2026_07_29_02_32_08 timestamp=000134 receiver=6 cavs=[6] pred_boxes=16 gt_boxes=68 comm_bytes=0
frame=38/41 late_source=6/6 scenario=2026_07_29_02_32_08 timestamp=000134 receiver=8 cavs=[8, 9] pred_boxes=38 gt_boxes=68 comm_bytes=55088
sgcp_late_fusion frame=38/41 scenario=2026_07_29_02_32_08 timestamp=000134 sources=6 fused_pred_boxes=71 fused_gt_boxes=68
frame=39/41 late_source=1/6 scenario=2026_07_29_02_32_08 timestamp=000136 receiver=1 cavs=[1, 2] pred_boxes=25 gt_boxes=68 comm_bytes=34096
frame=39/41 late_source=2/6 scenario=2026_07_29_02_32_08 timestamp=000136 receiver=3 cavs=[3] pred_boxes=8 gt_boxes=68 comm_bytes=0
frame=39/41 late_source=3/6 scenario=2026_07_29_02_32_08 timestamp=000136 receiver=4 cavs=[4, 7] pred_boxes=26 gt_boxes=68 comm_bytes=39312
frame=39/41 late_source=4/6 scenario=2026_07_29_02_32_08 timestamp=000136 receiver=5 cavs=[5, 10] pred_boxes=30 gt_boxes=68 comm_bytes=57520
frame=39/41 late_source=5/6 scenario=2026_07_29_02_32_08 timestamp=000136 receiver=6 cavs=[6] pred_boxes=13 gt_boxes=68 comm_bytes=0
frame=39/41 late_source=6/6 scenario=2026_07_29_02_32_08 timestamp=000136 receiver=8 cavs=[8, 9] pred_boxes=36 gt_boxes=68 comm_bytes=55168
sgcp_late_fusion frame=39/41 scenario=2026_07_29_02_32_08 timestamp=000136 sources=6 fused_pred_boxes=68 fused_gt_boxes=68
frame=40/41 late_source=1/5 scenario=2026_07_29_02_32_08 timestamp=000138 receiver=1 cavs=[1, 2] pred_boxes=25 gt_boxes=68 comm_bytes=34240
frame=40/41 late_source=2/5 scenario=2026_07_29_02_32_08 timestamp=000138 receiver=3 cavs=[3, 5] pred_boxes=18 gt_boxes=68 comm_bytes=50624
frame=40/41 late_source=3/5 scenario=2026_07_29_02_32_08 timestamp=000138 receiver=4 cavs=[4, 7] pred_boxes=25 gt_boxes=68 comm_bytes=39248
frame=40/41 late_source=4/5 scenario=2026_07_29_02_32_08 timestamp=000138 receiver=6 cavs=[6, 9] pred_boxes=27 gt_boxes=68 comm_bytes=62768
frame=40/41 late_source=5/5 scenario=2026_07_29_02_32_08 timestamp=000138 receiver=8 cavs=[8, 10] pred_boxes=38 gt_boxes=68 comm_bytes=50768
sgcp_late_fusion frame=40/41 scenario=2026_07_29_02_32_08 timestamp=000138 sources=5 fused_pred_boxes=69 fused_gt_boxes=68
frame=41/41 late_source=1/5 scenario=2026_07_29_02_32_08 timestamp=000140 receiver=1 cavs=[1, 2] pred_boxes=25 gt_boxes=67 comm_bytes=34464
frame=41/41 late_source=2/5 scenario=2026_07_29_02_32_08 timestamp=000140 receiver=3 cavs=[3, 5] pred_boxes=17 gt_boxes=67 comm_bytes=51472
frame=41/41 late_source=3/5 scenario=2026_07_29_02_32_08 timestamp=000140 receiver=4 cavs=[4, 7] pred_boxes=23 gt_boxes=67 comm_bytes=39088
frame=41/41 late_source=4/5 scenario=2026_07_29_02_32_08 timestamp=000140 receiver=6 cavs=[6, 9] pred_boxes=25 gt_boxes=67 comm_bytes=62832
frame=41/41 late_source=5/5 scenario=2026_07_29_02_32_08 timestamp=000140 receiver=8 cavs=[8, 10] pred_boxes=38 gt_boxes=67 comm_bytes=50768
sgcp_late_fusion frame=41/41 scenario=2026_07_29_02_32_08 timestamp=000140 sources=5 fused_pred_boxes=68 fused_gt_boxes=67
cp counter: 41
Evaluate final average precision results:
  - Fusion method: early
  - The Average Precision at IOU 0.3 is 0.85, The Average Precision at IOU 0.5 is 0.77, The Average Precision at IOU 0.7 is 0.52
sgcp_summary frames=240 avg_comm_bytes=32419.00 total_comm_bytes=7780560 avg_source_cavs=1.71 avg_selected_grids=23.38
