COMMAND: conda run -n opencda python -m opencda.tools.offline_inference --dataset-root D:\Data\Carla --scenario-id 2026_07_29_02_32_08 --ego-cav-id 1 --max-frames 5 --fusion-method early --coperception-yaml docs\doc_workspace\SGCP\artifacts\multi_backbone_20260731\enable_coperception_voxelnet_early.yaml --bandwidth-mhz 40 --num-channels 10 --channel-estimator ns3 --ns3-tb-size-bytes 899 --ns3-slot-duration-ms 0.5 --ns3-subchannel-prbs 10 --ns3-symbols-per-slot 12 --ns3-mcs 28 --communication-deadline-ms 60 --sgcp-constrained --clustering all_in_one --sgcp-receiver-policy all-cluster-heads --sgcp-upload-mode full_cluster --sgcp-trace-output docs\doc_workspace\SGCP\artifacts\multi_backbone_20260731\voxelnet_5f\centralized_upper_trace.csv --eval-stats-output docs\doc_workspace\SGCP\artifacts\multi_backbone_20260731\voxelnet_5f\centralized_upper_eval.csv

C:\Users\sakakibara\miniconda3\envs\opencda\lib\site-packages\torch\nn\functional.py:1806: UserWarning: nn.functional.sigmoid is deprecated. Use torch.sigmoid instead.
  warnings.warn("nn.functional.sigmoid is deprecated. Use torch.sigmoid instead.")
Format = auto
Extension = pcd
Format = auto
Extension = pcd
Format = auto
Extension = pcd
Format = auto
Extension = pcd
Format = auto
Extension = pcd
Format = auto
Extension = pcd
Format = auto
Extension = pcd
Format = auto
Extension = pcd
Format = auto
Extension = pcd
Format = auto
Extension = pcd
Format = auto
Extension = pcd
Format = auto
Extension = pcd
Format = auto
Extension = pcd
Format = auto
Extension = pcd
Format = auto
Extension = pcd
Format = auto
Extension = pcd
Format = auto
Extension = pcd
Format = auto
Extension = pcd
Format = auto
Extension = pcd
Format = auto
Extension = pcd
Format = auto
Extension = pcd
Format = auto
Extension = pcd
Format = auto
Extension = pcd
Format = auto
Extension = pcd
Format = auto
Extension = pcd
Format = auto
Extension = pcd
Format = auto
Extension = pcd
Format = auto
Extension = pcd
Format = auto
Extension = pcd
Format = auto
Extension = pcd
Format = auto
Extension = pcd
Format = auto
Extension = pcd
Format = auto
Extension = pcd
Format = auto
Extension = pcd
Format = auto
Extension = pcd
Format = auto
Extension = pcd
Format = auto
Extension = pcd
Format = auto
Extension = pcd
Format = auto
Extension = pcd
Format = auto
Extension = pcd
Format = auto
Extension = pcd
Format = auto
Extension = pcd
Format = auto
Extension = pcd
Format = auto
Extension = pcd
Format = auto
Extension = pcd
Format = auto
Extension = pcd
Format = auto
Extension = pcd
Format = auto
Extension = pcd
Format = auto
Extension = pcd
Format = auto
Extension = pcd
Format = auto
Extension = pcd
Format = auto
Extension = pcd
Format = auto
Extension = pcd
Format = auto
Extension = pcd
Format = auto
Extension = pcd
Format = auto
Extension = pcd
Format = auto
Extension = pcd
Format = auto
Extension = pcd
Format = auto
Extension = pcd
Format = auto
Extension = pcd
Format = auto
Extension = pcd
Format = auto
Extension = pcd
Format = auto
Extension = pcd
Format = auto
Extension = pcd
Format = auto
Extension = pcd
Format = auto
Extension = pcd
Format = auto
Extension = pcd
Format = auto
Extension = pcd
Format = auto
Extension = pcd
Format = auto
Extension = pcd
Format = auto
Extension = pcd
Format = auto
Extension = pcd
Format = auto
Extension = pcd
Format = auto
Extension = pcd
Format = auto
Extension = pcd
Format = auto
Extension = pcd
Format = auto
Extension = pcd
Format = auto
Extension = pcd
Format = auto
Extension = pcd
Format = auto
Extension = pcd
Format = auto
Extension = pcd
Format = auto
Extension = pcd
Format = auto
Extension = pcd
Format = auto
Extension = pcd
Format = auto
Extension = pcd
Format = auto
Extension = pcd
Format = auto
Extension = pcd
Format = auto
Extension = pcd
Format = auto
Extension = pcd
Format = auto
Extension = pcd
Format = auto
Extension = pcd
Format = auto
Extension = pcd
Format = auto
Extension = pcd
Format = auto
Extension = pcd
Format = auto
Extension = pcd
Format = auto
Extension = pcd
Format = auto
Extension = pcd
Format = auto
Extension = pcd
Format = auto
Extension = pcd
Format = auto
Extension = pcd
resuming by loading epoch 10000
frame=1/5 receiver_sample=1/1 scenario=2026_07_29_02_32_08 timestamp=000060 cavs=[1, 2, 3, 4, 5, 6, 7, 8, 9, 10, 11, 12, 13, 14, 15, 16, 17, 18, 19, 20]
sgcp_constrained receiver=1 policy=all-cluster-heads sources=[1, 2, 3, 4, 5, 6, 7, 8, 9, 10, 11, 12, 13, 14, 15, 16, 17, 18, 19, 20] clusters=1 ra=potential_game comm_bytes=4212608 selected_grids={}
fusion_method=early pred_boxes=72 gt_boxes=72
pred_scores_shape=(72,)
frame=2/5 receiver_sample=1/1 scenario=2026_07_29_02_32_08 timestamp=000062 cavs=[1, 2, 3, 4, 5, 6, 7, 8, 9, 10, 11, 12, 13, 14, 15, 16, 17, 18, 19, 20]
sgcp_constrained receiver=1 policy=all-cluster-heads sources=[1, 2, 3, 4, 5, 6, 7, 8, 9, 10, 11, 12, 13, 14, 15, 16, 17, 18, 19, 20] clusters=1 ra=potential_game comm_bytes=4212048 selected_grids={}
fusion_method=early pred_boxes=72 gt_boxes=72
pred_scores_shape=(72,)
frame=3/5 receiver_sample=1/1 scenario=2026_07_29_02_32_08 timestamp=000064 cavs=[1, 2, 3, 4, 5, 6, 7, 8, 9, 10, 11, 12, 13, 14, 15, 16, 17, 18, 19, 20]
sgcp_constrained receiver=1 policy=all-cluster-heads sources=[1, 2, 3, 4, 5, 6, 7, 8, 9, 10, 11, 12, 13, 14, 15, 16, 17, 18, 19, 20] clusters=1 ra=potential_game comm_bytes=4211264 selected_grids={}
fusion_method=early pred_boxes=71 gt_boxes=72
pred_scores_shape=(71,)
frame=4/5 receiver_sample=1/1 scenario=2026_07_29_02_32_08 timestamp=000066 cavs=[1, 2, 3, 4, 5, 6, 7, 8, 9, 10, 11, 12, 13, 14, 15, 16, 17, 18, 19, 20]
sgcp_constrained receiver=1 policy=all-cluster-heads sources=[1, 2, 3, 4, 5, 6, 7, 8, 9, 10, 11, 12, 13, 14, 15, 16, 17, 18, 19, 20] clusters=1 ra=potential_game comm_bytes=4210880 selected_grids={}
fusion_method=early pred_boxes=71 gt_boxes=72
pred_scores_shape=(71,)
frame=5/5 receiver_sample=1/1 scenario=2026_07_29_02_32_08 timestamp=000068 cavs=[1, 2, 3, 4, 5, 6, 7, 8, 9, 10, 11, 12, 13, 14, 15, 16, 17, 18, 19, 20]
sgcp_constrained receiver=1 policy=all-cluster-heads sources=[1, 2, 3, 4, 5, 6, 7, 8, 9, 10, 11, 12, 13, 14, 15, 16, 17, 18, 19, 20] clusters=1 ra=potential_game comm_bytes=4211936 selected_grids={}
fusion_method=early pred_boxes=71 gt_boxes=72
pred_scores_shape=(71,)
cp counter: 5
Evaluate final average precision results:
  - Fusion method: early
  - The Average Precision at IOU 0.3 is 0.99, The Average Precision at IOU 0.5 is 0.99, The Average Precision at IOU 0.7 is 0.90
sgcp_summary frames=5 avg_comm_bytes=4211747.20 total_comm_bytes=21058736 avg_source_cavs=20.00 avg_selected_grids=0.00
