COMMAND: conda run -n opencda python -m opencda.tools.offline_inference --dataset-root D:\Data\Carla --scenario-id 2026_07_29_02_32_08 --ego-cav-id 1 --max-frames 5 --fusion-method early --coperception-yaml docs\doc_workspace\SGCP\artifacts\multi_backbone_20260731\enable_coperception_voxelnet_early.yaml --bandwidth-mhz 40 --num-channels 10 --channel-estimator ns3 --ns3-tb-size-bytes 899 --ns3-slot-duration-ms 0.5 --ns3-subchannel-prbs 10 --ns3-symbols-per-slot 12 --ns3-mcs 28 --communication-deadline-ms 60 --sgcp-constrained --clustering singleton --sgcp-receiver-policy all-cavs --sgcp-upload-mode head_only --sgcp-trace-output docs\doc_workspace\SGCP\artifacts\multi_backbone_20260731\voxelnet_5f\no_collab_trace.csv --eval-stats-output docs\doc_workspace\SGCP\artifacts\multi_backbone_20260731\voxelnet_5f\no_collab_eval.csv

C:\Users\sakakibara\miniconda3\envs\opencda\lib\site-packages\torch\nn\functional.py:1806: UserWarning: nn.functional.sigmoid is deprecated. Use torch.sigmoid instead.
  warnings.warn("nn.functional.sigmoid is deprecated. Use torch.sigmoid instead.")
Format = auto
Extension = pcd
Format = auto
Extension = pcd
Format = auto
Extension = pcd
Format = auto
Extension = pcd
Format = auto
Extension = pcd
Format = auto
Extension = pcd
Format = auto
Extension = pcd
Format = auto
Extension = pcd
Format = auto
Extension = pcd
Format = auto
Extension = pcd
Format = auto
Extension = pcd
Format = auto
Extension = pcd
Format = auto
Extension = pcd
Format = auto
Extension = pcd
Format = auto
Extension = pcd
Format = auto
Extension = pcd
Format = auto
Extension = pcd
Format = auto
Extension = pcd
Format = auto
Extension = pcd
Format = auto
Extension = pcd
Format = auto
Extension = pcd
Format = auto
Extension = pcd
Format = auto
Extension = pcd
Format = auto
Extension = pcd
Format = auto
Extension = pcd
Format = auto
Extension = pcd
Format = auto
Extension = pcd
Format = auto
Extension = pcd
Format = auto
Extension = pcd
Format = auto
Extension = pcd
Format = auto
Extension = pcd
Format = auto
Extension = pcd
Format = auto
Extension = pcd
Format = auto
Extension = pcd
Format = auto
Extension = pcd
Format = auto
Extension = pcd
Format = auto
Extension = pcd
Format = auto
Extension = pcd
Format = auto
Extension = pcd
Format = auto
Extension = pcd
resuming by loading epoch 10000
frame=1/5 receiver_sample=1/20 scenario=2026_07_29_02_32_08 timestamp=000060 cavs=[1]
sgcp_constrained receiver=1 policy=all-cavs sources=[1] clusters=20 ra=potential_game comm_bytes=0 selected_grids={}
fusion_method=early pred_boxes=16 gt_boxes=41
pred_scores_shape=(16,)
frame=1/5 receiver_sample=2/20 scenario=2026_07_29_02_32_08 timestamp=000060 cavs=[2]
sgcp_constrained receiver=2 policy=all-cavs sources=[2] clusters=20 ra=potential_game comm_bytes=0 selected_grids={}
fusion_method=early pred_boxes=18 gt_boxes=38
pred_scores_shape=(18,)
frame=1/5 receiver_sample=3/20 scenario=2026_07_29_02_32_08 timestamp=000060 cavs=[3]
sgcp_constrained receiver=3 policy=all-cavs sources=[3] clusters=20 ra=potential_game comm_bytes=0 selected_grids={}
fusion_method=early pred_boxes=16 gt_boxes=27
pred_scores_shape=(16,)
frame=1/5 receiver_sample=4/20 scenario=2026_07_29_02_32_08 timestamp=000060 cavs=[4]
sgcp_constrained receiver=4 policy=all-cavs sources=[4] clusters=20 ra=potential_game comm_bytes=0 selected_grids={}
fusion_method=early pred_boxes=20 gt_boxes=34
pred_scores_shape=(20,)
frame=1/5 receiver_sample=5/20 scenario=2026_07_29_02_32_08 timestamp=000060 cavs=[5]
sgcp_constrained receiver=5 policy=all-cavs sources=[5] clusters=20 ra=potential_game comm_bytes=0 selected_grids={}
fusion_method=early pred_boxes=11 gt_boxes=39
pred_scores_shape=(11,)
frame=1/5 receiver_sample=6/20 scenario=2026_07_29_02_32_08 timestamp=000060 cavs=[6]
sgcp_constrained receiver=6 policy=all-cavs sources=[6] clusters=20 ra=potential_game comm_bytes=0 selected_grids={}
fusion_method=early pred_boxes=11 gt_boxes=13
pred_scores_shape=(11,)
frame=1/5 receiver_sample=7/20 scenario=2026_07_29_02_32_08 timestamp=000060 cavs=[7]
sgcp_constrained receiver=7 policy=all-cavs sources=[7] clusters=20 ra=potential_game comm_bytes=0 selected_grids={}
fusion_method=early pred_boxes=16 gt_boxes=36
pred_scores_shape=(16,)
frame=1/5 receiver_sample=8/20 scenario=2026_07_29_02_32_08 timestamp=000060 cavs=[8]
sgcp_constrained receiver=8 policy=all-cavs sources=[8] clusters=20 ra=potential_game comm_bytes=0 selected_grids={}
fusion_method=early pred_boxes=13 gt_boxes=42
pred_scores_shape=(13,)
frame=1/5 receiver_sample=9/20 scenario=2026_07_29_02_32_08 timestamp=000060 cavs=[9]
sgcp_constrained receiver=9 policy=all-cavs sources=[9] clusters=20 ra=potential_game comm_bytes=0 selected_grids={}
fusion_method=early pred_boxes=12 gt_boxes=35
pred_scores_shape=(12,)
frame=1/5 receiver_sample=10/20 scenario=2026_07_29_02_32_08 timestamp=000060 cavs=[10]
sgcp_constrained receiver=10 policy=all-cavs sources=[10] clusters=20 ra=potential_game comm_bytes=0 selected_grids={}
fusion_method=early pred_boxes=18 gt_boxes=42
pred_scores_shape=(18,)
frame=1/5 receiver_sample=11/20 scenario=2026_07_29_02_32_08 timestamp=000060 cavs=[11]
sgcp_constrained receiver=11 policy=all-cavs sources=[11] clusters=20 ra=potential_game comm_bytes=0 selected_grids={}
fusion_method=early pred_boxes=13 gt_boxes=42
pred_scores_shape=(13,)
frame=1/5 receiver_sample=12/20 scenario=2026_07_29_02_32_08 timestamp=000060 cavs=[12]
sgcp_constrained receiver=12 policy=all-cavs sources=[12] clusters=20 ra=potential_game comm_bytes=0 selected_grids={}
fusion_method=early pred_boxes=13 gt_boxes=40
pred_scores_shape=(13,)
frame=1/5 receiver_sample=13/20 scenario=2026_07_29_02_32_08 timestamp=000060 cavs=[13]
sgcp_constrained receiver=13 policy=all-cavs sources=[13] clusters=20 ra=potential_game comm_bytes=0 selected_grids={}
fusion_method=early pred_boxes=9 gt_boxes=25
pred_scores_shape=(9,)
frame=1/5 receiver_sample=14/20 scenario=2026_07_29_02_32_08 timestamp=000060 cavs=[14]
sgcp_constrained receiver=14 policy=all-cavs sources=[14] clusters=20 ra=potential_game comm_bytes=0 selected_grids={}
fusion_method=early pred_boxes=2 gt_boxes=5
pred_scores_shape=(2,)
frame=1/5 receiver_sample=15/20 scenario=2026_07_29_02_32_08 timestamp=000060 cavs=[15]
sgcp_constrained receiver=15 policy=all-cavs sources=[15] clusters=20 ra=potential_game comm_bytes=0 selected_grids={}
fusion_method=early pred_boxes=14 gt_boxes=21
pred_scores_shape=(14,)
frame=1/5 receiver_sample=16/20 scenario=2026_07_29_02_32_08 timestamp=000060 cavs=[16]
sgcp_constrained receiver=16 policy=all-cavs sources=[16] clusters=20 ra=potential_game comm_bytes=0 selected_grids={}
fusion_method=early pred_boxes=15 gt_boxes=36
pred_scores_shape=(15,)
frame=1/5 receiver_sample=17/20 scenario=2026_07_29_02_32_08 timestamp=000060 cavs=[17]
sgcp_constrained receiver=17 policy=all-cavs sources=[17] clusters=20 ra=potential_game comm_bytes=0 selected_grids={}
fusion_method=early pred_boxes=16 gt_boxes=28
pred_scores_shape=(16,)
frame=1/5 receiver_sample=18/20 scenario=2026_07_29_02_32_08 timestamp=000060 cavs=[18]
sgcp_constrained receiver=18 policy=all-cavs sources=[18] clusters=20 ra=potential_game comm_bytes=0 selected_grids={}
fusion_method=early pred_boxes=10 gt_boxes=17
pred_scores_shape=(10,)
frame=1/5 receiver_sample=19/20 scenario=2026_07_29_02_32_08 timestamp=000060 cavs=[19]
sgcp_constrained receiver=19 policy=all-cavs sources=[19] clusters=20 ra=potential_game comm_bytes=0 selected_grids={}
fusion_method=early pred_boxes=10 gt_boxes=25
pred_scores_shape=(10,)
frame=1/5 receiver_sample=20/20 scenario=2026_07_29_02_32_08 timestamp=000060 cavs=[20]
sgcp_constrained receiver=20 policy=all-cavs sources=[20] clusters=20 ra=potential_game comm_bytes=0 selected_grids={}
fusion_method=early pred_boxes=17 gt_boxes=35
pred_scores_shape=(17,)
frame=2/5 receiver_sample=1/20 scenario=2026_07_29_02_32_08 timestamp=000062 cavs=[1]
sgcp_constrained receiver=1 policy=all-cavs sources=[1] clusters=20 ra=potential_game comm_bytes=0 selected_grids={}
fusion_method=early pred_boxes=18 gt_boxes=42
pred_scores_shape=(18,)
frame=2/5 receiver_sample=2/20 scenario=2026_07_29_02_32_08 timestamp=000062 cavs=[2]
sgcp_constrained receiver=2 policy=all-cavs sources=[2] clusters=20 ra=potential_game comm_bytes=0 selected_grids={}
fusion_method=early pred_boxes=18 gt_boxes=38
pred_scores_shape=(18,)
frame=2/5 receiver_sample=3/20 scenario=2026_07_29_02_32_08 timestamp=000062 cavs=[3]
sgcp_constrained receiver=3 policy=all-cavs sources=[3] clusters=20 ra=potential_game comm_bytes=0 selected_grids={}
fusion_method=early pred_boxes=17 gt_boxes=27
pred_scores_shape=(17,)
frame=2/5 receiver_sample=4/20 scenario=2026_07_29_02_32_08 timestamp=000062 cavs=[4]
sgcp_constrained receiver=4 policy=all-cavs sources=[4] clusters=20 ra=potential_game comm_bytes=0 selected_grids={}
fusion_method=early pred_boxes=19 gt_boxes=34
pred_scores_shape=(19,)
frame=2/5 receiver_sample=5/20 scenario=2026_07_29_02_32_08 timestamp=000062 cavs=[5]
sgcp_constrained receiver=5 policy=all-cavs sources=[5] clusters=20 ra=potential_game comm_bytes=0 selected_grids={}
fusion_method=early pred_boxes=11 gt_boxes=38
pred_scores_shape=(11,)
frame=2/5 receiver_sample=6/20 scenario=2026_07_29_02_32_08 timestamp=000062 cavs=[6]
sgcp_constrained receiver=6 policy=all-cavs sources=[6] clusters=20 ra=potential_game comm_bytes=0 selected_grids={}
fusion_method=early pred_boxes=10 gt_boxes=13
pred_scores_shape=(10,)
frame=2/5 receiver_sample=7/20 scenario=2026_07_29_02_32_08 timestamp=000062 cavs=[7]
sgcp_constrained receiver=7 policy=all-cavs sources=[7] clusters=20 ra=potential_game comm_bytes=0 selected_grids={}
fusion_method=early pred_boxes=16 gt_boxes=38
pred_scores_shape=(16,)
frame=2/5 receiver_sample=8/20 scenario=2026_07_29_02_32_08 timestamp=000062 cavs=[8]
sgcp_constrained receiver=8 policy=all-cavs sources=[8] clusters=20 ra=potential_game comm_bytes=0 selected_grids={}
fusion_method=early pred_boxes=12 gt_boxes=43
pred_scores_shape=(12,)
frame=2/5 receiver_sample=9/20 scenario=2026_07_29_02_32_08 timestamp=000062 cavs=[9]
sgcp_constrained receiver=9 policy=all-cavs sources=[9] clusters=20 ra=potential_game comm_bytes=0 selected_grids={}
fusion_method=early pred_boxes=13 gt_boxes=35
pred_scores_shape=(13,)
frame=2/5 receiver_sample=10/20 scenario=2026_07_29_02_32_08 timestamp=000062 cavs=[10]
Format = auto
Extension = pcd
Format = auto
Extension = pcd
Format = auto
Extension = pcd
Format = auto
Extension = pcd
Format = auto
Extension = pcd
Format = auto
Extension = pcd
Format = auto
Extension = pcd
Format = auto
Extension = pcd
Format = auto
Extension = pcd
Format = auto
Extension = pcd
Format = auto
Extension = pcd
Format = auto
Extension = pcd
Format = auto
Extension = pcd
Format = auto
Extension = pcd
Format = auto
Extension = pcd
Format = auto
Extension = pcd
Format = auto
Extension = pcd
Format = auto
Extension = pcd
Format = auto
Extension = pcd
Format = auto
Extension = pcd
sgcp_constrained receiver=10 policy=all-cavs sources=[10] clusters=20 ra=potential_game comm_bytes=0 selected_grids={}
fusion_method=early pred_boxes=21 gt_boxes=40
pred_scores_shape=(21,)
frame=2/5 receiver_sample=11/20 scenario=2026_07_29_02_32_08 timestamp=000062 cavs=[11]
sgcp_constrained receiver=11 policy=all-cavs sources=[11] clusters=20 ra=potential_game comm_bytes=0 selected_grids={}
fusion_method=early pred_boxes=12 gt_boxes=43
pred_scores_shape=(12,)
frame=2/5 receiver_sample=12/20 scenario=2026_07_29_02_32_08 timestamp=000062 cavs=[12]
sgcp_constrained receiver=12 policy=all-cavs sources=[12] clusters=20 ra=potential_game comm_bytes=0 selected_grids={}
fusion_method=early pred_boxes=14 gt_boxes=38
pred_scores_shape=(14,)
frame=2/5 receiver_sample=13/20 scenario=2026_07_29_02_32_08 timestamp=000062 cavs=[13]
sgcp_constrained receiver=13 policy=all-cavs sources=[13] clusters=20 ra=potential_game comm_bytes=0 selected_grids={}
fusion_method=early pred_boxes=9 gt_boxes=25
pred_scores_shape=(9,)
frame=2/5 receiver_sample=14/20 scenario=2026_07_29_02_32_08 timestamp=000062 cavs=[14]
sgcp_constrained receiver=14 policy=all-cavs sources=[14] clusters=20 ra=potential_game comm_bytes=0 selected_grids={}
fusion_method=early pred_boxes=2 gt_boxes=6
pred_scores_shape=(2,)
frame=2/5 receiver_sample=15/20 scenario=2026_07_29_02_32_08 timestamp=000062 cavs=[15]
sgcp_constrained receiver=15 policy=all-cavs sources=[15] clusters=20 ra=potential_game comm_bytes=0 selected_grids={}
fusion_method=early pred_boxes=16 gt_boxes=21
pred_scores_shape=(16,)
frame=2/5 receiver_sample=16/20 scenario=2026_07_29_02_32_08 timestamp=000062 cavs=[16]
sgcp_constrained receiver=16 policy=all-cavs sources=[16] clusters=20 ra=potential_game comm_bytes=0 selected_grids={}
fusion_method=early pred_boxes=15 gt_boxes=37
pred_scores_shape=(15,)
frame=2/5 receiver_sample=17/20 scenario=2026_07_29_02_32_08 timestamp=000062 cavs=[17]
sgcp_constrained receiver=17 policy=all-cavs sources=[17] clusters=20 ra=potential_game comm_bytes=0 selected_grids={}
fusion_method=early pred_boxes=17 gt_boxes=28
pred_scores_shape=(17,)
frame=2/5 receiver_sample=18/20 scenario=2026_07_29_02_32_08 timestamp=000062 cavs=[18]
sgcp_constrained receiver=18 policy=all-cavs sources=[18] clusters=20 ra=potential_game comm_bytes=0 selected_grids={}
fusion_method=early pred_boxes=12 gt_boxes=17
pred_scores_shape=(12,)
frame=2/5 receiver_sample=19/20 scenario=2026_07_29_02_32_08 timestamp=000062 cavs=[19]
sgcp_constrained receiver=19 policy=all-cavs sources=[19] clusters=20 ra=potential_game comm_bytes=0 selected_grids={}
fusion_method=early pred_boxes=9 gt_boxes=26
pred_scores_shape=(9,)
frame=2/5 receiver_sample=20/20 scenario=2026_07_29_02_32_08 timestamp=000062 cavs=[20]
sgcp_constrained receiver=20 policy=all-cavs sources=[20] clusters=20 ra=potential_game comm_bytes=0 selected_grids={}
fusion_method=early pred_boxes=17 gt_boxes=34
pred_scores_shape=(17,)
frame=3/5 receiver_sample=1/20 scenario=2026_07_29_02_32_08 timestamp=000064 cavs=[1]
sgcp_constrained receiver=1 policy=all-cavs sources=[1] clusters=20 ra=potential_game comm_bytes=0 selected_grids={}
fusion_method=early pred_boxes=16 gt_boxes=40
pred_scores_shape=(16,)
frame=3/5 receiver_sample=2/20 scenario=2026_07_29_02_32_08 timestamp=000064 cavs=[2]
sgcp_constrained receiver=2 policy=all-cavs sources=[2] clusters=20 ra=potential_game comm_bytes=0 selected_grids={}
fusion_method=early pred_boxes=16 gt_boxes=38
pred_scores_shape=(16,)
frame=3/5 receiver_sample=3/20 scenario=2026_07_29_02_32_08 timestamp=000064 cavs=[3]
sgcp_constrained receiver=3 policy=all-cavs sources=[3] clusters=20 ra=potential_game comm_bytes=0 selected_grids={}
fusion_method=early pred_boxes=16 gt_boxes=27
pred_scores_shape=(16,)
frame=3/5 receiver_sample=4/20 scenario=2026_07_29_02_32_08 timestamp=000064 cavs=[4]
sgcp_constrained receiver=4 policy=all-cavs sources=[4] clusters=20 ra=potential_game comm_bytes=0 selected_grids={}
fusion_method=early pred_boxes=17 gt_boxes=36
pred_scores_shape=(17,)
frame=3/5 receiver_sample=5/20 scenario=2026_07_29_02_32_08 timestamp=000064 cavs=[5]
sgcp_constrained receiver=5 policy=all-cavs sources=[5] clusters=20 ra=potential_game comm_bytes=0 selected_grids={}
fusion_method=early pred_boxes=11 gt_boxes=38
pred_scores_shape=(11,)
frame=3/5 receiver_sample=6/20 scenario=2026_07_29_02_32_08 timestamp=000064 cavs=[6]
sgcp_constrained receiver=6 policy=all-cavs sources=[6] clusters=20 ra=potential_game comm_bytes=0 selected_grids={}
fusion_method=early pred_boxes=11 gt_boxes=13
pred_scores_shape=(11,)
frame=3/5 receiver_sample=7/20 scenario=2026_07_29_02_32_08 timestamp=000064 cavs=[7]
sgcp_constrained receiver=7 policy=all-cavs sources=[7] clusters=20 ra=potential_game comm_bytes=0 selected_grids={}
fusion_method=early pred_boxes=16 gt_boxes=36
pred_scores_shape=(16,)
frame=3/5 receiver_sample=8/20 scenario=2026_07_29_02_32_08 timestamp=000064 cavs=[8]
sgcp_constrained receiver=8 policy=all-cavs sources=[8] clusters=20 ra=potential_game comm_bytes=0 selected_grids={}
fusion_method=early pred_boxes=13 gt_boxes=43
pred_scores_shape=(13,)
frame=3/5 receiver_sample=9/20 scenario=2026_07_29_02_32_08 timestamp=000064 cavs=[9]
sgcp_constrained receiver=9 policy=all-cavs sources=[9] clusters=20 ra=potential_game comm_bytes=0 selected_grids={}
fusion_method=early pred_boxes=13 gt_boxes=35
pred_scores_shape=(13,)
frame=3/5 receiver_sample=10/20 scenario=2026_07_29_02_32_08 timestamp=000064 cavs=[10]
sgcp_constrained receiver=10 policy=all-cavs sources=[10] clusters=20 ra=potential_game comm_bytes=0 selected_grids={}
fusion_method=early pred_boxes=18 gt_boxes=42
pred_scores_shape=(18,)
frame=3/5 receiver_sample=11/20 scenario=2026_07_29_02_32_08 timestamp=000064 cavs=[11]
sgcp_constrained receiver=11 policy=all-cavs sources=[11] clusters=20 ra=potential_game comm_bytes=0 selected_grids={}
fusion_method=early pred_boxes=11 gt_boxes=43
pred_scores_shape=(11,)
frame=3/5 receiver_sample=12/20 scenario=2026_07_29_02_32_08 timestamp=000064 cavs=[12]
sgcp_constrained receiver=12 policy=all-cavs sources=[12] clusters=20 ra=potential_game comm_bytes=0 selected_grids={}
fusion_method=early pred_boxes=11 gt_boxes=37
pred_scores_shape=(11,)
frame=3/5 receiver_sample=13/20 scenario=2026_07_29_02_32_08 timestamp=000064 cavs=[13]
sgcp_constrained receiver=13 policy=all-cavs sources=[13] clusters=20 ra=potential_game comm_bytes=0 selected_grids={}
fusion_method=early pred_boxes=9 gt_boxes=25
pred_scores_shape=(9,)
frame=3/5 receiver_sample=14/20 scenario=2026_07_29_02_32_08 timestamp=000064 cavs=[14]
sgcp_constrained receiver=14 policy=all-cavs sources=[14] clusters=20 ra=potential_game comm_bytes=0 selected_grids={}
fusion_method=early pred_boxes=2 gt_boxes=6
pred_scores_shape=(2,)
frame=3/5 receiver_sample=15/20 scenario=2026_07_29_02_32_08 timestamp=000064 cavs=[15]
sgcp_constrained receiver=15 policy=all-cavs sources=[15] clusters=20 ra=potential_game comm_bytes=0 selected_grids={}
fusion_method=early pred_boxes=15 gt_boxes=21
pred_scores_shape=(15,)
frame=3/5 receiver_sample=16/20 scenario=2026_07_29_02_32_08 timestamp=000064 cavs=[16]
sgcp_constrained receiver=16 policy=all-cavs sources=[16] clusters=20 ra=potential_game comm_bytes=0 selected_grids={}
fusion_method=early pred_boxes=15 gt_boxes=38
pred_scores_shape=(15,)
frame=3/5 receiver_sample=17/20 scenario=2026_07_29_02_32_08 timestamp=000064 cavs=[17]
sgcp_constrained receiver=17 policy=all-cavs sources=[17] clusters=20 ra=potential_game comm_bytes=0 selected_grids={}
fusion_method=early pred_boxes=16 gt_boxes=28
pred_scores_shape=(16,)
frame=3/5 receiver_sample=18/20 scenario=2026_07_29_02_32_08 timestamp=000064 cavs=[18]
sgcp_constrained receiver=18 policy=all-cavs sources=[18] clusters=20 ra=potential_game comm_bytes=0 selected_grids={}
fusion_method=early pred_boxes=9 gt_boxes=17
pred_scores_shape=(9,)
frame=3/5 receiver_sample=19/20 scenario=2026_07_29_02_32_08 timestamp=000064 cavs=[19]
sgcp_constrained receiver=19 policy=all-cavs sources=[19] clusters=20 ra=potential_game comm_bytes=0 selected_grids={}Format = auto
Extension = pcd
Format = auto
Extension = pcd
Format = auto
Extension = pcd
Format = auto
Extension = pcd
Format = auto
Extension = pcd
Format = auto
Extension = pcd
Format = auto
Extension = pcd
Format = auto
Extension = pcd
Format = auto
Extension = pcd
Format = auto
Extension = pcd
Format = auto
Extension = pcd
Format = auto
Extension = pcd
Format = auto
Extension = pcd
Format = auto
Extension = pcd
Format = auto
Extension = pcd
Format = auto
Extension = pcd
Format = auto
Extension = pcd
Format = auto
Extension = pcd
Format = auto
Extension = pcd
Format = auto
Extension = pcd
Format = auto
Extension = pcd
Format = auto
Extension = pcd
Format = auto
Extension = pcd
Format = auto
Extension = pcd
Format = auto
Extension = pcd
Format = auto
Extension = pcd
Format = auto
Extension = pcd
Format = auto
Extension = pcd
Format = auto
Extension = pcd
Format = auto
Extension = pcd
Format = auto
Extension = pcd
Format = auto
Extension = pcd
Format = auto
Extension = pcd
Format = auto
Extension = pcd
Format = auto
Extension = pcd
Format = auto
Extension = pcd
Format = auto
Extension = pcd
Format = auto
Extension = pcd
Format = auto
Extension = pcd
Format = auto
Extension = pcd

fusion_method=early pred_boxes=8 gt_boxes=27
pred_scores_shape=(8,)
frame=3/5 receiver_sample=20/20 scenario=2026_07_29_02_32_08 timestamp=000064 cavs=[20]
sgcp_constrained receiver=20 policy=all-cavs sources=[20] clusters=20 ra=potential_game comm_bytes=0 selected_grids={}
fusion_method=early pred_boxes=17 gt_boxes=34
pred_scores_shape=(17,)
frame=4/5 receiver_sample=1/20 scenario=2026_07_29_02_32_08 timestamp=000066 cavs=[1]
sgcp_constrained receiver=1 policy=all-cavs sources=[1] clusters=20 ra=potential_game comm_bytes=0 selected_grids={}
fusion_method=early pred_boxes=16 gt_boxes=40
pred_scores_shape=(16,)
frame=4/5 receiver_sample=2/20 scenario=2026_07_29_02_32_08 timestamp=000066 cavs=[2]
sgcp_constrained receiver=2 policy=all-cavs sources=[2] clusters=20 ra=potential_game comm_bytes=0 selected_grids={}
fusion_method=early pred_boxes=17 gt_boxes=38
pred_scores_shape=(17,)
frame=4/5 receiver_sample=3/20 scenario=2026_07_29_02_32_08 timestamp=000066 cavs=[3]
sgcp_constrained receiver=3 policy=all-cavs sources=[3] clusters=20 ra=potential_game comm_bytes=0 selected_grids={}
fusion_method=early pred_boxes=16 gt_boxes=27
pred_scores_shape=(16,)
frame=4/5 receiver_sample=4/20 scenario=2026_07_29_02_32_08 timestamp=000066 cavs=[4]
sgcp_constrained receiver=4 policy=all-cavs sources=[4] clusters=20 ra=potential_game comm_bytes=0 selected_grids={}
fusion_method=early pred_boxes=17 gt_boxes=36
pred_scores_shape=(17,)
frame=4/5 receiver_sample=5/20 scenario=2026_07_29_02_32_08 timestamp=000066 cavs=[5]
sgcp_constrained receiver=5 policy=all-cavs sources=[5] clusters=20 ra=potential_game comm_bytes=0 selected_grids={}
fusion_method=early pred_boxes=10 gt_boxes=39
pred_scores_shape=(10,)
frame=4/5 receiver_sample=6/20 scenario=2026_07_29_02_32_08 timestamp=000066 cavs=[6]
sgcp_constrained receiver=6 policy=all-cavs sources=[6] clusters=20 ra=potential_game comm_bytes=0 selected_grids={}
fusion_method=early pred_boxes=12 gt_boxes=14
pred_scores_shape=(12,)
frame=4/5 receiver_sample=7/20 scenario=2026_07_29_02_32_08 timestamp=000066 cavs=[7]
sgcp_constrained receiver=7 policy=all-cavs sources=[7] clusters=20 ra=potential_game comm_bytes=0 selected_grids={}
fusion_method=early pred_boxes=17 gt_boxes=36
pred_scores_shape=(17,)
frame=4/5 receiver_sample=8/20 scenario=2026_07_29_02_32_08 timestamp=000066 cavs=[8]
sgcp_constrained receiver=8 policy=all-cavs sources=[8] clusters=20 ra=potential_game comm_bytes=0 selected_grids={}
fusion_method=early pred_boxes=16 gt_boxes=42
pred_scores_shape=(16,)
frame=4/5 receiver_sample=9/20 scenario=2026_07_29_02_32_08 timestamp=000066 cavs=[9]
sgcp_constrained receiver=9 policy=all-cavs sources=[9] clusters=20 ra=potential_game comm_bytes=0 selected_grids={}
fusion_method=early pred_boxes=13 gt_boxes=35
pred_scores_shape=(13,)
frame=4/5 receiver_sample=10/20 scenario=2026_07_29_02_32_08 timestamp=000066 cavs=[10]
sgcp_constrained receiver=10 policy=all-cavs sources=[10] clusters=20 ra=potential_game comm_bytes=0 selected_grids={}
fusion_method=early pred_boxes=19 gt_boxes=41
pred_scores_shape=(19,)
frame=4/5 receiver_sample=11/20 scenario=2026_07_29_02_32_08 timestamp=000066 cavs=[11]
sgcp_constrained receiver=11 policy=all-cavs sources=[11] clusters=20 ra=potential_game comm_bytes=0 selected_grids={}
fusion_method=early pred_boxes=10 gt_boxes=44
pred_scores_shape=(10,)
frame=4/5 receiver_sample=12/20 scenario=2026_07_29_02_32_08 timestamp=000066 cavs=[12]
sgcp_constrained receiver=12 policy=all-cavs sources=[12] clusters=20 ra=potential_game comm_bytes=0 selected_grids={}
fusion_method=early pred_boxes=11 gt_boxes=36
pred_scores_shape=(11,)
frame=4/5 receiver_sample=13/20 scenario=2026_07_29_02_32_08 timestamp=000066 cavs=[13]
sgcp_constrained receiver=13 policy=all-cavs sources=[13] clusters=20 ra=potential_game comm_bytes=0 selected_grids={}
fusion_method=early pred_boxes=9 gt_boxes=25
pred_scores_shape=(9,)
frame=4/5 receiver_sample=14/20 scenario=2026_07_29_02_32_08 timestamp=000066 cavs=[14]
sgcp_constrained receiver=14 policy=all-cavs sources=[14] clusters=20 ra=potential_game comm_bytes=0 selected_grids={}
fusion_method=early pred_boxes=2 gt_boxes=6
pred_scores_shape=(2,)
frame=4/5 receiver_sample=15/20 scenario=2026_07_29_02_32_08 timestamp=000066 cavs=[15]
sgcp_constrained receiver=15 policy=all-cavs sources=[15] clusters=20 ra=potential_game comm_bytes=0 selected_grids={}
fusion_method=early pred_boxes=14 gt_boxes=20
pred_scores_shape=(14,)
frame=4/5 receiver_sample=16/20 scenario=2026_07_29_02_32_08 timestamp=000066 cavs=[16]
sgcp_constrained receiver=16 policy=all-cavs sources=[16] clusters=20 ra=potential_game comm_bytes=0 selected_grids={}
fusion_method=early pred_boxes=15 gt_boxes=37
pred_scores_shape=(15,)
frame=4/5 receiver_sample=17/20 scenario=2026_07_29_02_32_08 timestamp=000066 cavs=[17]
sgcp_constrained receiver=17 policy=all-cavs sources=[17] clusters=20 ra=potential_game comm_bytes=0 selected_grids={}
fusion_method=early pred_boxes=15 gt_boxes=27
pred_scores_shape=(15,)
frame=4/5 receiver_sample=18/20 scenario=2026_07_29_02_32_08 timestamp=000066 cavs=[18]
sgcp_constrained receiver=18 policy=all-cavs sources=[18] clusters=20 ra=potential_game comm_bytes=0 selected_grids={}
fusion_method=early pred_boxes=11 gt_boxes=17
pred_scores_shape=(11,)
frame=4/5 receiver_sample=19/20 scenario=2026_07_29_02_32_08 timestamp=000066 cavs=[19]
sgcp_constrained receiver=19 policy=all-cavs sources=[19] clusters=20 ra=potential_game comm_bytes=0 selected_grids={}
fusion_method=early pred_boxes=8 gt_boxes=27
pred_scores_shape=(8,)
frame=4/5 receiver_sample=20/20 scenario=2026_07_29_02_32_08 timestamp=000066 cavs=[20]
sgcp_constrained receiver=20 policy=all-cavs sources=[20] clusters=20 ra=potential_game comm_bytes=0 selected_grids={}
fusion_method=early pred_boxes=18 gt_boxes=34
pred_scores_shape=(18,)
frame=5/5 receiver_sample=1/20 scenario=2026_07_29_02_32_08 timestamp=000068 cavs=[1]
sgcp_constrained receiver=1 policy=all-cavs sources=[1] clusters=20 ra=potential_game comm_bytes=0 selected_grids={}
fusion_method=early pred_boxes=17 gt_boxes=40
pred_scores_shape=(17,)
frame=5/5 receiver_sample=2/20 scenario=2026_07_29_02_32_08 timestamp=000068 cavs=[2]
sgcp_constrained receiver=2 policy=all-cavs sources=[2] clusters=20 ra=potential_game comm_bytes=0 selected_grids={}
fusion_method=early pred_boxes=17 gt_boxes=37
pred_scores_shape=(17,)
frame=5/5 receiver_sample=3/20 scenario=2026_07_29_02_32_08 timestamp=000068 cavs=[3]
sgcp_constrained receiver=3 policy=all-cavs sources=[3] clusters=20 ra=potential_game comm_bytes=0 selected_grids={}
fusion_method=early pred_boxes=16 gt_boxes=26
pred_scores_shape=(16,)
frame=5/5 receiver_sample=4/20 scenario=2026_07_29_02_32_08 timestamp=000068 cavs=[4]
sgcp_constrained receiver=4 policy=all-cavs sources=[4] clusters=20 ra=potential_game comm_bytes=0 selected_grids={}
fusion_method=early pred_boxes=17 gt_boxes=36
pred_scores_shape=(17,)
frame=5/5 receiver_sample=5/20 scenario=2026_07_29_02_32_08 timestamp=000068 cavs=[5]
sgcp_constrained receiver=5 policy=all-cavs sources=[5] clusters=20 ra=potential_game comm_bytes=0 selected_grids={}
fusion_method=early pred_boxes=11 gt_boxes=39
pred_scores_shape=(11,)
frame=5/5 receiver_sample=6/20 scenario=2026_07_29_02_32_08 timestamp=000068 cavs=[6]
sgcp_constrained receiver=6 policy=all-cavs sources=[6] clusters=20 ra=potential_game comm_bytes=0 selected_grids={}
fusion_method=early pred_boxes=12 gt_boxes=15
pred_scores_shape=(12,)
frame=5/5 receiver_sample=7/20 scenario=2026_07_29_02_32_08 timestamp=000068 cavs=[7]
sgcp_constrained receiver=7 policy=all-cavs sources=[7] clusters=20 ra=potential_game comm_bytes=0 selected_grids={}
fusion_method=early pred_boxes=16 gt_boxes=36
pred_scores_shape=(16,)
frame=5/5 receiver_sample=8/20 scenario=2026_07_29_02_32_08 timestamp=000068 cavs=[8]
sgcp_constrained receiver=8 policy=all-cavs sources=[8] clusters=20 ra=potential_game comm_bytes=0 selected_grids={}
fusion_method=early pred_boxes=13 gt_boxes=41
pred_scores_shape=(13,)
frame=5/5 receiver_sample=9/20 scenario=2026_07_29_02_32_08 timestamp=000068 cavs=[9]
sgcp_constrained receiver=9 policy=all-cavs sources=[9] clusters=20 ra=potential_game comm_bytes=0 selected_grids={}
fusion_method=early pred_boxes=12 gt_boxes=35
pred_scores_shape=(12,)
frame=5/5 receiver_sample=10/20 scenario=2026_07_29_02_32_08 timestamp=000068 cavs=[10]
sgcp_constrained receiver=10 policy=all-cavs sources=[10] clusters=20 ra=potential_game comm_bytes=0 selected_grids={}
fusion_method=early pred_boxes=20 gt_boxes=40
pred_scores_shape=(20,)
frame=5/5 receiver_sample=11/20 scenario=2026_07_29_02_32_08 timestamp=000068 cavs=[11]
sgcp_constrained receiver=11 policy=all-cavs sources=[11] clusters=20 ra=potential_game comm_bytes=0 selected_grids={}
fusion_method=early pred_boxes=12 gt_boxes=44
pred_scores_shape=(12,)
frame=5/5 receiver_sample=12/20 scenario=2026_07_29_02_32_08 timestamp=000068 cavs=[12]
sgcp_constrained receiver=12 policy=all-cavs sources=[12] clusters=20 ra=potential_game comm_bytes=0 selected_grids={}
fusion_method=early pred_boxes=12 gt_boxes=34
pred_scores_shape=(12,)
frame=5/5 receiver_sample=13/20 scenario=2026_07_29_02_32_08 timestamp=000068 cavs=[13]
sgcp_constrained receiver=13 policy=all-cavs sources=[13] clusters=20 ra=potential_game comm_bytes=0 selected_grids={}
fusion_method=early pred_boxes=9 gt_boxes=26
pred_scores_shape=(9,)
frame=5/5 receiver_sample=14/20 scenario=2026_07_29_02_32_08 timestamp=000068 cavs=[14]
sgcp_constrained receiver=14 policy=all-cavs sources=[14] clusters=20 ra=potential_game comm_bytes=0 selected_grids={}
fusion_method=early pred_boxes=3 gt_boxes=6
pred_scores_shape=(3,)
frame=5/5 receiver_sample=15/20 scenario=2026_07_29_02_32_08 timestamp=000068 cavs=[15]
sgcp_constrained receiver=15 policy=all-cavs sources=[15] clusters=20 ra=potential_game comm_bytes=0 selected_grids={}
fusion_method=early pred_boxes=14 gt_boxes=20
pred_scores_shape=(14,)
frame=5/5 receiver_sample=16/20 scenario=2026_07_29_02_32_08 timestamp=000068 cavs=[16]
sgcp_constrained receiver=16 policy=all-cavs sources=[16] clusters=20 ra=potential_game comm_bytes=0 selected_grids={}
fusion_method=early pred_boxes=14 gt_boxes=38
pred_scores_shape=(14,)
frame=5/5 receiver_sample=17/20 scenario=2026_07_29_02_32_08 timestamp=000068 cavs=[17]
sgcp_constrained receiver=17 policy=all-cavs sources=[17] clusters=20 ra=potential_game comm_bytes=0 selected_grids={}
fusion_method=early pred_boxes=16 gt_boxes=27
pred_scores_shape=(16,)
frame=5/5 receiver_sample=18/20 scenario=2026_07_29_02_32_08 timestamp=000068 cavs=[18]
sgcp_constrained receiver=18 policy=all-cavs sources=[18] clusters=20 ra=potential_game comm_bytes=0 selected_grids={}
fusion_method=early pred_boxes=8 gt_boxes=17
pred_scores_shape=(8,)
frame=5/5 receiver_sample=19/20 scenario=2026_07_29_02_32_08 timestamp=000068 cavs=[19]
sgcp_constrained receiver=19 policy=all-cavs sources=[19] clusters=20 ra=potential_game comm_bytes=0 selected_grids={}
fusion_method=early pred_boxes=7 gt_boxes=26
pred_scores_shape=(7,)
frame=5/5 receiver_sample=20/20 scenario=2026_07_29_02_32_08 timestamp=000068 cavs=[20]
sgcp_constrained receiver=20 policy=all-cavs sources=[20] clusters=20 ra=potential_game comm_bytes=0 selected_grids={}
fusion_method=early pred_boxes=18 gt_boxes=35
pred_scores_shape=(18,)
cp counter: 100
Evaluate final average precision results:
  - Fusion method: early
  - The Average Precision at IOU 0.3 is 0.42, The Average Precision at IOU 0.5 is 0.41, The Average Precision at IOU 0.7 is 0.29
sgcp_summary frames=100 avg_comm_bytes=0.00 total_comm_bytes=0 avg_source_cavs=1.00 avg_selected_grids=0.00
