Format = auto
Extension = pcd
Format = auto
Extension = pcd
Format = auto
Extension = pcd
Format = auto
Extension = pcd
Format = auto
Extension = pcd
Format = auto
Extension = pcd
Format = auto
Extension = pcd
Format = auto
Extension = pcd
Format = auto
Extension = pcd
Format = auto
Extension = pcd
Format = auto
Extension = pcd
Format = auto
Extension = pcd
Format = auto
Extension = pcd
Format = auto
Extension = pcd
Format = auto
Extension = pcd
Format = auto
Extension = pcd
Format = auto
Extension = pcd
Format = auto
Extension = pcd
Format = auto
Extension = pcd
Format = auto
Extension = pcd
Format = auto
Extension = pcd
Format = auto
Extension = pcd
Format = auto
Extension = pcd
Format = auto
Extension = pcd
Format = auto
Extension = pcd
Format = auto
Extension = pcd
Format = auto
Extension = pcd
Format = auto
Extension = pcd
Format = auto
Extension = pcd
Format = auto
Extension = pcd
Format = auto
Extension = pcd
Format = auto
Extension = pcd
Format = auto
Extension = pcd
Format = auto
Extension = pcd
Format = auto
Extension = pcd
Format = auto
Extension = pcd
Format = auto
Extension = pcd
Format = auto
Extension = pcd
Format = auto
Extension = pcd
Format = auto
Extension = pcd
Format = auto
Extension = pcd
Format = auto
Extension = pcd
Format = auto
Extension = pcd
Format = auto
Extension = pcd
Format = auto
Extension = pcd
Format = auto
Extension = pcd
Format = auto
Extension = pcd
Format = auto
Extension = pcd
Format = auto
Extension = pcd
Format = auto
Extension = pcd
Format = auto
Extension = pcd
Format = auto
Extension = pcd
Format = auto
Extension = pcd
Format = auto
Extension = pcd
Format = auto
Extension = pcd
resuming by loading epoch 10000
frame=1/41 late_source=1/5 scenario=2026_07_29_02_32_08 timestamp=000060 receiver=1 cavs=[1] pred_boxes=21 gt_boxes=65 comm_bytes=0
frame=1/41 late_source=2/5 scenario=2026_07_29_02_32_08 timestamp=000060 receiver=2 cavs=[2] pred_boxes=22 gt_boxes=65 comm_bytes=0
frame=1/41 late_source=3/5 scenario=2026_07_29_02_32_08 timestamp=000060 receiver=3 cavs=[3] pred_boxes=7 gt_boxes=65 comm_bytes=0
frame=1/41 late_source=4/5 scenario=2026_07_29_02_32_08 timestamp=000060 receiver=4 cavs=[4] pred_boxes=20 gt_boxes=65 comm_bytes=0
frame=1/41 late_source=5/5 scenario=2026_07_29_02_32_08 timestamp=000060 receiver=5 cavs=[5] pred_boxes=16 gt_boxes=65 comm_bytes=0
sgcp_late_fusion frame=1/41 scenario=2026_07_29_02_32_08 timestamp=000060 sources=5 fused_pred_boxes=55 fused_gt_boxes=65
frame=2/41 late_source=1/5 scenario=2026_07_29_02_32_08 timestamp=000062 receiver=1 cavs=[1] pred_boxes=21 gt_boxes=66 comm_bytes=0
frame=2/41 late_source=2/5 scenario=2026_07_29_02_32_08 timestamp=000062 receiver=2 cavs=[2] pred_boxes=22 gt_boxes=66 comm_bytes=0
frame=2/41 late_source=3/5 scenario=2026_07_29_02_32_08 timestamp=000062 receiver=3 cavs=[3] pred_boxes=10 gt_boxes=66 comm_bytes=0
frame=2/41 late_source=4/5 scenario=2026_07_29_02_32_08 timestamp=000062 receiver=4 cavs=[4] pred_boxes=20 gt_boxes=66 comm_bytes=0
frame=2/41 late_source=5/5 scenario=2026_07_29_02_32_08 timestamp=000062 receiver=5 cavs=[5] pred_boxes=14 gt_boxes=66 comm_bytes=0
sgcp_late_fusion frame=2/41 scenario=2026_07_29_02_32_08 timestamp=000062 sources=5 fused_pred_boxes=57 fused_gt_boxes=66
frame=3/41 late_source=1/5 scenario=2026_07_29_02_32_08 timestamp=000064 receiver=1 cavs=[1] pred_boxes=22 gt_boxes=66 comm_bytes=0
frame=3/41 late_source=2/5 scenario=2026_07_29_02_32_08 timestamp=000064 receiver=2 cavs=[2] pred_boxes=20 gt_boxes=66 comm_bytes=0
frame=3/41 late_source=3/5 scenario=2026_07_29_02_32_08 timestamp=000064 receiver=3 cavs=[3] pred_boxes=7 gt_boxes=66 comm_bytes=0
frame=3/41 late_source=4/5 scenario=2026_07_29_02_32_08 timestamp=000064 receiver=4 cavs=[4] pred_boxes=22 gt_boxes=66 comm_bytes=0
frame=3/41 late_source=5/5 scenario=2026_07_29_02_32_08 timestamp=000064 receiver=5 cavs=[5] pred_boxes=14 gt_boxes=66 comm_bytes=0
sgcp_late_fusion frame=3/41 scenario=2026_07_29_02_32_08 timestamp=000064 sources=5 fused_pred_boxes=55 fused_gt_boxes=66
frame=4/41 late_source=1/5 scenario=2026_07_29_02_32_08 timestamp=000066 receiver=1 cavs=[1] pred_boxes=21 gt_boxes=66 comm_bytes=0
frame=4/41 late_source=2/5 scenario=2026_07_29_02_32_08 timestamp=000066 receiver=2 cavs=[2] pred_boxes=19 gt_boxes=66 comm_bytes=0
frame=4/41 late_source=3/5 scenario=2026_07_29_02_32_08 timestamp=000066 receiver=3 cavs=[3] pred_boxes=9 gt_boxes=66 comm_bytes=0
frame=4/41 late_source=4/5 scenario=2026_07_29_02_32_08 timestamp=000066 receiver=4 cavs=[4] pred_boxes=19 gt_boxes=66 comm_bytes=0
frame=4/41 late_source=5/5 scenario=2026_07_29_02_32_08 timestamp=000066 receiver=5 cavs=[5] pred_boxes=14 gt_boxes=66 comm_bytes=0
sgcp_late_fusion frame=4/41 scenario=2026_07_29_02_32_08 timestamp=000066 sources=5 fused_pred_boxes=53 fused_gt_boxes=66
frame=5/41 late_source=1/5 scenario=2026_07_29_02_32_08 timestamp=000068 receiver=1 cavs=[1] pred_boxes=20 gt_boxes=66 comm_bytes=0
frame=5/41 late_source=2/5 scenario=2026_07_29_02_32_08 timestamp=000068 receiver=2 cavs=[2] pred_boxes=19 gt_boxes=66 comm_bytes=0
frame=5/41 late_source=3/5 scenario=2026_07_29_02_32_08 timestamp=000068 receiver=3 cavs=[3] pred_boxes=8 gt_boxes=66 comm_bytes=0
frame=5/41 late_source=4/5 scenario=2026_07_29_02_32_08 timestamp=000068 receiver=4 cavs=[4] pred_boxes=19 gt_boxes=66 comm_bytes=0
frame=5/41 late_source=5/5 scenario=2026_07_29_02_32_08 timestamp=000068 receiver=5 cavs=[5] pred_boxes=14 gt_boxes=66 comm_bytes=0
sgcp_late_fusion frame=5/41 scenario=2026_07_29_02_32_08 timestamp=000068 sources=5 fused_pred_boxes=51 fused_gt_boxes=66
frame=6/41 late_source=1/5 scenario=2026_07_29_02_32_08 timestamp=000070 receiver=1 cavs=[1] pred_boxes=21 gt_boxes=66 comm_bytes=0
frame=6/41 late_source=2/5 scenario=2026_07_29_02_32_08 timestamp=000070 receiver=2 cavs=[2] pred_boxes=18 gt_boxes=66 comm_bytes=0
frame=6/41 late_source=3/5 scenario=2026_07_29_02_32_08 timestamp=000070 receiver=3 cavs=[3] pred_boxes=10 gt_boxes=66 comm_bytes=0
frame=6/41 late_source=4/5 scenario=2026_07_29_02_32_08 timestamp=000070 receiver=4 cavs=[4] pred_boxes=21 gt_boxes=66 comm_bytes=0
frame=6/41 late_source=5/5 scenario=2026_07_29_02_32_08 timestamp=000070 receiver=5 cavs=[5] pred_boxes=15 gt_boxes=66 comm_bytes=0
sgcp_late_fusion frame=6/41 scenario=2026_07_29_02_32_08 timestamp=000070 sources=5 fused_pred_boxes=53 fused_gt_boxes=66
frame=7/41 late_source=1/5 scenario=2026_07_29_02_32_08 timestamp=000072 receiver=1 cavs=[1] pred_boxes=23 gt_boxes=65 comm_bytes=0
frame=7/41 late_source=2/5 scenario=2026_07_29_02_32_08 timestamp=000072 receiver=2 cavs=[2] pred_boxes=23 gt_boxes=65 comm_bytes=0
frame=7/41 late_source=3/5 scenario=2026_07_29_02_32_08 timestamp=000072 receiver=3 cavs=[3] pred_boxes=10 gt_boxes=65 comm_bytes=0
frame=7/41 late_source=4/5 scenario=2026_07_29_02_32_08 timestamp=000072 receiver=4 cavs=[4] pred_boxes=16 gt_boxes=65 comm_bytes=0
frame=7/41 late_source=5/5 scenario=2026_07_29_02_32_08 timestamp=000072 receiver=5 cavs=[5] pred_boxes=13 gt_boxes=65 comm_bytes=0
sgcp_late_fusion frame=7/41 scenario=2026_07_29_02_32_08 timestamp=000072 sources=5 fused_pred_boxes=53 fused_gt_boxes=65
frame=8/41 late_source=1/5 scenario=2026_07_29_02_32_08 timestamp=000074 receiver=1 cavs=[1] pred_boxes=25 gt_boxes=64 comm_bytes=0
frame=8/41 late_source=2/5 scenario=2026_07_29_02_32_08 timestamp=000074 receiver=2 cavs=[2] pred_boxes=22 gt_boxes=64 comm_bytes=0
frame=8/41 late_source=3/5 scenario=2026_07_29_02_32_08 timestamp=000074 receiver=3 cavs=[3] pred_boxes=8 gt_boxes=64 comm_bytes=0
frame=8/41 late_source=4/5 scenario=2026_07_29_02_32_08 timestamp=000074 receiver=4 cavs=[4] pred_boxes=17 gt_boxes=64 comm_bytes=0
frame=8/41 late_source=5/5 scenario=2026_07_29_02_32_08 timestamp=000074 receiver=5 cavs=[5] pred_boxes=15 gt_boxes=64 comm_bytes=0
sgcp_late_fusion frame=8/41 scenario=2026_07_29_02_32_08 timestamp=000074 sources=5 fused_pred_boxes=54 fused_gt_boxes=64
frame=9/41 late_source=1/5 scenario=2026_07_29_02_32_08 timestamp=000076 receiver=1 cavs=[1] pred_boxes=24 gt_boxes=64 comm_bytes=0
frame=9/41 late_source=2/5 scenario=2026_07_29_02_32_08 timestamp=000076 receiver=2 cavs=[2] pred_boxes=19 gt_boxes=64 comm_bytes=0
frame=9/41 late_source=3/5 scenario=2026_07_29_02_32_08 timestamp=000076 receiver=3 cavs=[3] pred_boxes=7 gt_boxes=64 comm_bytes=0
frame=9/41 late_source=4/5 scenario=2026_07_29_02_32_08 timestamp=000076 receiver=4 cavs=[4] pred_boxes=17 gt_boxes=64 comm_bytes=0
frame=9/41 late_source=5/5 scenario=2026_07_29_02_32_08 timestamp=000076 receiver=5 cavs=[5] pred_boxes=17 gt_boxes=64 comm_bytes=0
sgcp_late_fusion frame=9/41 scenario=2026_07_29_02_32_08 timestamp=000076 sources=5 fused_pred_boxes=54 fused_gt_boxes=64
frame=10/41 late_source=1/5 scenario=2026_07_29_02_32_08 timestamp=000078 receiver=1 cavs=[1] pred_boxes=23 gt_boxes=64 comm_bytes=0
frame=10/41 late_source=2/5 scenario=2026_07_29_02_32_08 timestamp=000078 receiver=2 cavs=[2] pred_boxes=20 gt_boxes=64 comm_bytes=0
frame=10/41 late_source=3/5 scenario=2026_07_29_02_32_08 timestamp=000078 receiver=3 cavs=[3] pred_boxes=8 gt_boxes=64 comm_bytes=0
frame=10/41 late_source=4/5 scenario=2026_07_29_02_32_08 timestamp=000078 receiver=4 cavs=[4] pred_boxes=18 gt_boxes=64 comm_bytes=0
frame=10/41 late_source=5/5 scenario=2026_07_29_02_32_08 timestamp=000078 receiver=5 cavs=[5] pred_boxes=15 gt_boxes=64 comm_bytes=0
sgcp_late_fusion frame=10/41 scenario=2026_07_29_02_32_08 timestamp=000078 sources=5 fused_pred_boxes=52 fused_gt_boxes=64
frame=11/41 late_source=1/5 scenario=2026_07_29_02_32_08 timestamp=000080 receiver=1 cavs=[1] pred_boxes=23 gt_boxes=65 comm_bytes=0
frame=11/41 late_source=2/5 scenario=2026_07_29_02_32_08 timestamp=000080 receiver=2 cavs=[2] pred_boxes=22 gt_boxes=65 comm_bytes=0
frame=11/41 late_source=3/5 scenario=2026_07_29_02_32_08 timestamp=000080 receiver=3 cavs=[3] pred_boxes=8 gt_boxes=65 comm_bytes=0Format = auto
Extension = pcd
Format = auto
Extension = pcd
Format = auto
Extension = pcd
Format = auto
Extension = pcd
Format = auto
Extension = pcd
Format = auto
Extension = pcd
Format = auto
Extension = pcd
Format = auto
Extension = pcd
Format = auto
Extension = pcd
Format = auto
Extension = pcd
Format = auto
Extension = pcd
Format = auto
Extension = pcd
Format = auto
Extension = pcd
Format = auto
Extension = pcd
Format = auto
Extension = pcd
Format = auto
Extension = pcd
Format = auto
Extension = pcd
Format = auto
Extension = pcd
Format = auto
Extension = pcd
Format = auto
Extension = pcd
Format = auto
Extension = pcd
Format = auto
Extension = pcd
Format = auto
Extension = pcd
Format = auto
Extension = pcd
Format = auto
Extension = pcd
Format = auto
Extension = pcd
Format = auto
Extension = pcd
Format = auto
Extension = pcd
Format = auto
Extension = pcd
Format = auto
Extension = pcd
Format = auto
Extension = pcd
Format = auto
Extension = pcd
Format = auto
Extension = pcd
Format = auto
Extension = pcd
Format = auto
Extension = pcd
Format = auto
Extension = pcd
Format = auto
Extension = pcd
Format = auto
Extension = pcd
Format = auto
Extension = pcd
Format = auto
Extension = pcd
Format = auto
Extension = pcd
Format = auto
Extension = pcd
Format = auto
Extension = pcd
Format = auto
Extension = pcd
Format = auto
Extension = pcd
Format = auto
Extension = pcd
Format = auto
Extension = pcd
Format = auto
Extension = pcd
Format = auto
Extension = pcd
Format = auto
Extension = pcd

frame=11/41 late_source=4/5 scenario=2026_07_29_02_32_08 timestamp=000080 receiver=4 cavs=[4] pred_boxes=17 gt_boxes=65 comm_bytes=0
frame=11/41 late_source=5/5 scenario=2026_07_29_02_32_08 timestamp=000080 receiver=5 cavs=[5] pred_boxes=16 gt_boxes=65 comm_bytes=0
sgcp_late_fusion frame=11/41 scenario=2026_07_29_02_32_08 timestamp=000080 sources=5 fused_pred_boxes=56 fused_gt_boxes=65
frame=12/41 late_source=1/5 scenario=2026_07_29_02_32_08 timestamp=000082 receiver=1 cavs=[1] pred_boxes=24 gt_boxes=65 comm_bytes=0
frame=12/41 late_source=2/5 scenario=2026_07_29_02_32_08 timestamp=000082 receiver=2 cavs=[2] pred_boxes=20 gt_boxes=65 comm_bytes=0
frame=12/41 late_source=3/5 scenario=2026_07_29_02_32_08 timestamp=000082 receiver=3 cavs=[3] pred_boxes=9 gt_boxes=65 comm_bytes=0
frame=12/41 late_source=4/5 scenario=2026_07_29_02_32_08 timestamp=000082 receiver=4 cavs=[4] pred_boxes=17 gt_boxes=65 comm_bytes=0
frame=12/41 late_source=5/5 scenario=2026_07_29_02_32_08 timestamp=000082 receiver=5 cavs=[5] pred_boxes=14 gt_boxes=65 comm_bytes=0
sgcp_late_fusion frame=12/41 scenario=2026_07_29_02_32_08 timestamp=000082 sources=5 fused_pred_boxes=55 fused_gt_boxes=65
frame=13/41 late_source=1/5 scenario=2026_07_29_02_32_08 timestamp=000084 receiver=1 cavs=[1] pred_boxes=27 gt_boxes=64 comm_bytes=0
frame=13/41 late_source=2/5 scenario=2026_07_29_02_32_08 timestamp=000084 receiver=2 cavs=[2] pred_boxes=18 gt_boxes=64 comm_bytes=0
frame=13/41 late_source=3/5 scenario=2026_07_29_02_32_08 timestamp=000084 receiver=3 cavs=[3] pred_boxes=10 gt_boxes=64 comm_bytes=0
frame=13/41 late_source=4/5 scenario=2026_07_29_02_32_08 timestamp=000084 receiver=4 cavs=[4] pred_boxes=19 gt_boxes=64 comm_bytes=0
frame=13/41 late_source=5/5 scenario=2026_07_29_02_32_08 timestamp=000084 receiver=5 cavs=[5] pred_boxes=16 gt_boxes=64 comm_bytes=0
sgcp_late_fusion frame=13/41 scenario=2026_07_29_02_32_08 timestamp=000084 sources=5 fused_pred_boxes=57 fused_gt_boxes=64
frame=14/41 late_source=1/5 scenario=2026_07_29_02_32_08 timestamp=000086 receiver=1 cavs=[1] pred_boxes=26 gt_boxes=65 comm_bytes=0
frame=14/41 late_source=2/5 scenario=2026_07_29_02_32_08 timestamp=000086 receiver=2 cavs=[2] pred_boxes=21 gt_boxes=65 comm_bytes=0
frame=14/41 late_source=3/5 scenario=2026_07_29_02_32_08 timestamp=000086 receiver=3 cavs=[3] pred_boxes=9 gt_boxes=65 comm_bytes=0
frame=14/41 late_source=4/5 scenario=2026_07_29_02_32_08 timestamp=000086 receiver=4 cavs=[4] pred_boxes=19 gt_boxes=65 comm_bytes=0
frame=14/41 late_source=5/5 scenario=2026_07_29_02_32_08 timestamp=000086 receiver=5 cavs=[5] pred_boxes=15 gt_boxes=65 comm_bytes=0
sgcp_late_fusion frame=14/41 scenario=2026_07_29_02_32_08 timestamp=000086 sources=5 fused_pred_boxes=55 fused_gt_boxes=65
frame=15/41 late_source=1/5 scenario=2026_07_29_02_32_08 timestamp=000088 receiver=1 cavs=[1] pred_boxes=24 gt_boxes=65 comm_bytes=0
frame=15/41 late_source=2/5 scenario=2026_07_29_02_32_08 timestamp=000088 receiver=2 cavs=[2] pred_boxes=19 gt_boxes=65 comm_bytes=0
frame=15/41 late_source=3/5 scenario=2026_07_29_02_32_08 timestamp=000088 receiver=3 cavs=[3] pred_boxes=10 gt_boxes=65 comm_bytes=0
frame=15/41 late_source=4/5 scenario=2026_07_29_02_32_08 timestamp=000088 receiver=4 cavs=[4] pred_boxes=16 gt_boxes=65 comm_bytes=0
frame=15/41 late_source=5/5 scenario=2026_07_29_02_32_08 timestamp=000088 receiver=5 cavs=[5] pred_boxes=13 gt_boxes=65 comm_bytes=0
sgcp_late_fusion frame=15/41 scenario=2026_07_29_02_32_08 timestamp=000088 sources=5 fused_pred_boxes=54 fused_gt_boxes=65
frame=16/41 late_source=1/5 scenario=2026_07_29_02_32_08 timestamp=000090 receiver=1 cavs=[1] pred_boxes=23 gt_boxes=66 comm_bytes=0
frame=16/41 late_source=2/5 scenario=2026_07_29_02_32_08 timestamp=000090 receiver=2 cavs=[2] pred_boxes=19 gt_boxes=66 comm_bytes=0
frame=16/41 late_source=3/5 scenario=2026_07_29_02_32_08 timestamp=000090 receiver=3 cavs=[3] pred_boxes=9 gt_boxes=66 comm_bytes=0
frame=16/41 late_source=4/5 scenario=2026_07_29_02_32_08 timestamp=000090 receiver=4 cavs=[4] pred_boxes=16 gt_boxes=66 comm_bytes=0
frame=16/41 late_source=5/5 scenario=2026_07_29_02_32_08 timestamp=000090 receiver=5 cavs=[5] pred_boxes=13 gt_boxes=66 comm_bytes=0
sgcp_late_fusion frame=16/41 scenario=2026_07_29_02_32_08 timestamp=000090 sources=5 fused_pred_boxes=50 fused_gt_boxes=66
frame=17/41 late_source=1/5 scenario=2026_07_29_02_32_08 timestamp=000092 receiver=1 cavs=[1] pred_boxes=20 gt_boxes=65 comm_bytes=0
frame=17/41 late_source=2/5 scenario=2026_07_29_02_32_08 timestamp=000092 receiver=2 cavs=[2] pred_boxes=21 gt_boxes=65 comm_bytes=0
frame=17/41 late_source=3/5 scenario=2026_07_29_02_32_08 timestamp=000092 receiver=3 cavs=[3] pred_boxes=10 gt_boxes=65 comm_bytes=0
frame=17/41 late_source=4/5 scenario=2026_07_29_02_32_08 timestamp=000092 receiver=4 cavs=[4] pred_boxes=16 gt_boxes=65 comm_bytes=0
frame=17/41 late_source=5/5 scenario=2026_07_29_02_32_08 timestamp=000092 receiver=5 cavs=[5] pred_boxes=16 gt_boxes=65 comm_bytes=0
sgcp_late_fusion frame=17/41 scenario=2026_07_29_02_32_08 timestamp=000092 sources=5 fused_pred_boxes=58 fused_gt_boxes=65
frame=18/41 late_source=1/5 scenario=2026_07_29_02_32_08 timestamp=000094 receiver=1 cavs=[1] pred_boxes=20 gt_boxes=65 comm_bytes=0
frame=18/41 late_source=2/5 scenario=2026_07_29_02_32_08 timestamp=000094 receiver=2 cavs=[2] pred_boxes=20 gt_boxes=65 comm_bytes=0
frame=18/41 late_source=3/5 scenario=2026_07_29_02_32_08 timestamp=000094 receiver=3 cavs=[3] pred_boxes=9 gt_boxes=65 comm_bytes=0
frame=18/41 late_source=4/5 scenario=2026_07_29_02_32_08 timestamp=000094 receiver=4 cavs=[4] pred_boxes=16 gt_boxes=65 comm_bytes=0
frame=18/41 late_source=5/5 scenario=2026_07_29_02_32_08 timestamp=000094 receiver=5 cavs=[5] pred_boxes=18 gt_boxes=65 comm_bytes=0
sgcp_late_fusion frame=18/41 scenario=2026_07_29_02_32_08 timestamp=000094 sources=5 fused_pred_boxes=57 fused_gt_boxes=65
frame=19/41 late_source=1/5 scenario=2026_07_29_02_32_08 timestamp=000096 receiver=1 cavs=[1] pred_boxes=23 gt_boxes=65 comm_bytes=0
frame=19/41 late_source=2/5 scenario=2026_07_29_02_32_08 timestamp=000096 receiver=2 cavs=[2] pred_boxes=20 gt_boxes=65 comm_bytes=0
frame=19/41 late_source=3/5 scenario=2026_07_29_02_32_08 timestamp=000096 receiver=3 cavs=[3] pred_boxes=9 gt_boxes=65 comm_bytes=0
frame=19/41 late_source=4/5 scenario=2026_07_29_02_32_08 timestamp=000096 receiver=4 cavs=[4] pred_boxes=18 gt_boxes=65 comm_bytes=0
frame=19/41 late_source=5/5 scenario=2026_07_29_02_32_08 timestamp=000096 receiver=5 cavs=[5] pred_boxes=18 gt_boxes=65 comm_bytes=0
sgcp_late_fusion frame=19/41 scenario=2026_07_29_02_32_08 timestamp=000096 sources=5 fused_pred_boxes=56 fused_gt_boxes=65
frame=20/41 late_source=1/5 scenario=2026_07_29_02_32_08 timestamp=000098 receiver=1 cavs=[1] pred_boxes=22 gt_boxes=64 comm_bytes=0
frame=20/41 late_source=2/5 scenario=2026_07_29_02_32_08 timestamp=000098 receiver=2 cavs=[2] pred_boxes=21 gt_boxes=64 comm_bytes=0
frame=20/41 late_source=3/5 scenario=2026_07_29_02_32_08 timestamp=000098 receiver=3 cavs=[3] pred_boxes=8 gt_boxes=64 comm_bytes=0
frame=20/41 late_source=4/5 scenario=2026_07_29_02_32_08 timestamp=000098 receiver=4 cavs=[4] pred_boxes=16 gt_boxes=64 comm_bytes=0
frame=20/41 late_source=5/5 scenario=2026_07_29_02_32_08 timestamp=000098 receiver=5 cavs=[5] pred_boxes=17 gt_boxes=64 comm_bytes=0
sgcp_late_fusion frame=20/41 scenario=2026_07_29_02_32_08 timestamp=000098 sources=5 fused_pred_boxes=57 fused_gt_boxes=64
frame=21/41 late_source=1/5 scenario=2026_07_29_02_32_08 timestamp=000100 receiver=1 cavs=[1] pred_boxes=21 gt_boxes=64 comm_bytes=0
frame=21/41 late_source=2/5 scenario=2026_07_29_02_32_08 timestamp=000100 receiver=2 cavs=[2] pred_boxes=21 gt_boxes=64 comm_bytes=0
frame=21/41 late_source=3/5 scenario=2026_07_29_02_32_08 timestamp=000100 receiver=3 cavs=[3] pred_boxes=9 gt_boxes=64 comm_bytes=0
frame=21/41 late_source=4/5 scenario=2026_07_29_02_32_08 timestamp=000100 receiver=4 cavs=[4] pred_boxes=18 gt_boxes=64 comm_bytes=0
frame=21/41 late_source=5/5 scenario=2026_07_29_02_32_08 timestamp=000100 receiver=5 cavs=[5] pred_boxes=16 gt_boxes=64 comm_bytes=0Format = auto
Extension = pcd
Format = auto
Extension = pcd
Format = auto
Extension = pcd
Format = auto
Extension = pcd
Format = auto
Extension = pcd
Format = auto
Extension = pcd
Format = auto
Extension = pcd
Format = auto
Extension = pcd
Format = auto
Extension = pcd
Format = auto
Extension = pcd
Format = auto
Extension = pcd
Format = auto
Extension = pcd
Format = auto
Extension = pcd
Format = auto
Extension = pcd
Format = auto
Extension = pcd
Format = auto
Extension = pcd
Format = auto
Extension = pcd
Format = auto
Extension = pcd
Format = auto
Extension = pcd
Format = auto
Extension = pcd
Format = auto
Extension = pcd
Format = auto
Extension = pcd
Format = auto
Extension = pcd
Format = auto
Extension = pcd
Format = auto
Extension = pcd
Format = auto
Extension = pcd
Format = auto
Extension = pcd
Format = auto
Extension = pcd
Format = auto
Extension = pcd
Format = auto
Extension = pcd
Format = auto
Extension = pcd
Format = auto
Extension = pcd
Format = auto
Extension = pcd
Format = auto
Extension = pcd
Format = auto
Extension = pcd
Format = auto
Extension = pcd
Format = auto
Extension = pcd
Format = auto
Extension = pcd
Format = auto
Extension = pcd
Format = auto
Extension = pcd
Format = auto
Extension = pcd
Format = auto
Extension = pcd
Format = auto
Extension = pcd
Format = auto
Extension = pcd
Format = auto
Extension = pcd
Format = auto
Extension = pcd
Format = auto
Extension = pcd
Format = auto
Extension = pcd
Format = auto
Extension = pcd
Format = auto
Extension = pcd
Format = auto
Extension = pcd
Format = auto
Extension = pcd
Format = auto
Extension = pcd
Format = auto
Extension = pcd
Format = auto
Extension = pcd

sgcp_late_fusion frame=21/41 scenario=2026_07_29_02_32_08 timestamp=000100 sources=5 fused_pred_boxes=57 fused_gt_boxes=64
frame=22/41 late_source=1/5 scenario=2026_07_29_02_32_08 timestamp=000102 receiver=1 cavs=[1] pred_boxes=23 gt_boxes=64 comm_bytes=0
frame=22/41 late_source=2/5 scenario=2026_07_29_02_32_08 timestamp=000102 receiver=2 cavs=[2] pred_boxes=20 gt_boxes=64 comm_bytes=0
frame=22/41 late_source=3/5 scenario=2026_07_29_02_32_08 timestamp=000102 receiver=3 cavs=[3] pred_boxes=11 gt_boxes=64 comm_bytes=0
frame=22/41 late_source=4/5 scenario=2026_07_29_02_32_08 timestamp=000102 receiver=4 cavs=[4] pred_boxes=17 gt_boxes=64 comm_bytes=0
frame=22/41 late_source=5/5 scenario=2026_07_29_02_32_08 timestamp=000102 receiver=5 cavs=[5] pred_boxes=20 gt_boxes=64 comm_bytes=0
sgcp_late_fusion frame=22/41 scenario=2026_07_29_02_32_08 timestamp=000102 sources=5 fused_pred_boxes=60 fused_gt_boxes=64
frame=23/41 late_source=1/5 scenario=2026_07_29_02_32_08 timestamp=000104 receiver=1 cavs=[1] pred_boxes=22 gt_boxes=64 comm_bytes=0
frame=23/41 late_source=2/5 scenario=2026_07_29_02_32_08 timestamp=000104 receiver=2 cavs=[2] pred_boxes=18 gt_boxes=64 comm_bytes=0
frame=23/41 late_source=3/5 scenario=2026_07_29_02_32_08 timestamp=000104 receiver=3 cavs=[3] pred_boxes=10 gt_boxes=64 comm_bytes=0
frame=23/41 late_source=4/5 scenario=2026_07_29_02_32_08 timestamp=000104 receiver=4 cavs=[4] pred_boxes=19 gt_boxes=64 comm_bytes=0
frame=23/41 late_source=5/5 scenario=2026_07_29_02_32_08 timestamp=000104 receiver=5 cavs=[5] pred_boxes=19 gt_boxes=64 comm_bytes=0
sgcp_late_fusion frame=23/41 scenario=2026_07_29_02_32_08 timestamp=000104 sources=5 fused_pred_boxes=57 fused_gt_boxes=64
frame=24/41 late_source=1/5 scenario=2026_07_29_02_32_08 timestamp=000106 receiver=1 cavs=[1] pred_boxes=22 gt_boxes=63 comm_bytes=0
frame=24/41 late_source=2/5 scenario=2026_07_29_02_32_08 timestamp=000106 receiver=2 cavs=[2] pred_boxes=19 gt_boxes=63 comm_bytes=0
frame=24/41 late_source=3/5 scenario=2026_07_29_02_32_08 timestamp=000106 receiver=3 cavs=[3] pred_boxes=10 gt_boxes=63 comm_bytes=0
frame=24/41 late_source=4/5 scenario=2026_07_29_02_32_08 timestamp=000106 receiver=4 cavs=[4] pred_boxes=16 gt_boxes=63 comm_bytes=0
frame=24/41 late_source=5/5 scenario=2026_07_29_02_32_08 timestamp=000106 receiver=5 cavs=[5] pred_boxes=18 gt_boxes=63 comm_bytes=0
sgcp_late_fusion frame=24/41 scenario=2026_07_29_02_32_08 timestamp=000106 sources=5 fused_pred_boxes=56 fused_gt_boxes=63
frame=25/41 late_source=1/5 scenario=2026_07_29_02_32_08 timestamp=000108 receiver=1 cavs=[1] pred_boxes=21 gt_boxes=64 comm_bytes=0
frame=25/41 late_source=2/5 scenario=2026_07_29_02_32_08 timestamp=000108 receiver=2 cavs=[2] pred_boxes=20 gt_boxes=64 comm_bytes=0
frame=25/41 late_source=3/5 scenario=2026_07_29_02_32_08 timestamp=000108 receiver=3 cavs=[3] pred_boxes=9 gt_boxes=64 comm_bytes=0
frame=25/41 late_source=4/5 scenario=2026_07_29_02_32_08 timestamp=000108 receiver=4 cavs=[4] pred_boxes=17 gt_boxes=64 comm_bytes=0
frame=25/41 late_source=5/5 scenario=2026_07_29_02_32_08 timestamp=000108 receiver=5 cavs=[5] pred_boxes=19 gt_boxes=64 comm_bytes=0
sgcp_late_fusion frame=25/41 scenario=2026_07_29_02_32_08 timestamp=000108 sources=5 fused_pred_boxes=56 fused_gt_boxes=64
frame=26/41 late_source=1/5 scenario=2026_07_29_02_32_08 timestamp=000110 receiver=1 cavs=[1] pred_boxes=20 gt_boxes=63 comm_bytes=0
frame=26/41 late_source=2/5 scenario=2026_07_29_02_32_08 timestamp=000110 receiver=2 cavs=[2] pred_boxes=19 gt_boxes=63 comm_bytes=0
frame=26/41 late_source=3/5 scenario=2026_07_29_02_32_08 timestamp=000110 receiver=3 cavs=[3] pred_boxes=7 gt_boxes=63 comm_bytes=0
frame=26/41 late_source=4/5 scenario=2026_07_29_02_32_08 timestamp=000110 receiver=4 cavs=[4] pred_boxes=15 gt_boxes=63 comm_bytes=0
frame=26/41 late_source=5/5 scenario=2026_07_29_02_32_08 timestamp=000110 receiver=5 cavs=[5] pred_boxes=19 gt_boxes=63 comm_bytes=0
sgcp_late_fusion frame=26/41 scenario=2026_07_29_02_32_08 timestamp=000110 sources=5 fused_pred_boxes=51 fused_gt_boxes=63
frame=27/41 late_source=1/5 scenario=2026_07_29_02_32_08 timestamp=000112 receiver=1 cavs=[1] pred_boxes=21 gt_boxes=63 comm_bytes=0
frame=27/41 late_source=2/5 scenario=2026_07_29_02_32_08 timestamp=000112 receiver=2 cavs=[2] pred_boxes=20 gt_boxes=63 comm_bytes=0
frame=27/41 late_source=3/5 scenario=2026_07_29_02_32_08 timestamp=000112 receiver=3 cavs=[3] pred_boxes=10 gt_boxes=63 comm_bytes=0
frame=27/41 late_source=4/5 scenario=2026_07_29_02_32_08 timestamp=000112 receiver=4 cavs=[4] pred_boxes=16 gt_boxes=63 comm_bytes=0
frame=27/41 late_source=5/5 scenario=2026_07_29_02_32_08 timestamp=000112 receiver=5 cavs=[5] pred_boxes=24 gt_boxes=63 comm_bytes=0
sgcp_late_fusion frame=27/41 scenario=2026_07_29_02_32_08 timestamp=000112 sources=5 fused_pred_boxes=60 fused_gt_boxes=63
frame=28/41 late_source=1/5 scenario=2026_07_29_02_32_08 timestamp=000114 receiver=1 cavs=[1] pred_boxes=24 gt_boxes=63 comm_bytes=0
frame=28/41 late_source=2/5 scenario=2026_07_29_02_32_08 timestamp=000114 receiver=2 cavs=[2] pred_boxes=20 gt_boxes=63 comm_bytes=0
frame=28/41 late_source=3/5 scenario=2026_07_29_02_32_08 timestamp=000114 receiver=3 cavs=[3] pred_boxes=8 gt_boxes=63 comm_bytes=0
frame=28/41 late_source=4/5 scenario=2026_07_29_02_32_08 timestamp=000114 receiver=4 cavs=[4] pred_boxes=17 gt_boxes=63 comm_bytes=0
frame=28/41 late_source=5/5 scenario=2026_07_29_02_32_08 timestamp=000114 receiver=5 cavs=[5] pred_boxes=19 gt_boxes=63 comm_bytes=0
sgcp_late_fusion frame=28/41 scenario=2026_07_29_02_32_08 timestamp=000114 sources=5 fused_pred_boxes=52 fused_gt_boxes=63
frame=29/41 late_source=1/5 scenario=2026_07_29_02_32_08 timestamp=000116 receiver=1 cavs=[1] pred_boxes=23 gt_boxes=62 comm_bytes=0
frame=29/41 late_source=2/5 scenario=2026_07_29_02_32_08 timestamp=000116 receiver=2 cavs=[2] pred_boxes=20 gt_boxes=62 comm_bytes=0
frame=29/41 late_source=3/5 scenario=2026_07_29_02_32_08 timestamp=000116 receiver=3 cavs=[3] pred_boxes=9 gt_boxes=62 comm_bytes=0
frame=29/41 late_source=4/5 scenario=2026_07_29_02_32_08 timestamp=000116 receiver=4 cavs=[4] pred_boxes=17 gt_boxes=62 comm_bytes=0
frame=29/41 late_source=5/5 scenario=2026_07_29_02_32_08 timestamp=000116 receiver=5 cavs=[5] pred_boxes=20 gt_boxes=62 comm_bytes=0
sgcp_late_fusion frame=29/41 scenario=2026_07_29_02_32_08 timestamp=000116 sources=5 fused_pred_boxes=56 fused_gt_boxes=62
frame=30/41 late_source=1/5 scenario=2026_07_29_02_32_08 timestamp=000118 receiver=1 cavs=[1] pred_boxes=24 gt_boxes=62 comm_bytes=0
frame=30/41 late_source=2/5 scenario=2026_07_29_02_32_08 timestamp=000118 receiver=2 cavs=[2] pred_boxes=20 gt_boxes=62 comm_bytes=0
frame=30/41 late_source=3/5 scenario=2026_07_29_02_32_08 timestamp=000118 receiver=3 cavs=[3] pred_boxes=8 gt_boxes=62 comm_bytes=0
frame=30/41 late_source=4/5 scenario=2026_07_29_02_32_08 timestamp=000118 receiver=4 cavs=[4] pred_boxes=17 gt_boxes=62 comm_bytes=0
frame=30/41 late_source=5/5 scenario=2026_07_29_02_32_08 timestamp=000118 receiver=5 cavs=[5] pred_boxes=19 gt_boxes=62 comm_bytes=0
sgcp_late_fusion frame=30/41 scenario=2026_07_29_02_32_08 timestamp=000118 sources=5 fused_pred_boxes=55 fused_gt_boxes=62
frame=31/41 late_source=1/5 scenario=2026_07_29_02_32_08 timestamp=000120 receiver=1 cavs=[1] pred_boxes=22 gt_boxes=62 comm_bytes=0
frame=31/41 late_source=2/5 scenario=2026_07_29_02_32_08 timestamp=000120 receiver=2 cavs=[2] pred_boxes=19 gt_boxes=62 comm_bytes=0
frame=31/41 late_source=3/5 scenario=2026_07_29_02_32_08 timestamp=000120 receiver=3 cavs=[3] pred_boxes=7 gt_boxes=62 comm_bytes=0
frame=31/41 late_source=4/5 scenario=2026_07_29_02_32_08 timestamp=000120 receiver=4 cavs=[4] pred_boxes=18 gt_boxes=62 comm_bytes=0
frame=31/41 late_source=5/5 scenario=2026_07_29_02_32_08 timestamp=000120 receiver=5 cavs=[5] pred_boxes=17 gt_boxes=62 comm_bytes=0
sgcp_late_fusion frame=31/41 scenario=2026_07_29_02_32_08 timestamp=000120 sources=5 fused_pred_boxes=54 fused_gt_boxes=62
frame=32/41 late_source=1/5 scenario=2026_07_29_02_32_08 timestamp=000122 receiver=1 cavs=[1] pred_boxes=22 gt_boxes=62 comm_bytes=0
Format = auto
Extension = pcd
Format = auto
Extension = pcd
Format = auto
Extension = pcd
Format = auto
Extension = pcd
Format = auto
Extension = pcd
Format = auto
Extension = pcd
Format = auto
Extension = pcd
Format = auto
Extension = pcd
Format = auto
Extension = pcd
Format = auto
Extension = pcd
Format = auto
Extension = pcd
Format = auto
Extension = pcd
Format = auto
Extension = pcd
Format = auto
Extension = pcd
Format = auto
Extension = pcd
Format = auto
Extension = pcd
Format = auto
Extension = pcd
Format = auto
Extension = pcd
Format = auto
Extension = pcd
Format = auto
Extension = pcd
Format = auto
Extension = pcd
Format = auto
Extension = pcd
Format = auto
Extension = pcd
Format = auto
Extension = pcd
Format = auto
Extension = pcd
Format = auto
Extension = pcd
Format = auto
Extension = pcd
Format = auto
Extension = pcd
Format = auto
Extension = pcd
Format = auto
Extension = pcd
Format = auto
Extension = pcd
Format = auto
Extension = pcd
Format = auto
Extension = pcd
Format = auto
Extension = pcd
Format = auto
Extension = pcd
Format = auto
Extension = pcd
Format = auto
Extension = pcd
Format = auto
Extension = pcd
Format = auto
Extension = pcd
Format = auto
Extension = pcd
Format = auto
Extension = pcd
Format = auto
Extension = pcd
Format = auto
Extension = pcd
Format = auto
Extension = pcd
Format = auto
Extension = pcd
C:\Users\sakakibara\miniconda3\envs\opencda\lib\site-packages\torch\nn\functional.py:1806: UserWarning: nn.functional.sigmoid is deprecated. Use torch.sigmoid instead.
  warnings.warn("nn.functional.sigmoid is deprecated. Use torch.sigmoid instead.")
frame=32/41 late_source=2/5 scenario=2026_07_29_02_32_08 timestamp=000122 receiver=2 cavs=[2] pred_boxes=21 gt_boxes=62 comm_bytes=0
frame=32/41 late_source=3/5 scenario=2026_07_29_02_32_08 timestamp=000122 receiver=3 cavs=[3] pred_boxes=8 gt_boxes=62 comm_bytes=0
frame=32/41 late_source=4/5 scenario=2026_07_29_02_32_08 timestamp=000122 receiver=4 cavs=[4] pred_boxes=17 gt_boxes=62 comm_bytes=0
frame=32/41 late_source=5/5 scenario=2026_07_29_02_32_08 timestamp=000122 receiver=5 cavs=[5] pred_boxes=19 gt_boxes=62 comm_bytes=0
sgcp_late_fusion frame=32/41 scenario=2026_07_29_02_32_08 timestamp=000122 sources=5 fused_pred_boxes=55 fused_gt_boxes=62
frame=33/41 late_source=1/5 scenario=2026_07_29_02_32_08 timestamp=000124 receiver=1 cavs=[1] pred_boxes=21 gt_boxes=62 comm_bytes=0
frame=33/41 late_source=2/5 scenario=2026_07_29_02_32_08 timestamp=000124 receiver=2 cavs=[2] pred_boxes=21 gt_boxes=62 comm_bytes=0
frame=33/41 late_source=3/5 scenario=2026_07_29_02_32_08 timestamp=000124 receiver=3 cavs=[3] pred_boxes=9 gt_boxes=62 comm_bytes=0
frame=33/41 late_source=4/5 scenario=2026_07_29_02_32_08 timestamp=000124 receiver=4 cavs=[4] pred_boxes=16 gt_boxes=62 comm_bytes=0
frame=33/41 late_source=5/5 scenario=2026_07_29_02_32_08 timestamp=000124 receiver=5 cavs=[5] pred_boxes=18 gt_boxes=62 comm_bytes=0
sgcp_late_fusion frame=33/41 scenario=2026_07_29_02_32_08 timestamp=000124 sources=5 fused_pred_boxes=55 fused_gt_boxes=62
frame=34/41 late_source=1/5 scenario=2026_07_29_02_32_08 timestamp=000126 receiver=1 cavs=[1] pred_boxes=21 gt_boxes=62 comm_bytes=0
frame=34/41 late_source=2/5 scenario=2026_07_29_02_32_08 timestamp=000126 receiver=2 cavs=[2] pred_boxes=21 gt_boxes=62 comm_bytes=0
frame=34/41 late_source=3/5 scenario=2026_07_29_02_32_08 timestamp=000126 receiver=3 cavs=[3] pred_boxes=9 gt_boxes=62 comm_bytes=0
frame=34/41 late_source=4/5 scenario=2026_07_29_02_32_08 timestamp=000126 receiver=4 cavs=[4] pred_boxes=18 gt_boxes=62 comm_bytes=0
frame=34/41 late_source=5/5 scenario=2026_07_29_02_32_08 timestamp=000126 receiver=5 cavs=[5] pred_boxes=15 gt_boxes=62 comm_bytes=0
sgcp_late_fusion frame=34/41 scenario=2026_07_29_02_32_08 timestamp=000126 sources=5 fused_pred_boxes=53 fused_gt_boxes=62
frame=35/41 late_source=1/5 scenario=2026_07_29_02_32_08 timestamp=000128 receiver=1 cavs=[1] pred_boxes=21 gt_boxes=62 comm_bytes=0
frame=35/41 late_source=2/5 scenario=2026_07_29_02_32_08 timestamp=000128 receiver=2 cavs=[2] pred_boxes=21 gt_boxes=62 comm_bytes=0
frame=35/41 late_source=3/5 scenario=2026_07_29_02_32_08 timestamp=000128 receiver=3 cavs=[3] pred_boxes=9 gt_boxes=62 comm_bytes=0
frame=35/41 late_source=4/5 scenario=2026_07_29_02_32_08 timestamp=000128 receiver=4 cavs=[4] pred_boxes=15 gt_boxes=62 comm_bytes=0
frame=35/41 late_source=5/5 scenario=2026_07_29_02_32_08 timestamp=000128 receiver=5 cavs=[5] pred_boxes=16 gt_boxes=62 comm_bytes=0
sgcp_late_fusion frame=35/41 scenario=2026_07_29_02_32_08 timestamp=000128 sources=5 fused_pred_boxes=52 fused_gt_boxes=62
frame=36/41 late_source=1/5 scenario=2026_07_29_02_32_08 timestamp=000130 receiver=1 cavs=[1] pred_boxes=22 gt_boxes=61 comm_bytes=0
frame=36/41 late_source=2/5 scenario=2026_07_29_02_32_08 timestamp=000130 receiver=2 cavs=[2] pred_boxes=22 gt_boxes=61 comm_bytes=0
frame=36/41 late_source=3/5 scenario=2026_07_29_02_32_08 timestamp=000130 receiver=3 cavs=[3] pred_boxes=8 gt_boxes=61 comm_bytes=0
frame=36/41 late_source=4/5 scenario=2026_07_29_02_32_08 timestamp=000130 receiver=4 cavs=[4] pred_boxes=16 gt_boxes=61 comm_bytes=0
frame=36/41 late_source=5/5 scenario=2026_07_29_02_32_08 timestamp=000130 receiver=5 cavs=[5] pred_boxes=14 gt_boxes=61 comm_bytes=0
sgcp_late_fusion frame=36/41 scenario=2026_07_29_02_32_08 timestamp=000130 sources=5 fused_pred_boxes=52 fused_gt_boxes=61
frame=37/41 late_source=1/5 scenario=2026_07_29_02_32_08 timestamp=000132 receiver=1 cavs=[1] pred_boxes=22 gt_boxes=60 comm_bytes=0
frame=37/41 late_source=2/5 scenario=2026_07_29_02_32_08 timestamp=000132 receiver=2 cavs=[2] pred_boxes=20 gt_boxes=60 comm_bytes=0
frame=37/41 late_source=3/5 scenario=2026_07_29_02_32_08 timestamp=000132 receiver=3 cavs=[3] pred_boxes=6 gt_boxes=60 comm_bytes=0
frame=37/41 late_source=4/5 scenario=2026_07_29_02_32_08 timestamp=000132 receiver=4 cavs=[4] pred_boxes=17 gt_boxes=60 comm_bytes=0
frame=37/41 late_source=5/5 scenario=2026_07_29_02_32_08 timestamp=000132 receiver=5 cavs=[5] pred_boxes=18 gt_boxes=60 comm_bytes=0
sgcp_late_fusion frame=37/41 scenario=2026_07_29_02_32_08 timestamp=000132 sources=5 fused_pred_boxes=52 fused_gt_boxes=60
frame=38/41 late_source=1/5 scenario=2026_07_29_02_32_08 timestamp=000134 receiver=1 cavs=[1] pred_boxes=22 gt_boxes=60 comm_bytes=0
frame=38/41 late_source=2/5 scenario=2026_07_29_02_32_08 timestamp=000134 receiver=2 cavs=[2] pred_boxes=21 gt_boxes=60 comm_bytes=0
frame=38/41 late_source=3/5 scenario=2026_07_29_02_32_08 timestamp=000134 receiver=3 cavs=[3] pred_boxes=6 gt_boxes=60 comm_bytes=0
frame=38/41 late_source=4/5 scenario=2026_07_29_02_32_08 timestamp=000134 receiver=4 cavs=[4] pred_boxes=17 gt_boxes=60 comm_bytes=0
frame=38/41 late_source=5/5 scenario=2026_07_29_02_32_08 timestamp=000134 receiver=5 cavs=[5] pred_boxes=17 gt_boxes=60 comm_bytes=0
sgcp_late_fusion frame=38/41 scenario=2026_07_29_02_32_08 timestamp=000134 sources=5 fused_pred_boxes=52 fused_gt_boxes=60
frame=39/41 late_source=1/5 scenario=2026_07_29_02_32_08 timestamp=000136 receiver=1 cavs=[1] pred_boxes=23 gt_boxes=61 comm_bytes=0
frame=39/41 late_source=2/5 scenario=2026_07_29_02_32_08 timestamp=000136 receiver=2 cavs=[2] pred_boxes=21 gt_boxes=61 comm_bytes=0
frame=39/41 late_source=3/5 scenario=2026_07_29_02_32_08 timestamp=000136 receiver=3 cavs=[3] pred_boxes=8 gt_boxes=61 comm_bytes=0
frame=39/41 late_source=4/5 scenario=2026_07_29_02_32_08 timestamp=000136 receiver=4 cavs=[4] pred_boxes=18 gt_boxes=61 comm_bytes=0
frame=39/41 late_source=5/5 scenario=2026_07_29_02_32_08 timestamp=000136 receiver=5 cavs=[5] pred_boxes=18 gt_boxes=61 comm_bytes=0
sgcp_late_fusion frame=39/41 scenario=2026_07_29_02_32_08 timestamp=000136 sources=5 fused_pred_boxes=53 fused_gt_boxes=61
frame=40/41 late_source=1/5 scenario=2026_07_29_02_32_08 timestamp=000138 receiver=1 cavs=[1] pred_boxes=22 gt_boxes=63 comm_bytes=0
frame=40/41 late_source=2/5 scenario=2026_07_29_02_32_08 timestamp=000138 receiver=2 cavs=[2] pred_boxes=21 gt_boxes=63 comm_bytes=0
frame=40/41 late_source=3/5 scenario=2026_07_29_02_32_08 timestamp=000138 receiver=3 cavs=[3] pred_boxes=4 gt_boxes=63 comm_bytes=0
frame=40/41 late_source=4/5 scenario=2026_07_29_02_32_08 timestamp=000138 receiver=4 cavs=[4] pred_boxes=16 gt_boxes=63 comm_bytes=0
frame=40/41 late_source=5/5 scenario=2026_07_29_02_32_08 timestamp=000138 receiver=5 cavs=[5] pred_boxes=17 gt_boxes=63 comm_bytes=0
sgcp_late_fusion frame=40/41 scenario=2026_07_29_02_32_08 timestamp=000138 sources=5 fused_pred_boxes=50 fused_gt_boxes=63
frame=41/41 late_source=1/5 scenario=2026_07_29_02_32_08 timestamp=000140 receiver=1 cavs=[1] pred_boxes=22 gt_boxes=62 comm_bytes=0
frame=41/41 late_source=2/5 scenario=2026_07_29_02_32_08 timestamp=000140 receiver=2 cavs=[2] pred_boxes=20 gt_boxes=62 comm_bytes=0
frame=41/41 late_source=3/5 scenario=2026_07_29_02_32_08 timestamp=000140 receiver=3 cavs=[3] pred_boxes=4 gt_boxes=62 comm_bytes=0
frame=41/41 late_source=4/5 scenario=2026_07_29_02_32_08 timestamp=000140 receiver=4 cavs=[4] pred_boxes=16 gt_boxes=62 comm_bytes=0
frame=41/41 late_source=5/5 scenario=2026_07_29_02_32_08 timestamp=000140 receiver=5 cavs=[5] pred_boxes=17 gt_boxes=62 comm_bytes=0
sgcp_late_fusion frame=41/41 scenario=2026_07_29_02_32_08 timestamp=000140 sources=5 fused_pred_boxes=51 fused_gt_boxes=62
cp counter: 41
Evaluate final average precision results:
  - Fusion method: early
  - The Average Precision at IOU 0.3 is 0.72, The Average Precision at IOU 0.5 is 0.64, The Average Precision at IOU 0.7 is 0.42
sgcp_summary frames=205 avg_comm_bytes=0.00 total_comm_bytes=0 avg_source_cavs=1.00 avg_selected_grids=0.00
