Format = auto
Extension = pcd
Format = auto
Extension = pcd
Format = auto
Extension = pcd
Format = auto
Extension = pcd
Format = auto
Extension = pcd
Format = auto
Extension = pcd
Format = auto
Extension = pcd
Format = auto
Extension = pcd
Format = auto
Extension = pcd
Format = auto
Extension = pcd
Format = auto
Extension = pcd
Format = auto
Extension = pcd
Format = auto
Extension = pcd
Format = auto
Extension = pcd
Format = auto
Extension = pcd
Format = auto
Extension = pcd
Format = auto
Extension = pcd
Format = auto
Extension = pcd
Format = auto
Extension = pcd
Format = auto
Extension = pcd
conda.exe : C:\Users\sakakibara\miniconda3\envs\opencda\lib\site-packages\torch\nn\functional.py:1806: UserWarning: nn.
functional.sigmoid is deprecated. Use torch.sigmoid instead.
At C:\Users\sakakibara\miniconda3\shell\condabin\Conda.psm1:194 char:17
+ ...             & $Env:CONDA_EXE $Env:_CE_M $Env:_CE_CONDA $Command @Othe ...
+                 ~~~~~~~~~~~~~~~~~~~~~~~~~~~~~~~~~~~~~~~~~~~~~~~~~~~~~~~~~
    + CategoryInfo          : NotSpecified: (C:\Users\sakaki...igmoid instead.:String) [], RemoteException
    + FullyQualifiedErrorId : NativeCommandError
 
  warnings.warn("nn.functional.sigmoid is deprecated. Use torch.sigmoid instead.")
resuming by loading epoch 10000
frame=1/1 receiver_sample=1/20 scenario=2026_07_15_01_26_56 timestamp=000060 cavs=[1]
sgcp_constrained receiver=1 policy=all-cavs sources=[1] clusters=20 ra=selective_edgecooper_global comm_bytes=0 selected_grids={}
fusion_method=early pred_boxes=15 gt_boxes=16
pred_scores_shape=(15,)
frame=1/1 receiver_sample=2/20 scenario=2026_07_15_01_26_56 timestamp=000060 cavs=[2, 8]
sgcp_constrained receiver=2 policy=all-cavs sources=[2, 8] clusters=20 ra=selective_edgecooper_global comm_bytes=77008 selected_grids={8: 54}
fusion_method=early pred_boxes=21 gt_boxes=38
pred_scores_shape=(21,)
frame=1/1 receiver_sample=3/20 scenario=2026_07_15_01_26_56 timestamp=000060 cavs=[3]
sgcp_constrained receiver=3 policy=all-cavs sources=[3] clusters=20 ra=selective_edgecooper_global comm_bytes=0 selected_grids={}
fusion_method=early pred_boxes=16 gt_boxes=7
pred_scores_shape=(16,)
frame=1/1 receiver_sample=4/20 scenario=2026_07_15_01_26_56 timestamp=000060 cavs=[4, 1]
sgcp_constrained receiver=4 policy=all-cavs sources=[4, 1] clusters=20 ra=selective_edgecooper_global comm_bytes=78384 selected_grids={1: 45}
fusion_method=early pred_boxes=22 gt_boxes=29
pred_scores_shape=(22,)
frame=1/1 receiver_sample=5/20 scenario=2026_07_15_01_26_56 timestamp=000060 cavs=[5]
sgcp_constrained receiver=5 policy=all-cavs sources=[5] clusters=20 ra=selective_edgecooper_global comm_bytes=0 selected_grids={}
fusion_method=early pred_boxes=12 gt_boxes=15
pred_scores_shape=(12,)
frame=1/1 receiver_sample=6/20 scenario=2026_07_15_01_26_56 timestamp=000060 cavs=[6, 15]
sgcp_constrained receiver=6 policy=all-cavs sources=[6, 15] clusters=20 ra=selective_edgecooper_global comm_bytes=75376 selected_grids={15: 49}
fusion_method=early pred_boxes=13 gt_boxes=17
pred_scores_shape=(13,)
frame=1/1 receiver_sample=7/20 scenario=2026_07_15_01_26_56 timestamp=000060 cavs=[7]
sgcp_constrained receiver=7 policy=all-cavs sources=[7] clusters=20 ra=selective_edgecooper_global comm_bytes=0 selected_grids={}
fusion_method=early pred_boxes=13 gt_boxes=14
pred_scores_shape=(13,)
frame=1/1 receiver_sample=8/20 scenario=2026_07_15_01_26_56 timestamp=000060 cavs=[8]
sgcp_constrained receiver=8 policy=all-cavs sources=[8] clusters=20 ra=selective_edgecooper_global comm_bytes=0 selected_grids={}
fusion_method=early pred_boxes=8 gt_boxes=23
pred_scores_shape=(8,)
frame=1/1 receiver_sample=9/20 scenario=2026_07_15_01_26_56 timestamp=000060 cavs=[9]
sgcp_constrained receiver=9 policy=all-cavs sources=[9] clusters=20 ra=selective_edgecooper_global comm_bytes=0 selected_grids={}
fusion_method=early pred_boxes=16 gt_boxes=19
pred_scores_shape=(16,)
frame=1/1 receiver_sample=10/20 scenario=2026_07_15_01_26_56 timestamp=000060 cavs=[10]
sgcp_constrained receiver=10 policy=all-cavs sources=[10] clusters=20 ra=selective_edgecooper_global comm_bytes=0 selected_grids={}
fusion_method=early pred_boxes=18 gt_boxes=30
pred_scores_shape=(18,)
frame=1/1 receiver_sample=11/20 scenario=2026_07_15_01_26_56 timestamp=000060 cavs=[11, 9]
sgcp_constrained receiver=11 policy=all-cavs sources=[11, 9] clusters=20 ra=selective_edgecooper_global comm_bytes=77552 selected_grids={9: 48}
fusion_method=early pred_boxes=29 gt_boxes=33
pred_scores_shape=(29,)
frame=1/1 receiver_sample=12/20 scenario=2026_07_15_01_26_56 timestamp=000060 cavs=[12, 7]
sgcp_constrained receiver=12 policy=all-cavs sources=[12, 7] clusters=20 ra=selective_edgecooper_global comm_bytes=76880 selected_grids={7: 51}
fusion_method=early pred_boxes=20 gt_boxes=32
pred_scores_shape=(20,)
frame=1/1 receiver_sample=13/20 scenario=2026_07_15_01_26_56 timestamp=000060 cavs=[13, 10]
sgcp_constrained receiver=13 policy=all-cavs sources=[13, 10] clusters=20 ra=selective_edgecooper_global comm_bytes=77408 selected_grids={10: 52}
fusion_method=early pred_boxes=18 gt_boxes=35
pred_scores_shape=(18,)
frame=1/1 receiver_sample=14/20 scenario=2026_07_15_01_26_56 timestamp=000060 cavs=[14]
sgcp_constrained receiver=14 policy=all-cavs sources=[14] clusters=20 ra=selective_edgecooper_global comm_bytes=0 selected_grids={}
fusion_method=early pred_boxes=2 gt_boxes=4
pred_scores_shape=(2,)
frame=1/1 receiver_sample=15/20 scenario=2026_07_15_01_26_56 timestamp=000060 cavs=[15]
sgcp_constrained receiver=15 policy=all-cavs sources=[15] clusters=20 ra=selective_edgecooper_global comm_bytes=0 selected_grids={}
fusion_method=early pred_boxes=15 gt_boxes=9
pred_scores_shape=(15,)
frame=1/1 receiver_sample=16/20 scenario=2026_07_15_01_26_56 timestamp=000060 cavs=[16, 3]
sgcp_constrained receiver=16 policy=all-cavs sources=[16, 3] clusters=20 ra=selective_edgecooper_global comm_bytes=77920 selected_grids={3: 54}
fusion_method=early pred_boxes=24 gt_boxes=28
pred_scores_shape=(24,)
frame=1/1 receiver_sample=17/20 scenario=2026_07_15_01_26_56 timestamp=000060 cavs=[17, 18]
sgcp_constrained receiver=17 policy=all-cavs sources=[17, 18] clusters=20 ra=selective_edgecooper_global comm_bytes=79600 selected_grids={18: 58}
fusion_method=early pred_boxes=18 gt_boxes=18
pred_scores_shape=(18,)
frame=1/1 receiver_sample=18/20 scenario=2026_07_15_01_26_56 timestamp=000060 cavs=[18]
sgcp_constrained receiver=18 policy=all-cavs sources=[18] clusters=20 ra=selective_edgecooper_global comm_bytes=0 selected_grids={}
fusion_method=early pred_boxes=16 gt_boxes=12
pred_scores_shape=(16,)
frame=1/1 receiver_sample=19/20 scenario=2026_07_15_01_26_56 timestamp=000060 cavs=[19, 5]
sgcp_constrained receiver=19 policy=all-cavs sources=[19, 5] clusters=20 ra=selective_edgecooper_global comm_bytes=78096 selected_grids={5: 52}
fusion_method=early pred_boxes=20 gt_boxes=17
pred_scores_shape=(20,)
frame=1/1 receiver_sample=20/20 scenario=2026_07_15_01_26_56 timestamp=000060 cavs=[20]
sgcp_constrained receiver=20 policy=all-cavs sources=[20] clusters=20 ra=selective_edgecooper_global comm_bytes=0 selected_grids={}
fusion_method=early pred_boxes=14 gt_boxes=18
pred_scores_shape=(14,)
