Format = auto
Extension = pcd
Format = auto
Extension = pcd
Format = auto
Extension = pcd
Format = auto
Extension = pcd
Format = auto
Extension = pcd
Format = auto
Extension = pcd
Format = auto
Extension = pcd
Format = auto
Extension = pcd
Format = auto
Extension = pcd
Format = auto
Extension = pcd
Format = auto
Extension = pcd
Format = auto
Extension = pcd
Format = auto
Extension = pcd
Format = auto
Extension = pcd
Format = auto
Extension = pcd
Format = auto
Extension = pcd
Format = auto
Extension = pcd
Format = auto
Extension = pcd
Format = auto
Extension = pcd
Format = auto
Extension = pcd
conda.exe : C:\Users\sakakibara\miniconda3\envs\opencda\lib\site-packages\torch\nn\functional.py:1806: UserWarning: nn.
functional.sigmoid is deprecated. Use torch.sigmoid instead.
At C:\Users\sakakibara\miniconda3\shell\condabin\Conda.psm1:194 char:17
+ ...             & $Env:CONDA_EXE $Env:_CE_M $Env:_CE_CONDA $Command @Othe ...
+                 ~~~~~~~~~~~~~~~~~~~~~~~~~~~~~~~~~~~~~~~~~~~~~~~~~~~~~~~~~
    + CategoryInfo          : NotSpecified: (C:\Users\sakaki...igmoid instead.:String) [], RemoteException
    + FullyQualifiedErrorId : NativeCommandError
 
  warnings.warn("nn.functional.sigmoid is deprecated. Use torch.sigmoid instead.")
resuming by loading epoch 10000
frame=1/1 receiver_sample=1/20 scenario=2026_07_15_01_26_56 timestamp=000060 cavs=[1, 7]
sgcp_constrained receiver=1 policy=all-cavs sources=[1, 7] clusters=20 ra=selective_edgecooper_global comm_bytes=78080 selected_grids={7: 55}
fusion_method=early pred_boxes=27 gt_boxes=29
pred_scores_shape=(27,)
frame=1/1 receiver_sample=2/20 scenario=2026_07_15_01_26_56 timestamp=000060 cavs=[2, 6]
sgcp_constrained receiver=2 policy=all-cavs sources=[2, 6] clusters=20 ra=selective_edgecooper_global comm_bytes=72896 selected_grids={6: 57}
fusion_method=early pred_boxes=23 gt_boxes=30
pred_scores_shape=(23,)
frame=1/1 receiver_sample=3/20 scenario=2026_07_15_01_26_56 timestamp=000060 cavs=[3, 18]
sgcp_constrained receiver=3 policy=all-cavs sources=[3, 18] clusters=20 ra=selective_edgecooper_global comm_bytes=78160 selected_grids={18: 56}
fusion_method=early pred_boxes=21 gt_boxes=19
pred_scores_shape=(21,)
frame=1/1 receiver_sample=4/20 scenario=2026_07_15_01_26_56 timestamp=000060 cavs=[4, 10]
sgcp_constrained receiver=4 policy=all-cavs sources=[4, 10] clusters=20 ra=selective_edgecooper_global comm_bytes=79184 selected_grids={10: 55}
fusion_method=early pred_boxes=17 gt_boxes=34
pred_scores_shape=(17,)
frame=1/1 receiver_sample=5/20 scenario=2026_07_15_01_26_56 timestamp=000060 cavs=[5, 8]
sgcp_constrained receiver=5 policy=all-cavs sources=[5, 8] clusters=20 ra=selective_edgecooper_global comm_bytes=76864 selected_grids={8: 55}
fusion_method=early pred_boxes=16 gt_boxes=32
pred_scores_shape=(16,)
frame=1/1 receiver_sample=6/20 scenario=2026_07_15_01_26_56 timestamp=000060 cavs=[6]
sgcp_constrained receiver=6 policy=all-cavs sources=[6] clusters=20 ra=selective_edgecooper_global comm_bytes=0 selected_grids={}
fusion_method=early pred_boxes=10 gt_boxes=13
pred_scores_shape=(10,)
frame=1/1 receiver_sample=7/20 scenario=2026_07_15_01_26_56 timestamp=000060 cavs=[7]
sgcp_constrained receiver=7 policy=all-cavs sources=[7] clusters=20 ra=selective_edgecooper_global comm_bytes=0 selected_grids={}
fusion_method=early pred_boxes=13 gt_boxes=14
pred_scores_shape=(13,)
frame=1/1 receiver_sample=8/20 scenario=2026_07_15_01_26_56 timestamp=000060 cavs=[8]
sgcp_constrained receiver=8 policy=all-cavs sources=[8] clusters=20 ra=selective_edgecooper_global comm_bytes=0 selected_grids={}
fusion_method=early pred_boxes=8 gt_boxes=23
pred_scores_shape=(8,)
frame=1/1 receiver_sample=9/20 scenario=2026_07_15_01_26_56 timestamp=000060 cavs=[9]
sgcp_constrained receiver=9 policy=all-cavs sources=[9] clusters=20 ra=selective_edgecooper_global comm_bytes=0 selected_grids={}
fusion_method=early pred_boxes=16 gt_boxes=19
pred_scores_shape=(16,)
frame=1/1 receiver_sample=10/20 scenario=2026_07_15_01_26_56 timestamp=000060 cavs=[10]
sgcp_constrained receiver=10 policy=all-cavs sources=[10] clusters=20 ra=selective_edgecooper_global comm_bytes=0 selected_grids={}
fusion_method=early pred_boxes=18 gt_boxes=30
pred_scores_shape=(18,)
frame=1/1 receiver_sample=11/20 scenario=2026_07_15_01_26_56 timestamp=000060 cavs=[11, 15]
sgcp_constrained receiver=11 policy=all-cavs sources=[11, 15] clusters=20 ra=selective_edgecooper_global comm_bytes=75808 selected_grids={15: 50}
fusion_method=early pred_boxes=23 gt_boxes=25
pred_scores_shape=(23,)
frame=1/1 receiver_sample=12/20 scenario=2026_07_15_01_26_56 timestamp=000060 cavs=[12]
sgcp_constrained receiver=12 policy=all-cavs sources=[12] clusters=20 ra=selective_edgecooper_global comm_bytes=0 selected_grids={}
fusion_method=early pred_boxes=12 gt_boxes=21
pred_scores_shape=(12,)
frame=1/1 receiver_sample=13/20 scenario=2026_07_15_01_26_56 timestamp=000060 cavs=[13]
sgcp_constrained receiver=13 policy=all-cavs sources=[13] clusters=20 ra=selective_edgecooper_global comm_bytes=0 selected_grids={}
fusion_method=early pred_boxes=10 gt_boxes=15
pred_scores_shape=(10,)
frame=1/1 receiver_sample=14/20 scenario=2026_07_15_01_26_56 timestamp=000060 cavs=[14, 19]
sgcp_constrained receiver=14 policy=all-cavs sources=[14, 19] clusters=20 ra=selective_edgecooper_global comm_bytes=77504 selected_grids={19: 57}
fusion_method=early pred_boxes=2 gt_boxes=5
pred_scores_shape=(2,)
frame=1/1 receiver_sample=15/20 scenario=2026_07_15_01_26_56 timestamp=000060 cavs=[15]
sgcp_constrained receiver=15 policy=all-cavs sources=[15] clusters=20 ra=selective_edgecooper_global comm_bytes=0 selected_grids={}
fusion_method=early pred_boxes=15 gt_boxes=9
pred_scores_shape=(15,)
frame=1/1 receiver_sample=16/20 scenario=2026_07_15_01_26_56 timestamp=000060 cavs=[16, 12]
sgcp_constrained receiver=16 policy=all-cavs sources=[16, 12] clusters=20 ra=selective_edgecooper_global comm_bytes=78128 selected_grids={12: 57}
fusion_method=early pred_boxes=15 gt_boxes=32
pred_scores_shape=(15,)
frame=1/1 receiver_sample=17/20 scenario=2026_07_15_01_26_56 timestamp=000060 cavs=[17]
sgcp_constrained receiver=17 policy=all-cavs sources=[17] clusters=20 ra=selective_edgecooper_global comm_bytes=0 selected_grids={}
fusion_method=early pred_boxes=16 gt_boxes=13
pred_scores_shape=(16,)
frame=1/1 receiver_sample=18/20 scenario=2026_07_15_01_26_56 timestamp=000060 cavs=[18]
sgcp_constrained receiver=18 policy=all-cavs sources=[18] clusters=20 ra=selective_edgecooper_global comm_bytes=0 selected_grids={}
fusion_method=early pred_boxes=16 gt_boxes=12
pred_scores_shape=(16,)
frame=1/1 receiver_sample=19/20 scenario=2026_07_15_01_26_56 timestamp=000060 cavs=[19]
sgcp_constrained receiver=19 policy=all-cavs sources=[19] clusters=20 ra=selective_edgecooper_global comm_bytes=0 selected_grids={}
fusion_method=early pred_boxes=8 gt_boxes=13
pred_scores_shape=(8,)
frame=1/1 receiver_sample=20/20 scenario=2026_07_15_01_26_56 timestamp=000060 cavs=[20, 17]
sgcp_constrained receiver=20 policy=all-cavs sources=[20, 17] clusters=20 ra=selective_edgecooper_global comm_bytes=78640 selected_grids={17: 61}
fusion_method=early pred_boxes=24 gt_boxes=23
pred_scores_shape=(24,)
