COMMAND: C:\Users\sakakibara\miniconda3\envs\opencda\python.exe -m opencda.tools.offline_inference --dataset-root D:\Data\Carla --scenario-id 2026_07_29_02_32_08 --ego-cav-id 1 --max-frames 41 --fusion-method early --coperception-yaml docs\doc_workspace\SGCP\artifacts\early_from_late_checkpoint_20260719\enable_coperception_early_from_attentive.yaml --bandwidth-mhz 40 --num-channels 10 --channel-estimator ns3 --ns3-tb-size-bytes 899 --ns3-slot-duration-ms 0.5 --ns3-subchannel-prbs 10 --ns3-symbols-per-slot 12 --ns3-mcs 28 --communication-deadline-ms 60 --gt-scope full-frame --cav-count 10 --sgcp-constrained --clustering potential_verified_cov_coalition_game --resource-allocation dynamic_cv --sgcp-receiver-policy all-cluster-heads --sgcp-upload-mode grid --sgcp-inter-cluster-late-fusion --n-max 3 --rho-th 2 --head-rb-budget 2 --sgcp-frame-mbps-budget 40.0 --upload-density-cap-rho 2 --sgcp-trace-output docs\doc_workspace\SGCP\artifacts\dense_cav_sweep_fullgt_reserve_nmax_20260801\N10\sgcp_trace.csv --eval-stats-output docs\doc_workspace\SGCP\artifacts\dense_cav_sweep_fullgt_reserve_nmax_20260801\N10\sgcp_eval_stats.csv

Format = auto
Extension = pcd
Format = auto
Extension = pcd
Format = auto
Extension = pcd
Format = auto
Extension = pcd
Format = auto
Extension = pcd
Format = auto
Extension = pcd
Format = auto
Extension = pcd
Format = auto
Extension = pcd
Format = auto
Extension = pcd
Format = auto
Extension = pcd
Format = auto
Extension = pcd
Format = auto
Extension = pcd
Format = auto
Extension = pcd
Format = auto
Extension = pcd
Format = auto
Extension = pcd
Format = auto
Extension = pcd
Format = auto
Extension = pcd
Format = auto
Extension = pcd
Format = auto
Extension = pcd
Format = auto
Extension = pcd
Format = auto
Extension = pcd
Format = auto
Extension = pcd
Format = auto
Extension = pcd
Format = auto
Extension = pcd
Format = auto
Extension = pcd
Format = auto
Extension = pcd
Format = auto
Extension = pcd
Format = auto
Extension = pcd
Format = auto
Extension = pcd
Format = auto
Extension = pcd
Format = auto
Extension = pcd
Format = auto
Extension = pcd
Format = auto
Extension = pcd
Format = auto
Extension = pcd
Format = auto
Extension = pcd
Format = auto
Extension = pcd
Format = auto
Extension = pcd
Format = auto
Extension = pcd
Format = auto
Extension = pcd
Format = auto
Extension = pcd
Format = auto
Extension = pcd
Format = auto
Extension = pcd
Format = auto
Extension = pcd
Format = auto
Extension = pcd
Format = auto
Extension = pcd
Format = auto
Extension = pcd
Format = auto
Extension = pcd
Format = auto
Extension = pcd
Format = auto
Extension = pcd
Format = auto
Extension = pcd
Format = auto
Extension = pcd
Format = auto
Extension = pcd
Format = auto
Extension = pcd
Format = auto
Extension = pcd
Format = auto
Extension = pcd
Format = auto
Extension = pcd
Format = auto
Extension = pcd
Format = auto
Extension = pcd
Format = auto
Extension = pcd
Format = auto
Extension = pcd
Format = auto
Extension = pcd
Format = auto
Extension = pcd
Format = auto
Extension = pcd
Format = auto
Extension = pcd
Format = auto
Extension = pcd
Format = auto
Extension = pcd
Format = auto
Extension = pcd
Format = auto
Extension = pcd
Format = auto
Extension = pcd
Format = auto
Extension = pcd
Format = auto
Extension = pcd
Format = auto
Extension = pcd
Format = auto
Extension = pcd
Format = auto
Extension = pcd
Format = auto
Extension = pcd
Format = auto
Extension = pcd
Format = auto
Extension = pcd
Format = auto
Extension = pcd
Format = auto
Extension = pcd
Format = auto
Extension = pcd
Format = auto
Extension = pcd
Format = auto
Extension = pcd
Format = auto
Extension = pcd
Format = auto
Extension = pcd
Format = auto
Extension = pcd
Format = auto
Extension = pcd
Format = auto
Extension = pcd
Format = auto
Extension = pcd
Format = auto
Extension = pcd
Format = auto
Extension = pcd
Format = auto
Extension = pcd
Format = auto
Extension = pcd
Format = auto
Extension = pcd
Format = auto
Extension = pcd
Format = auto
Extension = pcd
Format = auto
Extension = pcd
Format = auto
Extension = pcd
Format = auto
Extension = pcd
Format = auto
Extension = pcd
Format = auto
Extension = pcd
Format = auto
Extension = pcd
Format = auto
Extension = pcd
Format = auto
Extension = pcd
Format = auto
Extension = pcd
Format = auto
Extension = pcd
Format = auto
Extension = pcd
Format = auto
Extension = pcd
Format = auto
Extension = pcd
Format = auto
Extension = pcd
Format = auto
Extension = pcd
Format = auto
Extension = pcd
Format = auto
Extension = pcd
Format = auto
Extension = pcd
Format = auto
Extension = pcd
Format = auto
Extension = pcd
Format = auto
Extension = pcd
Format = auto
Extension = pcd
Format = auto
Extension = pcd
Format = auto
Extension = pcd
Format = auto
Extension = pcd
resuming by loading epoch 10000
frame=1/41 late_source=1/4 scenario=2026_07_29_02_32_08 timestamp=000060 receiver=1 cavs=[1, 2, 6] pred_boxes=34 gt_boxes=72 comm_bytes=96128
frame=1/41 late_source=2/4 scenario=2026_07_29_02_32_08 timestamp=000060 receiver=3 cavs=[3] pred_boxes=7 gt_boxes=72 comm_bytes=0
frame=1/41 late_source=3/4 scenario=2026_07_29_02_32_08 timestamp=000060 receiver=4 cavs=[4, 5, 7] pred_boxes=32 gt_boxes=72 comm_bytes=59072
frame=1/41 late_source=4/4 scenario=2026_07_29_02_32_08 timestamp=000060 receiver=8 cavs=[8, 9, 10] pred_boxes=38 gt_boxes=72 comm_bytes=67808
sgcp_late_fusion frame=1/41 scenario=2026_07_29_02_32_08 timestamp=000060 sources=4 fused_pred_boxes=70 fused_gt_boxes=72
frame=2/41 late_source=1/4 scenario=2026_07_29_02_32_08 timestamp=000062 receiver=1 cavs=[1, 2, 6] pred_boxes=34 gt_boxes=72 comm_bytes=95552
frame=2/41 late_source=2/4 scenario=2026_07_29_02_32_08 timestamp=000062 receiver=3 cavs=[3] pred_boxes=10 gt_boxes=72 comm_bytes=0
frame=2/41 late_source=3/4 scenario=2026_07_29_02_32_08 timestamp=000062 receiver=4 cavs=[4, 5, 7] pred_boxes=31 gt_boxes=72 comm_bytes=59440
frame=2/41 late_source=4/4 scenario=2026_07_29_02_32_08 timestamp=000062 receiver=8 cavs=[8, 9, 10] pred_boxes=37 gt_boxes=72 comm_bytes=67936
sgcp_late_fusion frame=2/41 scenario=2026_07_29_02_32_08 timestamp=000062 sources=4 fused_pred_boxes=69 fused_gt_boxes=72
frame=3/41 late_source=1/4 scenario=2026_07_29_02_32_08 timestamp=000064 receiver=1 cavs=[1, 2, 6] pred_boxes=34 gt_boxes=72 comm_bytes=95168
frame=3/41 late_source=2/4 scenario=2026_07_29_02_32_08 timestamp=000064 receiver=3 cavs=[3] pred_boxes=7 gt_boxes=72 comm_bytes=0
frame=3/41 late_source=3/4 scenario=2026_07_29_02_32_08 timestamp=000064 receiver=4 cavs=[4, 7, 9] pred_boxes=28 gt_boxes=72 comm_bytes=87504
frame=3/41 late_source=4/4 scenario=2026_07_29_02_32_08 timestamp=000064 receiver=8 cavs=[8, 5, 10] pred_boxes=38 gt_boxes=72 comm_bytes=67664
sgcp_late_fusion frame=3/41 scenario=2026_07_29_02_32_08 timestamp=000064 sources=4 fused_pred_boxes=67 fused_gt_boxes=72
frame=4/41 late_source=1/4 scenario=2026_07_29_02_32_08 timestamp=000066 receiver=1 cavs=[1, 2, 6] pred_boxes=32 gt_boxes=72 comm_bytes=95248
frame=4/41 late_source=2/4 scenario=2026_07_29_02_32_08 timestamp=000066 receiver=3 cavs=[3] pred_boxes=9 gt_boxes=72 comm_bytes=0
frame=4/41 late_source=3/4 scenario=2026_07_29_02_32_08 timestamp=000066 receiver=4 cavs=[4, 7, 9] pred_boxes=28 gt_boxes=72 comm_bytes=86688
frame=4/41 late_source=4/4 scenario=2026_07_29_02_32_08 timestamp=000066 receiver=8 cavs=[8, 5, 10] pred_boxes=35 gt_boxes=72 comm_bytes=68256
sgcp_late_fusion frame=4/41 scenario=2026_07_29_02_32_08 timestamp=000066 sources=4 fused_pred_boxes=67 fused_gt_boxes=72
frame=5/41 late_source=1/4 scenario=2026_07_29_02_32_08 timestamp=000068 receiver=1 cavs=[1, 2, 6] pred_boxes=33 gt_boxes=72 comm_bytes=91584
frame=5/41 late_source=2/4 scenario=2026_07_29_02_32_08 timestamp=000068 receiver=3 cavs=[3] pred_boxes=8 gt_boxes=72 comm_bytes=0
frame=5/41 late_source=3/4 scenario=2026_07_29_02_32_08 timestamp=000068 receiver=4 cavs=[4, 7, 9] pred_boxes=32 gt_boxes=72 comm_bytes=85552
frame=5/41 late_source=4/4 scenario=2026_07_29_02_32_08 timestamp=000068 receiver=8 cavs=[8, 5, 10] pred_boxes=39 gt_boxes=72 comm_bytes=69984
sgcp_late_fusion frame=5/41 scenario=2026_07_29_02_32_08 timestamp=000068 sources=4 fused_pred_boxes=69 fused_gt_boxes=72
frame=6/41 late_source=1/4 scenario=2026_07_29_02_32_08 timestamp=000070 receiver=1 cavs=[1, 2, 6] pred_boxes=30 gt_boxes=72 comm_bytes=97216
frame=6/41 late_source=2/4 scenario=2026_07_29_02_32_08 timestamp=000070 receiver=3 cavs=[3] pred_boxes=10 gt_boxes=72 comm_bytes=0
frame=6/41 late_source=3/4 scenario=2026_07_29_02_32_08 timestamp=000070 receiver=4 cavs=[4, 7, 9] pred_boxes=32 gt_boxes=72 comm_bytes=86048
frame=6/41 late_source=4/4 scenario=2026_07_29_02_32_08 timestamp=000070 receiver=8 cavs=[8, 5, 10] pred_boxes=42 gt_boxes=72 comm_bytes=70128
sgcp_late_fusion frame=6/41 scenario=2026_07_29_02_32_08 timestamp=000070 sources=4 fused_pred_boxes=71 fused_gt_boxes=72
frame=7/41 late_source=1/4 scenario=2026_07_29_02_32_08 timestamp=000072 receiver=1 cavs=[1, 2, 6] pred_boxes=32 gt_boxes=71 comm_bytes=96864
frame=7/41 late_source=2/4 scenario=2026_07_29_02_32_08 timestamp=000072 receiver=3 cavs=[3] pred_boxes=10 gt_boxes=71 comm_bytes=0
frame=7/41 late_source=3/4 scenario=2026_07_29_02_32_08 timestamp=000072 receiver=4 cavs=[4, 7, 9] pred_boxes=32 gt_boxes=71 comm_bytes=86480
frame=7/41 late_source=4/4 scenario=2026_07_29_02_32_08 timestamp=000072 receiver=8 cavs=[8, 5, 10] pred_boxes=40 gt_boxes=71 comm_bytes=68784
sgcp_late_fusion frame=7/41 scenario=2026_07_29_02_32_08 timestamp=000072 sources=4 fused_pred_boxes=69 fused_gt_boxes=71
frame=8/41 late_source=1/4 scenario=2026_07_29_02_32_08 timestamp=000074 receiver=1 cavs=[1, 2, 6] pred_boxes=35 gt_boxes=70 comm_bytes=95280
frame=8/41 late_source=2/4 scenario=2026_07_29_02_32_08 timestamp=000074 receiver=3 cavs=[3] pred_boxes=8 gt_boxes=70 comm_bytes=0
frame=8/41 late_source=3/4 scenario=2026_07_29_02_32_08 timestamp=000074 receiver=4 cavs=[4, 7, 8] pred_boxes=36 gt_boxes=70 comm_bytes=59696
frame=8/41 late_source=4/4 scenario=2026_07_29_02_32_08 timestamp=000074 receiver=9 cavs=[9, 5, 10] pred_boxes=29 gt_boxes=70 comm_bytes=46128
sgcp_late_fusion frame=8/41 scenario=2026_07_29_02_32_08 timestamp=000074 sources=4 fused_pred_boxes=65 fused_gt_boxes=70
frame=9/41 late_source=1/4 scenario=2026_07_29_02_32_08 timestamp=000076 receiver=1 cavs=[1, 2, 6] pred_boxes=34 gt_boxes=70 comm_bytes=94544
frame=9/41 late_source=2/4 scenario=2026_07_29_02_32_08 timestamp=000076 receiver=3 cavs=[3] pred_boxes=7 gt_boxes=70 comm_bytes=0
frame=9/41 late_source=3/4 scenario=2026_07_29_02_32_08 timestamp=000076 receiver=4 cavs=[4, 7, 8] pred_boxes=42 gt_boxes=70 comm_bytes=60640
frame=9/41 late_source=4/4 scenario=2026_07_29_02_32_08 timestamp=000076 receiver=9 cavs=[9, 5, 10] pred_boxes=25 gt_boxes=70 comm_bytes=45952
sgcp_late_fusion frame=9/41 scenario=2026_07_29_02_32_08 timestamp=000076 sources=4 fused_pred_boxes=68 fused_gt_boxes=70
frame=10/41 late_source=1/4 scenario=2026_07_29_02_32_08 timestamp=000078 receiver=1 cavs=[1, 2, 6] pred_boxes=34 gt_boxes=70 comm_bytes=93856
frame=10/41 late_source=2/4 scenario=2026_07_29_02_32_08 timestamp=000078 receiver=3 cavs=[3, 4, 7] pred_boxes=29 gt_boxes=70 comm_bytes=97680
frame=10/41 late_source=3/4 scenario=2026_07_29_02_32_08 timestamp=000078 receiver=8 cavs=[8, 5, 10] pred_boxes=41 gt_boxes=70 comm_bytes=71552
frame=10/41 late_source=4/4 scenario=2026_07_29_02_32_08 timestamp=000078 receiver=9 cavs=[9] pred_boxes=13 gt_boxes=70 comm_bytes=0
sgcp_late_fusion frame=10/41 scenario=2026_07_29_02_32_08 timestamp=000078 sources=4 fused_pred_boxes=71 fused_gt_boxes=70
frame=11/41 late_source=1/4 scenario=2026_07_29_02_32_08 timestamp=000080 receiver=1 cavs=[1, 2, 6] pred_boxes=35 gt_boxes=71 comm_bytes=93264
frame=11/41 late_source=2/4 scenario=2026_07_29_02_32_08 timestamp=000080 receiver=3 cavs=[3, 4, 7] pred_boxes=27 gt_boxes=71 comm_bytes=98096
frame=11/41 late_source=3/4 scenario=2026_07_29_02_32_08 timestamp=000080 receiver=8 cavs=[8, 5, 10] pred_boxes=40 gt_boxes=71 comm_bytes=71568
frame=11/41 late_source=4/4 scenario=2026_07_29_02_32_08 timestamp=000080 receiver=9 cavs=[9] pred_boxes=14 gt_boxes=71 comm_bytes=0
sgcp_late_fusion frame=11/41 scenario=2026_07_29_02_32_08 timestamp=000080 sources=4 fused_pred_boxes=71 fused_gt_boxes=71
frame=12/41 late_source=1/4 scenario=2026_07_29_02_32_08 timestamp=000082 receiver=1 cavs=[1, 2, 6] pred_boxes=37 gt_boxes=71 comm_bytes=94048
frame=12/41 late_source=2/4 scenario=2026_07_29_02_32_08 timestamp=000082 receiver=3 cavs=[3] pred_boxes=9 gt_boxes=71 comm_bytes=0
frame=12/41 late_source=3/4 scenario=2026_07_29_02_32_08 timestamp=000082 receiver=4 cavs=[4, 7, 8] pred_boxes=39 gt_boxes=71 comm_bytes=58976
frame=12/41 late_source=4/4 scenario=2026_07_29_02_32_08 timestamp=000082 receiver=9 cavs=[9, 5, 10] pred_boxes=27 gt_boxes=71 comm_bytes=48368
sgcp_late_fusion frame=12/41 scenario=2026_07_29_02_32_08 timestamp=000082 sources=4 fused_pred_boxes=68 fused_gt_boxes=71Format = auto
Extension = pcd
Format = auto
Extension = pcd
Format = auto
Extension = pcd
Format = auto
Extension = pcd
Format = auto
Extension = pcd
Format = auto
Extension = pcd
Format = auto
Extension = pcd
Format = auto
Extension = pcd
Format = auto
Extension = pcd
Format = auto
Extension = pcd
Format = auto
Extension = pcd
Format = auto
Extension = pcd
Format = auto
Extension = pcd
Format = auto
Extension = pcd
Format = auto
Extension = pcd
Format = auto
Extension = pcd
Format = auto
Extension = pcd
Format = auto
Extension = pcd
Format = auto
Extension = pcd
Format = auto
Extension = pcd
Format = auto
Extension = pcd
Format = auto
Extension = pcd
Format = auto
Extension = pcd
Format = auto
Extension = pcd
Format = auto
Extension = pcd
Format = auto
Extension = pcd
Format = auto
Extension = pcd
Format = auto
Extension = pcd
Format = auto
Extension = pcd
Format = auto
Extension = pcd
Format = auto
Extension = pcd
Format = auto
Extension = pcd
Format = auto
Extension = pcd
Format = auto
Extension = pcd
Format = auto
Extension = pcd
Format = auto
Extension = pcd
Format = auto
Extension = pcd
Format = auto
Extension = pcd
Format = auto
Extension = pcd
Format = auto
Extension = pcd
Format = auto
Extension = pcd
Format = auto
Extension = pcd
Format = auto
Extension = pcd
Format = auto
Extension = pcd
Format = auto
Extension = pcd
Format = auto
Extension = pcd
Format = auto
Extension = pcd
Format = auto
Extension = pcd
Format = auto
Extension = pcd
Format = auto
Extension = pcd
Format = auto
Extension = pcd
Format = auto
Extension = pcd
Format = auto
Extension = pcd
Format = auto
Extension = pcd
Format = auto
Extension = pcd
Format = auto
Extension = pcd
Format = auto
Extension = pcd
Format = auto
Extension = pcd
Format = auto
Extension = pcd
Format = auto
Extension = pcd
Format = auto
Extension = pcd
Format = auto
Extension = pcd
Format = auto
Extension = pcd
Format = auto
Extension = pcd
Format = auto
Extension = pcd
Format = auto
Extension = pcd
Format = auto
Extension = pcd
Format = auto
Extension = pcd
Format = auto
Extension = pcd
Format = auto
Extension = pcd
Format = auto
Extension = pcd
Format = auto
Extension = pcd
Format = auto
Extension = pcd
Format = auto
Extension = pcd
Format = auto
Extension = pcd
Format = auto
Extension = pcd
Format = auto
Extension = pcd
Format = auto
Extension = pcd
Format = auto
Extension = pcd
Format = auto
Extension = pcd
Format = auto
Extension = pcd
Format = auto
Extension = pcd
Format = auto
Extension = pcd
Format = auto
Extension = pcd
Format = auto
Extension = pcd
Format = auto
Extension = pcd
Format = auto
Extension = pcd
Format = auto
Extension = pcd
Format = auto
Extension = pcd
Format = auto
Extension = pcd
Format = auto
Extension = pcd
Format = auto
Extension = pcd
Format = auto
Extension = pcd
Format = auto
Extension = pcd
Format = auto
Extension = pcd
Format = auto
Extension = pcd
Format = auto
Extension = pcd
Format = auto
Extension = pcd
Format = auto
Extension = pcd
Format = auto
Extension = pcd
Format = auto
Extension = pcd
Format = auto
Extension = pcd
Format = auto
Extension = pcd
Format = auto
Extension = pcd
Format = auto
Extension = pcd
Format = auto
Extension = pcd
Format = auto
Extension = pcd
Format = auto
Extension = pcd
Format = auto
Extension = pcd
Format = auto
Extension = pcd
Format = auto
Extension = pcd
Format = auto
Extension = pcd
Format = auto
Extension = pcd
Format = auto
Extension = pcd
Format = auto
Extension = pcd
Format = auto
Extension = pcd
Format = auto
Extension = pcd
Format = auto
Extension = pcd
Format = auto
Extension = pcd
Format = auto
Extension = pcd

frame=13/41 late_source=1/4 scenario=2026_07_29_02_32_08 timestamp=000084 receiver=1 cavs=[1, 2, 6] pred_boxes=37 gt_boxes=71 comm_bytes=94240
frame=13/41 late_source=2/4 scenario=2026_07_29_02_32_08 timestamp=000084 receiver=3 cavs=[3] pred_boxes=10 gt_boxes=71 comm_bytes=0
frame=13/41 late_source=3/4 scenario=2026_07_29_02_32_08 timestamp=000084 receiver=4 cavs=[4, 5, 7] pred_boxes=25 gt_boxes=71 comm_bytes=67344
frame=13/41 late_source=4/4 scenario=2026_07_29_02_32_08 timestamp=000084 receiver=8 cavs=[8, 9, 10] pred_boxes=37 gt_boxes=71 comm_bytes=68144
sgcp_late_fusion frame=13/41 scenario=2026_07_29_02_32_08 timestamp=000084 sources=4 fused_pred_boxes=68 fused_gt_boxes=71
frame=14/41 late_source=1/4 scenario=2026_07_29_02_32_08 timestamp=000086 receiver=1 cavs=[1, 2, 6] pred_boxes=37 gt_boxes=71 comm_bytes=94448
frame=14/41 late_source=2/4 scenario=2026_07_29_02_32_08 timestamp=000086 receiver=3 cavs=[3] pred_boxes=9 gt_boxes=71 comm_bytes=0
frame=14/41 late_source=3/4 scenario=2026_07_29_02_32_08 timestamp=000086 receiver=4 cavs=[4, 7, 8] pred_boxes=39 gt_boxes=71 comm_bytes=59600
frame=14/41 late_source=4/4 scenario=2026_07_29_02_32_08 timestamp=000086 receiver=9 cavs=[9, 5, 10] pred_boxes=27 gt_boxes=71 comm_bytes=49504
sgcp_late_fusion frame=14/41 scenario=2026_07_29_02_32_08 timestamp=000086 sources=4 fused_pred_boxes=68 fused_gt_boxes=71
frame=15/41 late_source=1/4 scenario=2026_07_29_02_32_08 timestamp=000088 receiver=1 cavs=[1, 2, 6] pred_boxes=36 gt_boxes=71 comm_bytes=94512
frame=15/41 late_source=2/4 scenario=2026_07_29_02_32_08 timestamp=000088 receiver=3 cavs=[3, 4, 7] pred_boxes=27 gt_boxes=71 comm_bytes=99824
frame=15/41 late_source=3/4 scenario=2026_07_29_02_32_08 timestamp=000088 receiver=8 cavs=[8, 5, 10] pred_boxes=40 gt_boxes=71 comm_bytes=69936
frame=15/41 late_source=4/4 scenario=2026_07_29_02_32_08 timestamp=000088 receiver=9 cavs=[9] pred_boxes=14 gt_boxes=71 comm_bytes=0
sgcp_late_fusion frame=15/41 scenario=2026_07_29_02_32_08 timestamp=000088 sources=4 fused_pred_boxes=72 fused_gt_boxes=71
frame=16/41 late_source=1/4 scenario=2026_07_29_02_32_08 timestamp=000090 receiver=1 cavs=[1, 2, 6] pred_boxes=37 gt_boxes=72 comm_bytes=93152
frame=16/41 late_source=2/4 scenario=2026_07_29_02_32_08 timestamp=000090 receiver=3 cavs=[3, 4, 7] pred_boxes=28 gt_boxes=72 comm_bytes=99952
frame=16/41 late_source=3/4 scenario=2026_07_29_02_32_08 timestamp=000090 receiver=8 cavs=[8, 5, 10] pred_boxes=37 gt_boxes=72 comm_bytes=70160
frame=16/41 late_source=4/4 scenario=2026_07_29_02_32_08 timestamp=000090 receiver=9 cavs=[9] pred_boxes=16 gt_boxes=72 comm_bytes=0
sgcp_late_fusion frame=16/41 scenario=2026_07_29_02_32_08 timestamp=000090 sources=4 fused_pred_boxes=71 fused_gt_boxes=72
frame=17/41 late_source=1/4 scenario=2026_07_29_02_32_08 timestamp=000092 receiver=1 cavs=[1, 2, 6] pred_boxes=35 gt_boxes=72 comm_bytes=92832
frame=17/41 late_source=2/4 scenario=2026_07_29_02_32_08 timestamp=000092 receiver=3 cavs=[3] pred_boxes=10 gt_boxes=72 comm_bytes=0
frame=17/41 late_source=3/4 scenario=2026_07_29_02_32_08 timestamp=000092 receiver=4 cavs=[4, 5, 7] pred_boxes=31 gt_boxes=72 comm_bytes=67504
frame=17/41 late_source=4/4 scenario=2026_07_29_02_32_08 timestamp=000092 receiver=8 cavs=[8, 9, 10] pred_boxes=38 gt_boxes=72 comm_bytes=68736
sgcp_late_fusion frame=17/41 scenario=2026_07_29_02_32_08 timestamp=000092 sources=4 fused_pred_boxes=71 fused_gt_boxes=72
frame=18/41 late_source=1/4 scenario=2026_07_29_02_32_08 timestamp=000094 receiver=1 cavs=[1, 2, 6] pred_boxes=34 gt_boxes=72 comm_bytes=92384
frame=18/41 late_source=2/4 scenario=2026_07_29_02_32_08 timestamp=000094 receiver=3 cavs=[3] pred_boxes=9 gt_boxes=72 comm_bytes=0
frame=18/41 late_source=3/4 scenario=2026_07_29_02_32_08 timestamp=000094 receiver=4 cavs=[4, 7, 8] pred_boxes=37 gt_boxes=72 comm_bytes=58448
frame=18/41 late_source=4/4 scenario=2026_07_29_02_32_08 timestamp=000094 receiver=9 cavs=[9, 5, 10] pred_boxes=29 gt_boxes=72 comm_bytes=52144
sgcp_late_fusion frame=18/41 scenario=2026_07_29_02_32_08 timestamp=000094 sources=4 fused_pred_boxes=70 fused_gt_boxes=72
frame=19/41 late_source=1/4 scenario=2026_07_29_02_32_08 timestamp=000096 receiver=1 cavs=[1, 2, 6] pred_boxes=34 gt_boxes=72 comm_bytes=92800
frame=19/41 late_source=2/4 scenario=2026_07_29_02_32_08 timestamp=000096 receiver=3 cavs=[3] pred_boxes=9 gt_boxes=72 comm_bytes=0
frame=19/41 late_source=3/4 scenario=2026_07_29_02_32_08 timestamp=000096 receiver=4 cavs=[4, 7, 8] pred_boxes=35 gt_boxes=72 comm_bytes=58368
frame=19/41 late_source=4/4 scenario=2026_07_29_02_32_08 timestamp=000096 receiver=9 cavs=[9, 5, 10] pred_boxes=29 gt_boxes=72 comm_bytes=53200
sgcp_late_fusion frame=19/41 scenario=2026_07_29_02_32_08 timestamp=000096 sources=4 fused_pred_boxes=67 fused_gt_boxes=72
frame=20/41 late_source=1/4 scenario=2026_07_29_02_32_08 timestamp=000098 receiver=1 cavs=[1, 2, 6] pred_boxes=32 gt_boxes=72 comm_bytes=93040
frame=20/41 late_source=2/4 scenario=2026_07_29_02_32_08 timestamp=000098 receiver=3 cavs=[3] pred_boxes=8 gt_boxes=72 comm_bytes=0
frame=20/41 late_source=3/4 scenario=2026_07_29_02_32_08 timestamp=000098 receiver=4 cavs=[4, 5, 7] pred_boxes=29 gt_boxes=72 comm_bytes=67568
frame=20/41 late_source=4/4 scenario=2026_07_29_02_32_08 timestamp=000098 receiver=8 cavs=[8, 9, 10] pred_boxes=41 gt_boxes=72 comm_bytes=68736
sgcp_late_fusion frame=20/41 scenario=2026_07_29_02_32_08 timestamp=000098 sources=4 fused_pred_boxes=69 fused_gt_boxes=72
frame=21/41 late_source=1/4 scenario=2026_07_29_02_32_08 timestamp=000100 receiver=1 cavs=[1, 2, 6] pred_boxes=37 gt_boxes=72 comm_bytes=92688
frame=21/41 late_source=2/4 scenario=2026_07_29_02_32_08 timestamp=000100 receiver=3 cavs=[3] pred_boxes=9 gt_boxes=72 comm_bytes=0
frame=21/41 late_source=3/4 scenario=2026_07_29_02_32_08 timestamp=000100 receiver=4 cavs=[4, 5, 7] pred_boxes=26 gt_boxes=72 comm_bytes=68224
frame=21/41 late_source=4/4 scenario=2026_07_29_02_32_08 timestamp=000100 receiver=8 cavs=[8, 9, 10] pred_boxes=38 gt_boxes=72 comm_bytes=68752
sgcp_late_fusion frame=21/41 scenario=2026_07_29_02_32_08 timestamp=000100 sources=4 fused_pred_boxes=70 fused_gt_boxes=72
frame=22/41 late_source=1/4 scenario=2026_07_29_02_32_08 timestamp=000102 receiver=1 cavs=[1, 2, 6] pred_boxes=37 gt_boxes=72 comm_bytes=92112
frame=22/41 late_source=2/4 scenario=2026_07_29_02_32_08 timestamp=000102 receiver=3 cavs=[3] pred_boxes=11 gt_boxes=72 comm_bytes=0
frame=22/41 late_source=3/4 scenario=2026_07_29_02_32_08 timestamp=000102 receiver=4 cavs=[4, 5, 7] pred_boxes=30 gt_boxes=72 comm_bytes=68192
frame=22/41 late_source=4/4 scenario=2026_07_29_02_32_08 timestamp=000102 receiver=8 cavs=[8, 9, 10] pred_boxes=39 gt_boxes=72 comm_bytes=68768
sgcp_late_fusion frame=22/41 scenario=2026_07_29_02_32_08 timestamp=000102 sources=4 fused_pred_boxes=72 fused_gt_boxes=72
frame=23/41 late_source=1/4 scenario=2026_07_29_02_32_08 timestamp=000104 receiver=1 cavs=[1, 2, 6] pred_boxes=31 gt_boxes=72 comm_bytes=91664
frame=23/41 late_source=2/4 scenario=2026_07_29_02_32_08 timestamp=000104 receiver=3 cavs=[3] pred_boxes=10 gt_boxes=72 comm_bytes=0
frame=23/41 late_source=3/4 scenario=2026_07_29_02_32_08 timestamp=000104 receiver=4 cavs=[4, 5, 7] pred_boxes=26 gt_boxes=72 comm_bytes=68848
frame=23/41 late_source=4/4 scenario=2026_07_29_02_32_08 timestamp=000104 receiver=8 cavs=[8, 9, 10] pred_boxes=41 gt_boxes=72 comm_bytes=68800
sgcp_late_fusion frame=23/41 scenario=2026_07_29_02_32_08 timestamp=000104 sources=4 fused_pred_boxes=67 fused_gt_boxes=72
frame=24/41 late_source=1/4 scenario=2026_07_29_02_32_08 timestamp=000106 receiver=1 cavs=[1, 2, 6] pred_boxes=31 gt_boxes=71 comm_bytes=91968
frame=24/41 late_source=2/4 scenario=2026_07_29_02_32_08 timestamp=000106 receiver=3 cavs=[3] pred_boxes=10 gt_boxes=71 comm_bytes=0
frame=24/41 late_source=3/4 scenario=2026_07_29_02_32_08 timestamp=000106 receiver=4 cavs=[4, 5, 7] pred_boxes=28 gt_boxes=71 comm_bytes=68496
frame=24/41 late_source=4/4 scenario=2026_07_29_02_32_08 timestamp=000106 receiver=8 cavs=[8, 9, 10] pred_boxes=37 gt_boxes=71 comm_bytes=68784
sgcp_late_fusion frame=24/41 scenario=2026_07_29_02_32_08 timestamp=000106 sources=4 fused_pred_boxes=66 fused_gt_boxes=71Format = auto
Extension = pcd
Format = auto
Extension = pcd
Format = auto
Extension = pcd
Format = auto
Extension = pcd
Format = auto
Extension = pcd
Format = auto
Extension = pcd
Format = auto
Extension = pcd
Format = auto
Extension = pcd
Format = auto
Extension = pcd
Format = auto
Extension = pcd
Format = auto
Extension = pcd
Format = auto
Extension = pcd
Format = auto
Extension = pcd
Format = auto
Extension = pcd
Format = auto
Extension = pcd
Format = auto
Extension = pcd
Format = auto
Extension = pcd
Format = auto
Extension = pcd
Format = auto
Extension = pcd
Format = auto
Extension = pcd
Format = auto
Extension = pcd
Format = auto
Extension = pcd
Format = auto
Extension = pcd
Format = auto
Extension = pcd
Format = auto
Extension = pcd
Format = auto
Extension = pcd
Format = auto
Extension = pcd
Format = auto
Extension = pcd
Format = auto
Extension = pcd
Format = auto
Extension = pcd
Format = auto
Extension = pcd
Format = auto
Extension = pcd
Format = auto
Extension = pcd
Format = auto
Extension = pcd
Format = auto
Extension = pcd
Format = auto
Extension = pcd
Format = auto
Extension = pcd
Format = auto
Extension = pcd
Format = auto
Extension = pcd
Format = auto
Extension = pcd
Format = auto
Extension = pcd
Format = auto
Extension = pcd
Format = auto
Extension = pcd
Format = auto
Extension = pcd
Format = auto
Extension = pcd
Format = auto
Extension = pcd
Format = auto
Extension = pcd
Format = auto
Extension = pcd
Format = auto
Extension = pcd
Format = auto
Extension = pcd
Format = auto
Extension = pcd
Format = auto
Extension = pcd
Format = auto
Extension = pcd
Format = auto
Extension = pcd
Format = auto
Extension = pcd
Format = auto
Extension = pcd
Format = auto
Extension = pcd
Format = auto
Extension = pcd
Format = auto
Extension = pcd
Format = auto
Extension = pcd
Format = auto
Extension = pcd
Format = auto
Extension = pcd
Format = auto
Extension = pcd
Format = auto
Extension = pcd
Format = auto
Extension = pcd
Format = auto
Extension = pcd
Format = auto
Extension = pcd
Format = auto
Extension = pcd
Format = auto
Extension = pcd
Format = auto
Extension = pcd
Format = auto
Extension = pcd
Format = auto
Extension = pcd
Format = auto
Extension = pcd
Format = auto
Extension = pcd
Format = auto
Extension = pcd
Format = auto
Extension = pcd
Format = auto
Extension = pcd
Format = auto
Extension = pcd
Format = auto
Extension = pcd
Format = auto
Extension = pcd
Format = auto
Extension = pcd
Format = auto
Extension = pcd
Format = auto
Extension = pcd
Format = auto
Extension = pcd
Format = auto
Extension = pcd
Format = auto
Extension = pcd
Format = auto
Extension = pcd
Format = auto
Extension = pcd
Format = auto
Extension = pcd
Format = auto
Extension = pcd
Format = auto
Extension = pcd
Format = auto
Extension = pcd
Format = auto
Extension = pcd
Format = auto
Extension = pcd
Format = auto
Extension = pcd
Format = auto
Extension = pcd
Format = auto
Extension = pcd
Format = auto
Extension = pcd
Format = auto
Extension = pcd
Format = auto
Extension = pcd
Format = auto
Extension = pcd
Format = auto
Extension = pcd
Format = auto
Extension = pcd
Format = auto
Extension = pcd
Format = auto
Extension = pcd
Format = auto
Extension = pcd
Format = auto
Extension = pcd
Format = auto
Extension = pcd
Format = auto
Extension = pcd
Format = auto
Extension = pcd
Format = auto
Extension = pcd
Format = auto
Extension = pcd
Format = auto
Extension = pcd
Format = auto
Extension = pcd
Format = auto
Extension = pcd
Format = auto
Extension = pcd
Format = auto
Extension = pcd
Format = auto
Extension = pcd
Format = auto
Extension = pcd
Format = auto
Extension = pcd

frame=25/41 late_source=1/4 scenario=2026_07_29_02_32_08 timestamp=000108 receiver=1 cavs=[1, 2, 6] pred_boxes=32 gt_boxes=71 comm_bytes=91856
frame=25/41 late_source=2/4 scenario=2026_07_29_02_32_08 timestamp=000108 receiver=3 cavs=[3] pred_boxes=9 gt_boxes=71 comm_bytes=0
frame=25/41 late_source=3/4 scenario=2026_07_29_02_32_08 timestamp=000108 receiver=4 cavs=[4, 5, 7] pred_boxes=31 gt_boxes=71 comm_bytes=71104
frame=25/41 late_source=4/4 scenario=2026_07_29_02_32_08 timestamp=000108 receiver=8 cavs=[8, 9, 10] pred_boxes=39 gt_boxes=71 comm_bytes=68768
sgcp_late_fusion frame=25/41 scenario=2026_07_29_02_32_08 timestamp=000108 sources=4 fused_pred_boxes=68 fused_gt_boxes=71
frame=26/41 late_source=1/4 scenario=2026_07_29_02_32_08 timestamp=000110 receiver=1 cavs=[1, 2, 6] pred_boxes=34 gt_boxes=70 comm_bytes=92416
frame=26/41 late_source=2/4 scenario=2026_07_29_02_32_08 timestamp=000110 receiver=3 cavs=[3] pred_boxes=7 gt_boxes=70 comm_bytes=0
frame=26/41 late_source=3/4 scenario=2026_07_29_02_32_08 timestamp=000110 receiver=4 cavs=[4, 5, 7] pred_boxes=28 gt_boxes=70 comm_bytes=70624
frame=26/41 late_source=4/4 scenario=2026_07_29_02_32_08 timestamp=000110 receiver=8 cavs=[8, 9, 10] pred_boxes=37 gt_boxes=70 comm_bytes=68736
sgcp_late_fusion frame=26/41 scenario=2026_07_29_02_32_08 timestamp=000110 sources=4 fused_pred_boxes=64 fused_gt_boxes=70
frame=27/41 late_source=1/4 scenario=2026_07_29_02_32_08 timestamp=000112 receiver=1 cavs=[1, 2, 6] pred_boxes=31 gt_boxes=70 comm_bytes=92208
frame=27/41 late_source=2/4 scenario=2026_07_29_02_32_08 timestamp=000112 receiver=3 cavs=[3] pred_boxes=10 gt_boxes=70 comm_bytes=0
frame=27/41 late_source=3/4 scenario=2026_07_29_02_32_08 timestamp=000112 receiver=4 cavs=[4, 5, 7] pred_boxes=30 gt_boxes=70 comm_bytes=71504
frame=27/41 late_source=4/4 scenario=2026_07_29_02_32_08 timestamp=000112 receiver=8 cavs=[8, 9, 10] pred_boxes=40 gt_boxes=70 comm_bytes=68704
sgcp_late_fusion frame=27/41 scenario=2026_07_29_02_32_08 timestamp=000112 sources=4 fused_pred_boxes=68 fused_gt_boxes=70
frame=28/41 late_source=1/4 scenario=2026_07_29_02_32_08 timestamp=000114 receiver=1 cavs=[1, 2, 6] pred_boxes=32 gt_boxes=69 comm_bytes=91616
frame=28/41 late_source=2/4 scenario=2026_07_29_02_32_08 timestamp=000114 receiver=3 cavs=[3] pred_boxes=8 gt_boxes=69 comm_bytes=0
frame=28/41 late_source=3/4 scenario=2026_07_29_02_32_08 timestamp=000114 receiver=4 cavs=[4, 5, 7] pred_boxes=27 gt_boxes=69 comm_bytes=69536
frame=28/41 late_source=4/4 scenario=2026_07_29_02_32_08 timestamp=000114 receiver=8 cavs=[8, 9, 10] pred_boxes=39 gt_boxes=69 comm_bytes=68672
sgcp_late_fusion frame=28/41 scenario=2026_07_29_02_32_08 timestamp=000114 sources=4 fused_pred_boxes=65 fused_gt_boxes=69
frame=29/41 late_source=1/4 scenario=2026_07_29_02_32_08 timestamp=000116 receiver=1 cavs=[1, 2, 6] pred_boxes=32 gt_boxes=69 comm_bytes=91744
frame=29/41 late_source=2/4 scenario=2026_07_29_02_32_08 timestamp=000116 receiver=3 cavs=[3] pred_boxes=9 gt_boxes=69 comm_bytes=0
frame=29/41 late_source=3/4 scenario=2026_07_29_02_32_08 timestamp=000116 receiver=4 cavs=[4, 5, 7] pred_boxes=29 gt_boxes=69 comm_bytes=69776
frame=29/41 late_source=4/4 scenario=2026_07_29_02_32_08 timestamp=000116 receiver=8 cavs=[8, 9, 10] pred_boxes=38 gt_boxes=69 comm_bytes=68640
sgcp_late_fusion frame=29/41 scenario=2026_07_29_02_32_08 timestamp=000116 sources=4 fused_pred_boxes=68 fused_gt_boxes=69
frame=30/41 late_source=1/4 scenario=2026_07_29_02_32_08 timestamp=000118 receiver=1 cavs=[1, 2, 6] pred_boxes=33 gt_boxes=69 comm_bytes=91376
frame=30/41 late_source=2/4 scenario=2026_07_29_02_32_08 timestamp=000118 receiver=3 cavs=[3] pred_boxes=8 gt_boxes=69 comm_bytes=0
frame=30/41 late_source=3/4 scenario=2026_07_29_02_32_08 timestamp=000118 receiver=4 cavs=[4, 5, 7] pred_boxes=29 gt_boxes=69 comm_bytes=70352
frame=30/41 late_source=4/4 scenario=2026_07_29_02_32_08 timestamp=000118 receiver=8 cavs=[8, 9, 10] pred_boxes=37 gt_boxes=69 comm_bytes=68544
sgcp_late_fusion frame=30/41 scenario=2026_07_29_02_32_08 timestamp=000118 sources=4 fused_pred_boxes=67 fused_gt_boxes=69
frame=31/41 late_source=1/4 scenario=2026_07_29_02_32_08 timestamp=000120 receiver=1 cavs=[1, 2, 6] pred_boxes=33 gt_boxes=69 comm_bytes=91216
frame=31/41 late_source=2/4 scenario=2026_07_29_02_32_08 timestamp=000120 receiver=3 cavs=[3] pred_boxes=7 gt_boxes=69 comm_bytes=0
frame=31/41 late_source=3/4 scenario=2026_07_29_02_32_08 timestamp=000120 receiver=4 cavs=[4, 5, 7] pred_boxes=32 gt_boxes=69 comm_bytes=70480
frame=31/41 late_source=4/4 scenario=2026_07_29_02_32_08 timestamp=000120 receiver=8 cavs=[8, 9, 10] pred_boxes=37 gt_boxes=69 comm_bytes=68480
sgcp_late_fusion frame=31/41 scenario=2026_07_29_02_32_08 timestamp=000120 sources=4 fused_pred_boxes=70 fused_gt_boxes=69
frame=32/41 late_source=1/4 scenario=2026_07_29_02_32_08 timestamp=000122 receiver=1 cavs=[1, 2, 6] pred_boxes=31 gt_boxes=69 comm_bytes=90992
frame=32/41 late_source=2/4 scenario=2026_07_29_02_32_08 timestamp=000122 receiver=3 cavs=[3] pred_boxes=8 gt_boxes=69 comm_bytes=0
frame=32/41 late_source=3/4 scenario=2026_07_29_02_32_08 timestamp=000122 receiver=4 cavs=[4, 5, 7] pred_boxes=31 gt_boxes=69 comm_bytes=70224
frame=32/41 late_source=4/4 scenario=2026_07_29_02_32_08 timestamp=000122 receiver=8 cavs=[8, 9, 10] pred_boxes=40 gt_boxes=69 comm_bytes=68448
sgcp_late_fusion frame=32/41 scenario=2026_07_29_02_32_08 timestamp=000122 sources=4 fused_pred_boxes=67 fused_gt_boxes=69
frame=33/41 late_source=1/4 scenario=2026_07_29_02_32_08 timestamp=000124 receiver=1 cavs=[1, 2, 6] pred_boxes=32 gt_boxes=69 comm_bytes=90800
frame=33/41 late_source=2/4 scenario=2026_07_29_02_32_08 timestamp=000124 receiver=3 cavs=[3] pred_boxes=9 gt_boxes=69 comm_bytes=0
frame=33/41 late_source=3/4 scenario=2026_07_29_02_32_08 timestamp=000124 receiver=4 cavs=[4, 5, 7] pred_boxes=31 gt_boxes=69 comm_bytes=70096
frame=33/41 late_source=4/4 scenario=2026_07_29_02_32_08 timestamp=000124 receiver=8 cavs=[8, 9, 10] pred_boxes=39 gt_boxes=69 comm_bytes=68512
sgcp_late_fusion frame=33/41 scenario=2026_07_29_02_32_08 timestamp=000124 sources=4 fused_pred_boxes=70 fused_gt_boxes=69
frame=34/41 late_source=1/4 scenario=2026_07_29_02_32_08 timestamp=000126 receiver=1 cavs=[1, 2, 6] pred_boxes=33 gt_boxes=69 comm_bytes=90768
frame=34/41 late_source=2/4 scenario=2026_07_29_02_32_08 timestamp=000126 receiver=3 cavs=[3] pred_boxes=9 gt_boxes=69 comm_bytes=0
frame=34/41 late_source=3/4 scenario=2026_07_29_02_32_08 timestamp=000126 receiver=4 cavs=[4, 5, 7] pred_boxes=32 gt_boxes=69 comm_bytes=69920
frame=34/41 late_source=4/4 scenario=2026_07_29_02_32_08 timestamp=000126 receiver=8 cavs=[8, 9, 10] pred_boxes=41 gt_boxes=69 comm_bytes=68464
sgcp_late_fusion frame=34/41 scenario=2026_07_29_02_32_08 timestamp=000126 sources=4 fused_pred_boxes=69 fused_gt_boxes=69
frame=35/41 late_source=1/4 scenario=2026_07_29_02_32_08 timestamp=000128 receiver=1 cavs=[1, 2, 6] pred_boxes=31 gt_boxes=69 comm_bytes=90800
frame=35/41 late_source=2/4 scenario=2026_07_29_02_32_08 timestamp=000128 receiver=3 cavs=[3] pred_boxes=9 gt_boxes=69 comm_bytes=0
frame=35/41 late_source=3/4 scenario=2026_07_29_02_32_08 timestamp=000128 receiver=4 cavs=[4, 5, 7] pred_boxes=31 gt_boxes=69 comm_bytes=69936
frame=35/41 late_source=4/4 scenario=2026_07_29_02_32_08 timestamp=000128 receiver=8 cavs=[8, 9, 10] pred_boxes=40 gt_boxes=69 comm_bytes=68432
sgcp_late_fusion frame=35/41 scenario=2026_07_29_02_32_08 timestamp=000128 sources=4 fused_pred_boxes=69 fused_gt_boxes=69
frame=36/41 late_source=1/4 scenario=2026_07_29_02_32_08 timestamp=000130 receiver=1 cavs=[1, 2, 6] pred_boxes=31 gt_boxes=68 comm_bytes=91040
frame=36/41 late_source=2/4 scenario=2026_07_29_02_32_08 timestamp=000130 receiver=3 cavs=[3] pred_boxes=8 gt_boxes=68 comm_bytes=0
frame=36/41 late_source=3/4 scenario=2026_07_29_02_32_08 timestamp=000130 receiver=4 cavs=[4, 5, 7] pred_boxes=31 gt_boxes=68 comm_bytes=70592
frame=36/41 late_source=4/4 scenario=2026_07_29_02_32_08 timestamp=000130 receiver=8 cavs=[8, 9, 10] pred_boxes=38 gt_boxes=68 comm_bytes=68528
sgcp_late_fusion frame=36/41 scenario=2026_07_29_02_32_08 timestamp=000130 sources=4 fused_pred_boxes=67 fused_gt_boxes=68Format = auto
Extension = pcd
Format = auto
Extension = pcd
Format = auto
Extension = pcd
Format = auto
Extension = pcd
Format = auto
Extension = pcd
Format = auto
Extension = pcd
Format = auto
Extension = pcd
Format = auto
Extension = pcd
Format = auto
Extension = pcd
Format = auto
Extension = pcd
Format = auto
Extension = pcd
Format = auto
Extension = pcd
Format = auto
Extension = pcd
Format = auto
Extension = pcd
Format = auto
Extension = pcd
Format = auto
Extension = pcd
Format = auto
Extension = pcd
Format = auto
Extension = pcd
Format = auto
Extension = pcd
Format = auto
Extension = pcd
Format = auto
Extension = pcd
Format = auto
Extension = pcd
Format = auto
Extension = pcd
Format = auto
Extension = pcd
Format = auto
Extension = pcd
Format = auto
Extension = pcd
Format = auto
Extension = pcd
Format = auto
Extension = pcd
Format = auto
Extension = pcd
Format = auto
Extension = pcd
Format = auto
Extension = pcd
Format = auto
Extension = pcd
Format = auto
Extension = pcd
Format = auto
Extension = pcd
Format = auto
Extension = pcd
Format = auto
Extension = pcd
Format = auto
Extension = pcd
Format = auto
Extension = pcd
Format = auto
Extension = pcd
Format = auto
Extension = pcd
Format = auto
Extension = pcd
Format = auto
Extension = pcd
Format = auto
Extension = pcd
Format = auto
Extension = pcd
Format = auto
Extension = pcd
Format = auto
Extension = pcd
Format = auto
Extension = pcd
Format = auto
Extension = pcd
Format = auto
Extension = pcd
Format = auto
Extension = pcd
C:\Users\sakakibara\miniconda3\envs\opencda\lib\site-packages\torch\nn\functional.py:1806: UserWarning: nn.functional.sigmoid is deprecated. Use torch.sigmoid instead.
  warnings.warn("nn.functional.sigmoid is deprecated. Use torch.sigmoid instead.")

frame=37/41 late_source=1/4 scenario=2026_07_29_02_32_08 timestamp=000132 receiver=1 cavs=[1, 2, 6] pred_boxes=31 gt_boxes=68 comm_bytes=90704
frame=37/41 late_source=2/4 scenario=2026_07_29_02_32_08 timestamp=000132 receiver=3 cavs=[3] pred_boxes=6 gt_boxes=68 comm_bytes=0
frame=37/41 late_source=3/4 scenario=2026_07_29_02_32_08 timestamp=000132 receiver=4 cavs=[4, 5, 7] pred_boxes=29 gt_boxes=68 comm_bytes=70784
frame=37/41 late_source=4/4 scenario=2026_07_29_02_32_08 timestamp=000132 receiver=8 cavs=[8, 9, 10] pred_boxes=42 gt_boxes=68 comm_bytes=68656
sgcp_late_fusion frame=37/41 scenario=2026_07_29_02_32_08 timestamp=000132 sources=4 fused_pred_boxes=68 fused_gt_boxes=68
frame=38/41 late_source=1/4 scenario=2026_07_29_02_32_08 timestamp=000134 receiver=1 cavs=[1, 2, 6] pred_boxes=31 gt_boxes=68 comm_bytes=91200
frame=38/41 late_source=2/4 scenario=2026_07_29_02_32_08 timestamp=000134 receiver=3 cavs=[3] pred_boxes=6 gt_boxes=68 comm_bytes=0
frame=38/41 late_source=3/4 scenario=2026_07_29_02_32_08 timestamp=000134 receiver=4 cavs=[4, 5, 7] pred_boxes=30 gt_boxes=68 comm_bytes=71520
frame=38/41 late_source=4/4 scenario=2026_07_29_02_32_08 timestamp=000134 receiver=8 cavs=[8, 9, 10] pred_boxes=40 gt_boxes=68 comm_bytes=68688
sgcp_late_fusion frame=38/41 scenario=2026_07_29_02_32_08 timestamp=000134 sources=4 fused_pred_boxes=65 fused_gt_boxes=68
frame=39/41 late_source=1/4 scenario=2026_07_29_02_32_08 timestamp=000136 receiver=1 cavs=[1, 2, 6] pred_boxes=31 gt_boxes=68 comm_bytes=91504
frame=39/41 late_source=2/4 scenario=2026_07_29_02_32_08 timestamp=000136 receiver=3 cavs=[3] pred_boxes=8 gt_boxes=68 comm_bytes=0
frame=39/41 late_source=3/4 scenario=2026_07_29_02_32_08 timestamp=000136 receiver=4 cavs=[4, 5, 7] pred_boxes=35 gt_boxes=68 comm_bytes=72640
frame=39/41 late_source=4/4 scenario=2026_07_29_02_32_08 timestamp=000136 receiver=8 cavs=[8, 9, 10] pred_boxes=39 gt_boxes=68 comm_bytes=68608
sgcp_late_fusion frame=39/41 scenario=2026_07_29_02_32_08 timestamp=000136 sources=4 fused_pred_boxes=69 fused_gt_boxes=68
frame=40/41 late_source=1/4 scenario=2026_07_29_02_32_08 timestamp=000138 receiver=1 cavs=[1, 2, 6] pred_boxes=30 gt_boxes=68 comm_bytes=91216
frame=40/41 late_source=2/4 scenario=2026_07_29_02_32_08 timestamp=000138 receiver=3 cavs=[3] pred_boxes=4 gt_boxes=68 comm_bytes=0
frame=40/41 late_source=3/4 scenario=2026_07_29_02_32_08 timestamp=000138 receiver=4 cavs=[4, 5, 7] pred_boxes=34 gt_boxes=68 comm_bytes=74224
frame=40/41 late_source=4/4 scenario=2026_07_29_02_32_08 timestamp=000138 receiver=8 cavs=[8, 9, 10] pred_boxes=41 gt_boxes=68 comm_bytes=68576
sgcp_late_fusion frame=40/41 scenario=2026_07_29_02_32_08 timestamp=000138 sources=4 fused_pred_boxes=65 fused_gt_boxes=68
frame=41/41 late_source=1/4 scenario=2026_07_29_02_32_08 timestamp=000140 receiver=1 cavs=[1, 2, 6] pred_boxes=31 gt_boxes=67 comm_bytes=91184
frame=41/41 late_source=2/4 scenario=2026_07_29_02_32_08 timestamp=000140 receiver=3 cavs=[3] pred_boxes=4 gt_boxes=67 comm_bytes=0
frame=41/41 late_source=3/4 scenario=2026_07_29_02_32_08 timestamp=000140 receiver=4 cavs=[4, 5, 7] pred_boxes=30 gt_boxes=67 comm_bytes=75424
frame=41/41 late_source=4/4 scenario=2026_07_29_02_32_08 timestamp=000140 receiver=8 cavs=[8, 9, 10] pred_boxes=40 gt_boxes=67 comm_bytes=68656
sgcp_late_fusion frame=41/41 scenario=2026_07_29_02_32_08 timestamp=000140 sources=4 fused_pred_boxes=65 fused_gt_boxes=67
cp counter: 41
Evaluate final average precision results:
  - Fusion method: early
  - The Average Precision at IOU 0.3 is 0.82, The Average Precision at IOU 0.5 is 0.75, The Average Precision at IOU 0.7 is 0.53
sgcp_summary frames=164 avg_comm_bytes=57927.51 total_comm_bytes=9500112 avg_source_cavs=2.50 avg_selected_grids=47.85
