Format = auto
Extension = pcd
Format = auto
Extension = pcd
Format = auto
Extension = pcd
Format = auto
Extension = pcd
Format = auto
Extension = pcd
Format = auto
Extension = pcd
Format = auto
Extension = pcd
Format = auto
Extension = pcd
Format = auto
Extension = pcd
Format = auto
Extension = pcd
Format = auto
Extension = pcd
Format = auto
Extension = pcd
Format = auto
Extension = pcd
Format = auto
Extension = pcd
Format = auto
Extension = pcd
Format = auto
Extension = pcd
Format = auto
Extension = pcd
Format = auto
Extension = pcd
Format = auto
Extension = pcd
Format = auto
Extension = pcd
Format = auto
Extension = pcd
Format = auto
Extension = pcd
Format = auto
Extension = pcd
Format = auto
Extension = pcd
Format = auto
Extension = pcd
Format = auto
Extension = pcd
Format = auto
Extension = pcd
Format = auto
Extension = pcd
Format = auto
Extension = pcd
Format = auto
Extension = pcd
Format = auto
Extension = pcd
Format = auto
Extension = pcd
Format = auto
Extension = pcd
Format = auto
Extension = pcd
Format = auto
Extension = pcd
Format = auto
Extension = pcd
Format = auto
Extension = pcd
Format = auto
Extension = pcd
Format = auto
Extension = pcd
Format = auto
Extension = pcd
Format = auto
Extension = pcd
Format = auto
Extension = pcd
Format = auto
Extension = pcd
Format = auto
Extension = pcd
Format = auto
Extension = pcd
Format = auto
Extension = pcd
Format = auto
Extension = pcd
Format = auto
Extension = pcd
Format = auto
Extension = pcd
Format = auto
Extension = pcd
Format = auto
Extension = pcd
Format = auto
Extension = pcd
Format = auto
Extension = pcd
Format = auto
Extension = pcd
Format = auto
Extension = pcd
Format = auto
Extension = pcd
Format = auto
Extension = pcd
Format = auto
Extension = pcd
Format = auto
Extension = pcd
Format = auto
Extension = pcd
Format = auto
Extension = pcd
Format = auto
Extension = pcd
Format = auto
Extension = pcd
Format = auto
Extension = pcd
Format = auto
Extension = pcd
Format = auto
Extension = pcd
Format = auto
Extension = pcd
Format = auto
Extension = pcd
Format = auto
Extension = pcd
Format = auto
Extension = pcd
Format = auto
Extension = pcd
Format = auto
Extension = pcd
Format = auto
Extension = pcd
Format = auto
Extension = pcd
Format = auto
Extension = pcd
Format = auto
Extension = pcd
Format = auto
Extension = pcd
Format = auto
Extension = pcd
Format = auto
Extension = pcd
Format = auto
Extension = pcd
Format = auto
Extension = pcd
Format = auto
Extension = pcd
Format = auto
Extension = pcd
Format = auto
Extension = pcd
Format = auto
Extension = pcd
Format = auto
Extension = pcd
Format = auto
Extension = pcd
Format = auto
Extension = pcd
Format = auto
Extension = pcd
Format = auto
Extension = pcd
Format = auto
Extension = pcd
Format = auto
Extension = pcd
Format = auto
Extension = pcd
Format = auto
Extension = pcd
Format = auto
Extension = pcd
Format = auto
Extension = pcd
Format = auto
Extension = pcd
Format = auto
Extension = pcd
Format = auto
Extension = pcd
Format = auto
Extension = pcd
Format = auto
Extension = pcd
Format = auto
Extension = pcd
Format = auto
Extension = pcd
Format = auto
Extension = pcd
Format = auto
Extension = pcd
Format = auto
Extension = pcd
Format = auto
Extension = pcd
Format = auto
Extension = pcd
Format = auto
Extension = pcd
Format = auto
Extension = pcd
Format = auto
Extension = pcd
Format = auto
Extension = pcd
Format = auto
Extension = pcd
Format = auto
Extension = pcd
Format = auto
Extension = pcd
Format = auto
Extension = pcd
Format = auto
Extension = pcd
Format = auto
Extension = pcd
Format = auto
Extension = pcd
Format = auto
Extension = pcd
Format = auto
Extension = pcd
Format = auto
Extension = pcd
Format = auto
Extension = pcd
Format = auto
Extension = pcd
Format = auto
Extension = pcd
Format = auto
Extension = pcd
Format = auto
Extension = pcd
Format = auto
Extension = pcd
Format = auto
Extension = pcd
Format = auto
Extension = pcd
Format = auto
Extension = pcd
Format = auto
Extension = pcd
Format = auto
Extension = pcd
Format = auto
Extension = pcd
Format = auto
Extension = pcd
Format = auto
Extension = pcd
Format = auto
Extension = pcd
Format = auto
Extension = pcd
Format = auto
Extension = pcd
Format = auto
Extension = pcd
Format = auto
Extension = pcd
Format = auto
Extension = pcd
Format = auto
Extension = pcd
Format = auto
Extension = pcd
Format = auto
Extension = pcd
Format = auto
Extension = pcd
Format = auto
Extension = pcd
Format = auto
Extension = pcd
Format = auto
Extension = pcd
Format = auto
Extension = pcd
Format = auto
Extension = pcd
Format = auto
Extension = pcd
Format = auto
Extension = pcd
Format = auto
Extension = pcd
Format = auto
Extension = pcd
Format = auto
Extension = pcd
Format = auto
Extension = pcd
Format = auto
Extension = pcd
Format = auto
Extension = pcd
Format = auto
Extension = pcd
resuming by loading epoch 10000
frame=1/41 late_source=1/7 scenario=2026_07_29_02_32_08 timestamp=000060 receiver=1 cavs=[1, 2, 11] pred_boxes=23 gt_boxes=48 comm_bytes=114960
frame=1/41 late_source=2/7 scenario=2026_07_29_02_32_08 timestamp=000060 receiver=10 cavs=[10, 9] pred_boxes=20 gt_boxes=40 comm_bytes=56224
frame=1/41 late_source=3/7 scenario=2026_07_29_02_32_08 timestamp=000060 receiver=12 cavs=[12, 4, 7] pred_boxes=20 gt_boxes=52 comm_bytes=107984
frame=1/41 late_source=4/7 scenario=2026_07_29_02_32_08 timestamp=000060 receiver=13 cavs=[13, 14] pred_boxes=4 gt_boxes=18 comm_bytes=85152
frame=1/41 late_source=5/7 scenario=2026_07_29_02_32_08 timestamp=000060 receiver=15 cavs=[15, 6] pred_boxes=17 gt_boxes=21 comm_bytes=64000
frame=1/41 late_source=6/7 scenario=2026_07_29_02_32_08 timestamp=000060 receiver=16 cavs=[16, 20] pred_boxes=22 gt_boxes=34 comm_bytes=42816
frame=1/41 late_source=7/7 scenario=2026_07_29_02_32_08 timestamp=000060 receiver=17 cavs=[17, 3, 18] pred_boxes=11 gt_boxes=20 comm_bytes=108160
sgcp_late_fusion frame=1/41 scenario=2026_07_29_02_32_08 timestamp=000060 sources=7 fused_pred_boxes=71 fused_gt_boxes=71
frame=2/41 late_source=1/7 scenario=2026_07_29_02_32_08 timestamp=000062 receiver=1 cavs=[1, 2, 11] pred_boxes=24 gt_boxes=48 comm_bytes=115568
frame=2/41 late_source=2/7 scenario=2026_07_29_02_32_08 timestamp=000062 receiver=10 cavs=[10, 9] pred_boxes=19 gt_boxes=38 comm_bytes=55328
frame=2/41 late_source=3/7 scenario=2026_07_29_02_32_08 timestamp=000062 receiver=12 cavs=[12, 4, 7] pred_boxes=21 gt_boxes=53 comm_bytes=109008
frame=2/41 late_source=4/7 scenario=2026_07_29_02_32_08 timestamp=000062 receiver=13 cavs=[13, 14] pred_boxes=4 gt_boxes=18 comm_bytes=85616
frame=2/41 late_source=5/7 scenario=2026_07_29_02_32_08 timestamp=000062 receiver=15 cavs=[15, 6] pred_boxes=16 gt_boxes=21 comm_bytes=62224
frame=2/41 late_source=6/7 scenario=2026_07_29_02_32_08 timestamp=000062 receiver=16 cavs=[16, 20] pred_boxes=19 gt_boxes=34 comm_bytes=42848
frame=2/41 late_source=7/7 scenario=2026_07_29_02_32_08 timestamp=000062 receiver=17 cavs=[17, 3, 18] pred_boxes=10 gt_boxes=21 comm_bytes=107104
sgcp_late_fusion frame=2/41 scenario=2026_07_29_02_32_08 timestamp=000062 sources=7 fused_pred_boxes=68 fused_gt_boxes=71
frame=3/41 late_source=1/7 scenario=2026_07_29_02_32_08 timestamp=000064 receiver=1 cavs=[1, 2, 11] pred_boxes=24 gt_boxes=48 comm_bytes=114816
frame=3/41 late_source=2/7 scenario=2026_07_29_02_32_08 timestamp=000064 receiver=10 cavs=[10, 9] pred_boxes=15 gt_boxes=40 comm_bytes=54272
frame=3/41 late_source=3/7 scenario=2026_07_29_02_32_08 timestamp=000064 receiver=12 cavs=[12, 4, 7] pred_boxes=19 gt_boxes=54 comm_bytes=109616
frame=3/41 late_source=4/7 scenario=2026_07_29_02_32_08 timestamp=000064 receiver=13 cavs=[13, 14] pred_boxes=3 gt_boxes=18 comm_bytes=86096
frame=3/41 late_source=5/7 scenario=2026_07_29_02_32_08 timestamp=000064 receiver=15 cavs=[15, 6] pred_boxes=17 gt_boxes=21 comm_bytes=62048
frame=3/41 late_source=6/7 scenario=2026_07_29_02_32_08 timestamp=000064 receiver=16 cavs=[16, 20] pred_boxes=18 gt_boxes=34 comm_bytes=43696
frame=3/41 late_source=7/7 scenario=2026_07_29_02_32_08 timestamp=000064 receiver=17 cavs=[17, 3, 18] pred_boxes=8 gt_boxes=21 comm_bytes=106352
sgcp_late_fusion frame=3/41 scenario=2026_07_29_02_32_08 timestamp=000064 sources=7 fused_pred_boxes=67 fused_gt_boxes=71
frame=4/41 late_source=1/6 scenario=2026_07_29_02_32_08 timestamp=000066 receiver=1 cavs=[1, 2, 11] pred_boxes=25 gt_boxes=48 comm_bytes=113904
frame=4/41 late_source=2/6 scenario=2026_07_29_02_32_08 timestamp=000066 receiver=12 cavs=[12, 4, 7] pred_boxes=17 gt_boxes=52 comm_bytes=110224
frame=4/41 late_source=3/6 scenario=2026_07_29_02_32_08 timestamp=000066 receiver=15 cavs=[15, 6] pred_boxes=18 gt_boxes=20 comm_bytes=61536
frame=4/41 late_source=4/6 scenario=2026_07_29_02_32_08 timestamp=000066 receiver=16 cavs=[16, 20] pred_boxes=20 gt_boxes=33 comm_bytes=44992
frame=4/41 late_source=5/6 scenario=2026_07_29_02_32_08 timestamp=000066 receiver=17 cavs=[17, 3, 14] pred_boxes=11 gt_boxes=21 comm_bytes=151584
frame=4/41 late_source=6/6 scenario=2026_07_29_02_32_08 timestamp=000066 receiver=19 cavs=[19, 10, 13] pred_boxes=11 gt_boxes=36 comm_bytes=135968
sgcp_late_fusion frame=4/41 scenario=2026_07_29_02_32_08 timestamp=000066 sources=6 fused_pred_boxes=73 fused_gt_boxes=71
frame=5/41 late_source=1/6 scenario=2026_07_29_02_32_08 timestamp=000068 receiver=1 cavs=[1, 4, 12] pred_boxes=27 gt_boxes=56 comm_bytes=126032
frame=5/41 late_source=2/6 scenario=2026_07_29_02_32_08 timestamp=000068 receiver=11 cavs=[11, 8, 19] pred_boxes=25 gt_boxes=52 comm_bytes=98448
frame=5/41 late_source=3/6 scenario=2026_07_29_02_32_08 timestamp=000068 receiver=13 cavs=[13, 10, 14] pred_boxes=12 gt_boxes=34 comm_bytes=173488
frame=5/41 late_source=4/6 scenario=2026_07_29_02_32_08 timestamp=000068 receiver=15 cavs=[15, 6] pred_boxes=18 gt_boxes=20 comm_bytes=61328
frame=5/41 late_source=5/6 scenario=2026_07_29_02_32_08 timestamp=000068 receiver=16 cavs=[16, 7] pred_boxes=18 gt_boxes=42 comm_bytes=66320
frame=5/41 late_source=6/6 scenario=2026_07_29_02_32_08 timestamp=000068 receiver=17 cavs=[17, 3, 18] pred_boxes=7 gt_boxes=20 comm_bytes=102944
sgcp_late_fusion frame=5/41 scenario=2026_07_29_02_32_08 timestamp=000068 sources=6 fused_pred_boxes=67 fused_gt_boxes=71
frame=6/41 late_source=1/6 scenario=2026_07_29_02_32_08 timestamp=000070 receiver=11 cavs=[11, 1, 19] pred_boxes=22 gt_boxes=50 comm_bytes=111472
frame=6/41 late_source=2/6 scenario=2026_07_29_02_32_08 timestamp=000070 receiver=12 cavs=[12, 7, 8] pred_boxes=21 gt_boxes=59 comm_bytes=119200
frame=6/41 late_source=3/6 scenario=2026_07_29_02_32_08 timestamp=000070 receiver=13 cavs=[13, 10, 14] pred_boxes=13 gt_boxes=33 comm_bytes=175008
frame=6/41 late_source=4/6 scenario=2026_07_29_02_32_08 timestamp=000070 receiver=15 cavs=[15, 6] pred_boxes=18 gt_boxes=20 comm_bytes=60864
frame=6/41 late_source=5/6 scenario=2026_07_29_02_32_08 timestamp=000070 receiver=16 cavs=[16, 20] pred_boxes=19 gt_boxes=34 comm_bytes=47104
frame=6/41 late_source=6/6 scenario=2026_07_29_02_32_08 timestamp=000070 receiver=17 cavs=[17, 3, 18] pred_boxes=9 gt_boxes=20 comm_bytes=101568
sgcp_late_fusion frame=6/41 scenario=2026_07_29_02_32_08 timestamp=000070 sources=6 fused_pred_boxes=69 fused_gt_boxes=71
frame=7/41 late_source=1/6 scenario=2026_07_29_02_32_08 timestamp=000072 receiver=11 cavs=[11, 1, 19] pred_boxes=24 gt_boxes=52 comm_bytes=111168
frame=7/41 late_source=2/6 scenario=2026_07_29_02_32_08 timestamp=000072 receiver=12 cavs=[12, 7, 8] pred_boxes=25 gt_boxes=58 comm_bytes=119072
frame=7/41 late_source=3/6 scenario=2026_07_29_02_32_08 timestamp=000072 receiver=13 cavs=[13, 10, 14] pred_boxes=13 gt_boxes=34 comm_bytes=172288
frame=7/41 late_source=4/6 scenario=2026_07_29_02_32_08 timestamp=000072 receiver=15 cavs=[15, 6] pred_boxes=18 gt_boxes=20 comm_bytes=60512
frame=7/41 late_source=5/6 scenario=2026_07_29_02_32_08 timestamp=000072 receiver=16 cavs=[16, 20] pred_boxes=19 gt_boxes=34 comm_bytes=48272
frame=7/41 late_source=6/6 scenario=2026_07_29_02_32_08 timestamp=000072 receiver=17 cavs=[17, 3, 18] pred_boxes=9 gt_boxes=20 comm_bytes=99456
sgcp_late_fusion frame=7/41 scenario=2026_07_29_02_32_08 timestamp=000072 sources=6 fused_pred_boxes=72 fused_gt_boxes=70
frame=8/41 late_source=1/6 scenario=2026_07_29_02_32_08 timestamp=000074 receiver=4 cavs=[4, 8, 12] pred_boxes=23 gt_boxes=49 comm_bytes=97584
frame=8/41 late_source=2/6 scenario=2026_07_29_02_32_08 timestamp=000074 receiver=11 cavs=[11, 1, 19] pred_boxes=22 gt_boxes=53 comm_bytes=111136
frame=8/41 late_source=3/6 scenario=2026_07_29_02_32_08 timestamp=000074 receiver=13 cavs=[13, 10, 14] pred_boxes=12 gt_boxes=32 comm_bytes=169312
frame=8/41 late_source=4/6 scenario=2026_07_29_02_32_08 timestamp=000074 receiver=15 cavs=[15, 6] pred_boxes=17 gt_boxes=21 comm_bytes=60000
frame=8/41 late_source=5/6 scenario=2026_07_29_02_32_08 timestamp=000074 receiver=16 cavs=[16, 7, 20] pred_boxes=19 gt_boxes=42 comm_bytes=107600
frame=8/41 late_source=6/6 scenario=2026_07_29_02_32_08 timestamp=000074 receiver=17 cavs=[17, 3] pred_boxes=10 gt_boxes=20 comm_bytes=56608Format = auto
Extension = pcd
Format = auto
Extension = pcd
Format = auto
Extension = pcd
Format = auto
Extension = pcd
Format = auto
Extension = pcd
Format = auto
Extension = pcd
Format = auto
Extension = pcd
Format = auto
Extension = pcd
Format = auto
Extension = pcd
Format = auto
Extension = pcd
Format = auto
Extension = pcd
Format = auto
Extension = pcd
Format = auto
Extension = pcd
Format = auto
Extension = pcd
Format = auto
Extension = pcd
Format = auto
Extension = pcd
Format = auto
Extension = pcd
Format = auto
Extension = pcd
Format = auto
Extension = pcd
Format = auto
Extension = pcd
Format = auto
Extension = pcd
Format = auto
Extension = pcd
Format = auto
Extension = pcd
Format = auto
Extension = pcd
Format = auto
Extension = pcd
Format = auto
Extension = pcd
Format = auto
Extension = pcd
Format = auto
Extension = pcd
Format = auto
Extension = pcd
Format = auto
Extension = pcd
Format = auto
Extension = pcd
Format = auto
Extension = pcd
Format = auto
Extension = pcd
Format = auto
Extension = pcd
Format = auto
Extension = pcd
Format = auto
Extension = pcd
Format = auto
Extension = pcd
Format = auto
Extension = pcd
Format = auto
Extension = pcd
Format = auto
Extension = pcd
Format = auto
Extension = pcd
Format = auto
Extension = pcd
Format = auto
Extension = pcd
Format = auto
Extension = pcd
Format = auto
Extension = pcd
Format = auto
Extension = pcd
Format = auto
Extension = pcd
Format = auto
Extension = pcd
Format = auto
Extension = pcd
Format = auto
Extension = pcd
Format = auto
Extension = pcd
Format = auto
Extension = pcd
Format = auto
Extension = pcd
Format = auto
Extension = pcd
Format = auto
Extension = pcd
Format = auto
Extension = pcd
Format = auto
Extension = pcd
Format = auto
Extension = pcd
Format = auto
Extension = pcd
Format = auto
Extension = pcd
Format = auto
Extension = pcd
Format = auto
Extension = pcd
Format = auto
Extension = pcd
Format = auto
Extension = pcd
Format = auto
Extension = pcd
Format = auto
Extension = pcd
Format = auto
Extension = pcd
Format = auto
Extension = pcd
Format = auto
Extension = pcd
Format = auto
Extension = pcd
Format = auto
Extension = pcd
Format = auto
Extension = pcd
Format = auto
Extension = pcd
Format = auto
Extension = pcd
Format = auto
Extension = pcd
Format = auto
Extension = pcd
Format = auto
Extension = pcd
Format = auto
Extension = pcd
Format = auto
Extension = pcd
Format = auto
Extension = pcd
Format = auto
Extension = pcd
Format = auto
Extension = pcd
Format = auto
Extension = pcd
Format = auto
Extension = pcd
Format = auto
Extension = pcd
Format = auto
Extension = pcd
Format = auto
Extension = pcd
Format = auto
Extension = pcd
Format = auto
Extension = pcd
Format = auto
Extension = pcd
Format = auto
Extension = pcd
Format = auto
Extension = pcd
Format = auto
Extension = pcd
Format = auto
Extension = pcd
Format = auto
Extension = pcd
Format = auto
Extension = pcd
Format = auto
Extension = pcd
Format = auto
Extension = pcd
Format = auto
Extension = pcd
Format = auto
Extension = pcd
Format = auto
Extension = pcd
Format = auto
Extension = pcd
Format = auto
Extension = pcd
Format = auto
Extension = pcd
Format = auto
Extension = pcd
Format = auto
Extension = pcd
Format = auto
Extension = pcd
Format = auto
Extension = pcd
Format = auto
Extension = pcd
Format = auto
Extension = pcd
Format = auto
Extension = pcd
Format = auto
Extension = pcd
Format = auto
Extension = pcd
Format = auto
Extension = pcd
Format = auto
Extension = pcd
Format = auto
Extension = pcd
Format = auto
Extension = pcd
Format = auto
Extension = pcd
Format = auto
Extension = pcd
Format = auto
Extension = pcd
Format = auto
Extension = pcd
Format = auto
Extension = pcd
Format = auto
Extension = pcd
Format = auto
Extension = pcd
Format = auto
Extension = pcd
Format = auto
Extension = pcd
Format = auto
Extension = pcd
Format = auto
Extension = pcd
Format = auto
Extension = pcd
Format = auto
Extension = pcd
Format = auto
Extension = pcd
Format = auto
Extension = pcd
Format = auto
Extension = pcd
Format = auto
Extension = pcd
Format = auto
Extension = pcd
Format = auto
Extension = pcd
Format = auto
Extension = pcd
Format = auto
Extension = pcd
Format = auto
Extension = pcd
Format = auto
Extension = pcd
Format = auto
Extension = pcd
Format = auto
Extension = pcd
Format = auto
Extension = pcd
Format = auto
Extension = pcd
Format = auto
Extension = pcd
Format = auto
Extension = pcd
Format = auto
Extension = pcd
Format = auto
Extension = pcd
Format = auto
Extension = pcd
Format = auto
Extension = pcd
Format = auto
Extension = pcd
Format = auto
Extension = pcd
Format = auto
Extension = pcd
Format = auto
Extension = pcd
Format = auto
Extension = pcd
Format = auto
Extension = pcd
Format = auto
Extension = pcd
Format = auto
Extension = pcd
Format = auto
Extension = pcd
Format = auto
Extension = pcd

sgcp_late_fusion frame=8/41 scenario=2026_07_29_02_32_08 timestamp=000074 sources=6 fused_pred_boxes=69 fused_gt_boxes=69
frame=9/41 late_source=1/6 scenario=2026_07_29_02_32_08 timestamp=000076 receiver=4 cavs=[4, 8, 12] pred_boxes=22 gt_boxes=50 comm_bytes=98656
frame=9/41 late_source=2/6 scenario=2026_07_29_02_32_08 timestamp=000076 receiver=11 cavs=[11, 1, 19] pred_boxes=22 gt_boxes=53 comm_bytes=111120
frame=9/41 late_source=3/6 scenario=2026_07_29_02_32_08 timestamp=000076 receiver=13 cavs=[13, 10, 14] pred_boxes=15 gt_boxes=32 comm_bytes=166080
frame=9/41 late_source=4/6 scenario=2026_07_29_02_32_08 timestamp=000076 receiver=15 cavs=[15, 6] pred_boxes=15 gt_boxes=22 comm_bytes=60560
frame=9/41 late_source=5/6 scenario=2026_07_29_02_32_08 timestamp=000076 receiver=16 cavs=[16, 7, 20] pred_boxes=19 gt_boxes=42 comm_bytes=108592
frame=9/41 late_source=6/6 scenario=2026_07_29_02_32_08 timestamp=000076 receiver=17 cavs=[17, 3] pred_boxes=11 gt_boxes=20 comm_bytes=55872
sgcp_late_fusion frame=9/41 scenario=2026_07_29_02_32_08 timestamp=000076 sources=6 fused_pred_boxes=67 fused_gt_boxes=69
frame=10/41 late_source=1/6 scenario=2026_07_29_02_32_08 timestamp=000078 receiver=4 cavs=[4, 8, 12] pred_boxes=22 gt_boxes=50 comm_bytes=100240
frame=10/41 late_source=2/6 scenario=2026_07_29_02_32_08 timestamp=000078 receiver=11 cavs=[11, 1, 19] pred_boxes=22 gt_boxes=53 comm_bytes=111040
frame=10/41 late_source=3/6 scenario=2026_07_29_02_32_08 timestamp=000078 receiver=13 cavs=[13, 10, 14] pred_boxes=14 gt_boxes=33 comm_bytes=163408
frame=10/41 late_source=4/6 scenario=2026_07_29_02_32_08 timestamp=000078 receiver=15 cavs=[15, 6] pred_boxes=16 gt_boxes=22 comm_bytes=61440
frame=10/41 late_source=5/6 scenario=2026_07_29_02_32_08 timestamp=000078 receiver=16 cavs=[16, 7, 20] pred_boxes=24 gt_boxes=42 comm_bytes=110000
frame=10/41 late_source=6/6 scenario=2026_07_29_02_32_08 timestamp=000078 receiver=17 cavs=[17, 3] pred_boxes=10 gt_boxes=20 comm_bytes=55936
sgcp_late_fusion frame=10/41 scenario=2026_07_29_02_32_08 timestamp=000078 sources=6 fused_pred_boxes=69 fused_gt_boxes=69
frame=11/41 late_source=1/6 scenario=2026_07_29_02_32_08 timestamp=000080 receiver=11 cavs=[11, 1, 19] pred_boxes=23 gt_boxes=52 comm_bytes=110896
frame=11/41 late_source=2/6 scenario=2026_07_29_02_32_08 timestamp=000080 receiver=12 cavs=[12, 7, 8] pred_boxes=21 gt_boxes=57 comm_bytes=119744
frame=11/41 late_source=3/6 scenario=2026_07_29_02_32_08 timestamp=000080 receiver=13 cavs=[13, 10, 14] pred_boxes=10 gt_boxes=33 comm_bytes=163760
frame=11/41 late_source=4/6 scenario=2026_07_29_02_32_08 timestamp=000080 receiver=15 cavs=[15, 6] pred_boxes=14 gt_boxes=22 comm_bytes=63072
frame=11/41 late_source=5/6 scenario=2026_07_29_02_32_08 timestamp=000080 receiver=16 cavs=[16, 20] pred_boxes=16 gt_boxes=35 comm_bytes=51200
frame=11/41 late_source=6/6 scenario=2026_07_29_02_32_08 timestamp=000080 receiver=17 cavs=[17, 3, 18] pred_boxes=10 gt_boxes=21 comm_bytes=110608
sgcp_late_fusion frame=11/41 scenario=2026_07_29_02_32_08 timestamp=000080 sources=6 fused_pred_boxes=64 fused_gt_boxes=70
frame=12/41 late_source=1/7 scenario=2026_07_29_02_32_08 timestamp=000082 receiver=1 cavs=[1, 2, 11] pred_boxes=27 gt_boxes=50 comm_bytes=107008
frame=12/41 late_source=2/7 scenario=2026_07_29_02_32_08 timestamp=000082 receiver=10 cavs=[10, 9] pred_boxes=20 gt_boxes=38 comm_bytes=53104
frame=12/41 late_source=3/7 scenario=2026_07_29_02_32_08 timestamp=000082 receiver=12 cavs=[12, 4, 7] pred_boxes=17 gt_boxes=50 comm_bytes=118656
frame=12/41 late_source=4/7 scenario=2026_07_29_02_32_08 timestamp=000082 receiver=13 cavs=[13, 14] pred_boxes=5 gt_boxes=18 comm_bytes=88240
frame=12/41 late_source=5/7 scenario=2026_07_29_02_32_08 timestamp=000082 receiver=15 cavs=[15, 6] pred_boxes=17 gt_boxes=22 comm_bytes=64704
frame=12/41 late_source=6/7 scenario=2026_07_29_02_32_08 timestamp=000082 receiver=17 cavs=[17, 3, 16] pred_boxes=11 gt_boxes=33 comm_bytes=144144
frame=12/41 late_source=7/7 scenario=2026_07_29_02_32_08 timestamp=000082 receiver=20 cavs=[20, 5] pred_boxes=21 gt_boxes=35 comm_bytes=23552
sgcp_late_fusion frame=12/41 scenario=2026_07_29_02_32_08 timestamp=000082 sources=7 fused_pred_boxes=69 fused_gt_boxes=70
frame=13/41 late_source=1/7 scenario=2026_07_29_02_32_08 timestamp=000084 receiver=1 cavs=[1, 2, 11] pred_boxes=27 gt_boxes=48 comm_bytes=106096
frame=13/41 late_source=2/7 scenario=2026_07_29_02_32_08 timestamp=000084 receiver=10 cavs=[10, 9] pred_boxes=23 gt_boxes=37 comm_bytes=52960
frame=13/41 late_source=3/7 scenario=2026_07_29_02_32_08 timestamp=000084 receiver=12 cavs=[12, 4, 7] pred_boxes=16 gt_boxes=49 comm_bytes=119872
frame=13/41 late_source=4/7 scenario=2026_07_29_02_32_08 timestamp=000084 receiver=13 cavs=[13, 14] pred_boxes=5 gt_boxes=17 comm_bytes=86512
frame=13/41 late_source=5/7 scenario=2026_07_29_02_32_08 timestamp=000084 receiver=15 cavs=[15, 6] pred_boxes=16 gt_boxes=22 comm_bytes=65040
frame=13/41 late_source=6/7 scenario=2026_07_29_02_32_08 timestamp=000084 receiver=17 cavs=[17, 3, 16] pred_boxes=12 gt_boxes=32 comm_bytes=143936
frame=13/41 late_source=7/7 scenario=2026_07_29_02_32_08 timestamp=000084 receiver=20 cavs=[20, 5] pred_boxes=21 gt_boxes=36 comm_bytes=23792
sgcp_late_fusion frame=13/41 scenario=2026_07_29_02_32_08 timestamp=000084 sources=7 fused_pred_boxes=72 fused_gt_boxes=70
frame=14/41 late_source=1/7 scenario=2026_07_29_02_32_08 timestamp=000086 receiver=1 cavs=[1, 2, 11] pred_boxes=27 gt_boxes=49 comm_bytes=105792
frame=14/41 late_source=2/7 scenario=2026_07_29_02_32_08 timestamp=000086 receiver=10 cavs=[10, 9] pred_boxes=21 gt_boxes=39 comm_bytes=53040
frame=14/41 late_source=3/7 scenario=2026_07_29_02_32_08 timestamp=000086 receiver=12 cavs=[12, 4, 7] pred_boxes=17 gt_boxes=50 comm_bytes=120096
frame=14/41 late_source=4/7 scenario=2026_07_29_02_32_08 timestamp=000086 receiver=13 cavs=[13, 14] pred_boxes=3 gt_boxes=15 comm_bytes=85552
frame=14/41 late_source=5/7 scenario=2026_07_29_02_32_08 timestamp=000086 receiver=15 cavs=[15, 6] pred_boxes=15 gt_boxes=23 comm_bytes=64672
frame=14/41 late_source=6/7 scenario=2026_07_29_02_32_08 timestamp=000086 receiver=17 cavs=[17, 3, 16] pred_boxes=10 gt_boxes=31 comm_bytes=143712
frame=14/41 late_source=7/7 scenario=2026_07_29_02_32_08 timestamp=000086 receiver=20 cavs=[20, 5] pred_boxes=23 gt_boxes=36 comm_bytes=23872
sgcp_late_fusion frame=14/41 scenario=2026_07_29_02_32_08 timestamp=000086 sources=7 fused_pred_boxes=69 fused_gt_boxes=70
frame=15/41 late_source=1/7 scenario=2026_07_29_02_32_08 timestamp=000088 receiver=1 cavs=[1, 2, 11] pred_boxes=25 gt_boxes=49 comm_bytes=105536
frame=15/41 late_source=2/7 scenario=2026_07_29_02_32_08 timestamp=000088 receiver=10 cavs=[10, 9] pred_boxes=22 gt_boxes=39 comm_bytes=52864
frame=15/41 late_source=3/7 scenario=2026_07_29_02_32_08 timestamp=000088 receiver=12 cavs=[12, 4, 7] pred_boxes=16 gt_boxes=50 comm_bytes=116592
frame=15/41 late_source=4/7 scenario=2026_07_29_02_32_08 timestamp=000088 receiver=13 cavs=[13, 14] pred_boxes=3 gt_boxes=15 comm_bytes=88384
frame=15/41 late_source=5/7 scenario=2026_07_29_02_32_08 timestamp=000088 receiver=15 cavs=[15, 6] pred_boxes=15 gt_boxes=23 comm_bytes=64336
frame=15/41 late_source=6/7 scenario=2026_07_29_02_32_08 timestamp=000088 receiver=17 cavs=[17, 3, 16] pred_boxes=10 gt_boxes=30 comm_bytes=143776
frame=15/41 late_source=7/7 scenario=2026_07_29_02_32_08 timestamp=000088 receiver=20 cavs=[20, 5] pred_boxes=23 gt_boxes=35 comm_bytes=24320
sgcp_late_fusion frame=15/41 scenario=2026_07_29_02_32_08 timestamp=000088 sources=7 fused_pred_boxes=68 fused_gt_boxes=70
frame=16/41 late_source=1/7 scenario=2026_07_29_02_32_08 timestamp=000090 receiver=1 cavs=[1, 8, 11] pred_boxes=20 gt_boxes=49 comm_bytes=105424
frame=16/41 late_source=2/7 scenario=2026_07_29_02_32_08 timestamp=000090 receiver=10 cavs=[10, 9] pred_boxes=23 gt_boxes=39 comm_bytes=52400
frame=16/41 late_source=3/7 scenario=2026_07_29_02_32_08 timestamp=000090 receiver=12 cavs=[12, 4, 7] pred_boxes=15 gt_boxes=50 comm_bytes=117424
frame=16/41 late_source=4/7 scenario=2026_07_29_02_32_08 timestamp=000090 receiver=13 cavs=[13, 14] pred_boxes=3 gt_boxes=15 comm_bytes=91904Format = auto
Extension = pcd
Format = auto
Extension = pcd
Format = auto
Extension = pcd
Format = auto
Extension = pcd
Format = auto
Extension = pcd
Format = auto
Extension = pcd
Format = auto
Extension = pcd
Format = auto
Extension = pcd
Format = auto
Extension = pcd
Format = auto
Extension = pcd
Format = auto
Extension = pcd
Format = auto
Extension = pcd
Format = auto
Extension = pcd
Format = auto
Extension = pcd
Format = auto
Extension = pcd
Format = auto
Extension = pcd
Format = auto
Extension = pcd
Format = auto
Extension = pcd
Format = auto
Extension = pcd
Format = auto
Extension = pcd
Format = auto
Extension = pcd
Format = auto
Extension = pcd
Format = auto
Extension = pcd
Format = auto
Extension = pcd
Format = auto
Extension = pcd
Format = auto
Extension = pcd
Format = auto
Extension = pcd
Format = auto
Extension = pcd
Format = auto
Extension = pcd
Format = auto
Extension = pcd
Format = auto
Extension = pcd
Format = auto
Extension = pcd
Format = auto
Extension = pcd
Format = auto
Extension = pcd
Format = auto
Extension = pcd
Format = auto
Extension = pcd
Format = auto
Extension = pcd
Format = auto
Extension = pcd
Format = auto
Extension = pcd
Format = auto
Extension = pcd
Format = auto
Extension = pcd
Format = auto
Extension = pcd
Format = auto
Extension = pcd
Format = auto
Extension = pcd
Format = auto
Extension = pcd
Format = auto
Extension = pcd
Format = auto
Extension = pcd
Format = auto
Extension = pcd
Format = auto
Extension = pcd
Format = auto
Extension = pcd
Format = auto
Extension = pcd
Format = auto
Extension = pcd
Format = auto
Extension = pcd
Format = auto
Extension = pcd
Format = auto
Extension = pcd
Format = auto
Extension = pcd
Format = auto
Extension = pcd
Format = auto
Extension = pcd
Format = auto
Extension = pcd
Format = auto
Extension = pcd
Format = auto
Extension = pcd
Format = auto
Extension = pcd
Format = auto
Extension = pcd
Format = auto
Extension = pcd
Format = auto
Extension = pcd
Format = auto
Extension = pcd
Format = auto
Extension = pcd
Format = auto
Extension = pcd
Format = auto
Extension = pcd
Format = auto
Extension = pcd
Format = auto
Extension = pcd
Format = auto
Extension = pcd
Format = auto
Extension = pcd
Format = auto
Extension = pcd
Format = auto
Extension = pcd
Format = auto
Extension = pcd
Format = auto
Extension = pcd
Format = auto
Extension = pcd
Format = auto
Extension = pcd
Format = auto
Extension = pcd
Format = auto
Extension = pcd
Format = auto
Extension = pcd
Format = auto
Extension = pcd
Format = auto
Extension = pcd
Format = auto
Extension = pcd
Format = auto
Extension = pcd
Format = auto
Extension = pcd
Format = auto
Extension = pcd
Format = auto
Extension = pcd
Format = auto
Extension = pcd
Format = auto
Extension = pcd
Format = auto
Extension = pcd
Format = auto
Extension = pcd
Format = auto
Extension = pcd
Format = auto
Extension = pcd
Format = auto
Extension = pcd
Format = auto
Extension = pcd
Format = auto
Extension = pcd
Format = auto
Extension = pcd
Format = auto
Extension = pcd
Format = auto
Extension = pcd
Format = auto
Extension = pcd
Format = auto
Extension = pcd
Format = auto
Extension = pcd
Format = auto
Extension = pcd
Format = auto
Extension = pcd
Format = auto
Extension = pcd
Format = auto
Extension = pcd
Format = auto
Extension = pcd
Format = auto
Extension = pcd
Format = auto
Extension = pcd
Format = auto
Extension = pcd
Format = auto
Extension = pcd
Format = auto
Extension = pcd
Format = auto
Extension = pcd
Format = auto
Extension = pcd
Format = auto
Extension = pcd
Format = auto
Extension = pcd
Format = auto
Extension = pcd
Format = auto
Extension = pcd
Format = auto
Extension = pcd
Format = auto
Extension = pcd
Format = auto
Extension = pcd
Format = auto
Extension = pcd
Format = auto
Extension = pcd
Format = auto
Extension = pcd
Format = auto
Extension = pcd
Format = auto
Extension = pcd
Format = auto
Extension = pcd
Format = auto
Extension = pcd
Format = auto
Extension = pcd
Format = auto
Extension = pcd
Format = auto
Extension = pcd
Format = auto
Extension = pcd
Format = auto
Extension = pcd
Format = auto
Extension = pcd
Format = auto
Extension = pcd
Format = auto
Extension = pcd
Format = auto
Extension = pcd
Format = auto
Extension = pcd

frame=16/41 late_source=5/7 scenario=2026_07_29_02_32_08 timestamp=000090 receiver=15 cavs=[15, 6] pred_boxes=16 gt_boxes=23 comm_bytes=65824
frame=16/41 late_source=6/7 scenario=2026_07_29_02_32_08 timestamp=000090 receiver=17 cavs=[17, 3, 16] pred_boxes=11 gt_boxes=31 comm_bytes=145328
frame=16/41 late_source=7/7 scenario=2026_07_29_02_32_08 timestamp=000090 receiver=20 cavs=[20, 5] pred_boxes=20 gt_boxes=37 comm_bytes=24560
sgcp_late_fusion frame=16/41 scenario=2026_07_29_02_32_08 timestamp=000090 sources=7 fused_pred_boxes=66 fused_gt_boxes=71
frame=17/41 late_source=1/7 scenario=2026_07_29_02_32_08 timestamp=000092 receiver=1 cavs=[1, 8, 11] pred_boxes=20 gt_boxes=48 comm_bytes=105424
frame=17/41 late_source=2/7 scenario=2026_07_29_02_32_08 timestamp=000092 receiver=10 cavs=[10, 9] pred_boxes=22 gt_boxes=39 comm_bytes=52336
frame=17/41 late_source=3/7 scenario=2026_07_29_02_32_08 timestamp=000092 receiver=12 cavs=[12, 4, 7] pred_boxes=14 gt_boxes=50 comm_bytes=118112
frame=17/41 late_source=4/7 scenario=2026_07_29_02_32_08 timestamp=000092 receiver=13 cavs=[13, 14] pred_boxes=4 gt_boxes=14 comm_bytes=92736
frame=17/41 late_source=5/7 scenario=2026_07_29_02_32_08 timestamp=000092 receiver=15 cavs=[15, 6] pred_boxes=18 gt_boxes=23 comm_bytes=70416
frame=17/41 late_source=6/7 scenario=2026_07_29_02_32_08 timestamp=000092 receiver=17 cavs=[17, 3, 16] pred_boxes=12 gt_boxes=30 comm_bytes=146800
frame=17/41 late_source=7/7 scenario=2026_07_29_02_32_08 timestamp=000092 receiver=20 cavs=[20, 5] pred_boxes=23 gt_boxes=37 comm_bytes=24880
sgcp_late_fusion frame=17/41 scenario=2026_07_29_02_32_08 timestamp=000092 sources=7 fused_pred_boxes=67 fused_gt_boxes=71
frame=18/41 late_source=1/7 scenario=2026_07_29_02_32_08 timestamp=000094 receiver=1 cavs=[1, 8, 11] pred_boxes=20 gt_boxes=48 comm_bytes=105424
frame=18/41 late_source=2/7 scenario=2026_07_29_02_32_08 timestamp=000094 receiver=10 cavs=[10, 9] pred_boxes=21 gt_boxes=40 comm_bytes=52336
frame=18/41 late_source=3/7 scenario=2026_07_29_02_32_08 timestamp=000094 receiver=12 cavs=[12, 4, 7] pred_boxes=14 gt_boxes=49 comm_bytes=119584
frame=18/41 late_source=4/7 scenario=2026_07_29_02_32_08 timestamp=000094 receiver=13 cavs=[13, 14] pred_boxes=3 gt_boxes=14 comm_bytes=92448
frame=18/41 late_source=5/7 scenario=2026_07_29_02_32_08 timestamp=000094 receiver=15 cavs=[15, 6] pred_boxes=18 gt_boxes=25 comm_bytes=72064
frame=18/41 late_source=6/7 scenario=2026_07_29_02_32_08 timestamp=000094 receiver=17 cavs=[17, 3, 16] pred_boxes=13 gt_boxes=31 comm_bytes=147360
frame=18/41 late_source=7/7 scenario=2026_07_29_02_32_08 timestamp=000094 receiver=20 cavs=[20, 5] pred_boxes=22 gt_boxes=36 comm_bytes=25184
sgcp_late_fusion frame=18/41 scenario=2026_07_29_02_32_08 timestamp=000094 sources=7 fused_pred_boxes=67 fused_gt_boxes=71
frame=19/41 late_source=1/7 scenario=2026_07_29_02_32_08 timestamp=000096 receiver=1 cavs=[1, 8, 11] pred_boxes=23 gt_boxes=48 comm_bytes=105424
frame=19/41 late_source=2/7 scenario=2026_07_29_02_32_08 timestamp=000096 receiver=10 cavs=[10, 9] pred_boxes=22 gt_boxes=40 comm_bytes=52320
frame=19/41 late_source=3/7 scenario=2026_07_29_02_32_08 timestamp=000096 receiver=12 cavs=[12, 4, 7] pred_boxes=13 gt_boxes=49 comm_bytes=120768
frame=19/41 late_source=4/7 scenario=2026_07_29_02_32_08 timestamp=000096 receiver=13 cavs=[13, 14] pred_boxes=2 gt_boxes=14 comm_bytes=91760
frame=19/41 late_source=5/7 scenario=2026_07_29_02_32_08 timestamp=000096 receiver=15 cavs=[15, 6] pred_boxes=17 gt_boxes=25 comm_bytes=73568
frame=19/41 late_source=6/7 scenario=2026_07_29_02_32_08 timestamp=000096 receiver=17 cavs=[17, 3, 16] pred_boxes=14 gt_boxes=31 comm_bytes=143776
frame=19/41 late_source=7/7 scenario=2026_07_29_02_32_08 timestamp=000096 receiver=20 cavs=[20, 5] pred_boxes=21 gt_boxes=34 comm_bytes=25792
sgcp_late_fusion frame=19/41 scenario=2026_07_29_02_32_08 timestamp=000096 sources=7 fused_pred_boxes=67 fused_gt_boxes=71
frame=20/41 late_source=1/7 scenario=2026_07_29_02_32_08 timestamp=000098 receiver=1 cavs=[1, 8, 11] pred_boxes=23 gt_boxes=50 comm_bytes=105424
frame=20/41 late_source=2/7 scenario=2026_07_29_02_32_08 timestamp=000098 receiver=10 cavs=[10, 9] pred_boxes=22 gt_boxes=40 comm_bytes=52320
frame=20/41 late_source=3/7 scenario=2026_07_29_02_32_08 timestamp=000098 receiver=12 cavs=[12, 4, 7] pred_boxes=13 gt_boxes=49 comm_bytes=122416
frame=20/41 late_source=4/7 scenario=2026_07_29_02_32_08 timestamp=000098 receiver=13 cavs=[13, 14] pred_boxes=3 gt_boxes=14 comm_bytes=89344
frame=20/41 late_source=5/7 scenario=2026_07_29_02_32_08 timestamp=000098 receiver=15 cavs=[15, 6] pred_boxes=17 gt_boxes=26 comm_bytes=75968
frame=20/41 late_source=6/7 scenario=2026_07_29_02_32_08 timestamp=000098 receiver=17 cavs=[17, 3, 16] pred_boxes=12 gt_boxes=31 comm_bytes=140976
frame=20/41 late_source=7/7 scenario=2026_07_29_02_32_08 timestamp=000098 receiver=20 cavs=[20, 5] pred_boxes=23 gt_boxes=35 comm_bytes=26496
sgcp_late_fusion frame=20/41 scenario=2026_07_29_02_32_08 timestamp=000098 sources=7 fused_pred_boxes=68 fused_gt_boxes=71
frame=21/41 late_source=1/7 scenario=2026_07_29_02_32_08 timestamp=000100 receiver=1 cavs=[1, 8, 11] pred_boxes=21 gt_boxes=51 comm_bytes=105424
frame=21/41 late_source=2/7 scenario=2026_07_29_02_32_08 timestamp=000100 receiver=10 cavs=[10, 9] pred_boxes=22 gt_boxes=38 comm_bytes=52320
frame=21/41 late_source=3/7 scenario=2026_07_29_02_32_08 timestamp=000100 receiver=12 cavs=[12, 4, 7] pred_boxes=14 gt_boxes=49 comm_bytes=124176
frame=21/41 late_source=4/7 scenario=2026_07_29_02_32_08 timestamp=000100 receiver=13 cavs=[13, 14] pred_boxes=4 gt_boxes=16 comm_bytes=85568
frame=21/41 late_source=5/7 scenario=2026_07_29_02_32_08 timestamp=000100 receiver=15 cavs=[15, 6] pred_boxes=16 gt_boxes=29 comm_bytes=76576
frame=21/41 late_source=6/7 scenario=2026_07_29_02_32_08 timestamp=000100 receiver=17 cavs=[17, 3, 16] pred_boxes=15 gt_boxes=27 comm_bytes=143360
frame=21/41 late_source=7/7 scenario=2026_07_29_02_32_08 timestamp=000100 receiver=20 cavs=[20, 5] pred_boxes=24 gt_boxes=36 comm_bytes=27312
sgcp_late_fusion frame=21/41 scenario=2026_07_29_02_32_08 timestamp=000100 sources=7 fused_pred_boxes=69 fused_gt_boxes=71
frame=22/41 late_source=1/7 scenario=2026_07_29_02_32_08 timestamp=000102 receiver=1 cavs=[1, 8, 11] pred_boxes=21 gt_boxes=51 comm_bytes=105408
frame=22/41 late_source=2/7 scenario=2026_07_29_02_32_08 timestamp=000102 receiver=10 cavs=[10, 9] pred_boxes=22 gt_boxes=38 comm_bytes=52320
frame=22/41 late_source=3/7 scenario=2026_07_29_02_32_08 timestamp=000102 receiver=12 cavs=[12, 4, 7] pred_boxes=12 gt_boxes=48 comm_bytes=125408
frame=22/41 late_source=4/7 scenario=2026_07_29_02_32_08 timestamp=000102 receiver=13 cavs=[13, 14] pred_boxes=3 gt_boxes=15 comm_bytes=83264
frame=22/41 late_source=5/7 scenario=2026_07_29_02_32_08 timestamp=000102 receiver=15 cavs=[15, 6] pred_boxes=17 gt_boxes=28 comm_bytes=74896
frame=22/41 late_source=6/7 scenario=2026_07_29_02_32_08 timestamp=000102 receiver=17 cavs=[17, 3, 16] pred_boxes=15 gt_boxes=28 comm_bytes=143328
frame=22/41 late_source=7/7 scenario=2026_07_29_02_32_08 timestamp=000102 receiver=20 cavs=[20, 5] pred_boxes=22 gt_boxes=36 comm_bytes=27216
sgcp_late_fusion frame=22/41 scenario=2026_07_29_02_32_08 timestamp=000102 sources=7 fused_pred_boxes=66 fused_gt_boxes=71
frame=23/41 late_source=1/7 scenario=2026_07_29_02_32_08 timestamp=000104 receiver=1 cavs=[1, 2, 11] pred_boxes=22 gt_boxes=48 comm_bytes=105920
frame=23/41 late_source=2/7 scenario=2026_07_29_02_32_08 timestamp=000104 receiver=10 cavs=[10, 9] pred_boxes=22 gt_boxes=38 comm_bytes=52320
frame=23/41 late_source=3/7 scenario=2026_07_29_02_32_08 timestamp=000104 receiver=12 cavs=[12, 4, 7] pred_boxes=14 gt_boxes=48 comm_bytes=126544
frame=23/41 late_source=4/7 scenario=2026_07_29_02_32_08 timestamp=000104 receiver=13 cavs=[13, 14] pred_boxes=3 gt_boxes=15 comm_bytes=85024
frame=23/41 late_source=5/7 scenario=2026_07_29_02_32_08 timestamp=000104 receiver=15 cavs=[15, 6] pred_boxes=17 gt_boxes=28 comm_bytes=74304
frame=23/41 late_source=6/7 scenario=2026_07_29_02_32_08 timestamp=000104 receiver=17 cavs=[17, 3, 16] pred_boxes=12 gt_boxes=28 comm_bytes=141920Format = auto
Extension = pcd
Format = auto
Extension = pcd
Format = auto
Extension = pcd
Format = auto
Extension = pcd
Format = auto
Extension = pcd
Format = auto
Extension = pcd
Format = auto
Extension = pcd
Format = auto
Extension = pcd
Format = auto
Extension = pcd
Format = auto
Extension = pcd
Format = auto
Extension = pcd
Format = auto
Extension = pcd
Format = auto
Extension = pcd
Format = auto
Extension = pcd
Format = auto
Extension = pcd
Format = auto
Extension = pcd
Format = auto
Extension = pcd
Format = auto
Extension = pcd
Format = auto
Extension = pcd
Format = auto
Extension = pcd
Format = auto
Extension = pcd
Format = auto
Extension = pcd
Format = auto
Extension = pcd
Format = auto
Extension = pcd
Format = auto
Extension = pcd
Format = auto
Extension = pcd
Format = auto
Extension = pcd
Format = auto
Extension = pcd
Format = auto
Extension = pcd
Format = auto
Extension = pcd
Format = auto
Extension = pcd
Format = auto
Extension = pcd
Format = auto
Extension = pcd
Format = auto
Extension = pcd
Format = auto
Extension = pcd
Format = auto
Extension = pcd
Format = auto
Extension = pcd
Format = auto
Extension = pcd
Format = auto
Extension = pcd
Format = auto
Extension = pcd
Format = auto
Extension = pcd
Format = auto
Extension = pcd
Format = auto
Extension = pcd
Format = auto
Extension = pcd
Format = auto
Extension = pcd
Format = auto
Extension = pcd
Format = auto
Extension = pcd
Format = auto
Extension = pcd
Format = auto
Extension = pcd
Format = auto
Extension = pcd
Format = auto
Extension = pcd
Format = auto
Extension = pcd
Format = auto
Extension = pcd
Format = auto
Extension = pcd
Format = auto
Extension = pcd
Format = auto
Extension = pcd
Format = auto
Extension = pcd
Format = auto
Extension = pcd
Format = auto
Extension = pcd
Format = auto
Extension = pcd
Format = auto
Extension = pcd
Format = auto
Extension = pcd
Format = auto
Extension = pcd
Format = auto
Extension = pcd
Format = auto
Extension = pcd
Format = auto
Extension = pcd
Format = auto
Extension = pcd
Format = auto
Extension = pcd
Format = auto
Extension = pcd
Format = auto
Extension = pcd
Format = auto
Extension = pcd
Format = auto
Extension = pcd
Format = auto
Extension = pcd
Format = auto
Extension = pcd
Format = auto
Extension = pcd
Format = auto
Extension = pcd
Format = auto
Extension = pcd
Format = auto
Extension = pcd
Format = auto
Extension = pcd
Format = auto
Extension = pcd
Format = auto
Extension = pcd
Format = auto
Extension = pcd
Format = auto
Extension = pcd
Format = auto
Extension = pcd
Format = auto
Extension = pcd
Format = auto
Extension = pcd
Format = auto
Extension = pcd
Format = auto
Extension = pcd
Format = auto
Extension = pcd
Format = auto
Extension = pcd
Format = auto
Extension = pcd
Format = auto
Extension = pcd
Format = auto
Extension = pcd
Format = auto
Extension = pcd
Format = auto
Extension = pcd
Format = auto
Extension = pcd
Format = auto
Extension = pcd
Format = auto
Extension = pcd
Format = auto
Extension = pcd
Format = auto
Extension = pcd
Format = auto
Extension = pcd
Format = auto
Extension = pcd
Format = auto
Extension = pcd
Format = auto
Extension = pcd
Format = auto
Extension = pcd
Format = auto
Extension = pcd
Format = auto
Extension = pcd
Format = auto
Extension = pcd
Format = auto
Extension = pcd
Format = auto
Extension = pcd
Format = auto
Extension = pcd
Format = auto
Extension = pcd
Format = auto
Extension = pcd
Format = auto
Extension = pcd
Format = auto
Extension = pcd
Format = auto
Extension = pcd
Format = auto
Extension = pcd
Format = auto
Extension = pcd
Format = auto
Extension = pcd
Format = auto
Extension = pcd
Format = auto
Extension = pcd
Format = auto
Extension = pcd
Format = auto
Extension = pcd
Format = auto
Extension = pcd
Format = auto
Extension = pcd
Format = auto
Extension = pcd
Format = auto
Extension = pcd
Format = auto
Extension = pcd
Format = auto
Extension = pcd
Format = auto
Extension = pcd
Format = auto
Extension = pcd
Format = auto
Extension = pcd
Format = auto
Extension = pcd
Format = auto
Extension = pcd
Format = auto
Extension = pcd
Format = auto
Extension = pcd
Format = auto
Extension = pcd
Format = auto
Extension = pcd
Format = auto
Extension = pcd
Format = auto
Extension = pcd
Format = auto
Extension = pcd
Format = auto
Extension = pcd
Format = auto
Extension = pcd
Format = auto
Extension = pcd
Format = auto
Extension = pcd
Format = auto
Extension = pcd
Format = auto
Extension = pcd
Format = auto
Extension = pcd
Format = auto
Extension = pcd
Format = auto
Extension = pcd
Format = auto
Extension = pcd
Format = auto
Extension = pcd
Format = auto
Extension = pcd
Format = auto
Extension = pcd
Format = auto
Extension = pcd
Format = auto
Extension = pcd
Format = auto
Extension = pcd
Format = auto
Extension = pcd
Format = auto
Extension = pcd
Format = auto
Extension = pcd

frame=23/41 late_source=7/7 scenario=2026_07_29_02_32_08 timestamp=000104 receiver=20 cavs=[20, 5] pred_boxes=22 gt_boxes=36 comm_bytes=27504
sgcp_late_fusion frame=23/41 scenario=2026_07_29_02_32_08 timestamp=000104 sources=7 fused_pred_boxes=69 fused_gt_boxes=71
frame=24/41 late_source=1/6 scenario=2026_07_29_02_32_08 timestamp=000106 receiver=11 cavs=[11, 1, 19] pred_boxes=29 gt_boxes=51 comm_bytes=111600
frame=24/41 late_source=2/6 scenario=2026_07_29_02_32_08 timestamp=000106 receiver=12 cavs=[12, 4, 7] pred_boxes=13 gt_boxes=49 comm_bytes=127440
frame=24/41 late_source=3/6 scenario=2026_07_29_02_32_08 timestamp=000106 receiver=13 cavs=[13, 10, 14] pred_boxes=7 gt_boxes=33 comm_bytes=163904
frame=24/41 late_source=4/6 scenario=2026_07_29_02_32_08 timestamp=000106 receiver=15 cavs=[15, 6] pred_boxes=17 gt_boxes=28 comm_bytes=73360
frame=24/41 late_source=5/6 scenario=2026_07_29_02_32_08 timestamp=000106 receiver=17 cavs=[17, 3, 16] pred_boxes=13 gt_boxes=28 comm_bytes=141312
frame=24/41 late_source=6/6 scenario=2026_07_29_02_32_08 timestamp=000106 receiver=20 cavs=[20, 5] pred_boxes=22 gt_boxes=35 comm_bytes=28000
sgcp_late_fusion frame=24/41 scenario=2026_07_29_02_32_08 timestamp=000106 sources=6 fused_pred_boxes=66 fused_gt_boxes=70
frame=25/41 late_source=1/6 scenario=2026_07_29_02_32_08 timestamp=000108 receiver=11 cavs=[11, 1, 19] pred_boxes=27 gt_boxes=51 comm_bytes=111600
frame=25/41 late_source=2/6 scenario=2026_07_29_02_32_08 timestamp=000108 receiver=12 cavs=[12, 4, 7] pred_boxes=13 gt_boxes=50 comm_bytes=128816
frame=25/41 late_source=3/6 scenario=2026_07_29_02_32_08 timestamp=000108 receiver=13 cavs=[13, 10, 14] pred_boxes=8 gt_boxes=33 comm_bytes=162096
frame=25/41 late_source=4/6 scenario=2026_07_29_02_32_08 timestamp=000108 receiver=15 cavs=[15, 6] pred_boxes=17 gt_boxes=27 comm_bytes=71968
frame=25/41 late_source=5/6 scenario=2026_07_29_02_32_08 timestamp=000108 receiver=17 cavs=[17, 3, 16] pred_boxes=12 gt_boxes=28 comm_bytes=141584
frame=25/41 late_source=6/6 scenario=2026_07_29_02_32_08 timestamp=000108 receiver=20 cavs=[20, 5] pred_boxes=20 gt_boxes=35 comm_bytes=28800
sgcp_late_fusion frame=25/41 scenario=2026_07_29_02_32_08 timestamp=000108 sources=6 fused_pred_boxes=61 fused_gt_boxes=70
frame=26/41 late_source=1/7 scenario=2026_07_29_02_32_08 timestamp=000110 receiver=1 cavs=[1, 11] pred_boxes=21 gt_boxes=47 comm_bytes=68016
frame=26/41 late_source=2/7 scenario=2026_07_29_02_32_08 timestamp=000110 receiver=10 cavs=[10, 9] pred_boxes=20 gt_boxes=38 comm_bytes=52320
frame=26/41 late_source=3/7 scenario=2026_07_29_02_32_08 timestamp=000110 receiver=12 cavs=[12, 4, 7] pred_boxes=12 gt_boxes=49 comm_bytes=130112
frame=26/41 late_source=4/7 scenario=2026_07_29_02_32_08 timestamp=000110 receiver=13 cavs=[13, 14, 19] pred_boxes=2 gt_boxes=26 comm_bytes=124608
frame=26/41 late_source=5/7 scenario=2026_07_29_02_32_08 timestamp=000110 receiver=15 cavs=[15, 6] pred_boxes=17 gt_boxes=27 comm_bytes=71328
frame=26/41 late_source=6/7 scenario=2026_07_29_02_32_08 timestamp=000110 receiver=17 cavs=[17, 3, 16] pred_boxes=10 gt_boxes=26 comm_bytes=141696
frame=26/41 late_source=7/7 scenario=2026_07_29_02_32_08 timestamp=000110 receiver=20 cavs=[20, 5] pred_boxes=20 gt_boxes=34 comm_bytes=29632
sgcp_late_fusion frame=26/41 scenario=2026_07_29_02_32_08 timestamp=000110 sources=7 fused_pred_boxes=66 fused_gt_boxes=69
frame=27/41 late_source=1/7 scenario=2026_07_29_02_32_08 timestamp=000112 receiver=1 cavs=[1, 11] pred_boxes=21 gt_boxes=47 comm_bytes=68016
frame=27/41 late_source=2/7 scenario=2026_07_29_02_32_08 timestamp=000112 receiver=10 cavs=[10, 9] pred_boxes=21 gt_boxes=38 comm_bytes=52320
frame=27/41 late_source=3/7 scenario=2026_07_29_02_32_08 timestamp=000112 receiver=12 cavs=[12, 4, 7] pred_boxes=13 gt_boxes=49 comm_bytes=131360
frame=27/41 late_source=4/7 scenario=2026_07_29_02_32_08 timestamp=000112 receiver=13 cavs=[13, 14, 19] pred_boxes=2 gt_boxes=26 comm_bytes=127008
frame=27/41 late_source=5/7 scenario=2026_07_29_02_32_08 timestamp=000112 receiver=15 cavs=[15, 6] pred_boxes=19 gt_boxes=27 comm_bytes=70320
frame=27/41 late_source=6/7 scenario=2026_07_29_02_32_08 timestamp=000112 receiver=17 cavs=[17, 3, 16] pred_boxes=11 gt_boxes=26 comm_bytes=142352
frame=27/41 late_source=7/7 scenario=2026_07_29_02_32_08 timestamp=000112 receiver=20 cavs=[20, 5] pred_boxes=20 gt_boxes=34 comm_bytes=30304
sgcp_late_fusion frame=27/41 scenario=2026_07_29_02_32_08 timestamp=000112 sources=7 fused_pred_boxes=66 fused_gt_boxes=69
frame=28/41 late_source=1/7 scenario=2026_07_29_02_32_08 timestamp=000114 receiver=1 cavs=[1, 11] pred_boxes=25 gt_boxes=47 comm_bytes=68016
frame=28/41 late_source=2/7 scenario=2026_07_29_02_32_08 timestamp=000114 receiver=10 cavs=[10, 9] pred_boxes=23 gt_boxes=38 comm_bytes=52320
frame=28/41 late_source=3/7 scenario=2026_07_29_02_32_08 timestamp=000114 receiver=12 cavs=[12, 4, 7] pred_boxes=14 gt_boxes=48 comm_bytes=133504
frame=28/41 late_source=4/7 scenario=2026_07_29_02_32_08 timestamp=000114 receiver=13 cavs=[13, 14, 19] pred_boxes=2 gt_boxes=25 comm_bytes=129184
frame=28/41 late_source=5/7 scenario=2026_07_29_02_32_08 timestamp=000114 receiver=15 cavs=[15, 6] pred_boxes=18 gt_boxes=27 comm_bytes=70512
frame=28/41 late_source=6/7 scenario=2026_07_29_02_32_08 timestamp=000114 receiver=17 cavs=[17, 3, 16] pred_boxes=12 gt_boxes=24 comm_bytes=143344
frame=28/41 late_source=7/7 scenario=2026_07_29_02_32_08 timestamp=000114 receiver=20 cavs=[20, 5] pred_boxes=21 gt_boxes=34 comm_bytes=30928
sgcp_late_fusion frame=28/41 scenario=2026_07_29_02_32_08 timestamp=000114 sources=7 fused_pred_boxes=67 fused_gt_boxes=68
frame=29/41 late_source=1/7 scenario=2026_07_29_02_32_08 timestamp=000116 receiver=1 cavs=[1, 11] pred_boxes=23 gt_boxes=47 comm_bytes=68016
frame=29/41 late_source=2/7 scenario=2026_07_29_02_32_08 timestamp=000116 receiver=10 cavs=[10, 9] pred_boxes=23 gt_boxes=37 comm_bytes=52320
frame=29/41 late_source=3/7 scenario=2026_07_29_02_32_08 timestamp=000116 receiver=12 cavs=[12, 4, 7] pred_boxes=13 gt_boxes=48 comm_bytes=135136
frame=29/41 late_source=4/7 scenario=2026_07_29_02_32_08 timestamp=000116 receiver=13 cavs=[13, 14, 19] pred_boxes=2 gt_boxes=25 comm_bytes=130288
frame=29/41 late_source=5/7 scenario=2026_07_29_02_32_08 timestamp=000116 receiver=15 cavs=[15, 6] pred_boxes=18 gt_boxes=28 comm_bytes=71328
frame=29/41 late_source=6/7 scenario=2026_07_29_02_32_08 timestamp=000116 receiver=17 cavs=[17, 3, 16] pred_boxes=11 gt_boxes=23 comm_bytes=143424
frame=29/41 late_source=7/7 scenario=2026_07_29_02_32_08 timestamp=000116 receiver=20 cavs=[20, 5] pred_boxes=19 gt_boxes=33 comm_bytes=31264
sgcp_late_fusion frame=29/41 scenario=2026_07_29_02_32_08 timestamp=000116 sources=7 fused_pred_boxes=66 fused_gt_boxes=68
frame=30/41 late_source=1/7 scenario=2026_07_29_02_32_08 timestamp=000118 receiver=1 cavs=[1, 11] pred_boxes=24 gt_boxes=46 comm_bytes=68016
frame=30/41 late_source=2/7 scenario=2026_07_29_02_32_08 timestamp=000118 receiver=10 cavs=[10, 9] pred_boxes=25 gt_boxes=37 comm_bytes=52320
frame=30/41 late_source=3/7 scenario=2026_07_29_02_32_08 timestamp=000118 receiver=12 cavs=[12, 4, 7] pred_boxes=12 gt_boxes=50 comm_bytes=135936
frame=30/41 late_source=4/7 scenario=2026_07_29_02_32_08 timestamp=000118 receiver=13 cavs=[13, 14, 19] pred_boxes=2 gt_boxes=25 comm_bytes=130112
frame=30/41 late_source=5/7 scenario=2026_07_29_02_32_08 timestamp=000118 receiver=15 cavs=[15, 6] pred_boxes=19 gt_boxes=28 comm_bytes=72240
frame=30/41 late_source=6/7 scenario=2026_07_29_02_32_08 timestamp=000118 receiver=17 cavs=[17, 3, 16] pred_boxes=11 gt_boxes=24 comm_bytes=144416
frame=30/41 late_source=7/7 scenario=2026_07_29_02_32_08 timestamp=000118 receiver=20 cavs=[20, 5] pred_boxes=20 gt_boxes=33 comm_bytes=29952
sgcp_late_fusion frame=30/41 scenario=2026_07_29_02_32_08 timestamp=000118 sources=7 fused_pred_boxes=65 fused_gt_boxes=68
frame=31/41 late_source=1/7 scenario=2026_07_29_02_32_08 timestamp=000120 receiver=1 cavs=[1, 11] pred_boxes=22 gt_boxes=46 comm_bytes=68016
frame=31/41 late_source=2/7 scenario=2026_07_29_02_32_08 timestamp=000120 receiver=10 cavs=[10, 9] pred_boxes=23 gt_boxes=37 comm_bytes=52320Format = auto
Extension = pcd
Format = auto
Extension = pcd
Format = auto
Extension = pcd
Format = auto
Extension = pcd
Format = auto
Extension = pcd
Format = auto
Extension = pcd
Format = auto
Extension = pcd
Format = auto
Extension = pcd
Format = auto
Extension = pcd
Format = auto
Extension = pcd
Format = auto
Extension = pcd
Format = auto
Extension = pcd
Format = auto
Extension = pcd
Format = auto
Extension = pcd
Format = auto
Extension = pcd
Format = auto
Extension = pcd
Format = auto
Extension = pcd
Format = auto
Extension = pcd
Format = auto
Extension = pcd
Format = auto
Extension = pcd
Format = auto
Extension = pcd
Format = auto
Extension = pcd
Format = auto
Extension = pcd
Format = auto
Extension = pcd
Format = auto
Extension = pcd
Format = auto
Extension = pcd
Format = auto
Extension = pcd
Format = auto
Extension = pcd
Format = auto
Extension = pcd
Format = auto
Extension = pcd
Format = auto
Extension = pcd
Format = auto
Extension = pcd
Format = auto
Extension = pcd
Format = auto
Extension = pcd
Format = auto
Extension = pcd
Format = auto
Extension = pcd
Format = auto
Extension = pcd
Format = auto
Extension = pcd
Format = auto
Extension = pcd
Format = auto
Extension = pcd
Format = auto
Extension = pcd
Format = auto
Extension = pcd
Format = auto
Extension = pcd
Format = auto
Extension = pcd
Format = auto
Extension = pcd
Format = auto
Extension = pcd
Format = auto
Extension = pcd
Format = auto
Extension = pcd
Format = auto
Extension = pcd
Format = auto
Extension = pcd
Format = auto
Extension = pcd
Format = auto
Extension = pcd
Format = auto
Extension = pcd
Format = auto
Extension = pcd
Format = auto
Extension = pcd
Format = auto
Extension = pcd
Format = auto
Extension = pcd
Format = auto
Extension = pcd
Format = auto
Extension = pcd
Format = auto
Extension = pcd
Format = auto
Extension = pcd
Format = auto
Extension = pcd
Format = auto
Extension = pcd
Format = auto
Extension = pcd
Format = auto
Extension = pcd
Format = auto
Extension = pcd
Format = auto
Extension = pcd
Format = auto
Extension = pcd
Format = auto
Extension = pcd
Format = auto
Extension = pcd
Format = auto
Extension = pcd
Format = auto
Extension = pcd
Format = auto
Extension = pcd
Format = auto
Extension = pcd
Format = auto
Extension = pcd
Format = auto
Extension = pcd
Format = auto
Extension = pcd
Format = auto
Extension = pcd
Format = auto
Extension = pcd
Format = auto
Extension = pcd
Format = auto
Extension = pcd
Format = auto
Extension = pcd
Format = auto
Extension = pcd
Format = auto
Extension = pcd
Format = auto
Extension = pcd
Format = auto
Extension = pcd
Format = auto
Extension = pcd
Format = auto
Extension = pcd
Format = auto
Extension = pcd
Format = auto
Extension = pcd
Format = auto
Extension = pcd
Format = auto
Extension = pcd
Format = auto
Extension = pcd
Format = auto
Extension = pcd
Format = auto
Extension = pcd
Format = auto
Extension = pcd
Format = auto
Extension = pcd
Format = auto
Extension = pcd
Format = auto
Extension = pcd
Format = auto
Extension = pcd
Format = auto
Extension = pcd
Format = auto
Extension = pcd
Format = auto
Extension = pcd
Format = auto
Extension = pcd
Format = auto
Extension = pcd
Format = auto
Extension = pcd
Format = auto
Extension = pcd
Format = auto
Extension = pcd
Format = auto
Extension = pcd
Format = auto
Extension = pcd
Format = auto
Extension = pcd
Format = auto
Extension = pcd
Format = auto
Extension = pcd
Format = auto
Extension = pcd
Format = auto
Extension = pcd
Format = auto
Extension = pcd
Format = auto
Extension = pcd
Format = auto
Extension = pcd
Format = auto
Extension = pcd
Format = auto
Extension = pcd
Format = auto
Extension = pcd
Format = auto
Extension = pcd
Format = auto
Extension = pcd
Format = auto
Extension = pcd
Format = auto
Extension = pcd
Format = auto
Extension = pcd
Format = auto
Extension = pcd
Format = auto
Extension = pcd
Format = auto
Extension = pcd
Format = auto
Extension = pcd
Format = auto
Extension = pcd
Format = auto
Extension = pcd
Format = auto
Extension = pcd
Format = auto
Extension = pcd
Format = auto
Extension = pcd
Format = auto
Extension = pcd
Format = auto
Extension = pcd
Format = auto
Extension = pcd
Format = auto
Extension = pcd
Format = auto
Extension = pcd

frame=31/41 late_source=3/7 scenario=2026_07_29_02_32_08 timestamp=000120 receiver=12 cavs=[12, 4, 7] pred_boxes=12 gt_boxes=50 comm_bytes=136832
frame=31/41 late_source=4/7 scenario=2026_07_29_02_32_08 timestamp=000120 receiver=13 cavs=[13, 14, 19] pred_boxes=2 gt_boxes=25 comm_bytes=130192
frame=31/41 late_source=5/7 scenario=2026_07_29_02_32_08 timestamp=000120 receiver=15 cavs=[15, 6] pred_boxes=18 gt_boxes=28 comm_bytes=72800
frame=31/41 late_source=6/7 scenario=2026_07_29_02_32_08 timestamp=000120 receiver=17 cavs=[17, 3, 16] pred_boxes=9 gt_boxes=23 comm_bytes=144816
frame=31/41 late_source=7/7 scenario=2026_07_29_02_32_08 timestamp=000120 receiver=20 cavs=[20, 5] pred_boxes=21 gt_boxes=33 comm_bytes=28928
sgcp_late_fusion frame=31/41 scenario=2026_07_29_02_32_08 timestamp=000120 sources=7 fused_pred_boxes=64 fused_gt_boxes=68
frame=32/41 late_source=1/7 scenario=2026_07_29_02_32_08 timestamp=000122 receiver=1 cavs=[1, 11] pred_boxes=22 gt_boxes=45 comm_bytes=68016
frame=32/41 late_source=2/7 scenario=2026_07_29_02_32_08 timestamp=000122 receiver=10 cavs=[10, 9] pred_boxes=24 gt_boxes=38 comm_bytes=52304
frame=32/41 late_source=3/7 scenario=2026_07_29_02_32_08 timestamp=000122 receiver=12 cavs=[12, 4, 7] pred_boxes=13 gt_boxes=50 comm_bytes=137712
frame=32/41 late_source=4/7 scenario=2026_07_29_02_32_08 timestamp=000122 receiver=13 cavs=[13, 14, 19] pred_boxes=1 gt_boxes=25 comm_bytes=127536
frame=32/41 late_source=5/7 scenario=2026_07_29_02_32_08 timestamp=000122 receiver=15 cavs=[15, 6] pred_boxes=18 gt_boxes=29 comm_bytes=73296
frame=32/41 late_source=6/7 scenario=2026_07_29_02_32_08 timestamp=000122 receiver=17 cavs=[17, 3, 16] pred_boxes=9 gt_boxes=23 comm_bytes=148112
frame=32/41 late_source=7/7 scenario=2026_07_29_02_32_08 timestamp=000122 receiver=20 cavs=[20, 5] pred_boxes=21 gt_boxes=33 comm_bytes=28752
sgcp_late_fusion frame=32/41 scenario=2026_07_29_02_32_08 timestamp=000122 sources=7 fused_pred_boxes=66 fused_gt_boxes=68
frame=33/41 late_source=1/7 scenario=2026_07_29_02_32_08 timestamp=000124 receiver=1 cavs=[1, 11] pred_boxes=22 gt_boxes=44 comm_bytes=68016
frame=33/41 late_source=2/7 scenario=2026_07_29_02_32_08 timestamp=000124 receiver=10 cavs=[10, 9] pred_boxes=22 gt_boxes=37 comm_bytes=52272
frame=33/41 late_source=3/7 scenario=2026_07_29_02_32_08 timestamp=000124 receiver=12 cavs=[12, 4, 7] pred_boxes=12 gt_boxes=50 comm_bytes=138832
frame=33/41 late_source=4/7 scenario=2026_07_29_02_32_08 timestamp=000124 receiver=13 cavs=[13, 14, 19] pred_boxes=1 gt_boxes=24 comm_bytes=124064
frame=33/41 late_source=5/7 scenario=2026_07_29_02_32_08 timestamp=000124 receiver=15 cavs=[15, 6] pred_boxes=19 gt_boxes=30 comm_bytes=73216
frame=33/41 late_source=6/7 scenario=2026_07_29_02_32_08 timestamp=000124 receiver=17 cavs=[17, 3, 16] pred_boxes=9 gt_boxes=24 comm_bytes=148256
frame=33/41 late_source=7/7 scenario=2026_07_29_02_32_08 timestamp=000124 receiver=20 cavs=[20, 5] pred_boxes=20 gt_boxes=33 comm_bytes=29120
sgcp_late_fusion frame=33/41 scenario=2026_07_29_02_32_08 timestamp=000124 sources=7 fused_pred_boxes=64 fused_gt_boxes=68
frame=34/41 late_source=1/7 scenario=2026_07_29_02_32_08 timestamp=000126 receiver=1 cavs=[1, 11] pred_boxes=21 gt_boxes=44 comm_bytes=68016
frame=34/41 late_source=2/7 scenario=2026_07_29_02_32_08 timestamp=000126 receiver=10 cavs=[10, 9] pred_boxes=23 gt_boxes=37 comm_bytes=52208
frame=34/41 late_source=3/7 scenario=2026_07_29_02_32_08 timestamp=000126 receiver=12 cavs=[12, 4, 7] pred_boxes=11 gt_boxes=50 comm_bytes=139424
frame=34/41 late_source=4/7 scenario=2026_07_29_02_32_08 timestamp=000126 receiver=13 cavs=[13, 14, 19] pred_boxes=1 gt_boxes=24 comm_bytes=121600
frame=34/41 late_source=5/7 scenario=2026_07_29_02_32_08 timestamp=000126 receiver=15 cavs=[15, 6] pred_boxes=21 gt_boxes=31 comm_bytes=72608
frame=34/41 late_source=6/7 scenario=2026_07_29_02_32_08 timestamp=000126 receiver=17 cavs=[17, 3, 16] pred_boxes=10 gt_boxes=24 comm_bytes=146768
frame=34/41 late_source=7/7 scenario=2026_07_29_02_32_08 timestamp=000126 receiver=20 cavs=[20, 5] pred_boxes=20 gt_boxes=33 comm_bytes=29552
sgcp_late_fusion frame=34/41 scenario=2026_07_29_02_32_08 timestamp=000126 sources=7 fused_pred_boxes=67 fused_gt_boxes=68
frame=35/41 late_source=1/7 scenario=2026_07_29_02_32_08 timestamp=000128 receiver=1 cavs=[1, 11] pred_boxes=21 gt_boxes=45 comm_bytes=68016
frame=35/41 late_source=2/7 scenario=2026_07_29_02_32_08 timestamp=000128 receiver=10 cavs=[10, 9] pred_boxes=24 gt_boxes=37 comm_bytes=52144
frame=35/41 late_source=3/7 scenario=2026_07_29_02_32_08 timestamp=000128 receiver=12 cavs=[12, 4, 7] pred_boxes=13 gt_boxes=49 comm_bytes=140128
frame=35/41 late_source=4/7 scenario=2026_07_29_02_32_08 timestamp=000128 receiver=13 cavs=[13, 14, 19] pred_boxes=2 gt_boxes=24 comm_bytes=122528
frame=35/41 late_source=5/7 scenario=2026_07_29_02_32_08 timestamp=000128 receiver=15 cavs=[15, 6] pred_boxes=19 gt_boxes=30 comm_bytes=72496
frame=35/41 late_source=6/7 scenario=2026_07_29_02_32_08 timestamp=000128 receiver=17 cavs=[17, 3, 16] pred_boxes=11 gt_boxes=24 comm_bytes=143936
frame=35/41 late_source=7/7 scenario=2026_07_29_02_32_08 timestamp=000128 receiver=20 cavs=[20, 5] pred_boxes=20 gt_boxes=33 comm_bytes=29584
sgcp_late_fusion frame=35/41 scenario=2026_07_29_02_32_08 timestamp=000128 sources=7 fused_pred_boxes=66 fused_gt_boxes=68
frame=36/41 late_source=1/7 scenario=2026_07_29_02_32_08 timestamp=000130 receiver=1 cavs=[1, 11] pred_boxes=23 gt_boxes=44 comm_bytes=68016
frame=36/41 late_source=2/7 scenario=2026_07_29_02_32_08 timestamp=000130 receiver=10 cavs=[10, 9] pred_boxes=22 gt_boxes=37 comm_bytes=51968
frame=36/41 late_source=3/7 scenario=2026_07_29_02_32_08 timestamp=000130 receiver=12 cavs=[12, 4, 7] pred_boxes=12 gt_boxes=48 comm_bytes=140656
frame=36/41 late_source=4/7 scenario=2026_07_29_02_32_08 timestamp=000130 receiver=13 cavs=[13, 14, 19] pred_boxes=1 gt_boxes=24 comm_bytes=122528
frame=36/41 late_source=5/7 scenario=2026_07_29_02_32_08 timestamp=000130 receiver=15 cavs=[15, 6] pred_boxes=18 gt_boxes=29 comm_bytes=72656
frame=36/41 late_source=6/7 scenario=2026_07_29_02_32_08 timestamp=000130 receiver=17 cavs=[17, 3, 16] pred_boxes=11 gt_boxes=23 comm_bytes=143472
frame=36/41 late_source=7/7 scenario=2026_07_29_02_32_08 timestamp=000130 receiver=20 cavs=[20, 5] pred_boxes=20 gt_boxes=32 comm_bytes=30400
sgcp_late_fusion frame=36/41 scenario=2026_07_29_02_32_08 timestamp=000130 sources=7 fused_pred_boxes=65 fused_gt_boxes=67
frame=37/41 late_source=1/6 scenario=2026_07_29_02_32_08 timestamp=000132 receiver=4 cavs=[4, 7, 12] pred_boxes=20 gt_boxes=47 comm_bytes=140768
frame=37/41 late_source=2/6 scenario=2026_07_29_02_32_08 timestamp=000132 receiver=11 cavs=[11, 1, 19] pred_boxes=22 gt_boxes=50 comm_bytes=111392
frame=37/41 late_source=3/6 scenario=2026_07_29_02_32_08 timestamp=000132 receiver=13 cavs=[13, 10, 14] pred_boxes=5 gt_boxes=34 comm_bytes=157952
frame=37/41 late_source=4/6 scenario=2026_07_29_02_32_08 timestamp=000132 receiver=15 cavs=[15, 6] pred_boxes=19 gt_boxes=29 comm_bytes=72800
frame=37/41 late_source=5/6 scenario=2026_07_29_02_32_08 timestamp=000132 receiver=17 cavs=[17, 3, 16] pred_boxes=11 gt_boxes=23 comm_bytes=144416
frame=37/41 late_source=6/6 scenario=2026_07_29_02_32_08 timestamp=000132 receiver=20 cavs=[20, 5] pred_boxes=23 gt_boxes=33 comm_bytes=30544
sgcp_late_fusion frame=37/41 scenario=2026_07_29_02_32_08 timestamp=000132 sources=6 fused_pred_boxes=60 fused_gt_boxes=67
frame=38/41 late_source=1/6 scenario=2026_07_29_02_32_08 timestamp=000134 receiver=4 cavs=[4, 7, 12] pred_boxes=20 gt_boxes=47 comm_bytes=140464
frame=38/41 late_source=2/6 scenario=2026_07_29_02_32_08 timestamp=000134 receiver=11 cavs=[11, 1, 19] pred_boxes=24 gt_boxes=49 comm_bytes=111344
frame=38/41 late_source=3/6 scenario=2026_07_29_02_32_08 timestamp=000134 receiver=13 cavs=[13, 10, 14] pred_boxes=5 gt_boxes=33 comm_bytes=156256
frame=38/41 late_source=4/6 scenario=2026_07_29_02_32_08 timestamp=000134 receiver=15 cavs=[15, 6] pred_boxes=17 gt_boxes=31 comm_bytes=73216
frame=38/41 late_source=5/6 scenario=2026_07_29_02_32_08 timestamp=000134 receiver=17 cavs=[17, 3, 16] pred_boxes=11 gt_boxes=23 comm_bytes=143056Format = auto
Extension = pcd
Format = auto
Extension = pcd
Format = auto
Extension = pcd
Format = auto
Extension = pcd
Format = auto
Extension = pcd
Format = auto
Extension = pcd
Format = auto
Extension = pcd
Format = auto
Extension = pcd
Format = auto
Extension = pcd
Format = auto
Extension = pcd
Format = auto
Extension = pcd
Format = auto
Extension = pcd
Format = auto
Extension = pcd
Format = auto
Extension = pcd
Format = auto
Extension = pcd
Format = auto
Extension = pcd
Format = auto
Extension = pcd
Format = auto
Extension = pcd
Format = auto
Extension = pcd
Format = auto
Extension = pcd
Format = auto
Extension = pcd
Format = auto
Extension = pcd
Format = auto
Extension = pcd
Format = auto
Extension = pcd
Format = auto
Extension = pcd
Format = auto
Extension = pcd
Format = auto
Extension = pcd
Format = auto
Extension = pcd
Format = auto
Extension = pcd
Format = auto
Extension = pcd
Format = auto
Extension = pcd
Format = auto
Extension = pcd
Format = auto
Extension = pcd
Format = auto
Extension = pcd
Format = auto
Extension = pcd
Format = auto
Extension = pcd
Format = auto
Extension = pcd
Format = auto
Extension = pcd
Format = auto
Extension = pcd
Format = auto
Extension = pcd
Format = auto
Extension = pcd
Format = auto
Extension = pcd
Format = auto
Extension = pcd
Format = auto
Extension = pcd
Format = auto
Extension = pcd
Format = auto
Extension = pcd
Format = auto
Extension = pcd
Format = auto
Extension = pcd
Format = auto
Extension = pcd
Format = auto
Extension = pcd
Format = auto
Extension = pcd
Format = auto
Extension = pcd
Format = auto
Extension = pcd
Format = auto
Extension = pcd
Format = auto
Extension = pcd
Format = auto
Extension = pcd
Format = auto
Extension = pcd
Format = auto
Extension = pcd
Format = auto
Extension = pcd
Format = auto
Extension = pcd
C:\Users\sakakibara\miniconda3\envs\opencda\lib\site-packages\torch\nn\functional.py:1806: UserWarning: nn.functional.sigmoid is deprecated. Use torch.sigmoid instead.
  warnings.warn("nn.functional.sigmoid is deprecated. Use torch.sigmoid instead.")

frame=38/41 late_source=6/6 scenario=2026_07_29_02_32_08 timestamp=000134 receiver=20 cavs=[20, 5] pred_boxes=21 gt_boxes=33 comm_bytes=30880
sgcp_late_fusion frame=38/41 scenario=2026_07_29_02_32_08 timestamp=000134 sources=6 fused_pred_boxes=60 fused_gt_boxes=67
frame=39/41 late_source=1/6 scenario=2026_07_29_02_32_08 timestamp=000136 receiver=4 cavs=[4, 7, 12] pred_boxes=20 gt_boxes=46 comm_bytes=140848
frame=39/41 late_source=2/6 scenario=2026_07_29_02_32_08 timestamp=000136 receiver=11 cavs=[11, 1, 19] pred_boxes=22 gt_boxes=48 comm_bytes=111312
frame=39/41 late_source=3/6 scenario=2026_07_29_02_32_08 timestamp=000136 receiver=13 cavs=[13, 10, 14] pred_boxes=5 gt_boxes=32 comm_bytes=156320
frame=39/41 late_source=4/6 scenario=2026_07_29_02_32_08 timestamp=000136 receiver=15 cavs=[15, 6] pred_boxes=21 gt_boxes=31 comm_bytes=74128
frame=39/41 late_source=5/6 scenario=2026_07_29_02_32_08 timestamp=000136 receiver=17 cavs=[17, 3, 16] pred_boxes=10 gt_boxes=23 comm_bytes=141632
frame=39/41 late_source=6/6 scenario=2026_07_29_02_32_08 timestamp=000136 receiver=20 cavs=[20, 5] pred_boxes=21 gt_boxes=34 comm_bytes=30864
sgcp_late_fusion frame=39/41 scenario=2026_07_29_02_32_08 timestamp=000136 sources=6 fused_pred_boxes=61 fused_gt_boxes=67
frame=40/41 late_source=1/6 scenario=2026_07_29_02_32_08 timestamp=000138 receiver=4 cavs=[4, 7, 12] pred_boxes=19 gt_boxes=47 comm_bytes=141744
frame=40/41 late_source=2/6 scenario=2026_07_29_02_32_08 timestamp=000138 receiver=11 cavs=[11, 1, 19] pred_boxes=22 gt_boxes=49 comm_bytes=111216
frame=40/41 late_source=3/6 scenario=2026_07_29_02_32_08 timestamp=000138 receiver=13 cavs=[13, 10, 14] pred_boxes=6 gt_boxes=32 comm_bytes=156096
frame=40/41 late_source=4/6 scenario=2026_07_29_02_32_08 timestamp=000138 receiver=15 cavs=[15, 6] pred_boxes=21 gt_boxes=31 comm_bytes=74384
frame=40/41 late_source=5/6 scenario=2026_07_29_02_32_08 timestamp=000138 receiver=17 cavs=[17, 3, 16] pred_boxes=11 gt_boxes=22 comm_bytes=138528
frame=40/41 late_source=6/6 scenario=2026_07_29_02_32_08 timestamp=000138 receiver=20 cavs=[20, 5] pred_boxes=23 gt_boxes=34 comm_bytes=31424
sgcp_late_fusion frame=40/41 scenario=2026_07_29_02_32_08 timestamp=000138 sources=6 fused_pred_boxes=63 fused_gt_boxes=67
frame=41/41 late_source=1/6 scenario=2026_07_29_02_32_08 timestamp=000140 receiver=4 cavs=[4, 7, 12] pred_boxes=18 gt_boxes=47 comm_bytes=143632
frame=41/41 late_source=2/6 scenario=2026_07_29_02_32_08 timestamp=000140 receiver=11 cavs=[11, 1, 19] pred_boxes=22 gt_boxes=49 comm_bytes=111184
frame=41/41 late_source=3/6 scenario=2026_07_29_02_32_08 timestamp=000140 receiver=13 cavs=[13, 10, 14] pred_boxes=5 gt_boxes=32 comm_bytes=156576
frame=41/41 late_source=4/6 scenario=2026_07_29_02_32_08 timestamp=000140 receiver=15 cavs=[15, 6] pred_boxes=20 gt_boxes=30 comm_bytes=74944
frame=41/41 late_source=5/6 scenario=2026_07_29_02_32_08 timestamp=000140 receiver=17 cavs=[17, 3, 16] pred_boxes=12 gt_boxes=23 comm_bytes=136528
frame=41/41 late_source=6/6 scenario=2026_07_29_02_32_08 timestamp=000140 receiver=20 cavs=[20, 5] pred_boxes=23 gt_boxes=34 comm_bytes=31792
sgcp_late_fusion frame=41/41 scenario=2026_07_29_02_32_08 timestamp=000140 sources=6 fused_pred_boxes=62 fused_gt_boxes=66
cp counter: 41
Evaluate final average precision results:
  - Fusion method: early
  - The Average Precision at IOU 0.3 is 0.80, The Average Precision at IOU 0.5 is 0.75, The Average Precision at IOU 0.7 is 0.55
sgcp_summary frames=272 avg_comm_bytes=93406.24 total_comm_bytes=25406496 avg_source_cavs=2.51 avg_selected_grids=8.96
