COMMAND: C:\Users\sakakibara\miniconda3\envs\opencda\python.exe -m opencda.tools.offline_inference --dataset-root D:\Data\Carla --scenario-id 2026_07_29_02_32_08 --ego-cav-id 1 --max-frames 41 --fusion-method early --coperception-yaml docs\doc_workspace\SGCP\artifacts\early_from_late_checkpoint_20260719\enable_coperception_early_from_attentive.yaml --bandwidth-mhz 40 --num-channels 10 --channel-estimator ns3 --ns3-tb-size-bytes 899 --ns3-slot-duration-ms 0.5 --ns3-subchannel-prbs 10 --ns3-symbols-per-slot 12 --ns3-mcs 28 --communication-deadline-ms 60 --gt-scope full-frame --cav-count 5 --selective-sharing-baseline edgecooper_global_pmax --clustering singleton --sgcp-receiver-policy all-cavs --sgcp-upload-mode grid --selective-member-budget 3 --selective-grid-budget 117 --selective-frame-deadline-ms 60 --edgecooper-global-comm-range-m 35 --edgecooper-pmax-density-cap-rho 2 --max-senders-per-receiver 2 --rho-th 2 --local-preserving-output --sgcp-trace-output docs\doc_workspace\SGCP\artifacts\dense_cav_sweep_fullgt_20260801\N5\edgecooper_pmax_trace.csv --eval-stats-output docs\doc_workspace\SGCP\artifacts\dense_cav_sweep_fullgt_20260801\N5\edgecooper_pmax_eval_stats.csv

Format = auto
Extension = pcd
Format = auto
Extension = pcd
Format = auto
Extension = pcd
Format = auto
Extension = pcd
Format = auto
Extension = pcd
Format = auto
Extension = pcd
Format = auto
Extension = pcd
Format = auto
Extension = pcd
Format = auto
Extension = pcd
Format = auto
Extension = pcd
Format = auto
Extension = pcd
Format = auto
Extension = pcd
Format = auto
Extension = pcd
Format = auto
Extension = pcd
Format = auto
Extension = pcd
Format = auto
Extension = pcd
Format = auto
Extension = pcd
Format = auto
Extension = pcd
Format = auto
Extension = pcd
Format = auto
Extension = pcd
Format = auto
Extension = pcd
Format = auto
Extension = pcd
Format = auto
Extension = pcd
Format = auto
Extension = pcd
Format = auto
Extension = pcd
Format = auto
Extension = pcd
Format = auto
Extension = pcd
Format = auto
Extension = pcd
Format = auto
Extension = pcd
Format = auto
Extension = pcd
resuming by loading epoch 10000
frame=1/41 receiver_sample=1/5 scenario=2026_07_29_02_32_08 timestamp=000060 cavs=[1, 2, 4]
sgcp_constrained receiver=1 policy=all-cavs sources=[1, 2, 4] clusters=5 ra=selective_edgecooper_global_pmax comm_bytes=102000 selected_grids={2: 40, 4: 55}
fusion_method=early pred_boxes=45 gt_boxes=65
pred_scores_shape=(45,)
frame=1/41 receiver_sample=2/5 scenario=2026_07_29_02_32_08 timestamp=000060 cavs=[2, 1]
sgcp_constrained receiver=2 policy=all-cavs sources=[2, 1] clusters=5 ra=selective_edgecooper_global_pmax comm_bytes=19056 selected_grids={1: 37}
fusion_method=early pred_boxes=23 gt_boxes=65
pred_scores_shape=(23,)
frame=1/41 receiver_sample=3/5 scenario=2026_07_29_02_32_08 timestamp=000060 cavs=[3]
sgcp_constrained receiver=3 policy=all-cavs sources=[3] clusters=5 ra=selective_edgecooper_global_pmax comm_bytes=0 selected_grids={}
fusion_method=early pred_boxes=18 gt_boxes=63
pred_scores_shape=(18,)
frame=1/41 receiver_sample=4/5 scenario=2026_07_29_02_32_08 timestamp=000060 cavs=[4, 1]
sgcp_constrained receiver=4 policy=all-cavs sources=[4, 1] clusters=5 ra=selective_edgecooper_global_pmax comm_bytes=43072 selected_grids={1: 42}
fusion_method=early pred_boxes=36 gt_boxes=65
pred_scores_shape=(36,)
frame=1/41 receiver_sample=5/5 scenario=2026_07_29_02_32_08 timestamp=000060 cavs=[5]
sgcp_constrained receiver=5 policy=all-cavs sources=[5] clusters=5 ra=selective_edgecooper_global_pmax comm_bytes=0 selected_grids={}
fusion_method=early pred_boxes=19 gt_boxes=48
pred_scores_shape=(19,)
frame=2/41 receiver_sample=1/5 scenario=2026_07_29_02_32_08 timestamp=000062 cavs=[1, 2, 4]
sgcp_constrained receiver=1 policy=all-cavs sources=[1, 2, 4] clusters=5 ra=selective_edgecooper_global_pmax comm_bytes=101904 selected_grids={2: 43, 4: 55}
fusion_method=early pred_boxes=46 gt_boxes=66
pred_scores_shape=(46,)
frame=2/41 receiver_sample=2/5 scenario=2026_07_29_02_32_08 timestamp=000062 cavs=[2, 1]
sgcp_constrained receiver=2 policy=all-cavs sources=[2, 1] clusters=5 ra=selective_edgecooper_global_pmax comm_bytes=18992 selected_grids={1: 36}
fusion_method=early pred_boxes=25 gt_boxes=66
pred_scores_shape=(25,)
frame=2/41 receiver_sample=3/5 scenario=2026_07_29_02_32_08 timestamp=000062 cavs=[3]
sgcp_constrained receiver=3 policy=all-cavs sources=[3] clusters=5 ra=selective_edgecooper_global_pmax comm_bytes=0 selected_grids={}
fusion_method=early pred_boxes=20 gt_boxes=63
pred_scores_shape=(20,)
frame=2/41 receiver_sample=4/5 scenario=2026_07_29_02_32_08 timestamp=000062 cavs=[4, 1]
sgcp_constrained receiver=4 policy=all-cavs sources=[4, 1] clusters=5 ra=selective_edgecooper_global_pmax comm_bytes=42560 selected_grids={1: 42}
fusion_method=early pred_boxes=34 gt_boxes=66
pred_scores_shape=(34,)
frame=2/41 receiver_sample=5/5 scenario=2026_07_29_02_32_08 timestamp=000062 cavs=[5]
sgcp_constrained receiver=5 policy=all-cavs sources=[5] clusters=5 ra=selective_edgecooper_global_pmax comm_bytes=0 selected_grids={}
fusion_method=early pred_boxes=18 gt_boxes=48
pred_scores_shape=(18,)
frame=3/41 receiver_sample=1/5 scenario=2026_07_29_02_32_08 timestamp=000064 cavs=[1, 2, 4]
sgcp_constrained receiver=1 policy=all-cavs sources=[1, 2, 4] clusters=5 ra=selective_edgecooper_global_pmax comm_bytes=100816 selected_grids={2: 43, 4: 56}
fusion_method=early pred_boxes=43 gt_boxes=66
pred_scores_shape=(43,)
frame=3/41 receiver_sample=2/5 scenario=2026_07_29_02_32_08 timestamp=000064 cavs=[2, 1]
sgcp_constrained receiver=2 policy=all-cavs sources=[2, 1] clusters=5 ra=selective_edgecooper_global_pmax comm_bytes=19072 selected_grids={1: 36}
fusion_method=early pred_boxes=23 gt_boxes=66
pred_scores_shape=(23,)
frame=3/41 receiver_sample=3/5 scenario=2026_07_29_02_32_08 timestamp=000064 cavs=[3]
sgcp_constrained receiver=3 policy=all-cavs sources=[3] clusters=5 ra=selective_edgecooper_global_pmax comm_bytes=0 selected_grids={}
fusion_method=early pred_boxes=18 gt_boxes=63
pred_scores_shape=(18,)
frame=3/41 receiver_sample=4/5 scenario=2026_07_29_02_32_08 timestamp=000064 cavs=[4, 1]
sgcp_constrained receiver=4 policy=all-cavs sources=[4, 1] clusters=5 ra=selective_edgecooper_global_pmax comm_bytes=43296 selected_grids={1: 41}
fusion_method=early pred_boxes=35 gt_boxes=66
pred_scores_shape=(35,)
frame=3/41 receiver_sample=5/5 scenario=2026_07_29_02_32_08 timestamp=000064 cavs=[5]
sgcp_constrained receiver=5 policy=all-cavs sources=[5] clusters=5 ra=selective_edgecooper_global_pmax comm_bytes=0 selected_grids={}
fusion_method=early pred_boxes=18 gt_boxes=47
pred_scores_shape=(18,)
frame=4/41 receiver_sample=1/5 scenario=2026_07_29_02_32_08 timestamp=000066 cavs=[1, 2, 4]
sgcp_constrained receiver=1 policy=all-cavs sources=[1, 2, 4] clusters=5 ra=selective_edgecooper_global_pmax comm_bytes=100400 selected_grids={2: 42, 4: 56}
fusion_method=early pred_boxes=44 gt_boxes=66
pred_scores_shape=(44,)
frame=4/41 receiver_sample=2/5 scenario=2026_07_29_02_32_08 timestamp=000066 cavs=[2, 1]
sgcp_constrained receiver=2 policy=all-cavs sources=[2, 1] clusters=5 ra=selective_edgecooper_global_pmax comm_bytes=19200 selected_grids={1: 37}
fusion_method=early pred_boxes=23 gt_boxes=66
pred_scores_shape=(23,)
frame=4/41 receiver_sample=3/5 scenario=2026_07_29_02_32_08 timestamp=000066 cavs=[3]
sgcp_constrained receiver=3 policy=all-cavs sources=[3] clusters=5 ra=selective_edgecooper_global_pmax comm_bytes=0 selected_grids={}
fusion_method=early pred_boxes=19 gt_boxes=63
pred_scores_shape=(19,)
frame=4/41 receiver_sample=4/5 scenario=2026_07_29_02_32_08 timestamp=000066 cavs=[4, 1]
sgcp_constrained receiver=4 policy=all-cavs sources=[4, 1] clusters=5 ra=selective_edgecooper_global_pmax comm_bytes=42640 selected_grids={1: 41}
fusion_method=early pred_boxes=33 gt_boxes=66
pred_scores_shape=(33,)
frame=4/41 receiver_sample=5/5 scenario=2026_07_29_02_32_08 timestamp=000066 cavs=[5]
sgcp_constrained receiver=5 policy=all-cavs sources=[5] clusters=5 ra=selective_edgecooper_global_pmax comm_bytes=0 selected_grids={}
fusion_method=early pred_boxes=16 gt_boxes=47
pred_scores_shape=(16,)
frame=5/41 receiver_sample=1/5 scenario=2026_07_29_02_32_08 timestamp=000068 cavs=[1, 2, 4]
sgcp_constrained receiver=1 policy=all-cavs sources=[1, 2, 4] clusters=5 ra=selective_edgecooper_global_pmax comm_bytes=99360 selected_grids={2: 42, 4: 54}
fusion_method=early pred_boxes=41 gt_boxes=66
pred_scores_shape=(41,)
frame=5/41 receiver_sample=2/5 scenario=2026_07_29_02_32_08 timestamp=000068 cavs=[2, 1]
sgcp_constrained receiver=2 policy=all-cavs sources=[2, 1] clusters=5 ra=selective_edgecooper_global_pmax comm_bytes=19520 selected_grids={1: 37}
fusion_method=early pred_boxes=27 gt_boxes=66
pred_scores_shape=(27,)
frame=5/41 receiver_sample=3/5 scenario=2026_07_29_02_32_08 timestamp=000068 cavs=[3]
sgcp_constrained receiver=3 policy=all-cavs sources=[3] clusters=5 ra=selective_edgecooper_global_pmax comm_bytes=0 selected_grids={}
fusion_method=early pred_boxes=18 gt_boxes=63
pred_scores_shape=(18,)
frame=5/41 receiver_sample=4/5 scenario=2026_07_29_02_32_08 timestamp=000068 cavs=[4, 1]
sgcp_constrained receiver=4 policy=all-cavs sources=[4, 1] clusters=5 ra=selective_edgecooper_global_pmax comm_bytes=42928 selected_grids={1: 40}
fusion_method=early pred_boxes=32 gt_boxes=65
pred_scores_shape=(32,)
frame=5/41 receiver_sample=5/5 scenario=2026_07_29_02_32_08 timestamp=000068 cavs=[5]
sgcp_constrained receiver=5 policy=all-cavs sources=[5] clusters=5 ra=selective_edgecooper_global_pmax comm_bytes=0 selected_grids={}
fusion_method=early pred_boxes=18 gt_boxes=47
pred_scores_shape=(18,)
frame=6/41 receiver_sample=1/5 scenario=2026_07_29_02_32_08 timestamp=000070 cavs=[1, 2, 4]
sgcp_constrained receiver=1 policy=all-cavs sources=[1, 2, 4] clusters=5 ra=selective_edgecooper_global_pmax comm_bytes=98656 selected_grids={2: 40, 4: 54}
fusion_method=early pred_boxes=41 gt_boxes=66
pred_scores_shape=(41,)
frame=6/41 receiver_sample=2/5 scenario=2026_07_29_02_32_08 timestamp=000070 cavs=[2, 1]
sgcp_constrained receiver=2 policy=all-cavs sources=[2, 1] clusters=5 ra=selective_edgecooper_global_pmax comm_bytes=19440 selected_grids={1: 37}Format = auto
Extension = pcd
Format = auto
Extension = pcd
Format = auto
Extension = pcd
Format = auto
Extension = pcd
Format = auto
Extension = pcd
Format = auto
Extension = pcd
Format = auto
Extension = pcd
Format = auto
Extension = pcd
Format = auto
Extension = pcd
Format = auto
Extension = pcd
Format = auto
Extension = pcd
Format = auto
Extension = pcd
Format = auto
Extension = pcd
Format = auto
Extension = pcd
Format = auto
Extension = pcd
Format = auto
Extension = pcd
Format = auto
Extension = pcd
Format = auto
Extension = pcd
Format = auto
Extension = pcd
Format = auto
Extension = pcd
Format = auto
Extension = pcd
Format = auto
Extension = pcd
Format = auto
Extension = pcd
Format = auto
Extension = pcd
Format = auto
Extension = pcd

fusion_method=early pred_boxes=25 gt_boxes=66
pred_scores_shape=(25,)
frame=6/41 receiver_sample=3/5 scenario=2026_07_29_02_32_08 timestamp=000070 cavs=[3]
sgcp_constrained receiver=3 policy=all-cavs sources=[3] clusters=5 ra=selective_edgecooper_global_pmax comm_bytes=0 selected_grids={}
fusion_method=early pred_boxes=18 gt_boxes=63
pred_scores_shape=(18,)
frame=6/41 receiver_sample=4/5 scenario=2026_07_29_02_32_08 timestamp=000070 cavs=[4, 1]
sgcp_constrained receiver=4 policy=all-cavs sources=[4, 1] clusters=5 ra=selective_edgecooper_global_pmax comm_bytes=43056 selected_grids={1: 42}
fusion_method=early pred_boxes=38 gt_boxes=66
pred_scores_shape=(38,)
frame=6/41 receiver_sample=5/5 scenario=2026_07_29_02_32_08 timestamp=000070 cavs=[5]
sgcp_constrained receiver=5 policy=all-cavs sources=[5] clusters=5 ra=selective_edgecooper_global_pmax comm_bytes=0 selected_grids={}
fusion_method=early pred_boxes=18 gt_boxes=47
pred_scores_shape=(18,)
frame=7/41 receiver_sample=1/5 scenario=2026_07_29_02_32_08 timestamp=000072 cavs=[1, 2, 4]
sgcp_constrained receiver=1 policy=all-cavs sources=[1, 2, 4] clusters=5 ra=selective_edgecooper_global_pmax comm_bytes=97744 selected_grids={2: 40, 4: 54}
fusion_method=early pred_boxes=40 gt_boxes=65
pred_scores_shape=(40,)
frame=7/41 receiver_sample=2/5 scenario=2026_07_29_02_32_08 timestamp=000072 cavs=[2, 1]
sgcp_constrained receiver=2 policy=all-cavs sources=[2, 1] clusters=5 ra=selective_edgecooper_global_pmax comm_bytes=19504 selected_grids={1: 38}
fusion_method=early pred_boxes=26 gt_boxes=66
pred_scores_shape=(26,)
frame=7/41 receiver_sample=3/5 scenario=2026_07_29_02_32_08 timestamp=000072 cavs=[3]
sgcp_constrained receiver=3 policy=all-cavs sources=[3] clusters=5 ra=selective_edgecooper_global_pmax comm_bytes=0 selected_grids={}
fusion_method=early pred_boxes=19 gt_boxes=63
pred_scores_shape=(19,)
frame=7/41 receiver_sample=4/5 scenario=2026_07_29_02_32_08 timestamp=000072 cavs=[4, 1]
sgcp_constrained receiver=4 policy=all-cavs sources=[4, 1] clusters=5 ra=selective_edgecooper_global_pmax comm_bytes=43424 selected_grids={1: 43}
fusion_method=early pred_boxes=32 gt_boxes=66
pred_scores_shape=(32,)
frame=7/41 receiver_sample=5/5 scenario=2026_07_29_02_32_08 timestamp=000072 cavs=[5]
sgcp_constrained receiver=5 policy=all-cavs sources=[5] clusters=5 ra=selective_edgecooper_global_pmax comm_bytes=0 selected_grids={}
fusion_method=early pred_boxes=21 gt_boxes=47
pred_scores_shape=(21,)
frame=8/41 receiver_sample=1/5 scenario=2026_07_29_02_32_08 timestamp=000074 cavs=[1, 2, 4]
sgcp_constrained receiver=1 policy=all-cavs sources=[1, 2, 4] clusters=5 ra=selective_edgecooper_global_pmax comm_bytes=96768 selected_grids={2: 39, 4: 52}
fusion_method=early pred_boxes=44 gt_boxes=64
pred_scores_shape=(44,)
frame=8/41 receiver_sample=2/5 scenario=2026_07_29_02_32_08 timestamp=000074 cavs=[2, 1]
sgcp_constrained receiver=2 policy=all-cavs sources=[2, 1] clusters=5 ra=selective_edgecooper_global_pmax comm_bytes=19456 selected_grids={1: 38}
fusion_method=early pred_boxes=29 gt_boxes=66
pred_scores_shape=(29,)
frame=8/41 receiver_sample=3/5 scenario=2026_07_29_02_32_08 timestamp=000074 cavs=[3]
sgcp_constrained receiver=3 policy=all-cavs sources=[3] clusters=5 ra=selective_edgecooper_global_pmax comm_bytes=0 selected_grids={}
fusion_method=early pred_boxes=20 gt_boxes=63
pred_scores_shape=(20,)
frame=8/41 receiver_sample=4/5 scenario=2026_07_29_02_32_08 timestamp=000074 cavs=[4, 1]
sgcp_constrained receiver=4 policy=all-cavs sources=[4, 1] clusters=5 ra=selective_edgecooper_global_pmax comm_bytes=44416 selected_grids={1: 43}
fusion_method=early pred_boxes=35 gt_boxes=66
pred_scores_shape=(35,)
frame=8/41 receiver_sample=5/5 scenario=2026_07_29_02_32_08 timestamp=000074 cavs=[5]
sgcp_constrained receiver=5 policy=all-cavs sources=[5] clusters=5 ra=selective_edgecooper_global_pmax comm_bytes=0 selected_grids={}
fusion_method=early pred_boxes=19 gt_boxes=47
pred_scores_shape=(19,)
frame=9/41 receiver_sample=1/5 scenario=2026_07_29_02_32_08 timestamp=000076 cavs=[1, 2, 4]
sgcp_constrained receiver=1 policy=all-cavs sources=[1, 2, 4] clusters=5 ra=selective_edgecooper_global_pmax comm_bytes=95936 selected_grids={2: 40, 4: 52}
fusion_method=early pred_boxes=41 gt_boxes=64
pred_scores_shape=(41,)
frame=9/41 receiver_sample=2/5 scenario=2026_07_29_02_32_08 timestamp=000076 cavs=[2, 1]
sgcp_constrained receiver=2 policy=all-cavs sources=[2, 1] clusters=5 ra=selective_edgecooper_global_pmax comm_bytes=19344 selected_grids={1: 39}
fusion_method=early pred_boxes=26 gt_boxes=66
pred_scores_shape=(26,)
frame=9/41 receiver_sample=3/5 scenario=2026_07_29_02_32_08 timestamp=000076 cavs=[3]
sgcp_constrained receiver=3 policy=all-cavs sources=[3] clusters=5 ra=selective_edgecooper_global_pmax comm_bytes=0 selected_grids={}
fusion_method=early pred_boxes=19 gt_boxes=62
pred_scores_shape=(19,)
frame=9/41 receiver_sample=4/5 scenario=2026_07_29_02_32_08 timestamp=000076 cavs=[4, 1]
sgcp_constrained receiver=4 policy=all-cavs sources=[4, 1] clusters=5 ra=selective_edgecooper_global_pmax comm_bytes=45056 selected_grids={1: 44}
fusion_method=early pred_boxes=37 gt_boxes=66
pred_scores_shape=(37,)
frame=9/41 receiver_sample=5/5 scenario=2026_07_29_02_32_08 timestamp=000076 cavs=[5]
sgcp_constrained receiver=5 policy=all-cavs sources=[5] clusters=5 ra=selective_edgecooper_global_pmax comm_bytes=0 selected_grids={}
fusion_method=early pred_boxes=21 gt_boxes=47
pred_scores_shape=(21,)
frame=10/41 receiver_sample=1/5 scenario=2026_07_29_02_32_08 timestamp=000078 cavs=[1, 2, 4]
sgcp_constrained receiver=1 policy=all-cavs sources=[1, 2, 4] clusters=5 ra=selective_edgecooper_global_pmax comm_bytes=94896 selected_grids={2: 38, 4: 51}
fusion_method=early pred_boxes=42 gt_boxes=64
pred_scores_shape=(42,)
frame=10/41 receiver_sample=2/5 scenario=2026_07_29_02_32_08 timestamp=000078 cavs=[2, 1]
sgcp_constrained receiver=2 policy=all-cavs sources=[2, 1] clusters=5 ra=selective_edgecooper_global_pmax comm_bytes=19312 selected_grids={1: 38}
fusion_method=early pred_boxes=26 gt_boxes=65
pred_scores_shape=(26,)
frame=10/41 receiver_sample=3/5 scenario=2026_07_29_02_32_08 timestamp=000078 cavs=[3]
sgcp_constrained receiver=3 policy=all-cavs sources=[3] clusters=5 ra=selective_edgecooper_global_pmax comm_bytes=0 selected_grids={}
fusion_method=early pred_boxes=18 gt_boxes=62
pred_scores_shape=(18,)
frame=10/41 receiver_sample=4/5 scenario=2026_07_29_02_32_08 timestamp=000078 cavs=[4, 1]
sgcp_constrained receiver=4 policy=all-cavs sources=[4, 1] clusters=5 ra=selective_edgecooper_global_pmax comm_bytes=45280 selected_grids={1: 43}
fusion_method=early pred_boxes=35 gt_boxes=66
pred_scores_shape=(35,)
frame=10/41 receiver_sample=5/5 scenario=2026_07_29_02_32_08 timestamp=000078 cavs=[5]
sgcp_constrained receiver=5 policy=all-cavs sources=[5] clusters=5 ra=selective_edgecooper_global_pmax comm_bytes=0 selected_grids={}
fusion_method=early pred_boxes=22 gt_boxes=47
pred_scores_shape=(22,)
frame=11/41 receiver_sample=1/5 scenario=2026_07_29_02_32_08 timestamp=000080 cavs=[1, 2, 4]
sgcp_constrained receiver=1 policy=all-cavs sources=[1, 2, 4] clusters=5 ra=selective_edgecooper_global_pmax comm_bytes=94736 selected_grids={2: 40, 4: 52}
fusion_method=early pred_boxes=42 gt_boxes=65
pred_scores_shape=(42,)
frame=11/41 receiver_sample=2/5 scenario=2026_07_29_02_32_08 timestamp=000080 cavs=[2, 1]
sgcp_constrained receiver=2 policy=all-cavs sources=[2, 1] clusters=5 ra=selective_edgecooper_global_pmax comm_bytes=19136 selected_grids={1: 37}
fusion_method=early pred_boxes=24 gt_boxes=65
pred_scores_shape=(24,)
frame=11/41 receiver_sample=3/5 scenario=2026_07_29_02_32_08 timestamp=000080 cavs=[3]
sgcp_constrained receiver=3 policy=all-cavs sources=[3] clusters=5 ra=selective_edgecooper_global_pmax comm_bytes=0 selected_grids={}
fusion_method=early pred_boxes=21 gt_boxes=62
pred_scores_shape=(21,)
frame=11/41 receiver_sample=4/5 scenario=2026_07_29_02_32_08 timestamp=000080 cavs=[4, 1]
sgcp_constrained receiver=4 policy=all-cavs sources=[4, 1] clusters=5 ra=selective_edgecooper_global_pmax comm_bytes=45648 selected_grids={1: 43}Format = auto
Extension = pcd
Format = auto
Extension = pcd
Format = auto
Extension = pcd
Format = auto
Extension = pcd
Format = auto
Extension = pcd
Format = auto
Extension = pcd
Format = auto
Extension = pcd
Format = auto
Extension = pcd
Format = auto
Extension = pcd
Format = auto
Extension = pcd
Format = auto
Extension = pcd
Format = auto
Extension = pcd
Format = auto
Extension = pcd
Format = auto
Extension = pcd
Format = auto
Extension = pcd
Format = auto
Extension = pcd
Format = auto
Extension = pcd
Format = auto
Extension = pcd
Format = auto
Extension = pcd
Format = auto
Extension = pcd
Format = auto
Extension = pcd
Format = auto
Extension = pcd
Format = auto
Extension = pcd
Format = auto
Extension = pcd
Format = auto
Extension = pcd
Format = auto
Extension = pcd
Format = auto
Extension = pcd
Format = auto
Extension = pcd
Format = auto
Extension = pcd
Format = auto
Extension = pcd

fusion_method=early pred_boxes=35 gt_boxes=66
pred_scores_shape=(35,)
frame=11/41 receiver_sample=5/5 scenario=2026_07_29_02_32_08 timestamp=000080 cavs=[5]
sgcp_constrained receiver=5 policy=all-cavs sources=[5] clusters=5 ra=selective_edgecooper_global_pmax comm_bytes=0 selected_grids={}
fusion_method=early pred_boxes=20 gt_boxes=47
pred_scores_shape=(20,)
frame=12/41 receiver_sample=1/5 scenario=2026_07_29_02_32_08 timestamp=000082 cavs=[1, 2, 4]
sgcp_constrained receiver=1 policy=all-cavs sources=[1, 2, 4] clusters=5 ra=selective_edgecooper_global_pmax comm_bytes=94624 selected_grids={2: 40, 4: 51}
fusion_method=early pred_boxes=41 gt_boxes=65
pred_scores_shape=(41,)
frame=12/41 receiver_sample=2/5 scenario=2026_07_29_02_32_08 timestamp=000082 cavs=[2, 1]
sgcp_constrained receiver=2 policy=all-cavs sources=[2, 1] clusters=5 ra=selective_edgecooper_global_pmax comm_bytes=18848 selected_grids={1: 36}
fusion_method=early pred_boxes=24 gt_boxes=65
pred_scores_shape=(24,)
frame=12/41 receiver_sample=3/5 scenario=2026_07_29_02_32_08 timestamp=000082 cavs=[3]
sgcp_constrained receiver=3 policy=all-cavs sources=[3] clusters=5 ra=selective_edgecooper_global_pmax comm_bytes=0 selected_grids={}
fusion_method=early pred_boxes=17 gt_boxes=62
pred_scores_shape=(17,)
frame=12/41 receiver_sample=4/5 scenario=2026_07_29_02_32_08 timestamp=000082 cavs=[4, 1]
sgcp_constrained receiver=4 policy=all-cavs sources=[4, 1] clusters=5 ra=selective_edgecooper_global_pmax comm_bytes=45696 selected_grids={1: 43}
fusion_method=early pred_boxes=36 gt_boxes=66
pred_scores_shape=(36,)
frame=12/41 receiver_sample=5/5 scenario=2026_07_29_02_32_08 timestamp=000082 cavs=[5]
sgcp_constrained receiver=5 policy=all-cavs sources=[5] clusters=5 ra=selective_edgecooper_global_pmax comm_bytes=0 selected_grids={}
fusion_method=early pred_boxes=20 gt_boxes=47
pred_scores_shape=(20,)
frame=13/41 receiver_sample=1/5 scenario=2026_07_29_02_32_08 timestamp=000084 cavs=[1, 2, 4]
sgcp_constrained receiver=1 policy=all-cavs sources=[1, 2, 4] clusters=5 ra=selective_edgecooper_global_pmax comm_bytes=94368 selected_grids={2: 40, 4: 51}
fusion_method=early pred_boxes=42 gt_boxes=64
pred_scores_shape=(42,)
frame=13/41 receiver_sample=2/5 scenario=2026_07_29_02_32_08 timestamp=000084 cavs=[2, 1]
sgcp_constrained receiver=2 policy=all-cavs sources=[2, 1] clusters=5 ra=selective_edgecooper_global_pmax comm_bytes=18736 selected_grids={1: 36}
fusion_method=early pred_boxes=26 gt_boxes=64
pred_scores_shape=(26,)
frame=13/41 receiver_sample=3/5 scenario=2026_07_29_02_32_08 timestamp=000084 cavs=[3]
sgcp_constrained receiver=3 policy=all-cavs sources=[3] clusters=5 ra=selective_edgecooper_global_pmax comm_bytes=0 selected_grids={}
fusion_method=early pred_boxes=18 gt_boxes=62
pred_scores_shape=(18,)
frame=13/41 receiver_sample=4/5 scenario=2026_07_29_02_32_08 timestamp=000084 cavs=[4, 1]
sgcp_constrained receiver=4 policy=all-cavs sources=[4, 1] clusters=5 ra=selective_edgecooper_global_pmax comm_bytes=45792 selected_grids={1: 43}
fusion_method=early pred_boxes=36 gt_boxes=65
pred_scores_shape=(36,)
frame=13/41 receiver_sample=5/5 scenario=2026_07_29_02_32_08 timestamp=000084 cavs=[5]
sgcp_constrained receiver=5 policy=all-cavs sources=[5] clusters=5 ra=selective_edgecooper_global_pmax comm_bytes=0 selected_grids={}
fusion_method=early pred_boxes=20 gt_boxes=47
pred_scores_shape=(20,)
frame=14/41 receiver_sample=1/5 scenario=2026_07_29_02_32_08 timestamp=000086 cavs=[1, 2, 4]
sgcp_constrained receiver=1 policy=all-cavs sources=[1, 2, 4] clusters=5 ra=selective_edgecooper_global_pmax comm_bytes=94528 selected_grids={2: 40, 4: 53}
fusion_method=early pred_boxes=41 gt_boxes=65
pred_scores_shape=(41,)
frame=14/41 receiver_sample=2/5 scenario=2026_07_29_02_32_08 timestamp=000086 cavs=[2, 1]
sgcp_constrained receiver=2 policy=all-cavs sources=[2, 1] clusters=5 ra=selective_edgecooper_global_pmax comm_bytes=18928 selected_grids={1: 36}
fusion_method=early pred_boxes=24 gt_boxes=65
pred_scores_shape=(24,)
frame=14/41 receiver_sample=3/5 scenario=2026_07_29_02_32_08 timestamp=000086 cavs=[3]
sgcp_constrained receiver=3 policy=all-cavs sources=[3] clusters=5 ra=selective_edgecooper_global_pmax comm_bytes=0 selected_grids={}
fusion_method=early pred_boxes=18 gt_boxes=61
pred_scores_shape=(18,)
frame=14/41 receiver_sample=4/5 scenario=2026_07_29_02_32_08 timestamp=000086 cavs=[4, 1]
sgcp_constrained receiver=4 policy=all-cavs sources=[4, 1] clusters=5 ra=selective_edgecooper_global_pmax comm_bytes=45888 selected_grids={1: 43}
fusion_method=early pred_boxes=36 gt_boxes=66
pred_scores_shape=(36,)
frame=14/41 receiver_sample=5/5 scenario=2026_07_29_02_32_08 timestamp=000086 cavs=[5]
sgcp_constrained receiver=5 policy=all-cavs sources=[5] clusters=5 ra=selective_edgecooper_global_pmax comm_bytes=0 selected_grids={}
fusion_method=early pred_boxes=22 gt_boxes=47
pred_scores_shape=(22,)
frame=15/41 receiver_sample=1/5 scenario=2026_07_29_02_32_08 timestamp=000088 cavs=[1, 2, 4]
sgcp_constrained receiver=1 policy=all-cavs sources=[1, 2, 4] clusters=5 ra=selective_edgecooper_global_pmax comm_bytes=94848 selected_grids={2: 41, 4: 54}
fusion_method=early pred_boxes=39 gt_boxes=65
pred_scores_shape=(39,)
frame=15/41 receiver_sample=2/5 scenario=2026_07_29_02_32_08 timestamp=000088 cavs=[2, 1]
sgcp_constrained receiver=2 policy=all-cavs sources=[2, 1] clusters=5 ra=selective_edgecooper_global_pmax comm_bytes=19136 selected_grids={1: 36}
fusion_method=early pred_boxes=22 gt_boxes=65
pred_scores_shape=(22,)
frame=15/41 receiver_sample=3/5 scenario=2026_07_29_02_32_08 timestamp=000088 cavs=[3]
sgcp_constrained receiver=3 policy=all-cavs sources=[3] clusters=5 ra=selective_edgecooper_global_pmax comm_bytes=0 selected_grids={}
fusion_method=early pred_boxes=17 gt_boxes=61
pred_scores_shape=(17,)
frame=15/41 receiver_sample=4/5 scenario=2026_07_29_02_32_08 timestamp=000088 cavs=[4, 1]
sgcp_constrained receiver=4 policy=all-cavs sources=[4, 1] clusters=5 ra=selective_edgecooper_global_pmax comm_bytes=45888 selected_grids={1: 43}
fusion_method=early pred_boxes=34 gt_boxes=66
pred_scores_shape=(34,)
frame=15/41 receiver_sample=5/5 scenario=2026_07_29_02_32_08 timestamp=000088 cavs=[5]
sgcp_constrained receiver=5 policy=all-cavs sources=[5] clusters=5 ra=selective_edgecooper_global_pmax comm_bytes=0 selected_grids={}
fusion_method=early pred_boxes=17 gt_boxes=47
pred_scores_shape=(17,)
frame=16/41 receiver_sample=1/5 scenario=2026_07_29_02_32_08 timestamp=000090 cavs=[1, 2, 4]
sgcp_constrained receiver=1 policy=all-cavs sources=[1, 2, 4] clusters=5 ra=selective_edgecooper_global_pmax comm_bytes=94944 selected_grids={2: 41, 4: 54}
fusion_method=early pred_boxes=40 gt_boxes=66
pred_scores_shape=(40,)
frame=16/41 receiver_sample=2/5 scenario=2026_07_29_02_32_08 timestamp=000090 cavs=[2, 1]
sgcp_constrained receiver=2 policy=all-cavs sources=[2, 1] clusters=5 ra=selective_edgecooper_global_pmax comm_bytes=19104 selected_grids={1: 36}
fusion_method=early pred_boxes=22 gt_boxes=65
pred_scores_shape=(22,)
frame=16/41 receiver_sample=3/5 scenario=2026_07_29_02_32_08 timestamp=000090 cavs=[3]
sgcp_constrained receiver=3 policy=all-cavs sources=[3] clusters=5 ra=selective_edgecooper_global_pmax comm_bytes=0 selected_grids={}
fusion_method=early pred_boxes=18 gt_boxes=61
pred_scores_shape=(18,)
frame=16/41 receiver_sample=4/5 scenario=2026_07_29_02_32_08 timestamp=000090 cavs=[4, 1]
sgcp_constrained receiver=4 policy=all-cavs sources=[4, 1] clusters=5 ra=selective_edgecooper_global_pmax comm_bytes=45984 selected_grids={1: 43}
fusion_method=early pred_boxes=34 gt_boxes=66
pred_scores_shape=(34,)
frame=16/41 receiver_sample=5/5 scenario=2026_07_29_02_32_08 timestamp=000090 cavs=[5]
sgcp_constrained receiver=5 policy=all-cavs sources=[5] clusters=5 ra=selective_edgecooper_global_pmax comm_bytes=0 selected_grids={}
fusion_method=early pred_boxes=20 gt_boxes=47
pred_scores_shape=(20,)
frame=17/41 receiver_sample=1/5 scenario=2026_07_29_02_32_08 timestamp=000092 cavs=[1, 2, 4]
sgcp_constrained receiver=1 policy=all-cavs sources=[1, 2, 4] clusters=5 ra=selective_edgecooper_global_pmax comm_bytes=94624 selected_grids={2: 40, 4: 53}Format = auto
Extension = pcd
Format = auto
Extension = pcd
Format = auto
Extension = pcd
Format = auto
Extension = pcd
Format = auto
Extension = pcd
Format = auto
Extension = pcd
Format = auto
Extension = pcd
Format = auto
Extension = pcd
Format = auto
Extension = pcd
Format = auto
Extension = pcd
Format = auto
Extension = pcd
Format = auto
Extension = pcd
Format = auto
Extension = pcd
Format = auto
Extension = pcd
Format = auto
Extension = pcd
Format = auto
Extension = pcd
Format = auto
Extension = pcd
Format = auto
Extension = pcd
Format = auto
Extension = pcd
Format = auto
Extension = pcd
Format = auto
Extension = pcd
Format = auto
Extension = pcd
Format = auto
Extension = pcd
Format = auto
Extension = pcd
Format = auto
Extension = pcd

fusion_method=early pred_boxes=39 gt_boxes=65
pred_scores_shape=(39,)
frame=17/41 receiver_sample=2/5 scenario=2026_07_29_02_32_08 timestamp=000092 cavs=[2, 1]
sgcp_constrained receiver=2 policy=all-cavs sources=[2, 1] clusters=5 ra=selective_edgecooper_global_pmax comm_bytes=19296 selected_grids={1: 37}
fusion_method=early pred_boxes=23 gt_boxes=64
pred_scores_shape=(23,)
frame=17/41 receiver_sample=3/5 scenario=2026_07_29_02_32_08 timestamp=000092 cavs=[3]
sgcp_constrained receiver=3 policy=all-cavs sources=[3] clusters=5 ra=selective_edgecooper_global_pmax comm_bytes=0 selected_grids={}
fusion_method=early pred_boxes=16 gt_boxes=61
pred_scores_shape=(16,)
frame=17/41 receiver_sample=4/5 scenario=2026_07_29_02_32_08 timestamp=000092 cavs=[4, 1]
sgcp_constrained receiver=4 policy=all-cavs sources=[4, 1] clusters=5 ra=selective_edgecooper_global_pmax comm_bytes=46048 selected_grids={1: 42}
fusion_method=early pred_boxes=34 gt_boxes=65
pred_scores_shape=(34,)
frame=17/41 receiver_sample=5/5 scenario=2026_07_29_02_32_08 timestamp=000092 cavs=[5]
sgcp_constrained receiver=5 policy=all-cavs sources=[5] clusters=5 ra=selective_edgecooper_global_pmax comm_bytes=0 selected_grids={}
fusion_method=early pred_boxes=19 gt_boxes=47
pred_scores_shape=(19,)
frame=18/41 receiver_sample=1/5 scenario=2026_07_29_02_32_08 timestamp=000094 cavs=[1, 2, 4]
sgcp_constrained receiver=1 policy=all-cavs sources=[1, 2, 4] clusters=5 ra=selective_edgecooper_global_pmax comm_bytes=94304 selected_grids={2: 40, 4: 53}
fusion_method=early pred_boxes=40 gt_boxes=65
pred_scores_shape=(40,)
frame=18/41 receiver_sample=2/5 scenario=2026_07_29_02_32_08 timestamp=000094 cavs=[2, 1]
sgcp_constrained receiver=2 policy=all-cavs sources=[2, 1] clusters=5 ra=selective_edgecooper_global_pmax comm_bytes=19216 selected_grids={1: 37}
fusion_method=early pred_boxes=24 gt_boxes=63
pred_scores_shape=(24,)
frame=18/41 receiver_sample=3/5 scenario=2026_07_29_02_32_08 timestamp=000094 cavs=[3]
sgcp_constrained receiver=3 policy=all-cavs sources=[3] clusters=5 ra=selective_edgecooper_global_pmax comm_bytes=0 selected_grids={}
fusion_method=early pred_boxes=18 gt_boxes=59
pred_scores_shape=(18,)
frame=18/41 receiver_sample=4/5 scenario=2026_07_29_02_32_08 timestamp=000094 cavs=[4, 1]
sgcp_constrained receiver=4 policy=all-cavs sources=[4, 1] clusters=5 ra=selective_edgecooper_global_pmax comm_bytes=46288 selected_grids={1: 43}
fusion_method=early pred_boxes=32 gt_boxes=65
pred_scores_shape=(32,)
frame=18/41 receiver_sample=5/5 scenario=2026_07_29_02_32_08 timestamp=000094 cavs=[5]
sgcp_constrained receiver=5 policy=all-cavs sources=[5] clusters=5 ra=selective_edgecooper_global_pmax comm_bytes=0 selected_grids={}
fusion_method=early pred_boxes=24 gt_boxes=48
pred_scores_shape=(24,)
frame=19/41 receiver_sample=1/5 scenario=2026_07_29_02_32_08 timestamp=000096 cavs=[1, 2, 4]
sgcp_constrained receiver=1 policy=all-cavs sources=[1, 2, 4] clusters=5 ra=selective_edgecooper_global_pmax comm_bytes=94368 selected_grids={2: 40, 4: 53}
fusion_method=early pred_boxes=41 gt_boxes=65
pred_scores_shape=(41,)
frame=19/41 receiver_sample=2/5 scenario=2026_07_29_02_32_08 timestamp=000096 cavs=[2, 1]
sgcp_constrained receiver=2 policy=all-cavs sources=[2, 1] clusters=5 ra=selective_edgecooper_global_pmax comm_bytes=19072 selected_grids={1: 36}
fusion_method=early pred_boxes=21 gt_boxes=63
pred_scores_shape=(21,)
frame=19/41 receiver_sample=3/5 scenario=2026_07_29_02_32_08 timestamp=000096 cavs=[3]
sgcp_constrained receiver=3 policy=all-cavs sources=[3] clusters=5 ra=selective_edgecooper_global_pmax comm_bytes=0 selected_grids={}
fusion_method=early pred_boxes=17 gt_boxes=59
pred_scores_shape=(17,)
frame=19/41 receiver_sample=4/5 scenario=2026_07_29_02_32_08 timestamp=000096 cavs=[4, 1]
sgcp_constrained receiver=4 policy=all-cavs sources=[4, 1] clusters=5 ra=selective_edgecooper_global_pmax comm_bytes=46512 selected_grids={1: 42}
fusion_method=early pred_boxes=39 gt_boxes=65
pred_scores_shape=(39,)
frame=19/41 receiver_sample=5/5 scenario=2026_07_29_02_32_08 timestamp=000096 cavs=[5]
sgcp_constrained receiver=5 policy=all-cavs sources=[5] clusters=5 ra=selective_edgecooper_global_pmax comm_bytes=0 selected_grids={}
fusion_method=early pred_boxes=18 gt_boxes=48
pred_scores_shape=(18,)
frame=20/41 receiver_sample=1/5 scenario=2026_07_29_02_32_08 timestamp=000098 cavs=[1, 2, 4]
sgcp_constrained receiver=1 policy=all-cavs sources=[1, 2, 4] clusters=5 ra=selective_edgecooper_global_pmax comm_bytes=93712 selected_grids={2: 39, 4: 53}
fusion_method=early pred_boxes=40 gt_boxes=64
pred_scores_shape=(40,)
frame=20/41 receiver_sample=2/5 scenario=2026_07_29_02_32_08 timestamp=000098 cavs=[2, 1]
sgcp_constrained receiver=2 policy=all-cavs sources=[2, 1] clusters=5 ra=selective_edgecooper_global_pmax comm_bytes=19024 selected_grids={1: 35}
fusion_method=early pred_boxes=21 gt_boxes=62
pred_scores_shape=(21,)
frame=20/41 receiver_sample=3/5 scenario=2026_07_29_02_32_08 timestamp=000098 cavs=[3]
sgcp_constrained receiver=3 policy=all-cavs sources=[3] clusters=5 ra=selective_edgecooper_global_pmax comm_bytes=0 selected_grids={}
fusion_method=early pred_boxes=17 gt_boxes=59
pred_scores_shape=(17,)
frame=20/41 receiver_sample=4/5 scenario=2026_07_29_02_32_08 timestamp=000098 cavs=[4, 1]
sgcp_constrained receiver=4 policy=all-cavs sources=[4, 1] clusters=5 ra=selective_edgecooper_global_pmax comm_bytes=46768 selected_grids={1: 42}
fusion_method=early pred_boxes=35 gt_boxes=64
pred_scores_shape=(35,)
frame=20/41 receiver_sample=5/5 scenario=2026_07_29_02_32_08 timestamp=000098 cavs=[5]
sgcp_constrained receiver=5 policy=all-cavs sources=[5] clusters=5 ra=selective_edgecooper_global_pmax comm_bytes=0 selected_grids={}
fusion_method=early pred_boxes=22 gt_boxes=48
pred_scores_shape=(22,)
frame=21/41 receiver_sample=1/5 scenario=2026_07_29_02_32_08 timestamp=000100 cavs=[1, 2, 4]
sgcp_constrained receiver=1 policy=all-cavs sources=[1, 2, 4] clusters=5 ra=selective_edgecooper_global_pmax comm_bytes=93056 selected_grids={2: 40, 4: 53}
fusion_method=early pred_boxes=39 gt_boxes=64
pred_scores_shape=(39,)
frame=21/41 receiver_sample=2/5 scenario=2026_07_29_02_32_08 timestamp=000100 cavs=[2, 1]
sgcp_constrained receiver=2 policy=all-cavs sources=[2, 1] clusters=5 ra=selective_edgecooper_global_pmax comm_bytes=18896 selected_grids={1: 35}
fusion_method=early pred_boxes=22 gt_boxes=62
pred_scores_shape=(22,)
frame=21/41 receiver_sample=3/5 scenario=2026_07_29_02_32_08 timestamp=000100 cavs=[3]
sgcp_constrained receiver=3 policy=all-cavs sources=[3] clusters=5 ra=selective_edgecooper_global_pmax comm_bytes=0 selected_grids={}
fusion_method=early pred_boxes=17 gt_boxes=59
pred_scores_shape=(17,)
frame=21/41 receiver_sample=4/5 scenario=2026_07_29_02_32_08 timestamp=000100 cavs=[4, 1]
sgcp_constrained receiver=4 policy=all-cavs sources=[4, 1] clusters=5 ra=selective_edgecooper_global_pmax comm_bytes=46976 selected_grids={1: 43}
fusion_method=early pred_boxes=35 gt_boxes=63
pred_scores_shape=(35,)
frame=21/41 receiver_sample=5/5 scenario=2026_07_29_02_32_08 timestamp=000100 cavs=[5]
sgcp_constrained receiver=5 policy=all-cavs sources=[5] clusters=5 ra=selective_edgecooper_global_pmax comm_bytes=0 selected_grids={}
fusion_method=early pred_boxes=22 gt_boxes=47
pred_scores_shape=(22,)
frame=22/41 receiver_sample=1/5 scenario=2026_07_29_02_32_08 timestamp=000102 cavs=[1, 2, 4]
sgcp_constrained receiver=1 policy=all-cavs sources=[1, 2, 4] clusters=5 ra=selective_edgecooper_global_pmax comm_bytes=92480 selected_grids={2: 40, 4: 53}
fusion_method=early pred_boxes=38 gt_boxes=64
pred_scores_shape=(38,)
frame=22/41 receiver_sample=2/5 scenario=2026_07_29_02_32_08 timestamp=000102 cavs=[2, 1]
sgcp_constrained receiver=2 policy=all-cavs sources=[2, 1] clusters=5 ra=selective_edgecooper_global_pmax comm_bytes=18992 selected_grids={1: 37}
fusion_method=early pred_boxes=23 gt_boxes=62
pred_scores_shape=(23,)
frame=22/41 receiver_sample=3/5 scenario=2026_07_29_02_32_08 timestamp=000102 cavs=[3]
sgcp_constrained receiver=3 policy=all-cavs sources=[3] clusters=5 ra=selective_edgecooper_global_pmax comm_bytes=0 selected_grids={}Format = auto
Extension = pcd
Format = auto
Extension = pcd
Format = auto
Extension = pcd
Format = auto
Extension = pcd
Format = auto
Extension = pcd
Format = auto
Extension = pcd
Format = auto
Extension = pcd
Format = auto
Extension = pcd
Format = auto
Extension = pcd
Format = auto
Extension = pcd
Format = auto
Extension = pcd
Format = auto
Extension = pcd
Format = auto
Extension = pcd
Format = auto
Extension = pcd
Format = auto
Extension = pcd
Format = auto
Extension = pcd
Format = auto
Extension = pcd
Format = auto
Extension = pcd
Format = auto
Extension = pcd
Format = auto
Extension = pcd
Format = auto
Extension = pcd
Format = auto
Extension = pcd
Format = auto
Extension = pcd
Format = auto
Extension = pcd
Format = auto
Extension = pcd

fusion_method=early pred_boxes=15 gt_boxes=59
pred_scores_shape=(15,)
frame=22/41 receiver_sample=4/5 scenario=2026_07_29_02_32_08 timestamp=000102 cavs=[4, 1]
sgcp_constrained receiver=4 policy=all-cavs sources=[4, 1] clusters=5 ra=selective_edgecooper_global_pmax comm_bytes=47296 selected_grids={1: 44}
fusion_method=early pred_boxes=33 gt_boxes=62
pred_scores_shape=(33,)
frame=22/41 receiver_sample=5/5 scenario=2026_07_29_02_32_08 timestamp=000102 cavs=[5]
sgcp_constrained receiver=5 policy=all-cavs sources=[5] clusters=5 ra=selective_edgecooper_global_pmax comm_bytes=0 selected_grids={}
fusion_method=early pred_boxes=21 gt_boxes=48
pred_scores_shape=(21,)
frame=23/41 receiver_sample=1/5 scenario=2026_07_29_02_32_08 timestamp=000104 cavs=[1, 2, 4]
sgcp_constrained receiver=1 policy=all-cavs sources=[1, 2, 4] clusters=5 ra=selective_edgecooper_global_pmax comm_bytes=91984 selected_grids={2: 39, 4: 53}
fusion_method=early pred_boxes=41 gt_boxes=64
pred_scores_shape=(41,)
frame=23/41 receiver_sample=2/5 scenario=2026_07_29_02_32_08 timestamp=000104 cavs=[2, 1]
sgcp_constrained receiver=2 policy=all-cavs sources=[2, 1] clusters=5 ra=selective_edgecooper_global_pmax comm_bytes=19072 selected_grids={1: 38}
fusion_method=early pred_boxes=23 gt_boxes=62
pred_scores_shape=(23,)
frame=23/41 receiver_sample=3/5 scenario=2026_07_29_02_32_08 timestamp=000104 cavs=[3]
sgcp_constrained receiver=3 policy=all-cavs sources=[3] clusters=5 ra=selective_edgecooper_global_pmax comm_bytes=0 selected_grids={}
fusion_method=early pred_boxes=16 gt_boxes=59
pred_scores_shape=(16,)
frame=23/41 receiver_sample=4/5 scenario=2026_07_29_02_32_08 timestamp=000104 cavs=[4, 1]
sgcp_constrained receiver=4 policy=all-cavs sources=[4, 1] clusters=5 ra=selective_edgecooper_global_pmax comm_bytes=47520 selected_grids={1: 45}
fusion_method=early pred_boxes=34 gt_boxes=62
pred_scores_shape=(34,)
frame=23/41 receiver_sample=5/5 scenario=2026_07_29_02_32_08 timestamp=000104 cavs=[5]
sgcp_constrained receiver=5 policy=all-cavs sources=[5] clusters=5 ra=selective_edgecooper_global_pmax comm_bytes=0 selected_grids={}
fusion_method=early pred_boxes=21 gt_boxes=48
pred_scores_shape=(21,)
frame=24/41 receiver_sample=1/5 scenario=2026_07_29_02_32_08 timestamp=000106 cavs=[1, 2, 4]
sgcp_constrained receiver=1 policy=all-cavs sources=[1, 2, 4] clusters=5 ra=selective_edgecooper_global_pmax comm_bytes=91856 selected_grids={2: 39, 4: 53}
fusion_method=early pred_boxes=38 gt_boxes=63
pred_scores_shape=(38,)
frame=24/41 receiver_sample=2/5 scenario=2026_07_29_02_32_08 timestamp=000106 cavs=[2, 1]
sgcp_constrained receiver=2 policy=all-cavs sources=[2, 1] clusters=5 ra=selective_edgecooper_global_pmax comm_bytes=19264 selected_grids={1: 39}
fusion_method=early pred_boxes=24 gt_boxes=62
pred_scores_shape=(24,)
frame=24/41 receiver_sample=3/5 scenario=2026_07_29_02_32_08 timestamp=000106 cavs=[3]
sgcp_constrained receiver=3 policy=all-cavs sources=[3] clusters=5 ra=selective_edgecooper_global_pmax comm_bytes=0 selected_grids={}
fusion_method=early pred_boxes=17 gt_boxes=58
pred_scores_shape=(17,)
frame=24/41 receiver_sample=4/5 scenario=2026_07_29_02_32_08 timestamp=000106 cavs=[4, 1]
sgcp_constrained receiver=4 policy=all-cavs sources=[4, 1] clusters=5 ra=selective_edgecooper_global_pmax comm_bytes=47440 selected_grids={1: 44}
fusion_method=early pred_boxes=33 gt_boxes=62
pred_scores_shape=(33,)
frame=24/41 receiver_sample=5/5 scenario=2026_07_29_02_32_08 timestamp=000106 cavs=[5]
sgcp_constrained receiver=5 policy=all-cavs sources=[5] clusters=5 ra=selective_edgecooper_global_pmax comm_bytes=0 selected_grids={}
fusion_method=early pred_boxes=19 gt_boxes=48
pred_scores_shape=(19,)
frame=25/41 receiver_sample=1/5 scenario=2026_07_29_02_32_08 timestamp=000108 cavs=[1, 2, 4]
sgcp_constrained receiver=1 policy=all-cavs sources=[1, 2, 4] clusters=5 ra=selective_edgecooper_global_pmax comm_bytes=91776 selected_grids={2: 39, 4: 54}
fusion_method=early pred_boxes=38 gt_boxes=64
pred_scores_shape=(38,)
frame=25/41 receiver_sample=2/5 scenario=2026_07_29_02_32_08 timestamp=000108 cavs=[2, 1]
sgcp_constrained receiver=2 policy=all-cavs sources=[2, 1] clusters=5 ra=selective_edgecooper_global_pmax comm_bytes=19456 selected_grids={1: 39}
fusion_method=early pred_boxes=21 gt_boxes=63
pred_scores_shape=(21,)
frame=25/41 receiver_sample=3/5 scenario=2026_07_29_02_32_08 timestamp=000108 cavs=[3]
sgcp_constrained receiver=3 policy=all-cavs sources=[3] clusters=5 ra=selective_edgecooper_global_pmax comm_bytes=0 selected_grids={}
fusion_method=early pred_boxes=17 gt_boxes=58
pred_scores_shape=(17,)
frame=25/41 receiver_sample=4/5 scenario=2026_07_29_02_32_08 timestamp=000108 cavs=[4, 1]
sgcp_constrained receiver=4 policy=all-cavs sources=[4, 1] clusters=5 ra=selective_edgecooper_global_pmax comm_bytes=47504 selected_grids={1: 44}
fusion_method=early pred_boxes=33 gt_boxes=63
pred_scores_shape=(33,)
frame=25/41 receiver_sample=5/5 scenario=2026_07_29_02_32_08 timestamp=000108 cavs=[5]
sgcp_constrained receiver=5 policy=all-cavs sources=[5] clusters=5 ra=selective_edgecooper_global_pmax comm_bytes=0 selected_grids={}
fusion_method=early pred_boxes=22 gt_boxes=49
pred_scores_shape=(22,)
frame=26/41 receiver_sample=1/5 scenario=2026_07_29_02_32_08 timestamp=000110 cavs=[1, 2, 4]
sgcp_constrained receiver=1 policy=all-cavs sources=[1, 2, 4] clusters=5 ra=selective_edgecooper_global_pmax comm_bytes=91760 selected_grids={2: 38, 4: 54}
fusion_method=early pred_boxes=36 gt_boxes=63
pred_scores_shape=(36,)
frame=26/41 receiver_sample=2/5 scenario=2026_07_29_02_32_08 timestamp=000110 cavs=[2, 1]
sgcp_constrained receiver=2 policy=all-cavs sources=[2, 1] clusters=5 ra=selective_edgecooper_global_pmax comm_bytes=19568 selected_grids={1: 39}
fusion_method=early pred_boxes=25 gt_boxes=64
pred_scores_shape=(25,)
frame=26/41 receiver_sample=3/5 scenario=2026_07_29_02_32_08 timestamp=000110 cavs=[3]
sgcp_constrained receiver=3 policy=all-cavs sources=[3] clusters=5 ra=selective_edgecooper_global_pmax comm_bytes=0 selected_grids={}
fusion_method=early pred_boxes=16 gt_boxes=58
pred_scores_shape=(16,)
frame=26/41 receiver_sample=4/5 scenario=2026_07_29_02_32_08 timestamp=000110 cavs=[4, 1]
sgcp_constrained receiver=4 policy=all-cavs sources=[4, 1] clusters=5 ra=selective_edgecooper_global_pmax comm_bytes=47552 selected_grids={1: 44}
fusion_method=early pred_boxes=37 gt_boxes=62
pred_scores_shape=(37,)
frame=26/41 receiver_sample=5/5 scenario=2026_07_29_02_32_08 timestamp=000110 cavs=[5]
sgcp_constrained receiver=5 policy=all-cavs sources=[5] clusters=5 ra=selective_edgecooper_global_pmax comm_bytes=0 selected_grids={}
fusion_method=early pred_boxes=21 gt_boxes=49
pred_scores_shape=(21,)
frame=27/41 receiver_sample=1/5 scenario=2026_07_29_02_32_08 timestamp=000112 cavs=[1, 2, 4]
sgcp_constrained receiver=1 policy=all-cavs sources=[1, 2, 4] clusters=5 ra=selective_edgecooper_global_pmax comm_bytes=91616 selected_grids={2: 38, 4: 54}
fusion_method=early pred_boxes=37 gt_boxes=63
pred_scores_shape=(37,)
frame=27/41 receiver_sample=2/5 scenario=2026_07_29_02_32_08 timestamp=000112 cavs=[2, 1]
sgcp_constrained receiver=2 policy=all-cavs sources=[2, 1] clusters=5 ra=selective_edgecooper_global_pmax comm_bytes=19568 selected_grids={1: 39}
fusion_method=early pred_boxes=23 gt_boxes=64
pred_scores_shape=(23,)
frame=27/41 receiver_sample=3/5 scenario=2026_07_29_02_32_08 timestamp=000112 cavs=[3]
sgcp_constrained receiver=3 policy=all-cavs sources=[3] clusters=5 ra=selective_edgecooper_global_pmax comm_bytes=0 selected_grids={}
fusion_method=early pred_boxes=14 gt_boxes=58
pred_scores_shape=(14,)
frame=27/41 receiver_sample=4/5 scenario=2026_07_29_02_32_08 timestamp=000112 cavs=[4, 1]
sgcp_constrained receiver=4 policy=all-cavs sources=[4, 1] clusters=5 ra=selective_edgecooper_global_pmax comm_bytes=47584 selected_grids={1: 44}
fusion_method=early pred_boxes=32 gt_boxes=62
pred_scores_shape=(32,)
frame=27/41 receiver_sample=5/5 scenario=2026_07_29_02_32_08 timestamp=000112 cavs=[5]
sgcp_constrained receiver=5 policy=all-cavs sources=[5] clusters=5 ra=selective_edgecooper_global_pmax comm_bytes=0 selected_grids={}Format = auto
Extension = pcd
Format = auto
Extension = pcd
Format = auto
Extension = pcd
Format = auto
Extension = pcd
Format = auto
Extension = pcd
Format = auto
Extension = pcd
Format = auto
Extension = pcd
Format = auto
Extension = pcd
Format = auto
Extension = pcd
Format = auto
Extension = pcd
Format = auto
Extension = pcd
Format = auto
Extension = pcd
Format = auto
Extension = pcd
Format = auto
Extension = pcd
Format = auto
Extension = pcd
Format = auto
Extension = pcd
Format = auto
Extension = pcd
Format = auto
Extension = pcd
Format = auto
Extension = pcd
Format = auto
Extension = pcd
Format = auto
Extension = pcd
Format = auto
Extension = pcd
Format = auto
Extension = pcd
Format = auto
Extension = pcd
Format = auto
Extension = pcd
Format = auto
Extension = pcd
Format = auto
Extension = pcd
Format = auto
Extension = pcd
Format = auto
Extension = pcd
Format = auto
Extension = pcd

fusion_method=early pred_boxes=21 gt_boxes=50
pred_scores_shape=(21,)
frame=28/41 receiver_sample=1/5 scenario=2026_07_29_02_32_08 timestamp=000114 cavs=[1, 2, 4]
sgcp_constrained receiver=1 policy=all-cavs sources=[1, 2, 4] clusters=5 ra=selective_edgecooper_global_pmax comm_bytes=91568 selected_grids={2: 38, 4: 54}
fusion_method=early pred_boxes=35 gt_boxes=63
pred_scores_shape=(35,)
frame=28/41 receiver_sample=2/5 scenario=2026_07_29_02_32_08 timestamp=000114 cavs=[2, 1]
sgcp_constrained receiver=2 policy=all-cavs sources=[2, 1] clusters=5 ra=selective_edgecooper_global_pmax comm_bytes=19520 selected_grids={1: 39}
fusion_method=early pred_boxes=22 gt_boxes=63
pred_scores_shape=(22,)
frame=28/41 receiver_sample=3/5 scenario=2026_07_29_02_32_08 timestamp=000114 cavs=[3]
sgcp_constrained receiver=3 policy=all-cavs sources=[3] clusters=5 ra=selective_edgecooper_global_pmax comm_bytes=0 selected_grids={}
fusion_method=early pred_boxes=14 gt_boxes=58
pred_scores_shape=(14,)
frame=28/41 receiver_sample=4/5 scenario=2026_07_29_02_32_08 timestamp=000114 cavs=[4, 1]
sgcp_constrained receiver=4 policy=all-cavs sources=[4, 1] clusters=5 ra=selective_edgecooper_global_pmax comm_bytes=47648 selected_grids={1: 44}
fusion_method=early pred_boxes=34 gt_boxes=62
pred_scores_shape=(34,)
frame=28/41 receiver_sample=5/5 scenario=2026_07_29_02_32_08 timestamp=000114 cavs=[5]
sgcp_constrained receiver=5 policy=all-cavs sources=[5] clusters=5 ra=selective_edgecooper_global_pmax comm_bytes=0 selected_grids={}
fusion_method=early pred_boxes=18 gt_boxes=50
pred_scores_shape=(18,)
frame=29/41 receiver_sample=1/5 scenario=2026_07_29_02_32_08 timestamp=000116 cavs=[1, 2, 4]
sgcp_constrained receiver=1 policy=all-cavs sources=[1, 2, 4] clusters=5 ra=selective_edgecooper_global_pmax comm_bytes=91584 selected_grids={2: 38, 4: 55}
fusion_method=early pred_boxes=39 gt_boxes=62
pred_scores_shape=(39,)
frame=29/41 receiver_sample=2/5 scenario=2026_07_29_02_32_08 timestamp=000116 cavs=[2, 1]
sgcp_constrained receiver=2 policy=all-cavs sources=[2, 1] clusters=5 ra=selective_edgecooper_global_pmax comm_bytes=19424 selected_grids={1: 39}
fusion_method=early pred_boxes=24 gt_boxes=62
pred_scores_shape=(24,)
frame=29/41 receiver_sample=3/5 scenario=2026_07_29_02_32_08 timestamp=000116 cavs=[3]
sgcp_constrained receiver=3 policy=all-cavs sources=[3] clusters=5 ra=selective_edgecooper_global_pmax comm_bytes=0 selected_grids={}
fusion_method=early pred_boxes=14 gt_boxes=56
pred_scores_shape=(14,)
frame=29/41 receiver_sample=4/5 scenario=2026_07_29_02_32_08 timestamp=000116 cavs=[4, 1]
sgcp_constrained receiver=4 policy=all-cavs sources=[4, 1] clusters=5 ra=selective_edgecooper_global_pmax comm_bytes=47648 selected_grids={1: 44}
fusion_method=early pred_boxes=36 gt_boxes=61
pred_scores_shape=(36,)
frame=29/41 receiver_sample=5/5 scenario=2026_07_29_02_32_08 timestamp=000116 cavs=[5]
sgcp_constrained receiver=5 policy=all-cavs sources=[5] clusters=5 ra=selective_edgecooper_global_pmax comm_bytes=0 selected_grids={}
fusion_method=early pred_boxes=21 gt_boxes=48
pred_scores_shape=(21,)
frame=30/41 receiver_sample=1/5 scenario=2026_07_29_02_32_08 timestamp=000118 cavs=[1, 2, 4]
sgcp_constrained receiver=1 policy=all-cavs sources=[1, 2, 4] clusters=5 ra=selective_edgecooper_global_pmax comm_bytes=91520 selected_grids={2: 38, 4: 54}
fusion_method=early pred_boxes=38 gt_boxes=62
pred_scores_shape=(38,)
frame=30/41 receiver_sample=2/5 scenario=2026_07_29_02_32_08 timestamp=000118 cavs=[2, 1]
sgcp_constrained receiver=2 policy=all-cavs sources=[2, 1] clusters=5 ra=selective_edgecooper_global_pmax comm_bytes=19296 selected_grids={1: 37}
fusion_method=early pred_boxes=22 gt_boxes=62
pred_scores_shape=(22,)
frame=30/41 receiver_sample=3/5 scenario=2026_07_29_02_32_08 timestamp=000118 cavs=[3]
sgcp_constrained receiver=3 policy=all-cavs sources=[3] clusters=5 ra=selective_edgecooper_global_pmax comm_bytes=0 selected_grids={}
fusion_method=early pred_boxes=15 gt_boxes=56
pred_scores_shape=(15,)
frame=30/41 receiver_sample=4/5 scenario=2026_07_29_02_32_08 timestamp=000118 cavs=[4, 1]
sgcp_constrained receiver=4 policy=all-cavs sources=[4, 1] clusters=5 ra=selective_edgecooper_global_pmax comm_bytes=47712 selected_grids={1: 42}
fusion_method=early pred_boxes=35 gt_boxes=61
pred_scores_shape=(35,)
frame=30/41 receiver_sample=5/5 scenario=2026_07_29_02_32_08 timestamp=000118 cavs=[5]
sgcp_constrained receiver=5 policy=all-cavs sources=[5] clusters=5 ra=selective_edgecooper_global_pmax comm_bytes=0 selected_grids={}
fusion_method=early pred_boxes=21 gt_boxes=50
pred_scores_shape=(21,)
frame=31/41 receiver_sample=1/5 scenario=2026_07_29_02_32_08 timestamp=000120 cavs=[1, 2, 4]
sgcp_constrained receiver=1 policy=all-cavs sources=[1, 2, 4] clusters=5 ra=selective_edgecooper_global_pmax comm_bytes=91392 selected_grids={2: 38, 4: 53}
fusion_method=early pred_boxes=38 gt_boxes=62
pred_scores_shape=(38,)
frame=31/41 receiver_sample=2/5 scenario=2026_07_29_02_32_08 timestamp=000120 cavs=[2, 1]
sgcp_constrained receiver=2 policy=all-cavs sources=[2, 1] clusters=5 ra=selective_edgecooper_global_pmax comm_bytes=19184 selected_grids={1: 37}
fusion_method=early pred_boxes=21 gt_boxes=62
pred_scores_shape=(21,)
frame=31/41 receiver_sample=3/5 scenario=2026_07_29_02_32_08 timestamp=000120 cavs=[3]
sgcp_constrained receiver=3 policy=all-cavs sources=[3] clusters=5 ra=selective_edgecooper_global_pmax comm_bytes=0 selected_grids={}
fusion_method=early pred_boxes=14 gt_boxes=56
pred_scores_shape=(14,)
frame=31/41 receiver_sample=4/5 scenario=2026_07_29_02_32_08 timestamp=000120 cavs=[4, 1]
sgcp_constrained receiver=4 policy=all-cavs sources=[4, 1] clusters=5 ra=selective_edgecooper_global_pmax comm_bytes=47664 selected_grids={1: 42}
fusion_method=early pred_boxes=34 gt_boxes=61
pred_scores_shape=(34,)
frame=31/41 receiver_sample=5/5 scenario=2026_07_29_02_32_08 timestamp=000120 cavs=[5]
sgcp_constrained receiver=5 policy=all-cavs sources=[5] clusters=5 ra=selective_edgecooper_global_pmax comm_bytes=0 selected_grids={}
fusion_method=early pred_boxes=21 gt_boxes=50
pred_scores_shape=(21,)
frame=32/41 receiver_sample=1/5 scenario=2026_07_29_02_32_08 timestamp=000122 cavs=[1, 2, 4]
sgcp_constrained receiver=1 policy=all-cavs sources=[1, 2, 4] clusters=5 ra=selective_edgecooper_global_pmax comm_bytes=91456 selected_grids={2: 39, 4: 54}
fusion_method=early pred_boxes=40 gt_boxes=62
pred_scores_shape=(40,)
frame=32/41 receiver_sample=2/5 scenario=2026_07_29_02_32_08 timestamp=000122 cavs=[2, 1]
sgcp_constrained receiver=2 policy=all-cavs sources=[2, 1] clusters=5 ra=selective_edgecooper_global_pmax comm_bytes=19040 selected_grids={1: 36}
fusion_method=early pred_boxes=22 gt_boxes=62
pred_scores_shape=(22,)
frame=32/41 receiver_sample=3/5 scenario=2026_07_29_02_32_08 timestamp=000122 cavs=[3]
sgcp_constrained receiver=3 policy=all-cavs sources=[3] clusters=5 ra=selective_edgecooper_global_pmax comm_bytes=0 selected_grids={}
fusion_method=early pred_boxes=15 gt_boxes=54
pred_scores_shape=(15,)
frame=32/41 receiver_sample=4/5 scenario=2026_07_29_02_32_08 timestamp=000122 cavs=[4, 1]
sgcp_constrained receiver=4 policy=all-cavs sources=[4, 1] clusters=5 ra=selective_edgecooper_global_pmax comm_bytes=47696 selected_grids={1: 42}
fusion_method=early pred_boxes=34 gt_boxes=61
pred_scores_shape=(34,)
frame=32/41 receiver_sample=5/5 scenario=2026_07_29_02_32_08 timestamp=000122 cavs=[5]
sgcp_constrained receiver=5 policy=all-cavs sources=[5] clusters=5 ra=selective_edgecooper_global_pmax comm_bytes=0 selected_grids={}
fusion_method=early pred_boxes=20 gt_boxes=53
pred_scores_shape=(20,)
frame=33/41 receiver_sample=1/5 scenario=2026_07_29_02_32_08 timestamp=000124 cavs=[1, 2, 4]
sgcp_constrained receiver=1 policy=all-cavs sources=[1, 2, 4] clusters=5 ra=selective_edgecooper_global_pmax comm_bytes=91456 selected_grids={2: 39, 4: 54}
fusion_method=early pred_boxes=36 gt_boxes=62
pred_scores_shape=(36,)
frame=33/41 receiver_sample=2/5 scenario=2026_07_29_02_32_08 timestamp=000124 cavs=[2, 1]
sgcp_constrained receiver=2 policy=all-cavs sources=[2, 1] clusters=5 ra=selective_edgecooper_global_pmax comm_bytes=18960 selected_grids={1: 36}Format = auto
Extension = pcd
Format = auto
Extension = pcd
Format = auto
Extension = pcd
Format = auto
Extension = pcd
Format = auto
Extension = pcd
Format = auto
Extension = pcd
Format = auto
Extension = pcd
Format = auto
Extension = pcd
Format = auto
Extension = pcd
Format = auto
Extension = pcd
Format = auto
Extension = pcd
Format = auto
Extension = pcd
Format = auto
Extension = pcd
Format = auto
Extension = pcd
Format = auto
Extension = pcd
Format = auto
Extension = pcd
Format = auto
Extension = pcd
Format = auto
Extension = pcd
Format = auto
Extension = pcd
Format = auto
Extension = pcd
Format = auto
Extension = pcd
Format = auto
Extension = pcd
Format = auto
Extension = pcd
Format = auto
Extension = pcd
Format = auto
Extension = pcd

fusion_method=early pred_boxes=21 gt_boxes=62
pred_scores_shape=(21,)
frame=33/41 receiver_sample=3/5 scenario=2026_07_29_02_32_08 timestamp=000124 cavs=[3]
sgcp_constrained receiver=3 policy=all-cavs sources=[3] clusters=5 ra=selective_edgecooper_global_pmax comm_bytes=0 selected_grids={}
fusion_method=early pred_boxes=14 gt_boxes=54
pred_scores_shape=(14,)
frame=33/41 receiver_sample=4/5 scenario=2026_07_29_02_32_08 timestamp=000124 cavs=[4, 1]
sgcp_constrained receiver=4 policy=all-cavs sources=[4, 1] clusters=5 ra=selective_edgecooper_global_pmax comm_bytes=47680 selected_grids={1: 42}
fusion_method=early pred_boxes=33 gt_boxes=61
pred_scores_shape=(33,)
frame=33/41 receiver_sample=5/5 scenario=2026_07_29_02_32_08 timestamp=000124 cavs=[5]
sgcp_constrained receiver=5 policy=all-cavs sources=[5] clusters=5 ra=selective_edgecooper_global_pmax comm_bytes=0 selected_grids={}
fusion_method=early pred_boxes=24 gt_boxes=54
pred_scores_shape=(24,)
frame=34/41 receiver_sample=1/5 scenario=2026_07_29_02_32_08 timestamp=000126 cavs=[1, 2, 4]
sgcp_constrained receiver=1 policy=all-cavs sources=[1, 2, 4] clusters=5 ra=selective_edgecooper_global_pmax comm_bytes=91552 selected_grids={2: 39, 4: 53}
fusion_method=early pred_boxes=40 gt_boxes=62
pred_scores_shape=(40,)
frame=34/41 receiver_sample=2/5 scenario=2026_07_29_02_32_08 timestamp=000126 cavs=[2, 1]
sgcp_constrained receiver=2 policy=all-cavs sources=[2, 1] clusters=5 ra=selective_edgecooper_global_pmax comm_bytes=18976 selected_grids={1: 35}
fusion_method=early pred_boxes=23 gt_boxes=62
pred_scores_shape=(23,)
frame=34/41 receiver_sample=3/5 scenario=2026_07_29_02_32_08 timestamp=000126 cavs=[3]
sgcp_constrained receiver=3 policy=all-cavs sources=[3] clusters=5 ra=selective_edgecooper_global_pmax comm_bytes=0 selected_grids={}
fusion_method=early pred_boxes=14 gt_boxes=54
pred_scores_shape=(14,)
frame=34/41 receiver_sample=4/5 scenario=2026_07_29_02_32_08 timestamp=000126 cavs=[4, 1]
sgcp_constrained receiver=4 policy=all-cavs sources=[4, 1] clusters=5 ra=selective_edgecooper_global_pmax comm_bytes=47712 selected_grids={1: 42}
fusion_method=early pred_boxes=33 gt_boxes=61
pred_scores_shape=(33,)
frame=34/41 receiver_sample=5/5 scenario=2026_07_29_02_32_08 timestamp=000126 cavs=[5]
sgcp_constrained receiver=5 policy=all-cavs sources=[5] clusters=5 ra=selective_edgecooper_global_pmax comm_bytes=0 selected_grids={}
fusion_method=early pred_boxes=23 gt_boxes=55
pred_scores_shape=(23,)
frame=35/41 receiver_sample=1/5 scenario=2026_07_29_02_32_08 timestamp=000128 cavs=[1, 2, 4]
sgcp_constrained receiver=1 policy=all-cavs sources=[1, 2, 4] clusters=5 ra=selective_edgecooper_global_pmax comm_bytes=91472 selected_grids={2: 39, 4: 53}
fusion_method=early pred_boxes=37 gt_boxes=62
pred_scores_shape=(37,)
frame=35/41 receiver_sample=2/5 scenario=2026_07_29_02_32_08 timestamp=000128 cavs=[2, 1]
sgcp_constrained receiver=2 policy=all-cavs sources=[2, 1] clusters=5 ra=selective_edgecooper_global_pmax comm_bytes=19088 selected_grids={1: 36}
fusion_method=early pred_boxes=22 gt_boxes=62
pred_scores_shape=(22,)
frame=35/41 receiver_sample=3/5 scenario=2026_07_29_02_32_08 timestamp=000128 cavs=[3]
sgcp_constrained receiver=3 policy=all-cavs sources=[3] clusters=5 ra=selective_edgecooper_global_pmax comm_bytes=0 selected_grids={}
fusion_method=early pred_boxes=14 gt_boxes=54
pred_scores_shape=(14,)
frame=35/41 receiver_sample=4/5 scenario=2026_07_29_02_32_08 timestamp=000128 cavs=[4, 1]
sgcp_constrained receiver=4 policy=all-cavs sources=[4, 1] clusters=5 ra=selective_edgecooper_global_pmax comm_bytes=47808 selected_grids={1: 43}
fusion_method=early pred_boxes=33 gt_boxes=61
pred_scores_shape=(33,)
frame=35/41 receiver_sample=5/5 scenario=2026_07_29_02_32_08 timestamp=000128 cavs=[5]
sgcp_constrained receiver=5 policy=all-cavs sources=[5] clusters=5 ra=selective_edgecooper_global_pmax comm_bytes=0 selected_grids={}
fusion_method=early pred_boxes=23 gt_boxes=59
pred_scores_shape=(23,)
frame=36/41 receiver_sample=1/5 scenario=2026_07_29_02_32_08 timestamp=000130 cavs=[1, 2, 4]
sgcp_constrained receiver=1 policy=all-cavs sources=[1, 2, 4] clusters=5 ra=selective_edgecooper_global_pmax comm_bytes=91184 selected_grids={2: 39, 4: 53}
fusion_method=early pred_boxes=38 gt_boxes=61
pred_scores_shape=(38,)
frame=36/41 receiver_sample=2/5 scenario=2026_07_29_02_32_08 timestamp=000130 cavs=[2, 1]
sgcp_constrained receiver=2 policy=all-cavs sources=[2, 1] clusters=5 ra=selective_edgecooper_global_pmax comm_bytes=19088 selected_grids={1: 37}
fusion_method=early pred_boxes=21 gt_boxes=61
pred_scores_shape=(21,)
frame=36/41 receiver_sample=3/5 scenario=2026_07_29_02_32_08 timestamp=000130 cavs=[3]
sgcp_constrained receiver=3 policy=all-cavs sources=[3] clusters=5 ra=selective_edgecooper_global_pmax comm_bytes=0 selected_grids={}
fusion_method=early pred_boxes=15 gt_boxes=53
pred_scores_shape=(15,)
frame=36/41 receiver_sample=4/5 scenario=2026_07_29_02_32_08 timestamp=000130 cavs=[4, 1]
sgcp_constrained receiver=4 policy=all-cavs sources=[4, 1] clusters=5 ra=selective_edgecooper_global_pmax comm_bytes=47776 selected_grids={1: 43}
fusion_method=early pred_boxes=31 gt_boxes=61
pred_scores_shape=(31,)
frame=36/41 receiver_sample=5/5 scenario=2026_07_29_02_32_08 timestamp=000130 cavs=[5]
sgcp_constrained receiver=5 policy=all-cavs sources=[5] clusters=5 ra=selective_edgecooper_global_pmax comm_bytes=0 selected_grids={}
fusion_method=early pred_boxes=20 gt_boxes=60
pred_scores_shape=(20,)
frame=37/41 receiver_sample=1/5 scenario=2026_07_29_02_32_08 timestamp=000132 cavs=[1, 2, 4]
sgcp_constrained receiver=1 policy=all-cavs sources=[1, 2, 4] clusters=5 ra=selective_edgecooper_global_pmax comm_bytes=90784 selected_grids={2: 39, 4: 53}
fusion_method=early pred_boxes=37 gt_boxes=60
pred_scores_shape=(37,)
frame=37/41 receiver_sample=2/5 scenario=2026_07_29_02_32_08 timestamp=000132 cavs=[2, 1]
sgcp_constrained receiver=2 policy=all-cavs sources=[2, 1] clusters=5 ra=selective_edgecooper_global_pmax comm_bytes=19184 selected_grids={1: 35}
fusion_method=early pred_boxes=22 gt_boxes=60
pred_scores_shape=(22,)
frame=37/41 receiver_sample=3/5 scenario=2026_07_29_02_32_08 timestamp=000132 cavs=[3]
sgcp_constrained receiver=3 policy=all-cavs sources=[3] clusters=5 ra=selective_edgecooper_global_pmax comm_bytes=0 selected_grids={}
fusion_method=early pred_boxes=15 gt_boxes=51
pred_scores_shape=(15,)
frame=37/41 receiver_sample=4/5 scenario=2026_07_29_02_32_08 timestamp=000132 cavs=[4, 1]
sgcp_constrained receiver=4 policy=all-cavs sources=[4, 1] clusters=5 ra=selective_edgecooper_global_pmax comm_bytes=47840 selected_grids={1: 41}
fusion_method=early pred_boxes=31 gt_boxes=60
pred_scores_shape=(31,)
frame=37/41 receiver_sample=5/5 scenario=2026_07_29_02_32_08 timestamp=000132 cavs=[5]
sgcp_constrained receiver=5 policy=all-cavs sources=[5] clusters=5 ra=selective_edgecooper_global_pmax comm_bytes=0 selected_grids={}
fusion_method=early pred_boxes=28 gt_boxes=59
pred_scores_shape=(28,)
frame=38/41 receiver_sample=1/5 scenario=2026_07_29_02_32_08 timestamp=000134 cavs=[1, 2, 4]
sgcp_constrained receiver=1 policy=all-cavs sources=[1, 2, 4] clusters=5 ra=selective_edgecooper_global_pmax comm_bytes=90304 selected_grids={2: 39, 4: 52}
fusion_method=early pred_boxes=38 gt_boxes=60
pred_scores_shape=(38,)
frame=38/41 receiver_sample=2/5 scenario=2026_07_29_02_32_08 timestamp=000134 cavs=[2, 1]
sgcp_constrained receiver=2 policy=all-cavs sources=[2, 1] clusters=5 ra=selective_edgecooper_global_pmax comm_bytes=19136 selected_grids={1: 35}
fusion_method=early pred_boxes=22 gt_boxes=60
pred_scores_shape=(22,)
frame=38/41 receiver_sample=3/5 scenario=2026_07_29_02_32_08 timestamp=000134 cavs=[3]
sgcp_constrained receiver=3 policy=all-cavs sources=[3] clusters=5 ra=selective_edgecooper_global_pmax comm_bytes=0 selected_grids={}
fusion_method=early pred_boxes=13 gt_boxes=50
pred_scores_shape=(13,)
frame=38/41 receiver_sample=4/5 scenario=2026_07_29_02_32_08 timestamp=000134 cavs=[4, 1]
sgcp_constrained receiver=4 policy=all-cavs sources=[4, 1] clusters=5 ra=selective_edgecooper_global_pmax comm_bytes=47808 selected_grids={1: 41}Format = auto
Extension = pcd
Format = auto
Extension = pcd
Format = auto
Extension = pcd
Format = auto
Extension = pcd
Format = auto
Extension = pcd
Format = auto
Extension = pcd
Format = auto
Extension = pcd
Format = auto
Extension = pcd
Format = auto
Extension = pcd
Format = auto
Extension = pcd
Format = auto
Extension = pcd
Format = auto
Extension = pcd
Format = auto
Extension = pcd
Format = auto
Extension = pcd
Format = auto
Extension = pcd
C:\Users\sakakibara\miniconda3\envs\opencda\lib\site-packages\torch\nn\functional.py:1806: UserWarning: nn.functional.sigmoid is deprecated. Use torch.sigmoid instead.
  warnings.warn("nn.functional.sigmoid is deprecated. Use torch.sigmoid instead.")

fusion_method=early pred_boxes=34 gt_boxes=60
pred_scores_shape=(34,)
frame=38/41 receiver_sample=5/5 scenario=2026_07_29_02_32_08 timestamp=000134 cavs=[5]
sgcp_constrained receiver=5 policy=all-cavs sources=[5] clusters=5 ra=selective_edgecooper_global_pmax comm_bytes=0 selected_grids={}
fusion_method=early pred_boxes=20 gt_boxes=60
pred_scores_shape=(20,)
frame=39/41 receiver_sample=1/5 scenario=2026_07_29_02_32_08 timestamp=000136 cavs=[1, 2, 4]
sgcp_constrained receiver=1 policy=all-cavs sources=[1, 2, 4] clusters=5 ra=selective_edgecooper_global_pmax comm_bytes=89856 selected_grids={2: 39, 4: 52}
fusion_method=early pred_boxes=40 gt_boxes=61
pred_scores_shape=(40,)
frame=39/41 receiver_sample=2/5 scenario=2026_07_29_02_32_08 timestamp=000136 cavs=[2, 1]
sgcp_constrained receiver=2 policy=all-cavs sources=[2, 1] clusters=5 ra=selective_edgecooper_global_pmax comm_bytes=19216 selected_grids={1: 34}
fusion_method=early pred_boxes=22 gt_boxes=61
pred_scores_shape=(22,)
frame=39/41 receiver_sample=3/5 scenario=2026_07_29_02_32_08 timestamp=000136 cavs=[3]
sgcp_constrained receiver=3 policy=all-cavs sources=[3] clusters=5 ra=selective_edgecooper_global_pmax comm_bytes=0 selected_grids={}
fusion_method=early pred_boxes=13 gt_boxes=51
pred_scores_shape=(13,)
frame=39/41 receiver_sample=4/5 scenario=2026_07_29_02_32_08 timestamp=000136 cavs=[4, 1]
sgcp_constrained receiver=4 policy=all-cavs sources=[4, 1] clusters=5 ra=selective_edgecooper_global_pmax comm_bytes=47856 selected_grids={1: 40}
fusion_method=early pred_boxes=33 gt_boxes=61
pred_scores_shape=(33,)
frame=39/41 receiver_sample=5/5 scenario=2026_07_29_02_32_08 timestamp=000136 cavs=[5]
sgcp_constrained receiver=5 policy=all-cavs sources=[5] clusters=5 ra=selective_edgecooper_global_pmax comm_bytes=0 selected_grids={}
fusion_method=early pred_boxes=25 gt_boxes=61
pred_scores_shape=(25,)
frame=40/41 receiver_sample=1/5 scenario=2026_07_29_02_32_08 timestamp=000138 cavs=[1, 2, 4]
sgcp_constrained receiver=1 policy=all-cavs sources=[1, 2, 4] clusters=5 ra=selective_edgecooper_global_pmax comm_bytes=89440 selected_grids={2: 39, 4: 52}
fusion_method=early pred_boxes=37 gt_boxes=63
pred_scores_shape=(37,)
frame=40/41 receiver_sample=2/5 scenario=2026_07_29_02_32_08 timestamp=000138 cavs=[2, 1]
sgcp_constrained receiver=2 policy=all-cavs sources=[2, 1] clusters=5 ra=selective_edgecooper_global_pmax comm_bytes=19504 selected_grids={1: 36}
fusion_method=early pred_boxes=21 gt_boxes=63
pred_scores_shape=(21,)
frame=40/41 receiver_sample=3/5 scenario=2026_07_29_02_32_08 timestamp=000138 cavs=[3]
sgcp_constrained receiver=3 policy=all-cavs sources=[3] clusters=5 ra=selective_edgecooper_global_pmax comm_bytes=0 selected_grids={}
fusion_method=early pred_boxes=13 gt_boxes=51
pred_scores_shape=(13,)
frame=40/41 receiver_sample=4/5 scenario=2026_07_29_02_32_08 timestamp=000138 cavs=[4, 1]
sgcp_constrained receiver=4 policy=all-cavs sources=[4, 1] clusters=5 ra=selective_edgecooper_global_pmax comm_bytes=47984 selected_grids={1: 41}
fusion_method=early pred_boxes=33 gt_boxes=63
pred_scores_shape=(33,)
frame=40/41 receiver_sample=5/5 scenario=2026_07_29_02_32_08 timestamp=000138 cavs=[5]
sgcp_constrained receiver=5 policy=all-cavs sources=[5] clusters=5 ra=selective_edgecooper_global_pmax comm_bytes=0 selected_grids={}
fusion_method=early pred_boxes=27 gt_boxes=62
pred_scores_shape=(27,)
frame=41/41 receiver_sample=1/5 scenario=2026_07_29_02_32_08 timestamp=000140 cavs=[1, 2, 4]
sgcp_constrained receiver=1 policy=all-cavs sources=[1, 2, 4] clusters=5 ra=selective_edgecooper_global_pmax comm_bytes=89072 selected_grids={2: 39, 4: 52}
fusion_method=early pred_boxes=36 gt_boxes=62
pred_scores_shape=(36,)
frame=41/41 receiver_sample=2/5 scenario=2026_07_29_02_32_08 timestamp=000140 cavs=[2, 1]
sgcp_constrained receiver=2 policy=all-cavs sources=[2, 1] clusters=5 ra=selective_edgecooper_global_pmax comm_bytes=19920 selected_grids={1: 36}
fusion_method=early pred_boxes=23 gt_boxes=62
pred_scores_shape=(23,)
frame=41/41 receiver_sample=3/5 scenario=2026_07_29_02_32_08 timestamp=000140 cavs=[3]
sgcp_constrained receiver=3 policy=all-cavs sources=[3] clusters=5 ra=selective_edgecooper_global_pmax comm_bytes=0 selected_grids={}
fusion_method=early pred_boxes=14 gt_boxes=51
pred_scores_shape=(14,)
frame=41/41 receiver_sample=4/5 scenario=2026_07_29_02_32_08 timestamp=000140 cavs=[4, 1]
sgcp_constrained receiver=4 policy=all-cavs sources=[4, 1] clusters=5 ra=selective_edgecooper_global_pmax comm_bytes=48160 selected_grids={1: 41}
fusion_method=early pred_boxes=31 gt_boxes=62
pred_scores_shape=(31,)
frame=41/41 receiver_sample=5/5 scenario=2026_07_29_02_32_08 timestamp=000140 cavs=[5]
sgcp_constrained receiver=5 policy=all-cavs sources=[5] clusters=5 ra=selective_edgecooper_global_pmax comm_bytes=0 selected_grids={}
fusion_method=early pred_boxes=23 gt_boxes=63
pred_scores_shape=(23,)
cp counter: 205
Evaluate final average precision results:
  - Fusion method: early
  - The Average Precision at IOU 0.3 is 0.42, The Average Precision at IOU 0.5 is 0.39, The Average Precision at IOU 0.7 is 0.27
sgcp_summary frames=205 avg_comm_bytes=31880.74 total_comm_bytes=6535552 avg_source_cavs=1.80 avg_selected_grids=34.44
