COMMAND: C:\Users\sakakibara\miniconda3\envs\opencda\python.exe -m opencda.tools.offline_inference --dataset-root D:\Data\Carla --scenario-id 2026_07_31_02_24_35 --ego-cav-id 1 --max-frames 31 --fusion-method early --coperception-yaml docs\doc_workspace\SGCP\artifacts\multi_backbone_20260731\enable_coperception_voxelnet_early.yaml --bandwidth-mhz 40 --num-channels 10 --channel-estimator ns3 --ns3-tb-size-bytes 899 --ns3-slot-duration-ms 0.5 --ns3-subchannel-prbs 10 --ns3-symbols-per-slot 12 --ns3-mcs 28 --communication-deadline-ms 60 --sgcp-constrained --clustering all_in_one --sgcp-receiver-policy all-cluster-heads --sgcp-upload-mode full_cluster --sgcp-trace-output docs\doc_workspace\SGCP\artifacts\multi_backbone_20260731\town06_voxelnet_table1\centralized_upper_trace.csv --eval-stats-output docs\doc_workspace\SGCP\artifacts\multi_backbone_20260731\town06_voxelnet_table1\centralized_upper_eval_stats.csv

Format = auto
Extension = pcd
Format = auto
Extension = pcd
Format = auto
Extension = pcd
Format = auto
Extension = pcd
Format = auto
Extension = pcd
Format = auto
Extension = pcd
Format = auto
Extension = pcd
Format = auto
Extension = pcd
Format = auto
Extension = pcd
Format = auto
Extension = pcd
Format = auto
Extension = pcd
Format = auto
Extension = pcd
Format = auto
Extension = pcd
Format = auto
Extension = pcd
Format = auto
Extension = pcd
Format = auto
Extension = pcd
Format = auto
Extension = pcd
Format = auto
Extension = pcd
Format = auto
Extension = pcd
Format = auto
Extension = pcd
Format = auto
Extension = pcd
Format = auto
Extension = pcd
Format = auto
Extension = pcd
Format = auto
Extension = pcd
Format = auto
Extension = pcd
Format = auto
Extension = pcd
Format = auto
Extension = pcd
Format = auto
Extension = pcd
Format = auto
Extension = pcd
Format = auto
Extension = pcd
Format = auto
Extension = pcd
Format = auto
Extension = pcd
Format = auto
Extension = pcd
Format = auto
Extension = pcd
Format = auto
Extension = pcd
Format = auto
Extension = pcd
Format = auto
Extension = pcd
Format = auto
Extension = pcd
Format = auto
Extension = pcd
Format = auto
Extension = pcd
Format = auto
Extension = pcd
Format = auto
Extension = pcd
Format = auto
Extension = pcd
Format = auto
Extension = pcd
Format = auto
Extension = pcd
Format = auto
Extension = pcd
Format = auto
Extension = pcd
Format = auto
Extension = pcd
Format = auto
Extension = pcd
Format = auto
Extension = pcd
Format = auto
Extension = pcd
Format = auto
Extension = pcd
Format = auto
Extension = pcd
Format = auto
Extension = pcd
Format = auto
Extension = pcd
Format = auto
Extension = pcd
Format = auto
Extension = pcd
Format = auto
Extension = pcd
Format = auto
Extension = pcd
Format = auto
Extension = pcd
Format = auto
Extension = pcd
Format = auto
Extension = pcd
Format = auto
Extension = pcd
Format = auto
Extension = pcd
Format = auto
Extension = pcd
Format = auto
Extension = pcd
Format = auto
Extension = pcd
Format = auto
Extension = pcd
Format = auto
Extension = pcd
Format = auto
Extension = pcd
Format = auto
Extension = pcd
Format = auto
Extension = pcd
Format = auto
Extension = pcd
Format = auto
Extension = pcd
Format = auto
Extension = pcd
Format = auto
Extension = pcd
Format = auto
Extension = pcd
Format = auto
Extension = pcd
Format = auto
Extension = pcd
Format = auto
Extension = pcd
Format = auto
Extension = pcd
Format = auto
Extension = pcd
Format = auto
Extension = pcd
Format = auto
Extension = pcd
Format = auto
Extension = pcd
Format = auto
Extension = pcd
Format = auto
Extension = pcd
Format = auto
Extension = pcd
Format = auto
Extension = pcd
Format = auto
Extension = pcd
Format = auto
Extension = pcd
Format = auto
Extension = pcd
Format = auto
Extension = pcd
Format = auto
Extension = pcd
Format = auto
Extension = pcd
Format = auto
Extension = pcd
Format = auto
Extension = pcd
Format = auto
Extension = pcd
Format = auto
Extension = pcd
Format = auto
Extension = pcd
Format = auto
Extension = pcd
Format = auto
Extension = pcd
Format = auto
Extension = pcd
Format = auto
Extension = pcd
Format = auto
Extension = pcd
Format = auto
Extension = pcd
Format = auto
Extension = pcd
Format = auto
Extension = pcd
Format = auto
Extension = pcd
Format = auto
Extension = pcd
Format = auto
Extension = pcd
Format = auto
Extension = pcd
Format = auto
Extension = pcd
Format = auto
Extension = pcd
Format = auto
Extension = pcd
Format = auto
Extension = pcd
Format = auto
Extension = pcd
Format = auto
Extension = pcd
Format = auto
Extension = pcd
Format = auto
Extension = pcd
Format = auto
Extension = pcd
Format = auto
Extension = pcd
Format = auto
Extension = pcd
Format = auto
Extension = pcd
Format = auto
Extension = pcd
Format = auto
Extension = pcd
Format = auto
Extension = pcd
Format = auto
Extension = pcd
Format = auto
Extension = pcd
Format = auto
Extension = pcd
Format = auto
Extension = pcd
Format = auto
Extension = pcd
Format = auto
Extension = pcd
Format = auto
Extension = pcd
Format = auto
Extension = pcd
Format = auto
Extension = pcd
Format = auto
Extension = pcd
Format = auto
Extension = pcd
Format = auto
Extension = pcd
Format = auto
Extension = pcd
Format = auto
Extension = pcd
Format = auto
Extension = pcd
Format = auto
Extension = pcd
Format = auto
Extension = pcd
Format = auto
Extension = pcd
Format = auto
Extension = pcd
Format = auto
Extension = pcd
Format = auto
Extension = pcd
Format = auto
Extension = pcd
Format = auto
Extension = pcd
Format = auto
Extension = pcd
Format = auto
Extension = pcd
Format = auto
Extension = pcd
Format = auto
Extension = pcd
Format = auto
Extension = pcd
Format = auto
Extension = pcd
Format = auto
Extension = pcd
Format = auto
Extension = pcd
Format = auto
Extension = pcd
Format = auto
Extension = pcd
Format = auto
Extension = pcd
Format = auto
Extension = pcd
Format = auto
Extension = pcd
Format = auto
Extension = pcd
Format = auto
Extension = pcd
Format = auto
Extension = pcd
Format = auto
Extension = pcd
Format = auto
Extension = pcd
Format = auto
Extension = pcd
Format = auto
Extension = pcd
Format = auto
Extension = pcd
Format = auto
Extension = pcd
Format = auto
Extension = pcd
Format = auto
Extension = pcd
Format = auto
Extension = pcd
Format = auto
Extension = pcd
Format = auto
Extension = pcd
Format = auto
Extension = pcd
Format = auto
Extension = pcd
Format = auto
Extension = pcd
Format = auto
Extension = pcd
Format = auto
Extension = pcd
Format = auto
Extension = pcd
Format = auto
Extension = pcd
Format = auto
Extension = pcd
Format = auto
Extension = pcd
Format = auto
Extension = pcd
Format = auto
Extension = pcd
Format = auto
Extension = pcd
Format = auto
Extension = pcd
Format = auto
Extension = pcd
Format = auto
Extension = pcd
Format = auto
Extension = pcd
Format = auto
Extension = pcd
Format = auto
Extension = pcd
Format = auto
Extension = pcd
Format = auto
Extension = pcd
Format = auto
Extension = pcd
Format = auto
Extension = pcd
Format = auto
Extension = pcd
Format = auto
Extension = pcd
Format = auto
Extension = pcd
Format = auto
Extension = pcd
Format = auto
Extension = pcd
Format = auto
Extension = pcd
Format = auto
Extension = pcd
Format = auto
Extension = pcd
Format = auto
Extension = pcd
Format = auto
Extension = pcd
Format = auto
Extension = pcd
Format = auto
Extension = pcd
Format = auto
Extension = pcd
Format = auto
Extension = pcd
Format = auto
Extension = pcd
Format = auto
Extension = pcd
Format = auto
Extension = pcd
Format = auto
Extension = pcd
Format = auto
Extension = pcd
Format = auto
Extension = pcd
Format = auto
Extension = pcd
Format = auto
Extension = pcd
Format = auto
Extension = pcd
Format = auto
Extension = pcd
Format = auto
Extension = pcd
Format = auto
Extension = pcd
Format = auto
Extension = pcd
Format = auto
Extension = pcd
Format = auto
Extension = pcd
Format = auto
Extension = pcd
Format = auto
Extension = pcd
Format = auto
Extension = pcd
Format = auto
Extension = pcd
Format = auto
Extension = pcd
Format = auto
Extension = pcd
Format = auto
Extension = pcd
Format = auto
Extension = pcd
Format = auto
Extension = pcd
Format = auto
Extension = pcd
Format = auto
Extension = pcd
Format = auto
Extension = pcd
resuming by loading epoch 10000
frame=1/31 receiver_sample=1/1 scenario=2026_07_31_02_24_35 timestamp=000060 cavs=[1, 2, 3, 4, 5, 6, 7, 8, 9, 10]
sgcp_constrained receiver=1 policy=all-cluster-heads sources=[1, 2, 3, 4, 5, 6, 7, 8, 9, 10] clusters=1 ra=potential_game comm_bytes=1851104 selected_grids={}
fusion_method=early pred_boxes=30 gt_boxes=30
pred_scores_shape=(30,)
frame=2/31 receiver_sample=1/1 scenario=2026_07_31_02_24_35 timestamp=000062 cavs=[1, 2, 3, 4, 5, 6, 7, 8, 9, 10]
sgcp_constrained receiver=1 policy=all-cluster-heads sources=[1, 2, 3, 4, 5, 6, 7, 8, 9, 10] clusters=1 ra=potential_game comm_bytes=1851072 selected_grids={}
fusion_method=early pred_boxes=30 gt_boxes=30
pred_scores_shape=(30,)
frame=3/31 receiver_sample=1/1 scenario=2026_07_31_02_24_35 timestamp=000064 cavs=[1, 2, 3, 4, 5, 6, 7, 8, 9, 10]
sgcp_constrained receiver=1 policy=all-cluster-heads sources=[1, 2, 3, 4, 5, 6, 7, 8, 9, 10] clusters=1 ra=potential_game comm_bytes=1849296 selected_grids={}
fusion_method=early pred_boxes=29 gt_boxes=29
pred_scores_shape=(29,)
frame=4/31 receiver_sample=1/1 scenario=2026_07_31_02_24_35 timestamp=000066 cavs=[1, 2, 3, 4, 5, 6, 7, 8, 9, 10]
sgcp_constrained receiver=1 policy=all-cluster-heads sources=[1, 2, 3, 4, 5, 6, 7, 8, 9, 10] clusters=1 ra=potential_game comm_bytes=1848336 selected_grids={}
fusion_method=early pred_boxes=29 gt_boxes=29
pred_scores_shape=(29,)
frame=5/31 receiver_sample=1/1 scenario=2026_07_31_02_24_35 timestamp=000068 cavs=[1, 2, 3, 4, 5, 6, 7, 8, 9, 10]
sgcp_constrained receiver=1 policy=all-cluster-heads sources=[1, 2, 3, 4, 5, 6, 7, 8, 9, 10] clusters=1 ra=potential_game comm_bytes=1845696 selected_grids={}
fusion_method=early pred_boxes=28 gt_boxes=28
pred_scores_shape=(28,)
frame=6/31 receiver_sample=1/1 scenario=2026_07_31_02_24_35 timestamp=000070 cavs=[1, 2, 3, 4, 5, 6, 7, 8, 9, 10]
sgcp_constrained receiver=1 policy=all-cluster-heads sources=[1, 2, 3, 4, 5, 6, 7, 8, 9, 10] clusters=1 ra=potential_game comm_bytes=1846720 selected_grids={}
fusion_method=early pred_boxes=28 gt_boxes=28
pred_scores_shape=(28,)
frame=7/31 receiver_sample=1/1 scenario=2026_07_31_02_24_35 timestamp=000072 cavs=[1, 2, 3, 4, 5, 6, 7, 8, 9, 10]
sgcp_constrained receiver=1 policy=all-cluster-heads sources=[1, 2, 3, 4, 5, 6, 7, 8, 9, 10] clusters=1 ra=potential_game comm_bytes=1845024 selected_grids={}
fusion_method=early pred_boxes=28 gt_boxes=28
pred_scores_shape=(28,)
frame=8/31 receiver_sample=1/1 scenario=2026_07_31_02_24_35 timestamp=000074 cavs=[1, 2, 3, 4, 5, 6, 7, 8, 9, 10]
sgcp_constrained receiver=1 policy=all-cluster-heads sources=[1, 2, 3, 4, 5, 6, 7, 8, 9, 10] clusters=1 ra=potential_game comm_bytes=1844096 selected_grids={}
fusion_method=early pred_boxes=28 gt_boxes=28
pred_scores_shape=(28,)
frame=9/31 receiver_sample=1/1 scenario=2026_07_31_02_24_35 timestamp=000076 cavs=[1, 2, 3, 4, 5, 6, 7, 8, 9, 10]
sgcp_constrained receiver=1 policy=all-cluster-heads sources=[1, 2, 3, 4, 5, 6, 7, 8, 9, 10] clusters=1 ra=potential_game comm_bytes=1843232 selected_grids={}
fusion_method=early pred_boxes=28 gt_boxes=28
pred_scores_shape=(28,)
frame=10/31 receiver_sample=1/1 scenario=2026_07_31_02_24_35 timestamp=000078 cavs=[1, 2, 3, 4, 5, 6, 7, 8, 9, 10]
sgcp_constrained receiver=1 policy=all-cluster-heads sources=[1, 2, 3, 4, 5, 6, 7, 8, 9, 10] clusters=1 ra=potential_game comm_bytes=1841632 selected_grids={}
fusion_method=early pred_boxes=28 gt_boxes=28
pred_scores_shape=(28,)
frame=11/31 receiver_sample=1/1 scenario=2026_07_31_02_24_35 timestamp=000080 cavs=[1, 2, 3, 4, 5, 6, 7, 8, 9, 10]
sgcp_constrained receiver=1 policy=all-cluster-heads sources=[1, 2, 3, 4, 5, 6, 7, 8, 9, 10] clusters=1 ra=potential_game comm_bytes=1842320 selected_grids={}
fusion_method=early pred_boxes=28 gt_boxes=28
pred_scores_shape=(28,)
frame=12/31 receiver_sample=1/1 scenario=2026_07_31_02_24_35 timestamp=000082 cavs=[1, 2, 3, 4, 5, 6, 7, 8, 9, 10]
sgcp_constrained receiver=1 policy=all-cluster-heads sources=[1, 2, 3, 4, 5, 6, 7, 8, 9, 10] clusters=1 ra=potential_game comm_bytes=1841600 selected_grids={}
fusion_method=early pred_boxes=28 gt_boxes=28
pred_scores_shape=(28,)
frame=13/31 receiver_sample=1/1 scenario=2026_07_31_02_24_35 timestamp=000084 cavs=[1, 2, 3, 4, 5, 6, 7, 8, 9, 10]
sgcp_constrained receiver=1 policy=all-cluster-heads sources=[1, 2, 3, 4, 5, 6, 7, 8, 9, 10] clusters=1 ra=potential_game comm_bytes=1840432 selected_grids={}
fusion_method=early pred_boxes=28 gt_boxes=28
pred_scores_shape=(28,)
frame=14/31 receiver_sample=1/1 scenario=2026_07_31_02_24_35 timestamp=000086 cavs=[1, 2, 3, 4, 5, 6, 7, 8, 9, 10]
sgcp_constrained receiver=1 policy=all-cluster-heads sources=[1, 2, 3, 4, 5, 6, 7, 8, 9, 10] clusters=1 ra=potential_game comm_bytes=1841296 selected_grids={}
fusion_method=early pred_boxes=28 gt_boxes=28
pred_scores_shape=(28,)
frame=15/31 receiver_sample=1/1 scenario=2026_07_31_02_24_35 timestamp=000088 cavs=[1, 2, 3, 4, 5, 6, 7, 8, 9, 10]
sgcp_constrained receiver=1 policy=all-cluster-heads sources=[1, 2, 3, 4, 5, 6, 7, 8, 9, 10] clusters=1 ra=potential_game comm_bytes=1839904 selected_grids={}
fusion_method=early pred_boxes=29 gt_boxes=28
pred_scores_shape=(29,)
frame=16/31 receiver_sample=1/1 scenario=2026_07_31_02_24_35 timestamp=000090 cavs=[1, 2, 3, 4, 5, 6, 7, 8, 9, 10]
sgcp_constrained receiver=1 policy=all-cluster-heads sources=[1, 2, 3, 4, 5, 6, 7, 8, 9, 10] clusters=1 ra=potential_game comm_bytes=1839680 selected_grids={}
fusion_method=early pred_boxes=28 gt_boxes=28
pred_scores_shape=(28,)
frame=17/31 receiver_sample=1/1 scenario=2026_07_31_02_24_35 timestamp=000092 cavs=[1, 2, 3, 4, 5, 6, 7, 8, 9, 10]
sgcp_constrained receiver=1 policy=all-cluster-heads sources=[1, 2, 3, 4, 5, 6, 7, 8, 9, 10] clusters=1 ra=potential_game comm_bytes=1841376 selected_grids={}
fusion_method=early pred_boxes=29 gt_boxes=28
pred_scores_shape=(29,)
frame=18/31 receiver_sample=1/1 scenario=2026_07_31_02_24_35 timestamp=000094 cavs=[1, 2, 3, 4, 5, 6, 7, 8, 9, 10]
sgcp_constrained receiver=1 policy=all-cluster-heads sources=[1, 2, 3, 4, 5, 6, 7, 8, 9, 10] clusters=1 ra=potential_game comm_bytes=1839584 selected_grids={}
fusion_method=early pred_boxes=29 gt_boxes=28
pred_scores_shape=(29,)
frame=19/31 receiver_sample=1/1 scenario=2026_07_31_02_24_35 timestamp=000096 cavs=[1, 2, 3, 4, 5, 6, 7, 8, 9, 10]
sgcp_constrained receiver=1 policy=all-cluster-heads sources=[1, 2, 3, 4, 5, 6, 7, 8, 9, 10] clusters=1 ra=potential_game comm_bytes=1838928 selected_grids={}
fusion_method=early pred_boxes=29 gt_boxes=28
pred_scores_shape=(29,)
frame=20/31 receiver_sample=1/1 scenario=2026_07_31_02_24_35 timestamp=000098 cavs=[1, 2, 3, 4, 5, 6, 7, 8, 9, 10]
sgcp_constrained receiver=1 policy=all-cluster-heads sources=[1, 2, 3, 4, 5, 6, 7, 8, 9, 10] clusters=1 ra=potential_game comm_bytes=1839552 selected_grids={}
fusion_method=early pred_boxes=28 gt_boxes=28
pred_scores_shape=(28,)
frame=21/31 receiver_sample=1/1 scenario=2026_07_31_02_24_35 timestamp=000100 cavs=[1, 2, 3, 4, 5, 6, 7, 8, 9, 10]
sgcp_constrained receiver=1 policy=all-cluster-heads sources=[1, 2, 3, 4, 5, 6, 7, 8, 9, 10] clusters=1 ra=potential_game comm_bytes=1837840 selected_grids={}
fusion_method=early pred_boxes=27 gt_boxes=27
pred_scores_shape=(27,)
frame=22/31 receiver_sample=1/1 scenario=2026_07_31_02_24_35 timestamp=000102 cavs=[1, 2, 3, 4, 5, 6, 7, 8, 9, 10]
sgcp_constrained receiver=1 policy=all-cluster-heads sources=[1, 2, 3, 4, 5, 6, 7, 8, 9, 10] clusters=1 ra=potential_game comm_bytes=1836896 selected_grids={}
fusion_method=early pred_boxes=27 gt_boxes=27
pred_scores_shape=(27,)
frame=23/31 receiver_sample=1/1 scenario=2026_07_31_02_24_35 timestamp=000104 cavs=[1, 2, 3, 4, 5, 6, 7, 8, 9, 10]
sgcp_constrained receiver=1 policy=all-cluster-heads sources=[1, 2, 3, 4, 5, 6, 7, 8, 9, 10] clusters=1 ra=potential_game comm_bytes=1836912 selected_grids={}
fusion_method=early pred_boxes=28 gt_boxes=27
pred_scores_shape=(28,)
frame=24/31 receiver_sample=1/1 scenario=2026_07_31_02_24_35 timestamp=000106 cavs=[1, 2, 3, 4, 5, 6, 7, 8, 9, 10]
sgcp_constrained receiver=1 policy=all-cluster-heads sources=[1, 2, 3, 4, 5, 6, 7, 8, 9, 10] clusters=1 ra=potential_game comm_bytes=1835616 selected_grids={}Format = auto
Extension = pcd
Format = auto
Extension = pcd
Format = auto
Extension = pcd
Format = auto
Extension = pcd
Format = auto
Extension = pcd
Format = auto
Extension = pcd
Format = auto
Extension = pcd
Format = auto
Extension = pcd
Format = auto
Extension = pcd
Format = auto
Extension = pcd
Format = auto
Extension = pcd
Format = auto
Extension = pcd
Format = auto
Extension = pcd
Format = auto
Extension = pcd
Format = auto
Extension = pcd
Format = auto
Extension = pcd
Format = auto
Extension = pcd
Format = auto
Extension = pcd
Format = auto
Extension = pcd
Format = auto
Extension = pcd
Format = auto
Extension = pcd
Format = auto
Extension = pcd
Format = auto
Extension = pcd
Format = auto
Extension = pcd
Format = auto
Extension = pcd
Format = auto
Extension = pcd
Format = auto
Extension = pcd
Format = auto
Extension = pcd
Format = auto
Extension = pcd
Format = auto
Extension = pcd
Format = auto
Extension = pcd
Format = auto
Extension = pcd
Format = auto
Extension = pcd
Format = auto
Extension = pcd
Format = auto
Extension = pcd
Format = auto
Extension = pcd
Format = auto
Extension = pcd
Format = auto
Extension = pcd
Format = auto
Extension = pcd
Format = auto
Extension = pcd
Format = auto
Extension = pcd
Format = auto
Extension = pcd
Format = auto
Extension = pcd
Format = auto
Extension = pcd
Format = auto
Extension = pcd
Format = auto
Extension = pcd
Format = auto
Extension = pcd
Format = auto
Extension = pcd
Format = auto
Extension = pcd
Format = auto
Extension = pcd
Format = auto
Extension = pcd
Format = auto
Extension = pcd
Format = auto
Extension = pcd
Format = auto
Extension = pcd
Format = auto
Extension = pcd
Format = auto
Extension = pcd
Format = auto
Extension = pcd
Format = auto
Extension = pcd
Format = auto
Extension = pcd
Format = auto
Extension = pcd
Format = auto
Extension = pcd
Format = auto
Extension = pcd
Format = auto
Extension = pcd
Format = auto
Extension = pcd
Format = auto
Extension = pcd
Format = auto
Extension = pcd
Format = auto
Extension = pcd
Format = auto
Extension = pcd
Format = auto
Extension = pcd
Format = auto
Extension = pcd
C:\Users\sakakibara\miniconda3\envs\opencda\lib\site-packages\torch\nn\functional.py:1806: UserWarning: nn.functional.sigmoid is deprecated. Use torch.sigmoid instead.
  warnings.warn("nn.functional.sigmoid is deprecated. Use torch.sigmoid instead.")

fusion_method=early pred_boxes=28 gt_boxes=27
pred_scores_shape=(28,)
frame=25/31 receiver_sample=1/1 scenario=2026_07_31_02_24_35 timestamp=000108 cavs=[1, 2, 3, 4, 5, 6, 7, 8, 9, 10]
sgcp_constrained receiver=1 policy=all-cluster-heads sources=[1, 2, 3, 4, 5, 6, 7, 8, 9, 10] clusters=1 ra=potential_game comm_bytes=1835568 selected_grids={}
fusion_method=early pred_boxes=28 gt_boxes=27
pred_scores_shape=(28,)
frame=26/31 receiver_sample=1/1 scenario=2026_07_31_02_24_35 timestamp=000110 cavs=[1, 2, 3, 4, 5, 6, 7, 8, 9, 10]
sgcp_constrained receiver=1 policy=all-cluster-heads sources=[1, 2, 3, 4, 5, 6, 7, 8, 9, 10] clusters=1 ra=potential_game comm_bytes=1835232 selected_grids={}
fusion_method=early pred_boxes=29 gt_boxes=27
pred_scores_shape=(29,)
frame=27/31 receiver_sample=1/1 scenario=2026_07_31_02_24_35 timestamp=000112 cavs=[1, 2, 3, 4, 5, 6, 7, 8, 9, 10]
sgcp_constrained receiver=1 policy=all-cluster-heads sources=[1, 2, 3, 4, 5, 6, 7, 8, 9, 10] clusters=1 ra=potential_game comm_bytes=1834080 selected_grids={}
fusion_method=early pred_boxes=29 gt_boxes=27
pred_scores_shape=(29,)
frame=28/31 receiver_sample=1/1 scenario=2026_07_31_02_24_35 timestamp=000114 cavs=[1, 2, 3, 4, 5, 6, 7, 8, 9, 10]
sgcp_constrained receiver=1 policy=all-cluster-heads sources=[1, 2, 3, 4, 5, 6, 7, 8, 9, 10] clusters=1 ra=potential_game comm_bytes=1833504 selected_grids={}
fusion_method=early pred_boxes=26 gt_boxes=26
pred_scores_shape=(26,)
frame=29/31 receiver_sample=1/1 scenario=2026_07_31_02_24_35 timestamp=000116 cavs=[1, 2, 3, 4, 5, 6, 7, 8, 9, 10]
sgcp_constrained receiver=1 policy=all-cluster-heads sources=[1, 2, 3, 4, 5, 6, 7, 8, 9, 10] clusters=1 ra=potential_game comm_bytes=1832384 selected_grids={}
fusion_method=early pred_boxes=26 gt_boxes=26
pred_scores_shape=(26,)
frame=30/31 receiver_sample=1/1 scenario=2026_07_31_02_24_35 timestamp=000118 cavs=[1, 2, 3, 4, 5, 6, 7, 8, 9, 10]
sgcp_constrained receiver=1 policy=all-cluster-heads sources=[1, 2, 3, 4, 5, 6, 7, 8, 9, 10] clusters=1 ra=potential_game comm_bytes=1831952 selected_grids={}
fusion_method=early pred_boxes=27 gt_boxes=26
pred_scores_shape=(27,)
frame=31/31 receiver_sample=1/1 scenario=2026_07_31_02_24_35 timestamp=000120 cavs=[1, 2, 3, 4, 5, 6, 7, 8, 9, 10]
sgcp_constrained receiver=1 policy=all-cluster-heads sources=[1, 2, 3, 4, 5, 6, 7, 8, 9, 10] clusters=1 ra=potential_game comm_bytes=1832192 selected_grids={}
fusion_method=early pred_boxes=26 gt_boxes=25
pred_scores_shape=(26,)
cp counter: 31
Evaluate final average precision results:
  - Fusion method: early
  - The Average Precision at IOU 0.3 is 1.00, The Average Precision at IOU 0.5 is 1.00, The Average Precision at IOU 0.7 is 0.99
sgcp_summary frames=31 avg_comm_bytes=1840421.16 total_comm_bytes=57053056 avg_source_cavs=10.00 avg_selected_grids=0.00
