Format = auto
Extension = pcd
Format = auto
Extension = pcd
Format = auto
Extension = pcd
Format = auto
Extension = pcd
Format = auto
Extension = pcd
Format = auto
Extension = pcd
Format = auto
Extension = pcd
Format = auto
Extension = pcd
Format = auto
Extension = pcd
Format = auto
Extension = pcd
Format = auto
Extension = pcd
Format = auto
Extension = pcd
Format = auto
Extension = pcd
Format = auto
Extension = pcd
Format = auto
Extension = pcd
Format = auto
Extension = pcd
Format = auto
Extension = pcd
Format = auto
Extension = pcd
Format = auto
Extension = pcd
Format = auto
Extension = pcd
Format = auto
Extension = pcd
Format = auto
Extension = pcd
Format = auto
Extension = pcd
Format = auto
Extension = pcd
Format = auto
Extension = pcd
Format = auto
Extension = pcd
Format = auto
Extension = pcd
Format = auto
Extension = pcd
Format = auto
Extension = pcd
Format = auto
Extension = pcd
Format = auto
Extension = pcd
Format = auto
Extension = pcd
Format = auto
Extension = pcd
Format = auto
Extension = pcd
Format = auto
Extension = pcd
Format = auto
Extension = pcd
Format = auto
Extension = pcd
Format = auto
Extension = pcd
Format = auto
Extension = pcd
Format = auto
Extension = pcd
Format = auto
Extension = pcd
Format = auto
Extension = pcd
Format = auto
Extension = pcd
Format = auto
Extension = pcd
Format = auto
Extension = pcd
Format = auto
Extension = pcd
Format = auto
Extension = pcd
Format = auto
Extension = pcd
Format = auto
Extension = pcd
Format = auto
Extension = pcd
Format = auto
Extension = pcd
Format = auto
Extension = pcd
Format = auto
Extension = pcd
Format = auto
Extension = pcd
Format = auto
Extension = pcd
Format = auto
Extension = pcd
Format = auto
Extension = pcd
Format = auto
Extension = pcd
Format = auto
Extension = pcd
Format = auto
Extension = pcd
Format = auto
Extension = pcd
Format = auto
Extension = pcd
Format = auto
Extension = pcd
Format = auto
Extension = pcd
Format = auto
Extension = pcd
Format = auto
Extension = pcd
Format = auto
Extension = pcd
Format = auto
Extension = pcd
Format = auto
Extension = pcd
Format = auto
Extension = pcd
Format = auto
Extension = pcd
Format = auto
Extension = pcd
Format = auto
Extension = pcd
Format = auto
Extension = pcd
Format = auto
Extension = pcd
Format = auto
Extension = pcd
Format = auto
Extension = pcd
Format = auto
Extension = pcd
Format = auto
Extension = pcd
Format = auto
Extension = pcd
Format = auto
Extension = pcd
Format = auto
Extension = pcd
Format = auto
Extension = pcd
Format = auto
Extension = pcd
Format = auto
Extension = pcd
Format = auto
Extension = pcd
Format = auto
Extension = pcd
Format = auto
Extension = pcd
Format = auto
Extension = pcd
Format = auto
Extension = pcd
Format = auto
Extension = pcd
Format = auto
Extension = pcd
Format = auto
Extension = pcd
Format = auto
Extension = pcd
Format = auto
Extension = pcd
Format = auto
Extension = pcd
Format = auto
Extension = pcd
Format = auto
Extension = pcd
Format = auto
Extension = pcd
Format = auto
Extension = pcd
Format = auto
Extension = pcd
Format = auto
Extension = pcd
Format = auto
Extension = pcd
Format = auto
Extension = pcd
Format = auto
Extension = pcd
Format = auto
Extension = pcd
Format = auto
Extension = pcd
Format = auto
Extension = pcd
Format = auto
Extension = pcd
Format = auto
Extension = pcd
Format = auto
Extension = pcd
Format = auto
Extension = pcd
Format = auto
Extension = pcd
Format = auto
Extension = pcd
Format = auto
Extension = pcd
Format = auto
Extension = pcd
Format = auto
Extension = pcd
Format = auto
Extension = pcd
Format = auto
Extension = pcd
Format = auto
Extension = pcd
Format = auto
Extension = pcd
Format = auto
Extension = pcd
Format = auto
Extension = pcd
Format = auto
Extension = pcd
Format = auto
Extension = pcd
Format = auto
Extension = pcd
Format = auto
Extension = pcd
Format = auto
Extension = pcd
Format = auto
Extension = pcd
Format = auto
Extension = pcd
Format = auto
Extension = pcd
Format = auto
Extension = pcd
Format = auto
Extension = pcd
Format = auto
Extension = pcd
Format = auto
Extension = pcd
Format = auto
Extension = pcd
Format = auto
Extension = pcd
Format = auto
Extension = pcd
Format = auto
Extension = pcd
Format = auto
Extension = pcd
Format = auto
Extension = pcd
Format = auto
Extension = pcd
Format = auto
Extension = pcd
Format = auto
Extension = pcd
Format = auto
Extension = pcd
Format = auto
Extension = pcd
Format = auto
Extension = pcd
Format = auto
Extension = pcd
Format = auto
Extension = pcd
Format = auto
Extension = pcd
Format = auto
Extension = pcd
Format = auto
Extension = pcd
Format = auto
Extension = pcd
Format = auto
Extension = pcd
Format = auto
Extension = pcd
Format = auto
Extension = pcd
Format = auto
Extension = pcd
Format = auto
Extension = pcd
Format = auto
Extension = pcd
Format = auto
Extension = pcd
Format = auto
Extension = pcd
Format = auto
Extension = pcd
Format = auto
Extension = pcd
Format = auto
Extension = pcd
Format = auto
Extension = pcd
Format = auto
Extension = pcd
Format = auto
Extension = pcd
Format = auto
Extension = pcd
Format = auto
Extension = pcd
Format = auto
Extension = pcd
Format = auto
Extension = pcd
Format = auto
Extension = pcd
Format = auto
Extension = pcd
Format = auto
Extension = pcd
Format = auto
Extension = pcd
Format = auto
Extension = pcd
Format = auto
Extension = pcd
Format = auto
Extension = pcd
Format = auto
Extension = pcd
Format = auto
Extension = pcd
Format = auto
Extension = pcd
Format = auto
Extension = pcd
Format = auto
Extension = pcd
Format = auto
Extension = pcd
Format = auto
Extension = pcd
Format = auto
Extension = pcd
Format = auto
Extension = pcd
Format = auto
Extension = pcd
Format = auto
Extension = pcd
Format = auto
Extension = pcd
Format = auto
Extension = pcd
Format = auto
Extension = pcd
Format = auto
Extension = pcd
Format = auto
Extension = pcd
Format = auto
Extension = pcd
Format = auto
Extension = pcd
Format = auto
Extension = pcd
Format = auto
Extension = pcd
Format = auto
Extension = pcd
Format = auto
Extension = pcd
Format = auto
Extension = pcd
Format = auto
Extension = pcd
Format = auto
Extension = pcd
Format = auto
Extension = pcd
Format = auto
Extension = pcd
Format = auto
Extension = pcd
Format = auto
Extension = pcd
Format = auto
Extension = pcd
Format = auto
Extension = pcd
Format = auto
Extension = pcd
Format = auto
Extension = pcd
Format = auto
Extension = pcd
Format = auto
Extension = pcd
Format = auto
Extension = pcd
Format = auto
Extension = pcd
Format = auto
Extension = pcd
Format = auto
Extension = pcd
Format = auto
Extension = pcd
Format = auto
Extension = pcd
Format = auto
Extension = pcd
Format = auto
Extension = pcd
Format = auto
Extension = pcd
Format = auto
Extension = pcd
Format = auto
Extension = pcd
Format = auto
Extension = pcd
Format = auto
Extension = pcd
Format = auto
Extension = pcd
Format = auto
Extension = pcd
Format = auto
Extension = pcd
Format = auto
Extension = pcd
Format = auto
Extension = pcd
Format = auto
Extension = pcd
Format = auto
Extension = pcd
Format = auto
Extension = pcd
Format = auto
Extension = pcd
Format = auto
Extension = pcd
Format = auto
Extension = pcd
Format = auto
Extension = pcd
Format = auto
Extension = pcd
Format = auto
Extension = pcd
resuming by loading epoch 10000
frame=1/41 late_source=1/4 scenario=2026_07_29_02_32_08 timestamp=000060 receiver=2 cavs=[2, 8, 15] pred_boxes=40 gt_boxes=72 comm_bytes=67488
frame=1/41 late_source=2/4 scenario=2026_07_29_02_32_08 timestamp=000060 receiver=3 cavs=[3, 6, 14] pred_boxes=19 gt_boxes=72 comm_bytes=130752
frame=1/41 late_source=3/4 scenario=2026_07_29_02_32_08 timestamp=000060 receiver=7 cavs=[7, 12, 16] pred_boxes=32 gt_boxes=72 comm_bytes=78208
frame=1/41 late_source=4/4 scenario=2026_07_29_02_32_08 timestamp=000060 receiver=9 cavs=[9, 5, 13] pred_boxes=22 gt_boxes=72 comm_bytes=53856
sgcp_late_fusion frame=1/41 scenario=2026_07_29_02_32_08 timestamp=000060 sources=4 fused_pred_boxes=65 fused_gt_boxes=72
frame=2/41 late_source=1/4 scenario=2026_07_29_02_32_08 timestamp=000062 receiver=2 cavs=[2, 8, 15] pred_boxes=42 gt_boxes=72 comm_bytes=67136
frame=2/41 late_source=2/4 scenario=2026_07_29_02_32_08 timestamp=000062 receiver=3 cavs=[3, 6, 14] pred_boxes=20 gt_boxes=72 comm_bytes=130288
frame=2/41 late_source=3/4 scenario=2026_07_29_02_32_08 timestamp=000062 receiver=7 cavs=[7, 12, 16] pred_boxes=33 gt_boxes=72 comm_bytes=78128
frame=2/41 late_source=4/4 scenario=2026_07_29_02_32_08 timestamp=000062 receiver=9 cavs=[9, 5, 13] pred_boxes=19 gt_boxes=72 comm_bytes=53888
sgcp_late_fusion frame=2/41 scenario=2026_07_29_02_32_08 timestamp=000062 sources=4 fused_pred_boxes=70 fused_gt_boxes=72
frame=3/41 late_source=1/4 scenario=2026_07_29_02_32_08 timestamp=000064 receiver=2 cavs=[2, 8, 15] pred_boxes=38 gt_boxes=72 comm_bytes=66336
frame=3/41 late_source=2/4 scenario=2026_07_29_02_32_08 timestamp=000064 receiver=3 cavs=[3, 6, 14] pred_boxes=19 gt_boxes=72 comm_bytes=131712
frame=3/41 late_source=3/4 scenario=2026_07_29_02_32_08 timestamp=000064 receiver=7 cavs=[7, 12, 16] pred_boxes=31 gt_boxes=72 comm_bytes=79504
frame=3/41 late_source=4/4 scenario=2026_07_29_02_32_08 timestamp=000064 receiver=9 cavs=[9, 5, 13] pred_boxes=19 gt_boxes=72 comm_bytes=54912
sgcp_late_fusion frame=3/41 scenario=2026_07_29_02_32_08 timestamp=000064 sources=4 fused_pred_boxes=65 fused_gt_boxes=72
frame=4/41 late_source=1/4 scenario=2026_07_29_02_32_08 timestamp=000066 receiver=2 cavs=[2, 8, 15] pred_boxes=37 gt_boxes=72 comm_bytes=65984
frame=4/41 late_source=2/4 scenario=2026_07_29_02_32_08 timestamp=000066 receiver=3 cavs=[3, 6, 14] pred_boxes=21 gt_boxes=72 comm_bytes=131872
frame=4/41 late_source=3/4 scenario=2026_07_29_02_32_08 timestamp=000066 receiver=7 cavs=[7, 12, 16] pred_boxes=32 gt_boxes=72 comm_bytes=80064
frame=4/41 late_source=4/4 scenario=2026_07_29_02_32_08 timestamp=000066 receiver=9 cavs=[9, 5, 13] pred_boxes=21 gt_boxes=72 comm_bytes=55024
sgcp_late_fusion frame=4/41 scenario=2026_07_29_02_32_08 timestamp=000066 sources=4 fused_pred_boxes=67 fused_gt_boxes=72
frame=5/41 late_source=1/4 scenario=2026_07_29_02_32_08 timestamp=000068 receiver=2 cavs=[2, 8, 15] pred_boxes=39 gt_boxes=72 comm_bytes=65936
frame=5/41 late_source=2/4 scenario=2026_07_29_02_32_08 timestamp=000068 receiver=3 cavs=[3, 6, 14] pred_boxes=20 gt_boxes=72 comm_bytes=132320
frame=5/41 late_source=3/4 scenario=2026_07_29_02_32_08 timestamp=000068 receiver=7 cavs=[7, 12, 16] pred_boxes=30 gt_boxes=72 comm_bytes=81440
frame=5/41 late_source=4/4 scenario=2026_07_29_02_32_08 timestamp=000068 receiver=9 cavs=[9, 5, 13] pred_boxes=22 gt_boxes=72 comm_bytes=55040
sgcp_late_fusion frame=5/41 scenario=2026_07_29_02_32_08 timestamp=000068 sources=4 fused_pred_boxes=66 fused_gt_boxes=72
frame=6/41 late_source=1/4 scenario=2026_07_29_02_32_08 timestamp=000070 receiver=2 cavs=[2, 8, 15] pred_boxes=38 gt_boxes=72 comm_bytes=66176
frame=6/41 late_source=2/4 scenario=2026_07_29_02_32_08 timestamp=000070 receiver=3 cavs=[3, 6, 14] pred_boxes=21 gt_boxes=72 comm_bytes=132896
frame=6/41 late_source=3/4 scenario=2026_07_29_02_32_08 timestamp=000070 receiver=7 cavs=[7, 12, 16] pred_boxes=28 gt_boxes=72 comm_bytes=81856
frame=6/41 late_source=4/4 scenario=2026_07_29_02_32_08 timestamp=000070 receiver=9 cavs=[9, 5, 13] pred_boxes=22 gt_boxes=72 comm_bytes=55248
sgcp_late_fusion frame=6/41 scenario=2026_07_29_02_32_08 timestamp=000070 sources=4 fused_pred_boxes=65 fused_gt_boxes=72
frame=7/41 late_source=1/4 scenario=2026_07_29_02_32_08 timestamp=000072 receiver=2 cavs=[2, 8, 15] pred_boxes=41 gt_boxes=71 comm_bytes=66448
frame=7/41 late_source=2/4 scenario=2026_07_29_02_32_08 timestamp=000072 receiver=3 cavs=[3, 6, 14] pred_boxes=22 gt_boxes=71 comm_bytes=132800
frame=7/41 late_source=3/4 scenario=2026_07_29_02_32_08 timestamp=000072 receiver=7 cavs=[7, 12, 16] pred_boxes=28 gt_boxes=71 comm_bytes=82512
frame=7/41 late_source=4/4 scenario=2026_07_29_02_32_08 timestamp=000072 receiver=9 cavs=[9, 5, 13] pred_boxes=24 gt_boxes=71 comm_bytes=55504
sgcp_late_fusion frame=7/41 scenario=2026_07_29_02_32_08 timestamp=000072 sources=4 fused_pred_boxes=67 fused_gt_boxes=71
frame=8/41 late_source=1/4 scenario=2026_07_29_02_32_08 timestamp=000074 receiver=2 cavs=[2, 8, 15] pred_boxes=40 gt_boxes=70 comm_bytes=66960
frame=8/41 late_source=2/4 scenario=2026_07_29_02_32_08 timestamp=000074 receiver=3 cavs=[3, 6, 14] pred_boxes=19 gt_boxes=70 comm_bytes=133200
frame=8/41 late_source=3/4 scenario=2026_07_29_02_32_08 timestamp=000074 receiver=7 cavs=[7, 12, 16] pred_boxes=29 gt_boxes=70 comm_bytes=82976
frame=8/41 late_source=4/4 scenario=2026_07_29_02_32_08 timestamp=000074 receiver=9 cavs=[9, 5, 13] pred_boxes=25 gt_boxes=70 comm_bytes=56400
sgcp_late_fusion frame=8/41 scenario=2026_07_29_02_32_08 timestamp=000074 sources=4 fused_pred_boxes=68 fused_gt_boxes=70
frame=9/41 late_source=1/4 scenario=2026_07_29_02_32_08 timestamp=000076 receiver=2 cavs=[2, 8, 15] pred_boxes=38 gt_boxes=70 comm_bytes=67264
frame=9/41 late_source=2/4 scenario=2026_07_29_02_32_08 timestamp=000076 receiver=3 cavs=[3, 6, 14] pred_boxes=19 gt_boxes=70 comm_bytes=132640
frame=9/41 late_source=3/4 scenario=2026_07_29_02_32_08 timestamp=000076 receiver=7 cavs=[7, 12, 16] pred_boxes=31 gt_boxes=70 comm_bytes=83504
frame=9/41 late_source=4/4 scenario=2026_07_29_02_32_08 timestamp=000076 receiver=9 cavs=[9, 5, 13] pred_boxes=26 gt_boxes=70 comm_bytes=57088
sgcp_late_fusion frame=9/41 scenario=2026_07_29_02_32_08 timestamp=000076 sources=4 fused_pred_boxes=67 fused_gt_boxes=70
frame=10/41 late_source=1/4 scenario=2026_07_29_02_32_08 timestamp=000078 receiver=2 cavs=[2, 8, 15] pred_boxes=36 gt_boxes=70 comm_bytes=68272
frame=10/41 late_source=2/4 scenario=2026_07_29_02_32_08 timestamp=000078 receiver=3 cavs=[3, 6, 14] pred_boxes=19 gt_boxes=70 comm_bytes=132592
frame=10/41 late_source=3/4 scenario=2026_07_29_02_32_08 timestamp=000078 receiver=7 cavs=[7, 12, 16] pred_boxes=29 gt_boxes=70 comm_bytes=84704
frame=10/41 late_source=4/4 scenario=2026_07_29_02_32_08 timestamp=000078 receiver=9 cavs=[9, 5, 13] pred_boxes=26 gt_boxes=70 comm_bytes=57008
sgcp_late_fusion frame=10/41 scenario=2026_07_29_02_32_08 timestamp=000078 sources=4 fused_pred_boxes=63 fused_gt_boxes=70
frame=11/41 late_source=1/4 scenario=2026_07_29_02_32_08 timestamp=000080 receiver=2 cavs=[2, 8, 15] pred_boxes=36 gt_boxes=71 comm_bytes=68624
frame=11/41 late_source=2/4 scenario=2026_07_29_02_32_08 timestamp=000080 receiver=3 cavs=[3, 6, 14] pred_boxes=19 gt_boxes=71 comm_bytes=132448
frame=11/41 late_source=3/4 scenario=2026_07_29_02_32_08 timestamp=000080 receiver=7 cavs=[7, 12, 16] pred_boxes=31 gt_boxes=71 comm_bytes=85824
frame=11/41 late_source=4/4 scenario=2026_07_29_02_32_08 timestamp=000080 receiver=9 cavs=[9, 5, 13] pred_boxes=25 gt_boxes=71 comm_bytes=58320
sgcp_late_fusion frame=11/41 scenario=2026_07_29_02_32_08 timestamp=000080 sources=4 fused_pred_boxes=65 fused_gt_boxes=71
frame=12/41 late_source=1/4 scenario=2026_07_29_02_32_08 timestamp=000082 receiver=2 cavs=[2, 8, 15] pred_boxes=38 gt_boxes=71 comm_bytes=68432
frame=12/41 late_source=2/4 scenario=2026_07_29_02_32_08 timestamp=000082 receiver=3 cavs=[3, 6, 14] pred_boxes=20 gt_boxes=71 comm_bytes=132272
frame=12/41 late_source=3/4 scenario=2026_07_29_02_32_08 timestamp=000082 receiver=7 cavs=[7, 12, 16] pred_boxes=31 gt_boxes=71 comm_bytes=87376
frame=12/41 late_source=4/4 scenario=2026_07_29_02_32_08 timestamp=000082 receiver=9 cavs=[9, 5, 13] pred_boxes=22 gt_boxes=71 comm_bytes=59120Format = auto
Extension = pcd
Format = auto
Extension = pcd
Format = auto
Extension = pcd
Format = auto
Extension = pcd
Format = auto
Extension = pcd
Format = auto
Extension = pcd
Format = auto
Extension = pcd
Format = auto
Extension = pcd
Format = auto
Extension = pcd
Format = auto
Extension = pcd
Format = auto
Extension = pcd
Format = auto
Extension = pcd
Format = auto
Extension = pcd
Format = auto
Extension = pcd
Format = auto
Extension = pcd
Format = auto
Extension = pcd
Format = auto
Extension = pcd
Format = auto
Extension = pcd
Format = auto
Extension = pcd
Format = auto
Extension = pcd
Format = auto
Extension = pcd
Format = auto
Extension = pcd
Format = auto
Extension = pcd
Format = auto
Extension = pcd
Format = auto
Extension = pcd
Format = auto
Extension = pcd
Format = auto
Extension = pcd
Format = auto
Extension = pcd
Format = auto
Extension = pcd
Format = auto
Extension = pcd
Format = auto
Extension = pcd
Format = auto
Extension = pcd
Format = auto
Extension = pcd
Format = auto
Extension = pcd
Format = auto
Extension = pcd
Format = auto
Extension = pcd
Format = auto
Extension = pcd
Format = auto
Extension = pcd
Format = auto
Extension = pcd
Format = auto
Extension = pcd
Format = auto
Extension = pcd
Format = auto
Extension = pcd
Format = auto
Extension = pcd
Format = auto
Extension = pcd
Format = auto
Extension = pcd
Format = auto
Extension = pcd
Format = auto
Extension = pcd
Format = auto
Extension = pcd
Format = auto
Extension = pcd
Format = auto
Extension = pcd
Format = auto
Extension = pcd
Format = auto
Extension = pcd
Format = auto
Extension = pcd
Format = auto
Extension = pcd
Format = auto
Extension = pcd
Format = auto
Extension = pcd
Format = auto
Extension = pcd
Format = auto
Extension = pcd
Format = auto
Extension = pcd
Format = auto
Extension = pcd
Format = auto
Extension = pcd
Format = auto
Extension = pcd
Format = auto
Extension = pcd
Format = auto
Extension = pcd
Format = auto
Extension = pcd
Format = auto
Extension = pcd
Format = auto
Extension = pcd
Format = auto
Extension = pcd
Format = auto
Extension = pcd
Format = auto
Extension = pcd
Format = auto
Extension = pcd
Format = auto
Extension = pcd
Format = auto
Extension = pcd
Format = auto
Extension = pcd
Format = auto
Extension = pcd
Format = auto
Extension = pcd
Format = auto
Extension = pcd
Format = auto
Extension = pcd
Format = auto
Extension = pcd
Format = auto
Extension = pcd
Format = auto
Extension = pcd
Format = auto
Extension = pcd
Format = auto
Extension = pcd
Format = auto
Extension = pcd
Format = auto
Extension = pcd
Format = auto
Extension = pcd
Format = auto
Extension = pcd
Format = auto
Extension = pcd
Format = auto
Extension = pcd
Format = auto
Extension = pcd
Format = auto
Extension = pcd
Format = auto
Extension = pcd
Format = auto
Extension = pcd
Format = auto
Extension = pcd
Format = auto
Extension = pcd
Format = auto
Extension = pcd
Format = auto
Extension = pcd
Format = auto
Extension = pcd
Format = auto
Extension = pcd
Format = auto
Extension = pcd
Format = auto
Extension = pcd
Format = auto
Extension = pcd
Format = auto
Extension = pcd
Format = auto
Extension = pcd
Format = auto
Extension = pcd
Format = auto
Extension = pcd
Format = auto
Extension = pcd
Format = auto
Extension = pcd
Format = auto
Extension = pcd
Format = auto
Extension = pcd
Format = auto
Extension = pcd
Format = auto
Extension = pcd
Format = auto
Extension = pcd
Format = auto
Extension = pcd
Format = auto
Extension = pcd
Format = auto
Extension = pcd
Format = auto
Extension = pcd
Format = auto
Extension = pcd
Format = auto
Extension = pcd
Format = auto
Extension = pcd
Format = auto
Extension = pcd
Format = auto
Extension = pcd
Format = auto
Extension = pcd
Format = auto
Extension = pcd
Format = auto
Extension = pcd
Format = auto
Extension = pcd
Format = auto
Extension = pcd
Format = auto
Extension = pcd
Format = auto
Extension = pcd
Format = auto
Extension = pcd
Format = auto
Extension = pcd
Format = auto
Extension = pcd
Format = auto
Extension = pcd
Format = auto
Extension = pcd
Format = auto
Extension = pcd
Format = auto
Extension = pcd
Format = auto
Extension = pcd
Format = auto
Extension = pcd
Format = auto
Extension = pcd
Format = auto
Extension = pcd
Format = auto
Extension = pcd
Format = auto
Extension = pcd
Format = auto
Extension = pcd
Format = auto
Extension = pcd
Format = auto
Extension = pcd
Format = auto
Extension = pcd
Format = auto
Extension = pcd
Format = auto
Extension = pcd
Format = auto
Extension = pcd
Format = auto
Extension = pcd
Format = auto
Extension = pcd
Format = auto
Extension = pcd
Format = auto
Extension = pcd
Format = auto
Extension = pcd
Format = auto
Extension = pcd
Format = auto
Extension = pcd
Format = auto
Extension = pcd
Format = auto
Extension = pcd
Format = auto
Extension = pcd
Format = auto
Extension = pcd
Format = auto
Extension = pcd
Format = auto
Extension = pcd
Format = auto
Extension = pcd
Format = auto
Extension = pcd
Format = auto
Extension = pcd
Format = auto
Extension = pcd
Format = auto
Extension = pcd
Format = auto
Extension = pcd
Format = auto
Extension = pcd
Format = auto
Extension = pcd
Format = auto
Extension = pcd
Format = auto
Extension = pcd
Format = auto
Extension = pcd
Format = auto
Extension = pcd
Format = auto
Extension = pcd
Format = auto
Extension = pcd
Format = auto
Extension = pcd
Format = auto
Extension = pcd
Format = auto
Extension = pcd
Format = auto
Extension = pcd
Format = auto
Extension = pcd
Format = auto
Extension = pcd
Format = auto
Extension = pcd
Format = auto
Extension = pcd
Format = auto
Extension = pcd
Format = auto
Extension = pcd
Format = auto
Extension = pcd
Format = auto
Extension = pcd
Format = auto
Extension = pcd
Format = auto
Extension = pcd
Format = auto
Extension = pcd
Format = auto
Extension = pcd
Format = auto
Extension = pcd
Format = auto
Extension = pcd
Format = auto
Extension = pcd
Format = auto
Extension = pcd
Format = auto
Extension = pcd
Format = auto
Extension = pcd
Format = auto
Extension = pcd
Format = auto
Extension = pcd
Format = auto
Extension = pcd
Format = auto
Extension = pcd
Format = auto
Extension = pcd
Format = auto
Extension = pcd
Format = auto
Extension = pcd
Format = auto
Extension = pcd
Format = auto
Extension = pcd
Format = auto
Extension = pcd
Format = auto
Extension = pcd
Format = auto
Extension = pcd
Format = auto
Extension = pcd
Format = auto
Extension = pcd
Format = auto
Extension = pcd
Format = auto
Extension = pcd
Format = auto
Extension = pcd
Format = auto
Extension = pcd
Format = auto
Extension = pcd
Format = auto
Extension = pcd
Format = auto
Extension = pcd
Format = auto
Extension = pcd
Format = auto
Extension = pcd
Format = auto
Extension = pcd
Format = auto
Extension = pcd
Format = auto
Extension = pcd
Format = auto
Extension = pcd
Format = auto
Extension = pcd
Format = auto
Extension = pcd
Format = auto
Extension = pcd
Format = auto
Extension = pcd
Format = auto
Extension = pcd
Format = auto
Extension = pcd
Format = auto
Extension = pcd
Format = auto
Extension = pcd
Format = auto
Extension = pcd
Format = auto
Extension = pcd
Format = auto
Extension = pcd
Format = auto
Extension = pcd
Format = auto
Extension = pcd
Format = auto
Extension = pcd
Format = auto
Extension = pcd

sgcp_late_fusion frame=12/41 scenario=2026_07_29_02_32_08 timestamp=000082 sources=4 fused_pred_boxes=63 fused_gt_boxes=71
frame=13/41 late_source=1/4 scenario=2026_07_29_02_32_08 timestamp=000084 receiver=2 cavs=[2, 8, 15] pred_boxes=37 gt_boxes=71 comm_bytes=68128
frame=13/41 late_source=2/4 scenario=2026_07_29_02_32_08 timestamp=000084 receiver=3 cavs=[3, 6, 14] pred_boxes=21 gt_boxes=71 comm_bytes=133472
frame=13/41 late_source=3/4 scenario=2026_07_29_02_32_08 timestamp=000084 receiver=7 cavs=[7, 12, 16] pred_boxes=31 gt_boxes=71 comm_bytes=88800
frame=13/41 late_source=4/4 scenario=2026_07_29_02_32_08 timestamp=000084 receiver=9 cavs=[9, 5, 13] pred_boxes=25 gt_boxes=71 comm_bytes=59536
sgcp_late_fusion frame=13/41 scenario=2026_07_29_02_32_08 timestamp=000084 sources=4 fused_pred_boxes=68 fused_gt_boxes=71
frame=14/41 late_source=1/4 scenario=2026_07_29_02_32_08 timestamp=000086 receiver=2 cavs=[2, 8, 15] pred_boxes=36 gt_boxes=71 comm_bytes=67408
frame=14/41 late_source=2/4 scenario=2026_07_29_02_32_08 timestamp=000086 receiver=7 cavs=[7, 12, 16] pred_boxes=27 gt_boxes=71 comm_bytes=90112
frame=14/41 late_source=3/4 scenario=2026_07_29_02_32_08 timestamp=000086 receiver=9 cavs=[9, 5, 13] pred_boxes=26 gt_boxes=71 comm_bytes=60976
frame=14/41 late_source=4/4 scenario=2026_07_29_02_32_08 timestamp=000086 receiver=17 cavs=[17, 6, 14] pred_boxes=21 gt_boxes=71 comm_bytes=134096
sgcp_late_fusion frame=14/41 scenario=2026_07_29_02_32_08 timestamp=000086 sources=4 fused_pred_boxes=63 fused_gt_boxes=71
frame=15/41 late_source=1/4 scenario=2026_07_29_02_32_08 timestamp=000088 receiver=2 cavs=[2, 8, 15] pred_boxes=37 gt_boxes=71 comm_bytes=66960
frame=15/41 late_source=2/4 scenario=2026_07_29_02_32_08 timestamp=000088 receiver=7 cavs=[7, 12, 16] pred_boxes=28 gt_boxes=71 comm_bytes=90816
frame=15/41 late_source=3/4 scenario=2026_07_29_02_32_08 timestamp=000088 receiver=9 cavs=[9, 5, 13] pred_boxes=23 gt_boxes=71 comm_bytes=62416
frame=15/41 late_source=4/4 scenario=2026_07_29_02_32_08 timestamp=000088 receiver=17 cavs=[17, 6, 14] pred_boxes=20 gt_boxes=71 comm_bytes=134192
sgcp_late_fusion frame=15/41 scenario=2026_07_29_02_32_08 timestamp=000088 sources=4 fused_pred_boxes=64 fused_gt_boxes=71
frame=16/41 late_source=1/4 scenario=2026_07_29_02_32_08 timestamp=000090 receiver=2 cavs=[2, 8, 15] pred_boxes=36 gt_boxes=72 comm_bytes=66816
frame=16/41 late_source=2/4 scenario=2026_07_29_02_32_08 timestamp=000090 receiver=7 cavs=[7, 12, 16] pred_boxes=30 gt_boxes=72 comm_bytes=91920
frame=16/41 late_source=3/4 scenario=2026_07_29_02_32_08 timestamp=000090 receiver=9 cavs=[9, 5, 13] pred_boxes=24 gt_boxes=72 comm_bytes=62960
frame=16/41 late_source=4/4 scenario=2026_07_29_02_32_08 timestamp=000090 receiver=17 cavs=[17, 6, 14] pred_boxes=22 gt_boxes=72 comm_bytes=132800
sgcp_late_fusion frame=16/41 scenario=2026_07_29_02_32_08 timestamp=000090 sources=4 fused_pred_boxes=66 fused_gt_boxes=72
frame=17/41 late_source=1/4 scenario=2026_07_29_02_32_08 timestamp=000092 receiver=2 cavs=[2, 8, 15] pred_boxes=37 gt_boxes=72 comm_bytes=67152
frame=17/41 late_source=2/4 scenario=2026_07_29_02_32_08 timestamp=000092 receiver=7 cavs=[7, 12, 16] pred_boxes=28 gt_boxes=72 comm_bytes=94192
frame=17/41 late_source=3/4 scenario=2026_07_29_02_32_08 timestamp=000092 receiver=9 cavs=[9, 5, 13] pred_boxes=23 gt_boxes=72 comm_bytes=64304
frame=17/41 late_source=4/4 scenario=2026_07_29_02_32_08 timestamp=000092 receiver=17 cavs=[17, 6, 14] pred_boxes=26 gt_boxes=72 comm_bytes=132592
sgcp_late_fusion frame=17/41 scenario=2026_07_29_02_32_08 timestamp=000092 sources=4 fused_pred_boxes=64 fused_gt_boxes=72
frame=18/41 late_source=1/4 scenario=2026_07_29_02_32_08 timestamp=000094 receiver=2 cavs=[2, 8, 15] pred_boxes=37 gt_boxes=72 comm_bytes=63856
frame=18/41 late_source=2/4 scenario=2026_07_29_02_32_08 timestamp=000094 receiver=7 cavs=[7, 12, 16] pred_boxes=27 gt_boxes=72 comm_bytes=95776
frame=18/41 late_source=3/4 scenario=2026_07_29_02_32_08 timestamp=000094 receiver=9 cavs=[9, 5, 13] pred_boxes=24 gt_boxes=72 comm_bytes=65792
frame=18/41 late_source=4/4 scenario=2026_07_29_02_32_08 timestamp=000094 receiver=17 cavs=[17, 6, 14] pred_boxes=24 gt_boxes=72 comm_bytes=133280
sgcp_late_fusion frame=18/41 scenario=2026_07_29_02_32_08 timestamp=000094 sources=4 fused_pred_boxes=66 fused_gt_boxes=72
frame=19/41 late_source=1/4 scenario=2026_07_29_02_32_08 timestamp=000096 receiver=2 cavs=[2, 8, 15] pred_boxes=36 gt_boxes=72 comm_bytes=63008
frame=19/41 late_source=2/4 scenario=2026_07_29_02_32_08 timestamp=000096 receiver=7 cavs=[7, 12, 16] pred_boxes=29 gt_boxes=72 comm_bytes=97328
frame=19/41 late_source=3/4 scenario=2026_07_29_02_32_08 timestamp=000096 receiver=9 cavs=[9, 5, 13] pred_boxes=26 gt_boxes=72 comm_bytes=66832
frame=19/41 late_source=4/4 scenario=2026_07_29_02_32_08 timestamp=000096 receiver=17 cavs=[17, 6, 14] pred_boxes=26 gt_boxes=72 comm_bytes=134320
sgcp_late_fusion frame=19/41 scenario=2026_07_29_02_32_08 timestamp=000096 sources=4 fused_pred_boxes=68 fused_gt_boxes=72
frame=20/41 late_source=1/4 scenario=2026_07_29_02_32_08 timestamp=000098 receiver=2 cavs=[2, 8, 15] pred_boxes=36 gt_boxes=72 comm_bytes=62128
frame=20/41 late_source=2/4 scenario=2026_07_29_02_32_08 timestamp=000098 receiver=7 cavs=[7, 12, 16] pred_boxes=29 gt_boxes=72 comm_bytes=99232
frame=20/41 late_source=3/4 scenario=2026_07_29_02_32_08 timestamp=000098 receiver=9 cavs=[9, 5, 13] pred_boxes=27 gt_boxes=72 comm_bytes=68768
frame=20/41 late_source=4/4 scenario=2026_07_29_02_32_08 timestamp=000098 receiver=17 cavs=[17, 6, 14] pred_boxes=26 gt_boxes=72 comm_bytes=135456
sgcp_late_fusion frame=20/41 scenario=2026_07_29_02_32_08 timestamp=000098 sources=4 fused_pred_boxes=67 fused_gt_boxes=72
frame=21/41 late_source=1/4 scenario=2026_07_29_02_32_08 timestamp=000100 receiver=8 cavs=[8, 2, 4] pred_boxes=37 gt_boxes=72 comm_bytes=100000
frame=21/41 late_source=2/4 scenario=2026_07_29_02_32_08 timestamp=000100 receiver=9 cavs=[9, 10, 20] pred_boxes=32 gt_boxes=72 comm_bytes=66336
frame=21/41 late_source=3/4 scenario=2026_07_29_02_32_08 timestamp=000100 receiver=12 cavs=[12, 6, 14] pred_boxes=27 gt_boxes=72 comm_bytes=135712
frame=21/41 late_source=4/4 scenario=2026_07_29_02_32_08 timestamp=000100 receiver=16 cavs=[16, 3, 13] pred_boxes=16 gt_boxes=72 comm_bytes=111424
sgcp_late_fusion frame=21/41 scenario=2026_07_29_02_32_08 timestamp=000100 sources=4 fused_pred_boxes=70 fused_gt_boxes=72
frame=22/41 late_source=1/4 scenario=2026_07_29_02_32_08 timestamp=000102 receiver=8 cavs=[8, 2, 4] pred_boxes=38 gt_boxes=72 comm_bytes=99888
frame=22/41 late_source=2/4 scenario=2026_07_29_02_32_08 timestamp=000102 receiver=9 cavs=[9, 10, 20] pred_boxes=28 gt_boxes=72 comm_bytes=66368
frame=22/41 late_source=3/4 scenario=2026_07_29_02_32_08 timestamp=000102 receiver=12 cavs=[12, 6, 14] pred_boxes=20 gt_boxes=72 comm_bytes=135408
frame=22/41 late_source=4/4 scenario=2026_07_29_02_32_08 timestamp=000102 receiver=16 cavs=[16, 3, 13] pred_boxes=17 gt_boxes=72 comm_bytes=111904
sgcp_late_fusion frame=22/41 scenario=2026_07_29_02_32_08 timestamp=000102 sources=4 fused_pred_boxes=64 fused_gt_boxes=72
frame=23/41 late_source=1/4 scenario=2026_07_29_02_32_08 timestamp=000104 receiver=8 cavs=[8, 2, 4] pred_boxes=37 gt_boxes=72 comm_bytes=99392
frame=23/41 late_source=2/4 scenario=2026_07_29_02_32_08 timestamp=000104 receiver=9 cavs=[9, 10, 20] pred_boxes=29 gt_boxes=72 comm_bytes=66384
frame=23/41 late_source=3/4 scenario=2026_07_29_02_32_08 timestamp=000104 receiver=12 cavs=[12, 6, 14] pred_boxes=21 gt_boxes=72 comm_bytes=135120
frame=23/41 late_source=4/4 scenario=2026_07_29_02_32_08 timestamp=000104 receiver=16 cavs=[16, 3, 13] pred_boxes=17 gt_boxes=72 comm_bytes=112768
sgcp_late_fusion frame=23/41 scenario=2026_07_29_02_32_08 timestamp=000104 sources=4 fused_pred_boxes=68 fused_gt_boxes=72
frame=24/41 late_source=1/4 scenario=2026_07_29_02_32_08 timestamp=000106 receiver=8 cavs=[8, 2, 4] pred_boxes=36 gt_boxes=71 comm_bytes=99344
frame=24/41 late_source=2/4 scenario=2026_07_29_02_32_08 timestamp=000106 receiver=9 cavs=[9, 10, 20] pred_boxes=31 gt_boxes=71 comm_bytes=66448Format = auto
Extension = pcd
Format = auto
Extension = pcd
Format = auto
Extension = pcd
Format = auto
Extension = pcd
Format = auto
Extension = pcd
Format = auto
Extension = pcd
Format = auto
Extension = pcd
Format = auto
Extension = pcd
Format = auto
Extension = pcd
Format = auto
Extension = pcd
Format = auto
Extension = pcd
Format = auto
Extension = pcd
Format = auto
Extension = pcd
Format = auto
Extension = pcd
Format = auto
Extension = pcd
Format = auto
Extension = pcd
Format = auto
Extension = pcd
Format = auto
Extension = pcd
Format = auto
Extension = pcd
Format = auto
Extension = pcd
Format = auto
Extension = pcd
Format = auto
Extension = pcd
Format = auto
Extension = pcd
Format = auto
Extension = pcd
Format = auto
Extension = pcd
Format = auto
Extension = pcd
Format = auto
Extension = pcd
Format = auto
Extension = pcd
Format = auto
Extension = pcd
Format = auto
Extension = pcd
Format = auto
Extension = pcd
Format = auto
Extension = pcd
Format = auto
Extension = pcd
Format = auto
Extension = pcd
Format = auto
Extension = pcd
Format = auto
Extension = pcd
Format = auto
Extension = pcd
Format = auto
Extension = pcd
Format = auto
Extension = pcd
Format = auto
Extension = pcd
Format = auto
Extension = pcd
Format = auto
Extension = pcd
Format = auto
Extension = pcd
Format = auto
Extension = pcd
Format = auto
Extension = pcd
Format = auto
Extension = pcd
Format = auto
Extension = pcd
Format = auto
Extension = pcd
Format = auto
Extension = pcd
Format = auto
Extension = pcd
Format = auto
Extension = pcd
Format = auto
Extension = pcd
Format = auto
Extension = pcd
Format = auto
Extension = pcd
Format = auto
Extension = pcd
Format = auto
Extension = pcd
Format = auto
Extension = pcd
Format = auto
Extension = pcd
Format = auto
Extension = pcd
Format = auto
Extension = pcd
Format = auto
Extension = pcd
Format = auto
Extension = pcd
Format = auto
Extension = pcd
Format = auto
Extension = pcd
Format = auto
Extension = pcd
Format = auto
Extension = pcd
Format = auto
Extension = pcd
Format = auto
Extension = pcd
Format = auto
Extension = pcd
Format = auto
Extension = pcd
Format = auto
Extension = pcd
Format = auto
Extension = pcd
Format = auto
Extension = pcd
Format = auto
Extension = pcd
Format = auto
Extension = pcd
Format = auto
Extension = pcd
Format = auto
Extension = pcd
Format = auto
Extension = pcd
Format = auto
Extension = pcd
Format = auto
Extension = pcd
Format = auto
Extension = pcd
Format = auto
Extension = pcd
Format = auto
Extension = pcd
Format = auto
Extension = pcd
Format = auto
Extension = pcd
Format = auto
Extension = pcd
Format = auto
Extension = pcd
Format = auto
Extension = pcd
Format = auto
Extension = pcd
Format = auto
Extension = pcd
Format = auto
Extension = pcd
Format = auto
Extension = pcd
Format = auto
Extension = pcd
Format = auto
Extension = pcd
Format = auto
Extension = pcd
Format = auto
Extension = pcd
Format = auto
Extension = pcd
Format = auto
Extension = pcd
Format = auto
Extension = pcd
Format = auto
Extension = pcd
Format = auto
Extension = pcd
Format = auto
Extension = pcd
Format = auto
Extension = pcd
Format = auto
Extension = pcd
Format = auto
Extension = pcd
Format = auto
Extension = pcd
Format = auto
Extension = pcd
Format = auto
Extension = pcd
Format = auto
Extension = pcd
Format = auto
Extension = pcd
Format = auto
Extension = pcd
Format = auto
Extension = pcd
Format = auto
Extension = pcd
Format = auto
Extension = pcd
Format = auto
Extension = pcd
Format = auto
Extension = pcd
Format = auto
Extension = pcd
Format = auto
Extension = pcd
Format = auto
Extension = pcd
Format = auto
Extension = pcd
Format = auto
Extension = pcd
Format = auto
Extension = pcd
Format = auto
Extension = pcd
Format = auto
Extension = pcd
Format = auto
Extension = pcd
Format = auto
Extension = pcd
Format = auto
Extension = pcd
Format = auto
Extension = pcd
Format = auto
Extension = pcd
Format = auto
Extension = pcd
Format = auto
Extension = pcd
Format = auto
Extension = pcd
Format = auto
Extension = pcd
Format = auto
Extension = pcd
Format = auto
Extension = pcd
Format = auto
Extension = pcd
Format = auto
Extension = pcd
Format = auto
Extension = pcd
Format = auto
Extension = pcd
Format = auto
Extension = pcd
Format = auto
Extension = pcd
Format = auto
Extension = pcd
Format = auto
Extension = pcd
Format = auto
Extension = pcd
Format = auto
Extension = pcd
Format = auto
Extension = pcd
Format = auto
Extension = pcd
Format = auto
Extension = pcd
Format = auto
Extension = pcd
Format = auto
Extension = pcd
Format = auto
Extension = pcd
Format = auto
Extension = pcd
Format = auto
Extension = pcd
Format = auto
Extension = pcd
Format = auto
Extension = pcd
Format = auto
Extension = pcd
Format = auto
Extension = pcd
Format = auto
Extension = pcd
Format = auto
Extension = pcd
Format = auto
Extension = pcd
Format = auto
Extension = pcd
Format = auto
Extension = pcd
Format = auto
Extension = pcd
Format = auto
Extension = pcd
Format = auto
Extension = pcd
Format = auto
Extension = pcd
Format = auto
Extension = pcd
Format = auto
Extension = pcd
Format = auto
Extension = pcd
Format = auto
Extension = pcd
Format = auto
Extension = pcd
Format = auto
Extension = pcd
Format = auto
Extension = pcd
Format = auto
Extension = pcd
Format = auto
Extension = pcd
Format = auto
Extension = pcd
Format = auto
Extension = pcd
Format = auto
Extension = pcd
Format = auto
Extension = pcd
Format = auto
Extension = pcd
Format = auto
Extension = pcd
Format = auto
Extension = pcd
Format = auto
Extension = pcd
Format = auto
Extension = pcd
Format = auto
Extension = pcd
Format = auto
Extension = pcd
Format = auto
Extension = pcd
Format = auto
Extension = pcd
Format = auto
Extension = pcd
Format = auto
Extension = pcd
Format = auto
Extension = pcd
Format = auto
Extension = pcd
Format = auto
Extension = pcd
Format = auto
Extension = pcd
Format = auto
Extension = pcd
Format = auto
Extension = pcd
Format = auto
Extension = pcd
Format = auto
Extension = pcd
Format = auto
Extension = pcd
Format = auto
Extension = pcd
Format = auto
Extension = pcd
Format = auto
Extension = pcd
Format = auto
Extension = pcd
Format = auto
Extension = pcd
Format = auto
Extension = pcd
Format = auto
Extension = pcd
Format = auto
Extension = pcd
Format = auto
Extension = pcd
Format = auto
Extension = pcd
Format = auto
Extension = pcd
Format = auto
Extension = pcd
Format = auto
Extension = pcd
Format = auto
Extension = pcd
Format = auto
Extension = pcd
Format = auto
Extension = pcd
Format = auto
Extension = pcd
Format = auto
Extension = pcd
Format = auto
Extension = pcd
Format = auto
Extension = pcd
Format = auto
Extension = pcd

frame=24/41 late_source=3/4 scenario=2026_07_29_02_32_08 timestamp=000106 receiver=12 cavs=[12, 6, 14] pred_boxes=21 gt_boxes=71 comm_bytes=136016
frame=24/41 late_source=4/4 scenario=2026_07_29_02_32_08 timestamp=000106 receiver=16 cavs=[16, 3, 13] pred_boxes=17 gt_boxes=71 comm_bytes=112048
sgcp_late_fusion frame=24/41 scenario=2026_07_29_02_32_08 timestamp=000106 sources=4 fused_pred_boxes=67 fused_gt_boxes=71
frame=25/41 late_source=1/4 scenario=2026_07_29_02_32_08 timestamp=000108 receiver=8 cavs=[8, 2, 4] pred_boxes=37 gt_boxes=71 comm_bytes=99200
frame=25/41 late_source=2/4 scenario=2026_07_29_02_32_08 timestamp=000108 receiver=9 cavs=[9, 10, 20] pred_boxes=29 gt_boxes=71 comm_bytes=66560
frame=25/41 late_source=3/4 scenario=2026_07_29_02_32_08 timestamp=000108 receiver=12 cavs=[12, 6, 14] pred_boxes=21 gt_boxes=71 comm_bytes=136160
frame=25/41 late_source=4/4 scenario=2026_07_29_02_32_08 timestamp=000108 receiver=16 cavs=[16, 3, 13] pred_boxes=17 gt_boxes=71 comm_bytes=111664
sgcp_late_fusion frame=25/41 scenario=2026_07_29_02_32_08 timestamp=000108 sources=4 fused_pred_boxes=64 fused_gt_boxes=71
frame=26/41 late_source=1/4 scenario=2026_07_29_02_32_08 timestamp=000110 receiver=8 cavs=[8, 2, 4] pred_boxes=35 gt_boxes=70 comm_bytes=99056
frame=26/41 late_source=2/4 scenario=2026_07_29_02_32_08 timestamp=000110 receiver=9 cavs=[9, 10, 20] pred_boxes=30 gt_boxes=70 comm_bytes=66576
frame=26/41 late_source=3/4 scenario=2026_07_29_02_32_08 timestamp=000110 receiver=12 cavs=[12, 6, 14] pred_boxes=19 gt_boxes=70 comm_bytes=136944
frame=26/41 late_source=4/4 scenario=2026_07_29_02_32_08 timestamp=000110 receiver=16 cavs=[16, 7, 13] pred_boxes=29 gt_boxes=70 comm_bytes=110112
sgcp_late_fusion frame=26/41 scenario=2026_07_29_02_32_08 timestamp=000110 sources=4 fused_pred_boxes=64 fused_gt_boxes=70
frame=27/41 late_source=1/4 scenario=2026_07_29_02_32_08 timestamp=000112 receiver=8 cavs=[8, 2, 4] pred_boxes=37 gt_boxes=70 comm_bytes=99040
frame=27/41 late_source=2/4 scenario=2026_07_29_02_32_08 timestamp=000112 receiver=9 cavs=[9, 10, 20] pred_boxes=28 gt_boxes=70 comm_bytes=66672
frame=27/41 late_source=3/4 scenario=2026_07_29_02_32_08 timestamp=000112 receiver=12 cavs=[12, 6, 14] pred_boxes=20 gt_boxes=70 comm_bytes=137248
frame=27/41 late_source=4/4 scenario=2026_07_29_02_32_08 timestamp=000112 receiver=16 cavs=[16, 7, 13] pred_boxes=24 gt_boxes=70 comm_bytes=110768
sgcp_late_fusion frame=27/41 scenario=2026_07_29_02_32_08 timestamp=000112 sources=4 fused_pred_boxes=63 fused_gt_boxes=70
frame=28/41 late_source=1/4 scenario=2026_07_29_02_32_08 timestamp=000114 receiver=8 cavs=[8, 2, 4] pred_boxes=38 gt_boxes=69 comm_bytes=98976
frame=28/41 late_source=2/4 scenario=2026_07_29_02_32_08 timestamp=000114 receiver=9 cavs=[9, 10, 20] pred_boxes=33 gt_boxes=69 comm_bytes=66752
frame=28/41 late_source=3/4 scenario=2026_07_29_02_32_08 timestamp=000114 receiver=12 cavs=[12, 6, 14] pred_boxes=20 gt_boxes=69 comm_bytes=139024
frame=28/41 late_source=4/4 scenario=2026_07_29_02_32_08 timestamp=000114 receiver=16 cavs=[16, 7, 13] pred_boxes=23 gt_boxes=69 comm_bytes=111664
sgcp_late_fusion frame=28/41 scenario=2026_07_29_02_32_08 timestamp=000114 sources=4 fused_pred_boxes=66 fused_gt_boxes=69
frame=29/41 late_source=1/4 scenario=2026_07_29_02_32_08 timestamp=000116 receiver=2 cavs=[2, 6, 14] pred_boxes=28 gt_boxes=69 comm_bytes=130960
frame=29/41 late_source=2/4 scenario=2026_07_29_02_32_08 timestamp=000116 receiver=4 cavs=[4, 5, 12] pred_boxes=33 gt_boxes=69 comm_bytes=92112
frame=29/41 late_source=3/4 scenario=2026_07_29_02_32_08 timestamp=000116 receiver=10 cavs=[10, 11, 20] pred_boxes=31 gt_boxes=69 comm_bytes=89008
frame=29/41 late_source=4/4 scenario=2026_07_29_02_32_08 timestamp=000116 receiver=16 cavs=[16, 3, 13] pred_boxes=12 gt_boxes=69 comm_bytes=110144
sgcp_late_fusion frame=29/41 scenario=2026_07_29_02_32_08 timestamp=000116 sources=4 fused_pred_boxes=64 fused_gt_boxes=69
frame=30/41 late_source=1/4 scenario=2026_07_29_02_32_08 timestamp=000118 receiver=2 cavs=[2, 6, 14] pred_boxes=28 gt_boxes=69 comm_bytes=131968
frame=30/41 late_source=2/4 scenario=2026_07_29_02_32_08 timestamp=000118 receiver=4 cavs=[4, 5, 12] pred_boxes=30 gt_boxes=69 comm_bytes=92304
frame=30/41 late_source=3/4 scenario=2026_07_29_02_32_08 timestamp=000118 receiver=10 cavs=[10, 11, 20] pred_boxes=35 gt_boxes=69 comm_bytes=89232
frame=30/41 late_source=4/4 scenario=2026_07_29_02_32_08 timestamp=000118 receiver=16 cavs=[16, 13, 18] pred_boxes=14 gt_boxes=69 comm_bytes=109104
sgcp_late_fusion frame=30/41 scenario=2026_07_29_02_32_08 timestamp=000118 sources=4 fused_pred_boxes=67 fused_gt_boxes=69
frame=31/41 late_source=1/4 scenario=2026_07_29_02_32_08 timestamp=000120 receiver=2 cavs=[2, 6, 14] pred_boxes=27 gt_boxes=69 comm_bytes=132208
frame=31/41 late_source=2/4 scenario=2026_07_29_02_32_08 timestamp=000120 receiver=4 cavs=[4, 5, 12] pred_boxes=31 gt_boxes=69 comm_bytes=92880
frame=31/41 late_source=3/4 scenario=2026_07_29_02_32_08 timestamp=000120 receiver=10 cavs=[10, 11, 20] pred_boxes=34 gt_boxes=69 comm_bytes=88224
frame=31/41 late_source=4/4 scenario=2026_07_29_02_32_08 timestamp=000120 receiver=16 cavs=[16, 3, 13] pred_boxes=14 gt_boxes=69 comm_bytes=109984
sgcp_late_fusion frame=31/41 scenario=2026_07_29_02_32_08 timestamp=000120 sources=4 fused_pred_boxes=66 fused_gt_boxes=69
frame=32/41 late_source=1/4 scenario=2026_07_29_02_32_08 timestamp=000122 receiver=2 cavs=[2, 6, 14] pred_boxes=27 gt_boxes=69 comm_bytes=132448
frame=32/41 late_source=2/4 scenario=2026_07_29_02_32_08 timestamp=000122 receiver=4 cavs=[4, 5, 12] pred_boxes=31 gt_boxes=69 comm_bytes=92016
frame=32/41 late_source=3/4 scenario=2026_07_29_02_32_08 timestamp=000122 receiver=10 cavs=[10, 11, 20] pred_boxes=35 gt_boxes=69 comm_bytes=87328
frame=32/41 late_source=4/4 scenario=2026_07_29_02_32_08 timestamp=000122 receiver=16 cavs=[16, 3, 13] pred_boxes=13 gt_boxes=69 comm_bytes=109680
sgcp_late_fusion frame=32/41 scenario=2026_07_29_02_32_08 timestamp=000122 sources=4 fused_pred_boxes=61 fused_gt_boxes=69
frame=33/41 late_source=1/4 scenario=2026_07_29_02_32_08 timestamp=000124 receiver=2 cavs=[2, 6, 14] pred_boxes=27 gt_boxes=69 comm_bytes=132528
frame=33/41 late_source=2/4 scenario=2026_07_29_02_32_08 timestamp=000124 receiver=4 cavs=[4, 5, 12] pred_boxes=27 gt_boxes=69 comm_bytes=91664
frame=33/41 late_source=3/4 scenario=2026_07_29_02_32_08 timestamp=000124 receiver=10 cavs=[10, 11, 20] pred_boxes=35 gt_boxes=69 comm_bytes=86832
frame=33/41 late_source=4/4 scenario=2026_07_29_02_32_08 timestamp=000124 receiver=16 cavs=[16, 3, 13] pred_boxes=12 gt_boxes=69 comm_bytes=109840
sgcp_late_fusion frame=33/41 scenario=2026_07_29_02_32_08 timestamp=000124 sources=4 fused_pred_boxes=60 fused_gt_boxes=69
frame=34/41 late_source=1/4 scenario=2026_07_29_02_32_08 timestamp=000126 receiver=2 cavs=[2, 6, 14] pred_boxes=28 gt_boxes=69 comm_bytes=132512
frame=34/41 late_source=2/4 scenario=2026_07_29_02_32_08 timestamp=000126 receiver=4 cavs=[4, 5, 12] pred_boxes=29 gt_boxes=69 comm_bytes=92656
frame=34/41 late_source=3/4 scenario=2026_07_29_02_32_08 timestamp=000126 receiver=10 cavs=[10, 11, 20] pred_boxes=32 gt_boxes=69 comm_bytes=86336
frame=34/41 late_source=4/4 scenario=2026_07_29_02_32_08 timestamp=000126 receiver=16 cavs=[16, 3, 13] pred_boxes=10 gt_boxes=69 comm_bytes=110288
sgcp_late_fusion frame=34/41 scenario=2026_07_29_02_32_08 timestamp=000126 sources=4 fused_pred_boxes=61 fused_gt_boxes=69
frame=35/41 late_source=1/4 scenario=2026_07_29_02_32_08 timestamp=000128 receiver=2 cavs=[2, 6, 14] pred_boxes=26 gt_boxes=69 comm_bytes=132176
frame=35/41 late_source=2/4 scenario=2026_07_29_02_32_08 timestamp=000128 receiver=4 cavs=[4, 5, 12] pred_boxes=30 gt_boxes=69 comm_bytes=92496
frame=35/41 late_source=3/4 scenario=2026_07_29_02_32_08 timestamp=000128 receiver=10 cavs=[10, 11, 20] pred_boxes=32 gt_boxes=69 comm_bytes=86240
frame=35/41 late_source=4/4 scenario=2026_07_29_02_32_08 timestamp=000128 receiver=16 cavs=[16, 3, 13] pred_boxes=11 gt_boxes=69 comm_bytes=111184
sgcp_late_fusion frame=35/41 scenario=2026_07_29_02_32_08 timestamp=000128 sources=4 fused_pred_boxes=61 fused_gt_boxes=69Format = auto
Extension = pcd
Format = auto
Extension = pcd
Format = auto
Extension = pcd
Format = auto
Extension = pcd
Format = auto
Extension = pcd
Format = auto
Extension = pcd
Format = auto
Extension = pcd
Format = auto
Extension = pcd
Format = auto
Extension = pcd
Format = auto
Extension = pcd
Format = auto
Extension = pcd
Format = auto
Extension = pcd
Format = auto
Extension = pcd
Format = auto
Extension = pcd
Format = auto
Extension = pcd
Format = auto
Extension = pcd
Format = auto
Extension = pcd
Format = auto
Extension = pcd
Format = auto
Extension = pcd
Format = auto
Extension = pcd
Format = auto
Extension = pcd
Format = auto
Extension = pcd
Format = auto
Extension = pcd
Format = auto
Extension = pcd
Format = auto
Extension = pcd
Format = auto
Extension = pcd
Format = auto
Extension = pcd
Format = auto
Extension = pcd
Format = auto
Extension = pcd
Format = auto
Extension = pcd
Format = auto
Extension = pcd
Format = auto
Extension = pcd
Format = auto
Extension = pcd
Format = auto
Extension = pcd
Format = auto
Extension = pcd
Format = auto
Extension = pcd
Format = auto
Extension = pcd
Format = auto
Extension = pcd
Format = auto
Extension = pcd
Format = auto
Extension = pcd
Format = auto
Extension = pcd
Format = auto
Extension = pcd
Format = auto
Extension = pcd
Format = auto
Extension = pcd
Format = auto
Extension = pcd
Format = auto
Extension = pcd
Format = auto
Extension = pcd
Format = auto
Extension = pcd
Format = auto
Extension = pcd
Format = auto
Extension = pcd
Format = auto
Extension = pcd
Format = auto
Extension = pcd
Format = auto
Extension = pcd
Format = auto
Extension = pcd
Format = auto
Extension = pcd
Format = auto
Extension = pcd
Format = auto
Extension = pcd
Format = auto
Extension = pcd
Format = auto
Extension = pcd
Format = auto
Extension = pcd
Format = auto
Extension = pcd
Format = auto
Extension = pcd
Format = auto
Extension = pcd
Format = auto
Extension = pcd
Format = auto
Extension = pcd
Format = auto
Extension = pcd
Format = auto
Extension = pcd
Format = auto
Extension = pcd
Format = auto
Extension = pcd
Format = auto
Extension = pcd
Format = auto
Extension = pcd
Format = auto
Extension = pcd
Format = auto
Extension = pcd
Format = auto
Extension = pcd
Format = auto
Extension = pcd
Format = auto
Extension = pcd
Format = auto
Extension = pcd
Format = auto
Extension = pcd
Format = auto
Extension = pcd
Format = auto
Extension = pcd
Format = auto
Extension = pcd
Format = auto
Extension = pcd
Format = auto
Extension = pcd
Format = auto
Extension = pcd
Format = auto
Extension = pcd
Format = auto
Extension = pcd
Format = auto
Extension = pcd
Format = auto
Extension = pcd
Format = auto
Extension = pcd
Format = auto
Extension = pcd
Format = auto
Extension = pcd
Format = auto
Extension = pcd
Format = auto
Extension = pcd
Format = auto
Extension = pcd
Format = auto
Extension = pcd
Format = auto
Extension = pcd
Format = auto
Extension = pcd
Format = auto
Extension = pcd
Format = auto
Extension = pcd
Format = auto
Extension = pcd
Format = auto
Extension = pcd
Format = auto
Extension = pcd
Format = auto
Extension = pcd
Format = auto
Extension = pcd
Format = auto
Extension = pcd
Format = auto
Extension = pcd
Format = auto
Extension = pcd
Format = auto
Extension = pcd
Format = auto
Extension = pcd
Format = auto
Extension = pcd
Format = auto
Extension = pcd
Format = auto
Extension = pcd
Format = auto
Extension = pcd
Format = auto
Extension = pcd
Format = auto
Extension = pcd
Format = auto
Extension = pcd
Format = auto
Extension = pcd
Format = auto
Extension = pcd
Format = auto
Extension = pcd
Format = auto
Extension = pcd
C:\Users\sakakibara\miniconda3\envs\opencda\lib\site-packages\torch\nn\functional.py:1806: UserWarning: nn.functional.sigmoid is deprecated. Use torch.sigmoid instead.
  warnings.warn("nn.functional.sigmoid is deprecated. Use torch.sigmoid instead.")

frame=36/41 late_source=1/4 scenario=2026_07_29_02_32_08 timestamp=000130 receiver=2 cavs=[2, 6, 14] pred_boxes=26 gt_boxes=68 comm_bytes=132000
frame=36/41 late_source=2/4 scenario=2026_07_29_02_32_08 timestamp=000130 receiver=4 cavs=[4, 5, 12] pred_boxes=28 gt_boxes=68 comm_bytes=94176
frame=36/41 late_source=3/4 scenario=2026_07_29_02_32_08 timestamp=000130 receiver=10 cavs=[10, 11, 20] pred_boxes=34 gt_boxes=68 comm_bytes=86512
frame=36/41 late_source=4/4 scenario=2026_07_29_02_32_08 timestamp=000130 receiver=16 cavs=[16, 3, 13] pred_boxes=12 gt_boxes=68 comm_bytes=111760
sgcp_late_fusion frame=36/41 scenario=2026_07_29_02_32_08 timestamp=000130 sources=4 fused_pred_boxes=61 fused_gt_boxes=68
frame=37/41 late_source=1/4 scenario=2026_07_29_02_32_08 timestamp=000132 receiver=2 cavs=[2, 6, 14] pred_boxes=26 gt_boxes=68 comm_bytes=131696
frame=37/41 late_source=2/4 scenario=2026_07_29_02_32_08 timestamp=000132 receiver=4 cavs=[4, 5, 12] pred_boxes=28 gt_boxes=68 comm_bytes=96320
frame=37/41 late_source=3/4 scenario=2026_07_29_02_32_08 timestamp=000132 receiver=10 cavs=[10, 11, 20] pred_boxes=33 gt_boxes=68 comm_bytes=87056
frame=37/41 late_source=4/4 scenario=2026_07_29_02_32_08 timestamp=000132 receiver=16 cavs=[16, 3, 13] pred_boxes=13 gt_boxes=68 comm_bytes=112112
sgcp_late_fusion frame=37/41 scenario=2026_07_29_02_32_08 timestamp=000132 sources=4 fused_pred_boxes=61 fused_gt_boxes=68
frame=38/41 late_source=1/4 scenario=2026_07_29_02_32_08 timestamp=000134 receiver=2 cavs=[2, 6, 14] pred_boxes=27 gt_boxes=68 comm_bytes=132704
frame=38/41 late_source=2/4 scenario=2026_07_29_02_32_08 timestamp=000134 receiver=4 cavs=[4, 5, 12] pred_boxes=29 gt_boxes=68 comm_bytes=97456
frame=38/41 late_source=3/4 scenario=2026_07_29_02_32_08 timestamp=000134 receiver=10 cavs=[10, 11, 20] pred_boxes=34 gt_boxes=68 comm_bytes=87040
frame=38/41 late_source=4/4 scenario=2026_07_29_02_32_08 timestamp=000134 receiver=16 cavs=[16, 3, 13] pred_boxes=12 gt_boxes=68 comm_bytes=111168
sgcp_late_fusion frame=38/41 scenario=2026_07_29_02_32_08 timestamp=000134 sources=4 fused_pred_boxes=62 fused_gt_boxes=68
frame=39/41 late_source=1/4 scenario=2026_07_29_02_32_08 timestamp=000136 receiver=2 cavs=[2, 6, 14] pred_boxes=26 gt_boxes=68 comm_bytes=133168
frame=39/41 late_source=2/4 scenario=2026_07_29_02_32_08 timestamp=000136 receiver=4 cavs=[4, 5, 12] pred_boxes=29 gt_boxes=68 comm_bytes=99712
frame=39/41 late_source=3/4 scenario=2026_07_29_02_32_08 timestamp=000136 receiver=10 cavs=[10, 11, 20] pred_boxes=34 gt_boxes=68 comm_bytes=87040
frame=39/41 late_source=4/4 scenario=2026_07_29_02_32_08 timestamp=000136 receiver=16 cavs=[16, 3, 13] pred_boxes=12 gt_boxes=68 comm_bytes=111328
sgcp_late_fusion frame=39/41 scenario=2026_07_29_02_32_08 timestamp=000136 sources=4 fused_pred_boxes=59 fused_gt_boxes=68
frame=40/41 late_source=1/4 scenario=2026_07_29_02_32_08 timestamp=000138 receiver=2 cavs=[2, 6, 14] pred_boxes=28 gt_boxes=68 comm_bytes=132848
frame=40/41 late_source=2/4 scenario=2026_07_29_02_32_08 timestamp=000138 receiver=4 cavs=[4, 5, 12] pred_boxes=31 gt_boxes=68 comm_bytes=103328
frame=40/41 late_source=3/4 scenario=2026_07_29_02_32_08 timestamp=000138 receiver=10 cavs=[10, 11, 20] pred_boxes=34 gt_boxes=68 comm_bytes=87328
frame=40/41 late_source=4/4 scenario=2026_07_29_02_32_08 timestamp=000138 receiver=16 cavs=[16, 3, 13] pred_boxes=10 gt_boxes=68 comm_bytes=110752
sgcp_late_fusion frame=40/41 scenario=2026_07_29_02_32_08 timestamp=000138 sources=4 fused_pred_boxes=59 fused_gt_boxes=68
frame=41/41 late_source=1/4 scenario=2026_07_29_02_32_08 timestamp=000140 receiver=2 cavs=[2, 6, 14] pred_boxes=27 gt_boxes=67 comm_bytes=132736
frame=41/41 late_source=2/4 scenario=2026_07_29_02_32_08 timestamp=000140 receiver=4 cavs=[4, 5, 12] pred_boxes=28 gt_boxes=67 comm_bytes=105728
frame=41/41 late_source=3/4 scenario=2026_07_29_02_32_08 timestamp=000140 receiver=10 cavs=[10, 11, 20] pred_boxes=35 gt_boxes=67 comm_bytes=87488
frame=41/41 late_source=4/4 scenario=2026_07_29_02_32_08 timestamp=000140 receiver=16 cavs=[16, 3, 13] pred_boxes=11 gt_boxes=67 comm_bytes=110192
sgcp_late_fusion frame=41/41 scenario=2026_07_29_02_32_08 timestamp=000140 sources=4 fused_pred_boxes=59 fused_gt_boxes=67
cp counter: 41
Evaluate final average precision results:
  - Fusion method: early
  - The Average Precision at IOU 0.3 is 0.83, The Average Precision at IOU 0.5 is 0.79, The Average Precision at IOU 0.7 is 0.57
sgcp_summary frames=164 avg_comm_bytes=96041.17 total_comm_bytes=15750752 avg_source_cavs=3.00 avg_selected_grids=65.82
