Format = auto
Extension = pcd
Format = auto
Extension = pcd
Format = auto
Extension = pcd
Format = auto
Extension = pcd
Format = auto
Extension = pcd
Format = auto
Extension = pcd
Format = auto
Extension = pcd
Format = auto
Extension = pcd
Format = auto
Extension = pcd
Format = auto
Extension = pcd
Format = auto
Extension = pcd
Format = auto
Extension = pcd
Format = auto
Extension = pcd
Format = auto
Extension = pcd
Format = auto
Extension = pcd
Format = auto
Extension = pcd
Format = auto
Extension = pcd
Format = auto
Extension = pcd
Format = auto
Extension = pcd
Format = auto
Extension = pcd
Format = auto
Extension = pcd
Format = auto
Extension = pcd
Format = auto
Extension = pcd
Format = auto
Extension = pcd
Format = auto
Extension = pcd
Format = auto
Extension = pcd
Format = auto
Extension = pcd
Format = auto
Extension = pcd
Format = auto
Extension = pcd
Format = auto
Extension = pcd
Format = auto
Extension = pcd
Format = auto
Extension = pcd
Format = auto
Extension = pcd
Format = auto
Extension = pcd
Format = auto
Extension = pcd
Format = auto
Extension = pcd
Format = auto
Extension = pcd
Format = auto
Extension = pcd
Format = auto
Extension = pcd
Format = auto
Extension = pcd
Format = auto
Extension = pcd
Format = auto
Extension = pcd
Format = auto
Extension = pcd
Format = auto
Extension = pcd
Format = auto
Extension = pcd
Format = auto
Extension = pcd
Format = auto
Extension = pcd
Format = auto
Extension = pcd
Format = auto
Extension = pcd
Format = auto
Extension = pcd
Format = auto
Extension = pcd
Format = auto
Extension = pcd
Format = auto
Extension = pcd
Format = auto
Extension = pcd
Format = auto
Extension = pcd
Format = auto
Extension = pcd
Format = auto
Extension = pcd
Format = auto
Extension = pcd
Format = auto
Extension = pcd
Format = auto
Extension = pcd
Format = auto
Extension = pcd
Format = auto
Extension = pcd
Format = auto
Extension = pcd
Format = auto
Extension = pcd
Format = auto
Extension = pcd
Format = auto
Extension = pcd
Format = auto
Extension = pcd
Format = auto
Extension = pcd
Format = auto
Extension = pcd
Format = auto
Extension = pcd
Format = auto
Extension = pcd
Format = auto
Extension = pcd
Format = auto
Extension = pcd
Format = auto
Extension = pcd
Format = auto
Extension = pcd
Format = auto
Extension = pcd
Format = auto
Extension = pcd
Format = auto
Extension = pcd
Format = auto
Extension = pcd
Format = auto
Extension = pcd
Format = auto
Extension = pcd
Format = auto
Extension = pcd
Format = auto
Extension = pcd
Format = auto
Extension = pcd
Format = auto
Extension = pcd
Format = auto
Extension = pcd
Format = auto
Extension = pcd
Format = auto
Extension = pcd
Format = auto
Extension = pcd
Format = auto
Extension = pcd
Format = auto
Extension = pcd
Format = auto
Extension = pcd
Format = auto
Extension = pcd
Format = auto
Extension = pcd
Format = auto
Extension = pcd
Format = auto
Extension = pcd
Format = auto
Extension = pcd
Format = auto
Extension = pcd
Format = auto
Extension = pcd
Format = auto
Extension = pcd
Format = auto
Extension = pcd
Format = auto
Extension = pcd
Format = auto
Extension = pcd
Format = auto
Extension = pcd
Format = auto
Extension = pcd
Format = auto
Extension = pcd
Format = auto
Extension = pcd
Format = auto
Extension = pcd
Format = auto
Extension = pcd
Format = auto
Extension = pcd
Format = auto
Extension = pcd
Format = auto
Extension = pcd
Format = auto
Extension = pcd
Format = auto
Extension = pcd
Format = auto
Extension = pcd
Format = auto
Extension = pcd
Format = auto
Extension = pcd
Format = auto
Extension = pcd
Format = auto
Extension = pcd
Format = auto
Extension = pcd
Format = auto
Extension = pcd
Format = auto
Extension = pcd
Format = auto
Extension = pcd
Format = auto
Extension = pcd
Format = auto
Extension = pcd
Format = auto
Extension = pcd
Format = auto
Extension = pcd
Format = auto
Extension = pcd
Format = auto
Extension = pcd
Format = auto
Extension = pcd
Format = auto
Extension = pcd
Format = auto
Extension = pcd
Format = auto
Extension = pcd
Format = auto
Extension = pcd
Format = auto
Extension = pcd
Format = auto
Extension = pcd
Format = auto
Extension = pcd
Format = auto
Extension = pcd
Format = auto
Extension = pcd
Format = auto
Extension = pcd
Format = auto
Extension = pcd
Format = auto
Extension = pcd
Format = auto
Extension = pcd
Format = auto
Extension = pcd
Format = auto
Extension = pcd
Format = auto
Extension = pcd
Format = auto
Extension = pcd
Format = auto
Extension = pcd
Format = auto
Extension = pcd
Format = auto
Extension = pcd
Format = auto
Extension = pcd
Format = auto
Extension = pcd
Format = auto
Extension = pcd
Format = auto
Extension = pcd
Format = auto
Extension = pcd
Format = auto
Extension = pcd
Format = auto
Extension = pcd
Format = auto
Extension = pcd
Format = auto
Extension = pcd
Format = auto
Extension = pcd
Format = auto
Extension = pcd
Format = auto
Extension = pcd
Format = auto
Extension = pcd
Format = auto
Extension = pcd
Format = auto
Extension = pcd
Format = auto
Extension = pcd
Format = auto
Extension = pcd
Format = auto
Extension = pcd
Format = auto
Extension = pcd
Format = auto
Extension = pcd
Format = auto
Extension = pcd
Format = auto
Extension = pcd
Format = auto
Extension = pcd
Format = auto
Extension = pcd
Format = auto
Extension = pcd
Format = auto
Extension = pcd
Format = auto
Extension = pcd
Format = auto
Extension = pcd
Format = auto
Extension = pcd
Format = auto
Extension = pcd
Format = auto
Extension = pcd
Format = auto
Extension = pcd
Format = auto
Extension = pcd
Format = auto
Extension = pcd
Format = auto
Extension = pcd
Format = auto
Extension = pcd
Format = auto
Extension = pcd
Format = auto
Extension = pcd
Format = auto
Extension = pcd
Format = auto
Extension = pcd
Format = auto
Extension = pcd
Format = auto
Extension = pcd
Format = auto
Extension = pcd
Format = auto
Extension = pcd
Format = auto
Extension = pcd
Format = auto
Extension = pcd
Format = auto
Extension = pcd
Format = auto
Extension = pcd
Format = auto
Extension = pcd
Format = auto
Extension = pcd
Format = auto
Extension = pcd
Format = auto
Extension = pcd
Format = auto
Extension = pcd
Format = auto
Extension = pcd
Format = auto
Extension = pcd
Format = auto
Extension = pcd
Format = auto
Extension = pcd
Format = auto
Extension = pcd
Format = auto
Extension = pcd
Format = auto
Extension = pcd
Format = auto
Extension = pcd
Format = auto
Extension = pcd
Format = auto
Extension = pcd
Format = auto
Extension = pcd
Format = auto
Extension = pcd
Format = auto
Extension = pcd
Format = auto
Extension = pcd
Format = auto
Extension = pcd
Format = auto
Extension = pcd
Format = auto
Extension = pcd
Format = auto
Extension = pcd
Format = auto
Extension = pcd
Format = auto
Extension = pcd
Format = auto
Extension = pcd
Format = auto
Extension = pcd
Format = auto
Extension = pcd
Format = auto
Extension = pcd
Format = auto
Extension = pcd
Format = auto
Extension = pcd
Format = auto
Extension = pcd
Format = auto
Extension = pcd
Format = auto
Extension = pcd
Format = auto
Extension = pcd
Format = auto
Extension = pcd
Format = auto
Extension = pcd
Format = auto
Extension = pcd
Format = auto
Extension = pcd
Format = auto
Extension = pcd
Format = auto
Extension = pcd
Format = auto
Extension = pcd
resuming by loading epoch 10000
frame=1/41 late_source=1/4 scenario=2026_07_29_02_32_08 timestamp=000060 receiver=8 cavs=[8, 13, 15] pred_boxes=43 gt_boxes=72 comm_bytes=109456
frame=1/41 late_source=2/4 scenario=2026_07_29_02_32_08 timestamp=000060 receiver=9 cavs=[9, 2, 3] pred_boxes=35 gt_boxes=72 comm_bytes=136496
frame=1/41 late_source=3/4 scenario=2026_07_29_02_32_08 timestamp=000060 receiver=16 cavs=[16, 6, 17] pred_boxes=28 gt_boxes=72 comm_bytes=126848
frame=1/41 late_source=4/4 scenario=2026_07_29_02_32_08 timestamp=000060 receiver=19 cavs=[19, 12, 14] pred_boxes=16 gt_boxes=72 comm_bytes=126896
sgcp_late_fusion frame=1/41 scenario=2026_07_29_02_32_08 timestamp=000060 sources=4 fused_pred_boxes=72 fused_gt_boxes=72
frame=2/41 late_source=1/4 scenario=2026_07_29_02_32_08 timestamp=000062 receiver=5 cavs=[5, 4, 13] pred_boxes=29 gt_boxes=72 comm_bytes=113632
frame=2/41 late_source=2/4 scenario=2026_07_29_02_32_08 timestamp=000062 receiver=8 cavs=[8, 2, 17] pred_boxes=44 gt_boxes=72 comm_bytes=131840
frame=2/41 late_source=3/4 scenario=2026_07_29_02_32_08 timestamp=000062 receiver=19 cavs=[19, 3, 6] pred_boxes=22 gt_boxes=72 comm_bytes=134784
frame=2/41 late_source=4/4 scenario=2026_07_29_02_32_08 timestamp=000062 receiver=20 cavs=[20, 12, 14] pred_boxes=30 gt_boxes=72 comm_bytes=119728
sgcp_late_fusion frame=2/41 scenario=2026_07_29_02_32_08 timestamp=000062 sources=4 fused_pred_boxes=72 fused_gt_boxes=72
frame=3/41 late_source=1/4 scenario=2026_07_29_02_32_08 timestamp=000064 receiver=1 cavs=[1, 12, 16] pred_boxes=44 gt_boxes=72 comm_bytes=124032
frame=3/41 late_source=2/4 scenario=2026_07_29_02_32_08 timestamp=000064 receiver=5 cavs=[5, 3, 4] pred_boxes=28 gt_boxes=72 comm_bytes=126224
frame=3/41 late_source=3/4 scenario=2026_07_29_02_32_08 timestamp=000064 receiver=7 cavs=[7, 9, 17] pred_boxes=30 gt_boxes=72 comm_bytes=122000
frame=3/41 late_source=4/4 scenario=2026_07_29_02_32_08 timestamp=000064 receiver=13 cavs=[13, 6, 14] pred_boxes=12 gt_boxes=72 comm_bytes=127568
sgcp_late_fusion frame=3/41 scenario=2026_07_29_02_32_08 timestamp=000064 sources=4 fused_pred_boxes=65 fused_gt_boxes=72
frame=4/41 late_source=1/4 scenario=2026_07_29_02_32_08 timestamp=000066 receiver=4 cavs=[4, 14, 17] pred_boxes=23 gt_boxes=72 comm_bytes=145392
frame=4/41 late_source=2/4 scenario=2026_07_29_02_32_08 timestamp=000066 receiver=8 cavs=[8, 6, 13] pred_boxes=43 gt_boxes=72 comm_bytes=125184
frame=4/41 late_source=3/4 scenario=2026_07_29_02_32_08 timestamp=000066 receiver=10 cavs=[10, 11, 16] pred_boxes=39 gt_boxes=72 comm_bytes=94784
frame=4/41 late_source=4/4 scenario=2026_07_29_02_32_08 timestamp=000066 receiver=12 cavs=[12, 2, 18] pred_boxes=30 gt_boxes=72 comm_bytes=128384
sgcp_late_fusion frame=4/41 scenario=2026_07_29_02_32_08 timestamp=000066 sources=4 fused_pred_boxes=69 fused_gt_boxes=72
frame=5/41 late_source=1/4 scenario=2026_07_29_02_32_08 timestamp=000068 receiver=5 cavs=[5, 2, 17] pred_boxes=28 gt_boxes=72 comm_bytes=139040
frame=5/41 late_source=2/4 scenario=2026_07_29_02_32_08 timestamp=000068 receiver=7 cavs=[7, 1, 14] pred_boxes=41 gt_boxes=72 comm_bytes=116896
frame=5/41 late_source=3/4 scenario=2026_07_29_02_32_08 timestamp=000068 receiver=10 cavs=[10, 3, 15] pred_boxes=41 gt_boxes=72 comm_bytes=119952
frame=5/41 late_source=4/4 scenario=2026_07_29_02_32_08 timestamp=000068 receiver=19 cavs=[19, 4, 6] pred_boxes=26 gt_boxes=72 comm_bytes=124096
sgcp_late_fusion frame=5/41 scenario=2026_07_29_02_32_08 timestamp=000068 sources=4 fused_pred_boxes=69 fused_gt_boxes=72
frame=6/41 late_source=1/4 scenario=2026_07_29_02_32_08 timestamp=000070 receiver=5 cavs=[5, 4, 17] pred_boxes=25 gt_boxes=72 comm_bytes=133344
frame=6/41 late_source=2/4 scenario=2026_07_29_02_32_08 timestamp=000070 receiver=7 cavs=[7, 2, 18] pred_boxes=37 gt_boxes=72 comm_bytes=126704
frame=6/41 late_source=3/4 scenario=2026_07_29_02_32_08 timestamp=000070 receiver=10 cavs=[10, 3, 6] pred_boxes=37 gt_boxes=72 comm_bytes=137568
frame=6/41 late_source=4/4 scenario=2026_07_29_02_32_08 timestamp=000070 receiver=20 cavs=[20, 12, 14] pred_boxes=29 gt_boxes=72 comm_bytes=101872
sgcp_late_fusion frame=6/41 scenario=2026_07_29_02_32_08 timestamp=000070 sources=4 fused_pred_boxes=69 fused_gt_boxes=72
frame=7/41 late_source=1/4 scenario=2026_07_29_02_32_08 timestamp=000072 receiver=5 cavs=[5, 2, 6] pred_boxes=37 gt_boxes=71 comm_bytes=129696
frame=7/41 late_source=2/4 scenario=2026_07_29_02_32_08 timestamp=000072 receiver=7 cavs=[7, 3, 13] pred_boxes=25 gt_boxes=71 comm_bytes=124752
frame=7/41 late_source=3/4 scenario=2026_07_29_02_32_08 timestamp=000072 receiver=8 cavs=[8, 9, 17] pred_boxes=42 gt_boxes=71 comm_bytes=130752
frame=7/41 late_source=4/4 scenario=2026_07_29_02_32_08 timestamp=000072 receiver=20 cavs=[20, 4, 14] pred_boxes=31 gt_boxes=71 comm_bytes=114672
sgcp_late_fusion frame=7/41 scenario=2026_07_29_02_32_08 timestamp=000072 sources=4 fused_pred_boxes=69 fused_gt_boxes=71
frame=8/41 late_source=1/4 scenario=2026_07_29_02_32_08 timestamp=000074 receiver=5 cavs=[5, 7, 13] pred_boxes=28 gt_boxes=70 comm_bytes=97136
frame=8/41 late_source=2/4 scenario=2026_07_29_02_32_08 timestamp=000074 receiver=9 cavs=[9, 14, 17] pred_boxes=18 gt_boxes=70 comm_bytes=143200
frame=8/41 late_source=3/4 scenario=2026_07_29_02_32_08 timestamp=000074 receiver=10 cavs=[10, 4, 18] pred_boxes=27 gt_boxes=70 comm_bytes=121248
frame=8/41 late_source=4/4 scenario=2026_07_29_02_32_08 timestamp=000074 receiver=19 cavs=[19, 3, 6] pred_boxes=20 gt_boxes=70 comm_bytes=138400
sgcp_late_fusion frame=8/41 scenario=2026_07_29_02_32_08 timestamp=000074 sources=4 fused_pred_boxes=56 fused_gt_boxes=70
frame=9/41 late_source=1/4 scenario=2026_07_29_02_32_08 timestamp=000076 receiver=5 cavs=[5, 14, 17] pred_boxes=16 gt_boxes=70 comm_bytes=133920
frame=9/41 late_source=2/4 scenario=2026_07_29_02_32_08 timestamp=000076 receiver=7 cavs=[7, 15, 18] pred_boxes=36 gt_boxes=70 comm_bytes=107120
frame=9/41 late_source=3/4 scenario=2026_07_29_02_32_08 timestamp=000076 receiver=11 cavs=[11, 6, 9] pred_boxes=39 gt_boxes=70 comm_bytes=110800
frame=9/41 late_source=4/4 scenario=2026_07_29_02_32_08 timestamp=000076 receiver=16 cavs=[16, 2, 13] pred_boxes=31 gt_boxes=70 comm_bytes=125824
sgcp_late_fusion frame=9/41 scenario=2026_07_29_02_32_08 timestamp=000076 sources=4 fused_pred_boxes=65 fused_gt_boxes=70
frame=10/41 late_source=1/4 scenario=2026_07_29_02_32_08 timestamp=000078 receiver=1 cavs=[1, 6, 13] pred_boxes=36 gt_boxes=70 comm_bytes=124192
frame=10/41 late_source=2/4 scenario=2026_07_29_02_32_08 timestamp=000078 receiver=5 cavs=[5, 2, 3] pred_boxes=34 gt_boxes=70 comm_bytes=134080
frame=10/41 late_source=3/4 scenario=2026_07_29_02_32_08 timestamp=000078 receiver=11 cavs=[11, 7, 15] pred_boxes=47 gt_boxes=70 comm_bytes=106464
frame=10/41 late_source=4/4 scenario=2026_07_29_02_32_08 timestamp=000078 receiver=17 cavs=[17, 12, 14] pred_boxes=19 gt_boxes=70 comm_bytes=133376
sgcp_late_fusion frame=10/41 scenario=2026_07_29_02_32_08 timestamp=000078 sources=4 fused_pred_boxes=70 fused_gt_boxes=70
frame=11/41 late_source=1/4 scenario=2026_07_29_02_32_08 timestamp=000080 receiver=1 cavs=[1, 12, 13] pred_boxes=32 gt_boxes=71 comm_bytes=124512
frame=11/41 late_source=2/4 scenario=2026_07_29_02_32_08 timestamp=000080 receiver=7 cavs=[7, 6, 18] pred_boxes=33 gt_boxes=71 comm_bytes=124336
frame=11/41 late_source=3/4 scenario=2026_07_29_02_32_08 timestamp=000080 receiver=10 cavs=[10, 14, 17] pred_boxes=24 gt_boxes=71 comm_bytes=140800
frame=11/41 late_source=4/4 scenario=2026_07_29_02_32_08 timestamp=000080 receiver=20 cavs=[20, 2, 3] pred_boxes=40 gt_boxes=71 comm_bytes=110352
sgcp_late_fusion frame=11/41 scenario=2026_07_29_02_32_08 timestamp=000080 sources=4 fused_pred_boxes=68 fused_gt_boxes=71
frame=12/41 late_source=1/4 scenario=2026_07_29_02_32_08 timestamp=000082 receiver=5 cavs=[5, 6, 14] pred_boxes=25 gt_boxes=71 comm_bytes=132272
frame=12/41 late_source=2/4 scenario=2026_07_29_02_32_08 timestamp=000082 receiver=7 cavs=[7, 2, 17] pred_boxes=43 gt_boxes=71 comm_bytes=132048
frame=12/41 late_source=3/4 scenario=2026_07_29_02_32_08 timestamp=000082 receiver=10 cavs=[10, 3, 18] pred_boxes=29 gt_boxes=71 comm_bytes=116240Format = auto
Extension = pcd
Format = auto
Extension = pcd
Format = auto
Extension = pcd
Format = auto
Extension = pcd
Format = auto
Extension = pcd
Format = auto
Extension = pcd
Format = auto
Extension = pcd
Format = auto
Extension = pcd
Format = auto
Extension = pcd
Format = auto
Extension = pcd
Format = auto
Extension = pcd
Format = auto
Extension = pcd
Format = auto
Extension = pcd
Format = auto
Extension = pcd
Format = auto
Extension = pcd
Format = auto
Extension = pcd
Format = auto
Extension = pcd
Format = auto
Extension = pcd
Format = auto
Extension = pcd
Format = auto
Extension = pcd
Format = auto
Extension = pcd
Format = auto
Extension = pcd
Format = auto
Extension = pcd
Format = auto
Extension = pcd
Format = auto
Extension = pcd
Format = auto
Extension = pcd
Format = auto
Extension = pcd
Format = auto
Extension = pcd
Format = auto
Extension = pcd
Format = auto
Extension = pcd
Format = auto
Extension = pcd
Format = auto
Extension = pcd
Format = auto
Extension = pcd
Format = auto
Extension = pcd
Format = auto
Extension = pcd
Format = auto
Extension = pcd
Format = auto
Extension = pcd
Format = auto
Extension = pcd
Format = auto
Extension = pcd
Format = auto
Extension = pcd
Format = auto
Extension = pcd
Format = auto
Extension = pcd
Format = auto
Extension = pcd
Format = auto
Extension = pcd
Format = auto
Extension = pcd
Format = auto
Extension = pcd
Format = auto
Extension = pcd
Format = auto
Extension = pcd
Format = auto
Extension = pcd
Format = auto
Extension = pcd
Format = auto
Extension = pcd
Format = auto
Extension = pcd
Format = auto
Extension = pcd
Format = auto
Extension = pcd
Format = auto
Extension = pcd
Format = auto
Extension = pcd
Format = auto
Extension = pcd
Format = auto
Extension = pcd
Format = auto
Extension = pcd
Format = auto
Extension = pcd
Format = auto
Extension = pcd
Format = auto
Extension = pcd
Format = auto
Extension = pcd
Format = auto
Extension = pcd
Format = auto
Extension = pcd
Format = auto
Extension = pcd
Format = auto
Extension = pcd
Format = auto
Extension = pcd
Format = auto
Extension = pcd
Format = auto
Extension = pcd
Format = auto
Extension = pcd
Format = auto
Extension = pcd
Format = auto
Extension = pcd
Format = auto
Extension = pcd
Format = auto
Extension = pcd
Format = auto
Extension = pcd
Format = auto
Extension = pcd
Format = auto
Extension = pcd
Format = auto
Extension = pcd
Format = auto
Extension = pcd
Format = auto
Extension = pcd
Format = auto
Extension = pcd
Format = auto
Extension = pcd
Format = auto
Extension = pcd
Format = auto
Extension = pcd
Format = auto
Extension = pcd
Format = auto
Extension = pcd
Format = auto
Extension = pcd
Format = auto
Extension = pcd
Format = auto
Extension = pcd
Format = auto
Extension = pcd
Format = auto
Extension = pcd
Format = auto
Extension = pcd
Format = auto
Extension = pcd
Format = auto
Extension = pcd
Format = auto
Extension = pcd
Format = auto
Extension = pcd
Format = auto
Extension = pcd
Format = auto
Extension = pcd
Format = auto
Extension = pcd
Format = auto
Extension = pcd
Format = auto
Extension = pcd
Format = auto
Extension = pcd
Format = auto
Extension = pcd
Format = auto
Extension = pcd
Format = auto
Extension = pcd
Format = auto
Extension = pcd
Format = auto
Extension = pcd
Format = auto
Extension = pcd
Format = auto
Extension = pcd
Format = auto
Extension = pcd
Format = auto
Extension = pcd
Format = auto
Extension = pcd
Format = auto
Extension = pcd
Format = auto
Extension = pcd
Format = auto
Extension = pcd
Format = auto
Extension = pcd
Format = auto
Extension = pcd
Format = auto
Extension = pcd
Format = auto
Extension = pcd
Format = auto
Extension = pcd
Format = auto
Extension = pcd
Format = auto
Extension = pcd
Format = auto
Extension = pcd
Format = auto
Extension = pcd
Format = auto
Extension = pcd
Format = auto
Extension = pcd
Format = auto
Extension = pcd
Format = auto
Extension = pcd
Format = auto
Extension = pcd
Format = auto
Extension = pcd
Format = auto
Extension = pcd
Format = auto
Extension = pcd
Format = auto
Extension = pcd
Format = auto
Extension = pcd
Format = auto
Extension = pcd
Format = auto
Extension = pcd
Format = auto
Extension = pcd
Format = auto
Extension = pcd
Format = auto
Extension = pcd
Format = auto
Extension = pcd
Format = auto
Extension = pcd
Format = auto
Extension = pcd
Format = auto
Extension = pcd
Format = auto
Extension = pcd
Format = auto
Extension = pcd
Format = auto
Extension = pcd
Format = auto
Extension = pcd
Format = auto
Extension = pcd
Format = auto
Extension = pcd
Format = auto
Extension = pcd
Format = auto
Extension = pcd
Format = auto
Extension = pcd
Format = auto
Extension = pcd
Format = auto
Extension = pcd
Format = auto
Extension = pcd
Format = auto
Extension = pcd
Format = auto
Extension = pcd
Format = auto
Extension = pcd
Format = auto
Extension = pcd
Format = auto
Extension = pcd
Format = auto
Extension = pcd
Format = auto
Extension = pcd
Format = auto
Extension = pcd
Format = auto
Extension = pcd
Format = auto
Extension = pcd
Format = auto
Extension = pcd
Format = auto
Extension = pcd
Format = auto
Extension = pcd
Format = auto
Extension = pcd
Format = auto
Extension = pcd
Format = auto
Extension = pcd
Format = auto
Extension = pcd
Format = auto
Extension = pcd
Format = auto
Extension = pcd
Format = auto
Extension = pcd
Format = auto
Extension = pcd
Format = auto
Extension = pcd
Format = auto
Extension = pcd
Format = auto
Extension = pcd
Format = auto
Extension = pcd
Format = auto
Extension = pcd
Format = auto
Extension = pcd
Format = auto
Extension = pcd
Format = auto
Extension = pcd
Format = auto
Extension = pcd
Format = auto
Extension = pcd
Format = auto
Extension = pcd
Format = auto
Extension = pcd
Format = auto
Extension = pcd
Format = auto
Extension = pcd
Format = auto
Extension = pcd
Format = auto
Extension = pcd
Format = auto
Extension = pcd
Format = auto
Extension = pcd
Format = auto
Extension = pcd
Format = auto
Extension = pcd
Format = auto
Extension = pcd
Format = auto
Extension = pcd
Format = auto
Extension = pcd
Format = auto
Extension = pcd
Format = auto
Extension = pcd
Format = auto
Extension = pcd
Format = auto
Extension = pcd
Format = auto
Extension = pcd
Format = auto
Extension = pcd
Format = auto
Extension = pcd
Format = auto
Extension = pcd
Format = auto
Extension = pcd
Format = auto
Extension = pcd
Format = auto
Extension = pcd
Format = auto
Extension = pcd
Format = auto
Extension = pcd
Format = auto
Extension = pcd
Format = auto
Extension = pcd
Format = auto
Extension = pcd
Format = auto
Extension = pcd
Format = auto
Extension = pcd
Format = auto
Extension = pcd
Format = auto
Extension = pcd
Format = auto
Extension = pcd
Format = auto
Extension = pcd
Format = auto
Extension = pcd
Format = auto
Extension = pcd
Format = auto
Extension = pcd
Format = auto
Extension = pcd
Format = auto
Extension = pcd
Format = auto
Extension = pcd
Format = auto
Extension = pcd
Format = auto
Extension = pcd
Format = auto
Extension = pcd
Format = auto
Extension = pcd
Format = auto
Extension = pcd
Format = auto
Extension = pcd
Format = auto
Extension = pcd
Format = auto
Extension = pcd
Format = auto
Extension = pcd
Format = auto
Extension = pcd
Format = auto
Extension = pcd
Format = auto
Extension = pcd

frame=12/41 late_source=4/4 scenario=2026_07_29_02_32_08 timestamp=000082 receiver=20 cavs=[20, 1, 9] pred_boxes=41 gt_boxes=71 comm_bytes=94272
sgcp_late_fusion frame=12/41 scenario=2026_07_29_02_32_08 timestamp=000082 sources=4 fused_pred_boxes=68 fused_gt_boxes=71
frame=13/41 late_source=1/4 scenario=2026_07_29_02_32_08 timestamp=000084 receiver=4 cavs=[4, 6, 13] pred_boxes=37 gt_boxes=71 comm_bytes=128896
frame=13/41 late_source=2/4 scenario=2026_07_29_02_32_08 timestamp=000084 receiver=9 cavs=[9, 12, 15] pred_boxes=36 gt_boxes=71 comm_bytes=119376
frame=13/41 late_source=3/4 scenario=2026_07_29_02_32_08 timestamp=000084 receiver=16 cavs=[16, 2, 3] pred_boxes=35 gt_boxes=71 comm_bytes=123360
frame=13/41 late_source=4/4 scenario=2026_07_29_02_32_08 timestamp=000084 receiver=19 cavs=[19, 14, 17] pred_boxes=9 gt_boxes=71 comm_bytes=127904
sgcp_late_fusion frame=13/41 scenario=2026_07_29_02_32_08 timestamp=000084 sources=4 fused_pred_boxes=69 fused_gt_boxes=71
frame=14/41 late_source=1/4 scenario=2026_07_29_02_32_08 timestamp=000086 receiver=5 cavs=[5, 1, 3] pred_boxes=37 gt_boxes=71 comm_bytes=118144
frame=14/41 late_source=2/4 scenario=2026_07_29_02_32_08 timestamp=000086 receiver=7 cavs=[7, 6, 17] pred_boxes=35 gt_boxes=71 comm_bytes=128208
frame=14/41 late_source=3/4 scenario=2026_07_29_02_32_08 timestamp=000086 receiver=8 cavs=[8, 15, 20] pred_boxes=55 gt_boxes=71 comm_bytes=112560
frame=14/41 late_source=4/4 scenario=2026_07_29_02_32_08 timestamp=000086 receiver=13 cavs=[13, 2, 14] pred_boxes=20 gt_boxes=71 comm_bytes=132048
sgcp_late_fusion frame=14/41 scenario=2026_07_29_02_32_08 timestamp=000086 sources=4 fused_pred_boxes=71 fused_gt_boxes=71
frame=15/41 late_source=1/4 scenario=2026_07_29_02_32_08 timestamp=000088 receiver=1 cavs=[1, 6, 19] pred_boxes=33 gt_boxes=71 comm_bytes=114288
frame=15/41 late_source=2/4 scenario=2026_07_29_02_32_08 timestamp=000088 receiver=10 cavs=[10, 4, 14] pred_boxes=33 gt_boxes=71 comm_bytes=128720
frame=15/41 late_source=3/4 scenario=2026_07_29_02_32_08 timestamp=000088 receiver=12 cavs=[12, 13, 17] pred_boxes=26 gt_boxes=71 comm_bytes=137104
frame=15/41 late_source=4/4 scenario=2026_07_29_02_32_08 timestamp=000088 receiver=20 cavs=[20, 2, 3] pred_boxes=40 gt_boxes=71 comm_bytes=119840
sgcp_late_fusion frame=15/41 scenario=2026_07_29_02_32_08 timestamp=000088 sources=4 fused_pred_boxes=75 fused_gt_boxes=71
frame=16/41 late_source=1/4 scenario=2026_07_29_02_32_08 timestamp=000090 receiver=5 cavs=[5, 6, 14] pred_boxes=25 gt_boxes=72 comm_bytes=132800
frame=16/41 late_source=2/4 scenario=2026_07_29_02_32_08 timestamp=000090 receiver=8 cavs=[8, 12, 13] pred_boxes=31 gt_boxes=72 comm_bytes=119264
frame=16/41 late_source=3/4 scenario=2026_07_29_02_32_08 timestamp=000090 receiver=10 cavs=[10, 2, 7] pred_boxes=38 gt_boxes=72 comm_bytes=117696
frame=16/41 late_source=4/4 scenario=2026_07_29_02_32_08 timestamp=000090 receiver=16 cavs=[16, 4, 9] pred_boxes=36 gt_boxes=72 comm_bytes=116192
sgcp_late_fusion frame=16/41 scenario=2026_07_29_02_32_08 timestamp=000090 sources=4 fused_pred_boxes=71 fused_gt_boxes=72
frame=17/41 late_source=1/4 scenario=2026_07_29_02_32_08 timestamp=000092 receiver=1 cavs=[1, 12, 17] pred_boxes=36 gt_boxes=72 comm_bytes=141088
frame=17/41 late_source=2/4 scenario=2026_07_29_02_32_08 timestamp=000092 receiver=5 cavs=[5, 2, 7] pred_boxes=40 gt_boxes=72 comm_bytes=113936
frame=17/41 late_source=3/4 scenario=2026_07_29_02_32_08 timestamp=000092 receiver=11 cavs=[11, 3, 14] pred_boxes=32 gt_boxes=72 comm_bytes=136832
frame=17/41 late_source=4/4 scenario=2026_07_29_02_32_08 timestamp=000092 receiver=20 cavs=[20, 4, 9] pred_boxes=37 gt_boxes=72 comm_bytes=106816
sgcp_late_fusion frame=17/41 scenario=2026_07_29_02_32_08 timestamp=000092 sources=4 fused_pred_boxes=61 fused_gt_boxes=72
frame=18/41 late_source=1/4 scenario=2026_07_29_02_32_08 timestamp=000094 receiver=4 cavs=[4, 6, 10] pred_boxes=45 gt_boxes=72 comm_bytes=126032
frame=18/41 late_source=2/4 scenario=2026_07_29_02_32_08 timestamp=000094 receiver=5 cavs=[5, 15, 17] pred_boxes=36 gt_boxes=72 comm_bytes=113088
frame=18/41 late_source=3/4 scenario=2026_07_29_02_32_08 timestamp=000094 receiver=11 cavs=[11, 3, 13] pred_boxes=34 gt_boxes=72 comm_bytes=123504
frame=18/41 late_source=4/4 scenario=2026_07_29_02_32_08 timestamp=000094 receiver=20 cavs=[20, 2, 14] pred_boxes=36 gt_boxes=72 comm_bytes=137120
sgcp_late_fusion frame=18/41 scenario=2026_07_29_02_32_08 timestamp=000094 sources=4 fused_pred_boxes=69 fused_gt_boxes=72
frame=19/41 late_source=1/4 scenario=2026_07_29_02_32_08 timestamp=000096 receiver=5 cavs=[5, 1, 17] pred_boxes=35 gt_boxes=72 comm_bytes=114816
frame=19/41 late_source=2/4 scenario=2026_07_29_02_32_08 timestamp=000096 receiver=9 cavs=[9, 3, 14] pred_boxes=21 gt_boxes=72 comm_bytes=137328
frame=19/41 late_source=3/4 scenario=2026_07_29_02_32_08 timestamp=000096 receiver=10 cavs=[10, 2, 12] pred_boxes=41 gt_boxes=72 comm_bytes=126000
frame=19/41 late_source=4/4 scenario=2026_07_29_02_32_08 timestamp=000096 receiver=20 cavs=[20, 4, 11] pred_boxes=46 gt_boxes=72 comm_bytes=119328
sgcp_late_fusion frame=19/41 scenario=2026_07_29_02_32_08 timestamp=000096 sources=4 fused_pred_boxes=64 fused_gt_boxes=72
frame=20/41 late_source=1/4 scenario=2026_07_29_02_32_08 timestamp=000098 receiver=7 cavs=[7, 2, 18] pred_boxes=42 gt_boxes=72 comm_bytes=124640
frame=20/41 late_source=2/4 scenario=2026_07_29_02_32_08 timestamp=000098 receiver=11 cavs=[11, 6, 12] pred_boxes=38 gt_boxes=72 comm_bytes=132256
frame=20/41 late_source=3/4 scenario=2026_07_29_02_32_08 timestamp=000098 receiver=19 cavs=[19, 3, 15] pred_boxes=22 gt_boxes=72 comm_bytes=119632
frame=20/41 late_source=4/4 scenario=2026_07_29_02_32_08 timestamp=000098 receiver=20 cavs=[20, 4, 14] pred_boxes=33 gt_boxes=72 comm_bytes=123376
sgcp_late_fusion frame=20/41 scenario=2026_07_29_02_32_08 timestamp=000098 sources=4 fused_pred_boxes=74 fused_gt_boxes=72
frame=21/41 late_source=1/4 scenario=2026_07_29_02_32_08 timestamp=000100 receiver=9 cavs=[9, 1, 5] pred_boxes=36 gt_boxes=72 comm_bytes=89152
frame=21/41 late_source=2/4 scenario=2026_07_29_02_32_08 timestamp=000100 receiver=11 cavs=[11, 13, 15] pred_boxes=32 gt_boxes=72 comm_bytes=96000
frame=21/41 late_source=3/4 scenario=2026_07_29_02_32_08 timestamp=000100 receiver=16 cavs=[16, 6, 12] pred_boxes=37 gt_boxes=72 comm_bytes=135152
frame=21/41 late_source=4/4 scenario=2026_07_29_02_32_08 timestamp=000100 receiver=20 cavs=[20, 4, 14] pred_boxes=34 gt_boxes=72 comm_bytes=130576
sgcp_late_fusion frame=21/41 scenario=2026_07_29_02_32_08 timestamp=000100 sources=4 fused_pred_boxes=71 fused_gt_boxes=72
frame=22/41 late_source=1/4 scenario=2026_07_29_02_32_08 timestamp=000102 receiver=8 cavs=[8, 2, 4] pred_boxes=38 gt_boxes=72 comm_bytes=99888
frame=22/41 late_source=2/4 scenario=2026_07_29_02_32_08 timestamp=000102 receiver=9 cavs=[9, 10, 20] pred_boxes=28 gt_boxes=72 comm_bytes=66368
frame=22/41 late_source=3/4 scenario=2026_07_29_02_32_08 timestamp=000102 receiver=12 cavs=[12, 6, 14] pred_boxes=20 gt_boxes=72 comm_bytes=135408
frame=22/41 late_source=4/4 scenario=2026_07_29_02_32_08 timestamp=000102 receiver=16 cavs=[16, 3, 13] pred_boxes=17 gt_boxes=72 comm_bytes=111904
sgcp_late_fusion frame=22/41 scenario=2026_07_29_02_32_08 timestamp=000102 sources=4 fused_pred_boxes=64 fused_gt_boxes=72
frame=23/41 late_source=1/4 scenario=2026_07_29_02_32_08 timestamp=000104 receiver=8 cavs=[8, 2, 4] pred_boxes=37 gt_boxes=72 comm_bytes=99392
frame=23/41 late_source=2/4 scenario=2026_07_29_02_32_08 timestamp=000104 receiver=9 cavs=[9, 10, 20] pred_boxes=29 gt_boxes=72 comm_bytes=66384
frame=23/41 late_source=3/4 scenario=2026_07_29_02_32_08 timestamp=000104 receiver=12 cavs=[12, 6, 14] pred_boxes=21 gt_boxes=72 comm_bytes=135120
frame=23/41 late_source=4/4 scenario=2026_07_29_02_32_08 timestamp=000104 receiver=16 cavs=[16, 3, 13] pred_boxes=17 gt_boxes=72 comm_bytes=112768
sgcp_late_fusion frame=23/41 scenario=2026_07_29_02_32_08 timestamp=000104 sources=4 fused_pred_boxes=68 fused_gt_boxes=72
frame=24/41 late_source=1/4 scenario=2026_07_29_02_32_08 timestamp=000106 receiver=8 cavs=[8, 2, 4] pred_boxes=36 gt_boxes=71 comm_bytes=99344Format = auto
Extension = pcd
Format = auto
Extension = pcd
Format = auto
Extension = pcd
Format = auto
Extension = pcd
Format = auto
Extension = pcd
Format = auto
Extension = pcd
Format = auto
Extension = pcd
Format = auto
Extension = pcd
Format = auto
Extension = pcd
Format = auto
Extension = pcd
Format = auto
Extension = pcd
Format = auto
Extension = pcd
Format = auto
Extension = pcd
Format = auto
Extension = pcd
Format = auto
Extension = pcd
Format = auto
Extension = pcd
Format = auto
Extension = pcd
Format = auto
Extension = pcd
Format = auto
Extension = pcd
Format = auto
Extension = pcd
Format = auto
Extension = pcd
Format = auto
Extension = pcd
Format = auto
Extension = pcd
Format = auto
Extension = pcd
Format = auto
Extension = pcd
Format = auto
Extension = pcd
Format = auto
Extension = pcd
Format = auto
Extension = pcd
Format = auto
Extension = pcd
Format = auto
Extension = pcd
Format = auto
Extension = pcd
Format = auto
Extension = pcd
Format = auto
Extension = pcd
Format = auto
Extension = pcd
Format = auto
Extension = pcd
Format = auto
Extension = pcd
Format = auto
Extension = pcd
Format = auto
Extension = pcd
Format = auto
Extension = pcd
Format = auto
Extension = pcd
Format = auto
Extension = pcd
Format = auto
Extension = pcd
Format = auto
Extension = pcd
Format = auto
Extension = pcd
Format = auto
Extension = pcd
Format = auto
Extension = pcd
Format = auto
Extension = pcd
Format = auto
Extension = pcd
Format = auto
Extension = pcd
Format = auto
Extension = pcd
Format = auto
Extension = pcd
Format = auto
Extension = pcd
Format = auto
Extension = pcd
Format = auto
Extension = pcd
Format = auto
Extension = pcd
Format = auto
Extension = pcd
Format = auto
Extension = pcd
Format = auto
Extension = pcd
Format = auto
Extension = pcd
Format = auto
Extension = pcd
Format = auto
Extension = pcd
Format = auto
Extension = pcd
Format = auto
Extension = pcd
Format = auto
Extension = pcd
Format = auto
Extension = pcd
Format = auto
Extension = pcd
Format = auto
Extension = pcd
Format = auto
Extension = pcd
Format = auto
Extension = pcd
Format = auto
Extension = pcd
Format = auto
Extension = pcd
Format = auto
Extension = pcd
Format = auto
Extension = pcd
Format = auto
Extension = pcd
Format = auto
Extension = pcd
Format = auto
Extension = pcd
Format = auto
Extension = pcd
Format = auto
Extension = pcd
Format = auto
Extension = pcd
Format = auto
Extension = pcd
Format = auto
Extension = pcd
Format = auto
Extension = pcd
Format = auto
Extension = pcd
Format = auto
Extension = pcd
Format = auto
Extension = pcd
Format = auto
Extension = pcd
Format = auto
Extension = pcd
Format = auto
Extension = pcd
Format = auto
Extension = pcd
Format = auto
Extension = pcd
Format = auto
Extension = pcd
Format = auto
Extension = pcd
Format = auto
Extension = pcd
Format = auto
Extension = pcd
Format = auto
Extension = pcd
Format = auto
Extension = pcd
Format = auto
Extension = pcd
Format = auto
Extension = pcd
Format = auto
Extension = pcd
Format = auto
Extension = pcd
Format = auto
Extension = pcd
Format = auto
Extension = pcd
Format = auto
Extension = pcd
Format = auto
Extension = pcd
Format = auto
Extension = pcd
Format = auto
Extension = pcd
Format = auto
Extension = pcd
Format = auto
Extension = pcd
Format = auto
Extension = pcd
Format = auto
Extension = pcd
Format = auto
Extension = pcd
Format = auto
Extension = pcd
Format = auto
Extension = pcd
Format = auto
Extension = pcd
Format = auto
Extension = pcd
Format = auto
Extension = pcd
Format = auto
Extension = pcd
Format = auto
Extension = pcd
Format = auto
Extension = pcd
Format = auto
Extension = pcd
Format = auto
Extension = pcd
Format = auto
Extension = pcd
Format = auto
Extension = pcd
Format = auto
Extension = pcd
Format = auto
Extension = pcd
Format = auto
Extension = pcd
Format = auto
Extension = pcd
Format = auto
Extension = pcd
Format = auto
Extension = pcd
Format = auto
Extension = pcd
Format = auto
Extension = pcd
Format = auto
Extension = pcd
Format = auto
Extension = pcd
Format = auto
Extension = pcd
Format = auto
Extension = pcd
Format = auto
Extension = pcd
Format = auto
Extension = pcd
Format = auto
Extension = pcd
Format = auto
Extension = pcd
Format = auto
Extension = pcd
Format = auto
Extension = pcd
Format = auto
Extension = pcd
Format = auto
Extension = pcd
Format = auto
Extension = pcd
Format = auto
Extension = pcd
Format = auto
Extension = pcd
Format = auto
Extension = pcd
Format = auto
Extension = pcd
Format = auto
Extension = pcd
Format = auto
Extension = pcd
Format = auto
Extension = pcd
Format = auto
Extension = pcd
Format = auto
Extension = pcd
Format = auto
Extension = pcd
Format = auto
Extension = pcd
Format = auto
Extension = pcd
Format = auto
Extension = pcd
Format = auto
Extension = pcd
Format = auto
Extension = pcd
Format = auto
Extension = pcd
Format = auto
Extension = pcd
Format = auto
Extension = pcd
Format = auto
Extension = pcd
Format = auto
Extension = pcd
Format = auto
Extension = pcd
Format = auto
Extension = pcd
Format = auto
Extension = pcd
Format = auto
Extension = pcd
Format = auto
Extension = pcd
Format = auto
Extension = pcd
Format = auto
Extension = pcd
Format = auto
Extension = pcd
Format = auto
Extension = pcd
Format = auto
Extension = pcd
Format = auto
Extension = pcd
Format = auto
Extension = pcd
Format = auto
Extension = pcd
Format = auto
Extension = pcd
Format = auto
Extension = pcd
Format = auto
Extension = pcd
Format = auto
Extension = pcd
Format = auto
Extension = pcd
Format = auto
Extension = pcd
Format = auto
Extension = pcd
Format = auto
Extension = pcd
Format = auto
Extension = pcd
Format = auto
Extension = pcd
Format = auto
Extension = pcd
Format = auto
Extension = pcd
Format = auto
Extension = pcd
Format = auto
Extension = pcd
Format = auto
Extension = pcd
Format = auto
Extension = pcd
Format = auto
Extension = pcd
Format = auto
Extension = pcd
Format = auto
Extension = pcd
Format = auto
Extension = pcd
Format = auto
Extension = pcd
Format = auto
Extension = pcd
Format = auto
Extension = pcd
Format = auto
Extension = pcd
Format = auto
Extension = pcd
Format = auto
Extension = pcd
Format = auto
Extension = pcd
Format = auto
Extension = pcd
Format = auto
Extension = pcd
Format = auto
Extension = pcd
Format = auto
Extension = pcd
Format = auto
Extension = pcd
Format = auto
Extension = pcd
Format = auto
Extension = pcd
Format = auto
Extension = pcd
Format = auto
Extension = pcd
Format = auto
Extension = pcd
Format = auto
Extension = pcd
Format = auto
Extension = pcd
Format = auto
Extension = pcd
Format = auto
Extension = pcd
Format = auto
Extension = pcd
Format = auto
Extension = pcd

frame=24/41 late_source=2/4 scenario=2026_07_29_02_32_08 timestamp=000106 receiver=9 cavs=[9, 10, 20] pred_boxes=31 gt_boxes=71 comm_bytes=66448
frame=24/41 late_source=3/4 scenario=2026_07_29_02_32_08 timestamp=000106 receiver=12 cavs=[12, 6, 14] pred_boxes=21 gt_boxes=71 comm_bytes=136016
frame=24/41 late_source=4/4 scenario=2026_07_29_02_32_08 timestamp=000106 receiver=16 cavs=[16, 3, 13] pred_boxes=17 gt_boxes=71 comm_bytes=112048
sgcp_late_fusion frame=24/41 scenario=2026_07_29_02_32_08 timestamp=000106 sources=4 fused_pred_boxes=67 fused_gt_boxes=71
frame=25/41 late_source=1/4 scenario=2026_07_29_02_32_08 timestamp=000108 receiver=5 cavs=[5, 2, 18] pred_boxes=33 gt_boxes=71 comm_bytes=122016
frame=25/41 late_source=2/4 scenario=2026_07_29_02_32_08 timestamp=000108 receiver=7 cavs=[7, 14, 17] pred_boxes=24 gt_boxes=71 comm_bytes=127360
frame=25/41 late_source=3/4 scenario=2026_07_29_02_32_08 timestamp=000108 receiver=9 cavs=[9, 4, 11] pred_boxes=39 gt_boxes=71 comm_bytes=110448
frame=25/41 late_source=4/4 scenario=2026_07_29_02_32_08 timestamp=000108 receiver=12 cavs=[12, 3, 6] pred_boxes=28 gt_boxes=71 comm_bytes=138016
sgcp_late_fusion frame=25/41 scenario=2026_07_29_02_32_08 timestamp=000108 sources=4 fused_pred_boxes=65 fused_gt_boxes=71
frame=26/41 late_source=1/4 scenario=2026_07_29_02_32_08 timestamp=000110 receiver=8 cavs=[8, 2, 4] pred_boxes=35 gt_boxes=70 comm_bytes=99056
frame=26/41 late_source=2/4 scenario=2026_07_29_02_32_08 timestamp=000110 receiver=9 cavs=[9, 10, 20] pred_boxes=30 gt_boxes=70 comm_bytes=66576
frame=26/41 late_source=3/4 scenario=2026_07_29_02_32_08 timestamp=000110 receiver=12 cavs=[12, 6, 14] pred_boxes=19 gt_boxes=70 comm_bytes=136944
frame=26/41 late_source=4/4 scenario=2026_07_29_02_32_08 timestamp=000110 receiver=16 cavs=[16, 7, 13] pred_boxes=29 gt_boxes=70 comm_bytes=110112
sgcp_late_fusion frame=26/41 scenario=2026_07_29_02_32_08 timestamp=000110 sources=4 fused_pred_boxes=64 fused_gt_boxes=70
frame=27/41 late_source=1/4 scenario=2026_07_29_02_32_08 timestamp=000112 receiver=8 cavs=[8, 2, 4] pred_boxes=37 gt_boxes=70 comm_bytes=99040
frame=27/41 late_source=2/4 scenario=2026_07_29_02_32_08 timestamp=000112 receiver=9 cavs=[9, 10, 20] pred_boxes=28 gt_boxes=70 comm_bytes=66672
frame=27/41 late_source=3/4 scenario=2026_07_29_02_32_08 timestamp=000112 receiver=12 cavs=[12, 6, 14] pred_boxes=20 gt_boxes=70 comm_bytes=137248
frame=27/41 late_source=4/4 scenario=2026_07_29_02_32_08 timestamp=000112 receiver=16 cavs=[16, 7, 13] pred_boxes=24 gt_boxes=70 comm_bytes=110768
sgcp_late_fusion frame=27/41 scenario=2026_07_29_02_32_08 timestamp=000112 sources=4 fused_pred_boxes=63 fused_gt_boxes=70
frame=28/41 late_source=1/4 scenario=2026_07_29_02_32_08 timestamp=000114 receiver=8 cavs=[8, 2, 4] pred_boxes=38 gt_boxes=69 comm_bytes=98976
frame=28/41 late_source=2/4 scenario=2026_07_29_02_32_08 timestamp=000114 receiver=9 cavs=[9, 10, 20] pred_boxes=33 gt_boxes=69 comm_bytes=66752
frame=28/41 late_source=3/4 scenario=2026_07_29_02_32_08 timestamp=000114 receiver=12 cavs=[12, 6, 14] pred_boxes=20 gt_boxes=69 comm_bytes=139024
frame=28/41 late_source=4/4 scenario=2026_07_29_02_32_08 timestamp=000114 receiver=16 cavs=[16, 7, 13] pred_boxes=23 gt_boxes=69 comm_bytes=111664
sgcp_late_fusion frame=28/41 scenario=2026_07_29_02_32_08 timestamp=000114 sources=4 fused_pred_boxes=66 fused_gt_boxes=69
frame=29/41 late_source=1/4 scenario=2026_07_29_02_32_08 timestamp=000116 receiver=1 cavs=[1, 6, 12] pred_boxes=38 gt_boxes=69 comm_bytes=131632
frame=29/41 late_source=2/4 scenario=2026_07_29_02_32_08 timestamp=000116 receiver=8 cavs=[8, 13, 17] pred_boxes=37 gt_boxes=69 comm_bytes=134048
frame=29/41 late_source=3/4 scenario=2026_07_29_02_32_08 timestamp=000116 receiver=10 cavs=[10, 3, 14] pred_boxes=27 gt_boxes=69 comm_bytes=137856
frame=29/41 late_source=4/4 scenario=2026_07_29_02_32_08 timestamp=000116 receiver=16 cavs=[16, 7, 11] pred_boxes=29 gt_boxes=69 comm_bytes=96448
sgcp_late_fusion frame=29/41 scenario=2026_07_29_02_32_08 timestamp=000116 sources=4 fused_pred_boxes=72 fused_gt_boxes=69
frame=30/41 late_source=1/4 scenario=2026_07_29_02_32_08 timestamp=000118 receiver=5 cavs=[5, 12, 14] pred_boxes=26 gt_boxes=69 comm_bytes=139488
frame=30/41 late_source=2/4 scenario=2026_07_29_02_32_08 timestamp=000118 receiver=8 cavs=[8, 15, 17] pred_boxes=43 gt_boxes=69 comm_bytes=124432
frame=30/41 late_source=3/4 scenario=2026_07_29_02_32_08 timestamp=000118 receiver=9 cavs=[9, 4, 11] pred_boxes=36 gt_boxes=69 comm_bytes=110336
frame=30/41 late_source=4/4 scenario=2026_07_29_02_32_08 timestamp=000118 receiver=10 cavs=[10, 6, 16] pred_boxes=40 gt_boxes=69 comm_bytes=125744
sgcp_late_fusion frame=30/41 scenario=2026_07_29_02_32_08 timestamp=000118 sources=4 fused_pred_boxes=69 fused_gt_boxes=69
frame=31/41 late_source=1/4 scenario=2026_07_29_02_32_08 timestamp=000120 receiver=2 cavs=[2, 6, 7] pred_boxes=44 gt_boxes=69 comm_bytes=123760
frame=31/41 late_source=2/4 scenario=2026_07_29_02_32_08 timestamp=000120 receiver=5 cavs=[5, 10, 15] pred_boxes=39 gt_boxes=69 comm_bytes=107696
frame=31/41 late_source=3/4 scenario=2026_07_29_02_32_08 timestamp=000120 receiver=11 cavs=[11, 4, 20] pred_boxes=49 gt_boxes=69 comm_bytes=110448
frame=31/41 late_source=4/4 scenario=2026_07_29_02_32_08 timestamp=000120 receiver=17 cavs=[17, 12, 14] pred_boxes=16 gt_boxes=69 comm_bytes=140080
sgcp_late_fusion frame=31/41 scenario=2026_07_29_02_32_08 timestamp=000120 sources=4 fused_pred_boxes=73 fused_gt_boxes=69
frame=32/41 late_source=1/4 scenario=2026_07_29_02_32_08 timestamp=000122 receiver=5 cavs=[5, 4, 13] pred_boxes=29 gt_boxes=69 comm_bytes=122880
frame=32/41 late_source=2/4 scenario=2026_07_29_02_32_08 timestamp=000122 receiver=7 cavs=[7, 14, 15] pred_boxes=40 gt_boxes=69 comm_bytes=126032
frame=32/41 late_source=3/4 scenario=2026_07_29_02_32_08 timestamp=000122 receiver=11 cavs=[11, 12, 17] pred_boxes=33 gt_boxes=69 comm_bytes=139952
frame=32/41 late_source=4/4 scenario=2026_07_29_02_32_08 timestamp=000122 receiver=20 cavs=[20, 2, 3] pred_boxes=35 gt_boxes=69 comm_bytes=111072
sgcp_late_fusion frame=32/41 scenario=2026_07_29_02_32_08 timestamp=000122 sources=4 fused_pred_boxes=62 fused_gt_boxes=69
frame=33/41 late_source=1/4 scenario=2026_07_29_02_32_08 timestamp=000124 receiver=5 cavs=[5, 12, 14] pred_boxes=23 gt_boxes=69 comm_bytes=140272
frame=33/41 late_source=2/4 scenario=2026_07_29_02_32_08 timestamp=000124 receiver=10 cavs=[10, 6, 17] pred_boxes=38 gt_boxes=69 comm_bytes=140080
frame=33/41 late_source=3/4 scenario=2026_07_29_02_32_08 timestamp=000124 receiver=11 cavs=[11, 3, 13] pred_boxes=27 gt_boxes=69 comm_bytes=125680
frame=33/41 late_source=4/4 scenario=2026_07_29_02_32_08 timestamp=000124 receiver=20 cavs=[20, 4, 18] pred_boxes=33 gt_boxes=69 comm_bytes=93968
sgcp_late_fusion frame=33/41 scenario=2026_07_29_02_32_08 timestamp=000124 sources=4 fused_pred_boxes=65 fused_gt_boxes=69
frame=34/41 late_source=1/4 scenario=2026_07_29_02_32_08 timestamp=000126 receiver=5 cavs=[5, 6, 13] pred_boxes=28 gt_boxes=69 comm_bytes=130320
frame=34/41 late_source=2/4 scenario=2026_07_29_02_32_08 timestamp=000126 receiver=7 cavs=[7, 3, 14] pred_boxes=24 gt_boxes=69 comm_bytes=137344
frame=34/41 late_source=3/4 scenario=2026_07_29_02_32_08 timestamp=000126 receiver=10 cavs=[10, 15, 20] pred_boxes=41 gt_boxes=69 comm_bytes=96784
frame=34/41 late_source=4/4 scenario=2026_07_29_02_32_08 timestamp=000126 receiver=11 cavs=[11, 12, 16] pred_boxes=33 gt_boxes=69 comm_bytes=135552
sgcp_late_fusion frame=34/41 scenario=2026_07_29_02_32_08 timestamp=000126 sources=4 fused_pred_boxes=64 fused_gt_boxes=69
frame=35/41 late_source=1/4 scenario=2026_07_29_02_32_08 timestamp=000128 receiver=11 cavs=[11, 7, 10] pred_boxes=38 gt_boxes=69 comm_bytes=98304
frame=35/41 late_source=2/4 scenario=2026_07_29_02_32_08 timestamp=000128 receiver=16 cavs=[16, 12, 14] pred_boxes=16 gt_boxes=69 comm_bytes=140864
frame=35/41 late_source=3/4 scenario=2026_07_29_02_32_08 timestamp=000128 receiver=19 cavs=[19, 5, 6] pred_boxes=33 gt_boxes=69 comm_bytes=115392
frame=35/41 late_source=4/4 scenario=2026_07_29_02_32_08 timestamp=000128 receiver=20 cavs=[20, 3, 4] pred_boxes=32 gt_boxes=69 comm_bytes=125920Format = auto
Extension = pcd
Format = auto
Extension = pcd
Format = auto
Extension = pcd
Format = auto
Extension = pcd
Format = auto
Extension = pcd
Format = auto
Extension = pcd
Format = auto
Extension = pcd
Format = auto
Extension = pcd
Format = auto
Extension = pcd
Format = auto
Extension = pcd
Format = auto
Extension = pcd
Format = auto
Extension = pcd
Format = auto
Extension = pcd
Format = auto
Extension = pcd
Format = auto
Extension = pcd
Format = auto
Extension = pcd
Format = auto
Extension = pcd
Format = auto
Extension = pcd
Format = auto
Extension = pcd
Format = auto
Extension = pcd
Format = auto
Extension = pcd
Format = auto
Extension = pcd
Format = auto
Extension = pcd
Format = auto
Extension = pcd
Format = auto
Extension = pcd
Format = auto
Extension = pcd
Format = auto
Extension = pcd
Format = auto
Extension = pcd
Format = auto
Extension = pcd
Format = auto
Extension = pcd
Format = auto
Extension = pcd
Format = auto
Extension = pcd
Format = auto
Extension = pcd
Format = auto
Extension = pcd
Format = auto
Extension = pcd
Format = auto
Extension = pcd
Format = auto
Extension = pcd
Format = auto
Extension = pcd
Format = auto
Extension = pcd
Format = auto
Extension = pcd
Format = auto
Extension = pcd
Format = auto
Extension = pcd
Format = auto
Extension = pcd
Format = auto
Extension = pcd
Format = auto
Extension = pcd
Format = auto
Extension = pcd
Format = auto
Extension = pcd
Format = auto
Extension = pcd
Format = auto
Extension = pcd
Format = auto
Extension = pcd
Format = auto
Extension = pcd
Format = auto
Extension = pcd
Format = auto
Extension = pcd
Format = auto
Extension = pcd
Format = auto
Extension = pcd
Format = auto
Extension = pcd
Format = auto
Extension = pcd
Format = auto
Extension = pcd
Format = auto
Extension = pcd
Format = auto
Extension = pcd
Format = auto
Extension = pcd
Format = auto
Extension = pcd
Format = auto
Extension = pcd
Format = auto
Extension = pcd
Format = auto
Extension = pcd
Format = auto
Extension = pcd
Format = auto
Extension = pcd
Format = auto
Extension = pcd
Format = auto
Extension = pcd
Format = auto
Extension = pcd
Format = auto
Extension = pcd
Format = auto
Extension = pcd
Format = auto
Extension = pcd
Format = auto
Extension = pcd
Format = auto
Extension = pcd
Format = auto
Extension = pcd
Format = auto
Extension = pcd
Format = auto
Extension = pcd
Format = auto
Extension = pcd
Format = auto
Extension = pcd
Format = auto
Extension = pcd
Format = auto
Extension = pcd
Format = auto
Extension = pcd
Format = auto
Extension = pcd
Format = auto
Extension = pcd
Format = auto
Extension = pcd
Format = auto
Extension = pcd
Format = auto
Extension = pcd
Format = auto
Extension = pcd
Format = auto
Extension = pcd
Format = auto
Extension = pcd
Format = auto
Extension = pcd
Format = auto
Extension = pcd
Format = auto
Extension = pcd
Format = auto
Extension = pcd
Format = auto
Extension = pcd
Format = auto
Extension = pcd
Format = auto
Extension = pcd
Format = auto
Extension = pcd
Format = auto
Extension = pcd
Format = auto
Extension = pcd
Format = auto
Extension = pcd
Format = auto
Extension = pcd
Format = auto
Extension = pcd
Format = auto
Extension = pcd
Format = auto
Extension = pcd
Format = auto
Extension = pcd
Format = auto
Extension = pcd
Format = auto
Extension = pcd
Format = auto
Extension = pcd
Format = auto
Extension = pcd
Format = auto
Extension = pcd
Format = auto
Extension = pcd
Format = auto
Extension = pcd
Format = auto
Extension = pcd
Format = auto
Extension = pcd
Format = auto
Extension = pcd
Format = auto
Extension = pcd
Format = auto
Extension = pcd
Format = auto
Extension = pcd
C:\Users\sakakibara\miniconda3\envs\opencda\lib\site-packages\torch\nn\functional.py:1806: UserWarning: nn.functional.sigmoid is deprecated. Use torch.sigmoid instead.
  warnings.warn("nn.functional.sigmoid is deprecated. Use torch.sigmoid instead.")

sgcp_late_fusion frame=35/41 scenario=2026_07_29_02_32_08 timestamp=000128 sources=4 fused_pred_boxes=63 fused_gt_boxes=69
frame=36/41 late_source=1/4 scenario=2026_07_29_02_32_08 timestamp=000130 receiver=2 cavs=[2, 6, 20] pred_boxes=41 gt_boxes=68 comm_bytes=118480
frame=36/41 late_source=2/4 scenario=2026_07_29_02_32_08 timestamp=000130 receiver=5 cavs=[5, 4, 10] pred_boxes=37 gt_boxes=68 comm_bytes=115552
frame=36/41 late_source=3/4 scenario=2026_07_29_02_32_08 timestamp=000130 receiver=8 cavs=[8, 3, 13] pred_boxes=37 gt_boxes=68 comm_bytes=131616
frame=36/41 late_source=4/4 scenario=2026_07_29_02_32_08 timestamp=000130 receiver=9 cavs=[9, 14, 17] pred_boxes=20 gt_boxes=68 comm_bytes=134320
sgcp_late_fusion frame=36/41 scenario=2026_07_29_02_32_08 timestamp=000130 sources=4 fused_pred_boxes=65 fused_gt_boxes=68
frame=37/41 late_source=1/4 scenario=2026_07_29_02_32_08 timestamp=000132 receiver=7 cavs=[7, 3, 10] pred_boxes=32 gt_boxes=68 comm_bytes=128176
frame=37/41 late_source=2/4 scenario=2026_07_29_02_32_08 timestamp=000132 receiver=9 cavs=[9, 15, 16] pred_boxes=37 gt_boxes=68 comm_bytes=124288
frame=37/41 late_source=3/4 scenario=2026_07_29_02_32_08 timestamp=000132 receiver=11 cavs=[11, 6, 12] pred_boxes=34 gt_boxes=68 comm_bytes=133312
frame=37/41 late_source=4/4 scenario=2026_07_29_02_32_08 timestamp=000132 receiver=17 cavs=[17, 2, 14] pred_boxes=19 gt_boxes=68 comm_bytes=114144
sgcp_late_fusion frame=37/41 scenario=2026_07_29_02_32_08 timestamp=000132 sources=4 fused_pred_boxes=65 fused_gt_boxes=68
frame=38/41 late_source=1/4 scenario=2026_07_29_02_32_08 timestamp=000134 receiver=4 cavs=[4, 2, 3] pred_boxes=35 gt_boxes=68 comm_bytes=136688
frame=38/41 late_source=2/4 scenario=2026_07_29_02_32_08 timestamp=000134 receiver=5 cavs=[5, 11, 13] pred_boxes=34 gt_boxes=68 comm_bytes=125232
frame=38/41 late_source=3/4 scenario=2026_07_29_02_32_08 timestamp=000134 receiver=19 cavs=[19, 12, 17] pred_boxes=16 gt_boxes=68 comm_bytes=140704
frame=38/41 late_source=4/4 scenario=2026_07_29_02_32_08 timestamp=000134 receiver=20 cavs=[20, 10, 16] pred_boxes=27 gt_boxes=68 comm_bytes=97248
sgcp_late_fusion frame=38/41 scenario=2026_07_29_02_32_08 timestamp=000134 sources=4 fused_pred_boxes=54 fused_gt_boxes=68
frame=39/41 late_source=1/4 scenario=2026_07_29_02_32_08 timestamp=000136 receiver=5 cavs=[5, 11, 13] pred_boxes=35 gt_boxes=68 comm_bytes=126784
frame=39/41 late_source=2/4 scenario=2026_07_29_02_32_08 timestamp=000136 receiver=7 cavs=[7, 14, 17] pred_boxes=24 gt_boxes=68 comm_bytes=134416
frame=39/41 late_source=3/4 scenario=2026_07_29_02_32_08 timestamp=000136 receiver=8 cavs=[8, 6, 16] pred_boxes=48 gt_boxes=68 comm_bytes=143232
frame=39/41 late_source=4/4 scenario=2026_07_29_02_32_08 timestamp=000136 receiver=20 cavs=[20, 2, 3] pred_boxes=33 gt_boxes=68 comm_bytes=95360
sgcp_late_fusion frame=39/41 scenario=2026_07_29_02_32_08 timestamp=000136 sources=4 fused_pred_boxes=66 fused_gt_boxes=68
frame=40/41 late_source=1/4 scenario=2026_07_29_02_32_08 timestamp=000138 receiver=1 cavs=[1, 6, 13] pred_boxes=29 gt_boxes=68 comm_bytes=126592
frame=40/41 late_source=2/4 scenario=2026_07_29_02_32_08 timestamp=000138 receiver=7 cavs=[7, 3, 9] pred_boxes=29 gt_boxes=68 comm_bytes=126656
frame=40/41 late_source=3/4 scenario=2026_07_29_02_32_08 timestamp=000138 receiver=16 cavs=[16, 8, 18] pred_boxes=32 gt_boxes=68 comm_bytes=90208
frame=40/41 late_source=4/4 scenario=2026_07_29_02_32_08 timestamp=000138 receiver=19 cavs=[19, 14, 17] pred_boxes=16 gt_boxes=68 comm_bytes=140464
sgcp_late_fusion frame=40/41 scenario=2026_07_29_02_32_08 timestamp=000138 sources=4 fused_pred_boxes=64 fused_gt_boxes=68
frame=41/41 late_source=1/4 scenario=2026_07_29_02_32_08 timestamp=000140 receiver=3 cavs=[3, 12, 13] pred_boxes=6 gt_boxes=67 comm_bytes=134848
frame=41/41 late_source=2/4 scenario=2026_07_29_02_32_08 timestamp=000140 receiver=4 cavs=[4, 2, 20] pred_boxes=41 gt_boxes=67 comm_bytes=120784
frame=41/41 late_source=3/4 scenario=2026_07_29_02_32_08 timestamp=000140 receiver=10 cavs=[10, 11, 17] pred_boxes=35 gt_boxes=67 comm_bytes=114256
frame=41/41 late_source=4/4 scenario=2026_07_29_02_32_08 timestamp=000140 receiver=19 cavs=[19, 6, 16] pred_boxes=26 gt_boxes=67 comm_bytes=129808
sgcp_late_fusion frame=41/41 scenario=2026_07_29_02_32_08 timestamp=000140 sources=4 fused_pred_boxes=62 fused_gt_boxes=67
cp counter: 41
Evaluate final average precision results:
  - Fusion method: early
  - The Average Precision at IOU 0.3 is 0.83, The Average Precision at IOU 0.5 is 0.75, The Average Precision at IOU 0.7 is 0.50
sgcp_summary frames=164 avg_comm_bytes=120692.49 total_comm_bytes=19793568 avg_source_cavs=3.00 avg_selected_grids=64.10
