Format = auto
Extension = pcd
Format = auto
Extension = pcd
Format = auto
Extension = pcd
Format = auto
Extension = pcd
Format = auto
Extension = pcd
Format = auto
Extension = pcd
Format = auto
Extension = pcd
Format = auto
Extension = pcd
Format = auto
Extension = pcd
Format = auto
Extension = pcd
Format = auto
Extension = pcd
Format = auto
Extension = pcd
Format = auto
Extension = pcd
Format = auto
Extension = pcd
Format = auto
Extension = pcd
Format = auto
Extension = pcd
Format = auto
Extension = pcd
Format = auto
Extension = pcd
Format = auto
Extension = pcd
Format = auto
Extension = pcd
Format = auto
Extension = pcd
Format = auto
Extension = pcd
Format = auto
Extension = pcd
Format = auto
Extension = pcd
Format = auto
Extension = pcd
Format = auto
Extension = pcd
Format = auto
Extension = pcd
Format = auto
Extension = pcd
Format = auto
Extension = pcd
Format = auto
Extension = pcd
Format = auto
Extension = pcd
Format = auto
Extension = pcd
Format = auto
Extension = pcd
Format = auto
Extension = pcd
Format = auto
Extension = pcd
Format = auto
Extension = pcd
Format = auto
Extension = pcd
Format = auto
Extension = pcd
Format = auto
Extension = pcd
Format = auto
Extension = pcd
Format = auto
Extension = pcd
Format = auto
Extension = pcd
Format = auto
Extension = pcd
Format = auto
Extension = pcd
Format = auto
Extension = pcd
Format = auto
Extension = pcd
Format = auto
Extension = pcd
Format = auto
Extension = pcd
Format = auto
Extension = pcd
Format = auto
Extension = pcd
Format = auto
Extension = pcd
Format = auto
Extension = pcd
Format = auto
Extension = pcd
Format = auto
Extension = pcd
Format = auto
Extension = pcd
Format = auto
Extension = pcd
Format = auto
Extension = pcd
Format = auto
Extension = pcd
Format = auto
Extension = pcd
Format = auto
Extension = pcd
Format = auto
Extension = pcd
Format = auto
Extension = pcd
Format = auto
Extension = pcd
Format = auto
Extension = pcd
Format = auto
Extension = pcd
Format = auto
Extension = pcd
Format = auto
Extension = pcd
Format = auto
Extension = pcd
Format = auto
Extension = pcd
Format = auto
Extension = pcd
Format = auto
Extension = pcd
Format = auto
Extension = pcd
Format = auto
Extension = pcd
Format = auto
Extension = pcd
Format = auto
Extension = pcd
Format = auto
Extension = pcd
Format = auto
Extension = pcd
Format = auto
Extension = pcd
Format = auto
Extension = pcd
Format = auto
Extension = pcd
Format = auto
Extension = pcd
Format = auto
Extension = pcd
Format = auto
Extension = pcd
Format = auto
Extension = pcd
Format = auto
Extension = pcd
Format = auto
Extension = pcd
Format = auto
Extension = pcd
Format = auto
Extension = pcd
Format = auto
Extension = pcd
Format = auto
Extension = pcd
Format = auto
Extension = pcd
Format = auto
Extension = pcd
Format = auto
Extension = pcd
Format = auto
Extension = pcd
Format = auto
Extension = pcd
Format = auto
Extension = pcd
Format = auto
Extension = pcd
Format = auto
Extension = pcd
Format = auto
Extension = pcd
Format = auto
Extension = pcd
Format = auto
Extension = pcd
Format = auto
Extension = pcd
Format = auto
Extension = pcd
Format = auto
Extension = pcd
Format = auto
Extension = pcd
Format = auto
Extension = pcd
Format = auto
Extension = pcd
Format = auto
Extension = pcd
Format = auto
Extension = pcd
Format = auto
Extension = pcd
Format = auto
Extension = pcd
Format = auto
Extension = pcd
Format = auto
Extension = pcd
Format = auto
Extension = pcd
Format = auto
Extension = pcd
Format = auto
Extension = pcd
Format = auto
Extension = pcd
Format = auto
Extension = pcd
Format = auto
Extension = pcd
Format = auto
Extension = pcd
Format = auto
Extension = pcd
Format = auto
Extension = pcd
Format = auto
Extension = pcd
Format = auto
Extension = pcd
Format = auto
Extension = pcd
Format = auto
Extension = pcd
Format = auto
Extension = pcd
Format = auto
Extension = pcd
Format = auto
Extension = pcd
Format = auto
Extension = pcd
Format = auto
Extension = pcd
Format = auto
Extension = pcd
Format = auto
Extension = pcd
Format = auto
Extension = pcd
Format = auto
Extension = pcd
Format = auto
Extension = pcd
Format = auto
Extension = pcd
Format = auto
Extension = pcd
Format = auto
Extension = pcd
Format = auto
Extension = pcd
Format = auto
Extension = pcd
Format = auto
Extension = pcd
Format = auto
Extension = pcd
Format = auto
Extension = pcd
Format = auto
Extension = pcd
Format = auto
Extension = pcd
Format = auto
Extension = pcd
Format = auto
Extension = pcd
Format = auto
Extension = pcd
Format = auto
Extension = pcd
Format = auto
Extension = pcd
Format = auto
Extension = pcd
Format = auto
Extension = pcd
Format = auto
Extension = pcd
Format = auto
Extension = pcd
Format = auto
Extension = pcd
Format = auto
Extension = pcd
Format = auto
Extension = pcd
Format = auto
Extension = pcd
Format = auto
Extension = pcd
Format = auto
Extension = pcd
Format = auto
Extension = pcd
Format = auto
Extension = pcd
Format = auto
Extension = pcd
Format = auto
Extension = pcd
Format = auto
Extension = pcd
Format = auto
Extension = pcd
Format = auto
Extension = pcd
Format = auto
Extension = pcd
Format = auto
Extension = pcd
Format = auto
Extension = pcd
Format = auto
Extension = pcd
Format = auto
Extension = pcd
Format = auto
Extension = pcd
Format = auto
Extension = pcd
Format = auto
Extension = pcd
Format = auto
Extension = pcd
Format = auto
Extension = pcd
Format = auto
Extension = pcd
Format = auto
Extension = pcd
Format = auto
Extension = pcd
Format = auto
Extension = pcd
Format = auto
Extension = pcd
Format = auto
Extension = pcd
Format = auto
Extension = pcd
Format = auto
Extension = pcd
Format = auto
Extension = pcd
Format = auto
Extension = pcd
Format = auto
Extension = pcd
Format = auto
Extension = pcd
Format = auto
Extension = pcd
Format = auto
Extension = pcd
Format = auto
Extension = pcd
Format = auto
Extension = pcd
Format = auto
Extension = pcd
Format = auto
Extension = pcd
Format = auto
Extension = pcd
Format = auto
Extension = pcd
Format = auto
Extension = pcd
Format = auto
Extension = pcd
Format = auto
Extension = pcd
Format = auto
Extension = pcd
Format = auto
Extension = pcd
Format = auto
Extension = pcd
Format = auto
Extension = pcd
Format = auto
Extension = pcd
Format = auto
Extension = pcd
Format = auto
Extension = pcd
Format = auto
Extension = pcd
Format = auto
Extension = pcd
Format = auto
Extension = pcd
Format = auto
Extension = pcd
Format = auto
Extension = pcd
Format = auto
Extension = pcd
Format = auto
Extension = pcd
Format = auto
Extension = pcd
Format = auto
Extension = pcd
Format = auto
Extension = pcd
Format = auto
Extension = pcd
Format = auto
Extension = pcd
Format = auto
Extension = pcd
Format = auto
Extension = pcd
Format = auto
Extension = pcd
Format = auto
Extension = pcd
Format = auto
Extension = pcd
Format = auto
Extension = pcd
Format = auto
Extension = pcd
Format = auto
Extension = pcd
Format = auto
Extension = pcd
Format = auto
Extension = pcd
Format = auto
Extension = pcd
Format = auto
Extension = pcd
Format = auto
Extension = pcd
Format = auto
Extension = pcd
Format = auto
Extension = pcd
Format = auto
Extension = pcd
Format = auto
Extension = pcd
Format = auto
Extension = pcd
Format = auto
Extension = pcd
Format = auto
Extension = pcd
resuming by loading epoch 10000
frame=1/41 late_source=1/4 scenario=2026_07_29_02_32_08 timestamp=000060 receiver=3 cavs=[3, 6, 18] pred_boxes=19 gt_boxes=72 comm_bytes=103104
frame=1/41 late_source=2/4 scenario=2026_07_29_02_32_08 timestamp=000060 receiver=11 cavs=[11, 2, 10] pred_boxes=32 gt_boxes=72 comm_bytes=64736
frame=1/41 late_source=3/4 scenario=2026_07_29_02_32_08 timestamp=000060 receiver=19 cavs=[19, 12, 14] pred_boxes=16 gt_boxes=72 comm_bytes=136352
frame=1/41 late_source=4/4 scenario=2026_07_29_02_32_08 timestamp=000060 receiver=20 cavs=[20, 7, 9] pred_boxes=31 gt_boxes=72 comm_bytes=78016
sgcp_late_fusion frame=1/41 scenario=2026_07_29_02_32_08 timestamp=000060 sources=4 fused_pred_boxes=69 fused_gt_boxes=72
frame=2/41 late_source=1/4 scenario=2026_07_29_02_32_08 timestamp=000062 receiver=5 cavs=[5, 9, 16] pred_boxes=20 gt_boxes=72 comm_bytes=72768
frame=2/41 late_source=2/4 scenario=2026_07_29_02_32_08 timestamp=000062 receiver=7 cavs=[7, 12, 17] pred_boxes=29 gt_boxes=72 comm_bytes=117488
frame=2/41 late_source=3/4 scenario=2026_07_29_02_32_08 timestamp=000062 receiver=11 cavs=[11, 2, 10] pred_boxes=38 gt_boxes=72 comm_bytes=64880
frame=2/41 late_source=4/4 scenario=2026_07_29_02_32_08 timestamp=000062 receiver=13 cavs=[13, 6, 14] pred_boxes=15 gt_boxes=72 comm_bytes=130304
sgcp_late_fusion frame=2/41 scenario=2026_07_29_02_32_08 timestamp=000062 sources=4 fused_pred_boxes=66 fused_gt_boxes=72
frame=3/41 late_source=1/4 scenario=2026_07_29_02_32_08 timestamp=000064 receiver=5 cavs=[5, 9, 16] pred_boxes=22 gt_boxes=72 comm_bytes=73664
frame=3/41 late_source=2/4 scenario=2026_07_29_02_32_08 timestamp=000064 receiver=7 cavs=[7, 12, 17] pred_boxes=28 gt_boxes=72 comm_bytes=117744
frame=3/41 late_source=3/4 scenario=2026_07_29_02_32_08 timestamp=000064 receiver=11 cavs=[11, 2, 10] pred_boxes=36 gt_boxes=72 comm_bytes=65072
frame=3/41 late_source=4/4 scenario=2026_07_29_02_32_08 timestamp=000064 receiver=13 cavs=[13, 6, 14] pred_boxes=15 gt_boxes=72 comm_bytes=131680
sgcp_late_fusion frame=3/41 scenario=2026_07_29_02_32_08 timestamp=000064 sources=4 fused_pred_boxes=64 fused_gt_boxes=72
frame=4/41 late_source=1/4 scenario=2026_07_29_02_32_08 timestamp=000066 receiver=3 cavs=[3, 6, 18] pred_boxes=21 gt_boxes=72 comm_bytes=105280
frame=4/41 late_source=2/4 scenario=2026_07_29_02_32_08 timestamp=000066 receiver=5 cavs=[5, 9, 16] pred_boxes=22 gt_boxes=72 comm_bytes=74416
frame=4/41 late_source=3/4 scenario=2026_07_29_02_32_08 timestamp=000066 receiver=7 cavs=[7, 13, 14] pred_boxes=26 gt_boxes=72 comm_bytes=129824
frame=4/41 late_source=4/4 scenario=2026_07_29_02_32_08 timestamp=000066 receiver=11 cavs=[11, 2, 10] pred_boxes=33 gt_boxes=72 comm_bytes=65408
sgcp_late_fusion frame=4/41 scenario=2026_07_29_02_32_08 timestamp=000066 sources=4 fused_pred_boxes=60 fused_gt_boxes=72
frame=5/41 late_source=1/4 scenario=2026_07_29_02_32_08 timestamp=000068 receiver=3 cavs=[3, 6, 18] pred_boxes=20 gt_boxes=72 comm_bytes=105920
frame=5/41 late_source=2/4 scenario=2026_07_29_02_32_08 timestamp=000068 receiver=5 cavs=[5, 9, 16] pred_boxes=24 gt_boxes=72 comm_bytes=75696
frame=5/41 late_source=3/4 scenario=2026_07_29_02_32_08 timestamp=000068 receiver=7 cavs=[7, 13, 14] pred_boxes=26 gt_boxes=72 comm_bytes=129776
frame=5/41 late_source=4/4 scenario=2026_07_29_02_32_08 timestamp=000068 receiver=11 cavs=[11, 2, 10] pred_boxes=31 gt_boxes=72 comm_bytes=65936
sgcp_late_fusion frame=5/41 scenario=2026_07_29_02_32_08 timestamp=000068 sources=4 fused_pred_boxes=60 fused_gt_boxes=72
frame=6/41 late_source=1/4 scenario=2026_07_29_02_32_08 timestamp=000070 receiver=5 cavs=[5, 9, 16] pred_boxes=25 gt_boxes=72 comm_bytes=76688
frame=6/41 late_source=2/4 scenario=2026_07_29_02_32_08 timestamp=000070 receiver=7 cavs=[7, 14, 17] pred_boxes=20 gt_boxes=72 comm_bytes=132704
frame=6/41 late_source=3/4 scenario=2026_07_29_02_32_08 timestamp=000070 receiver=10 cavs=[10, 3, 6] pred_boxes=37 gt_boxes=72 comm_bytes=137568
frame=6/41 late_source=4/4 scenario=2026_07_29_02_32_08 timestamp=000070 receiver=11 cavs=[11, 2, 13] pred_boxes=25 gt_boxes=72 comm_bytes=78144
sgcp_late_fusion frame=6/41 scenario=2026_07_29_02_32_08 timestamp=000070 sources=4 fused_pred_boxes=58 fused_gt_boxes=72
frame=7/41 late_source=1/4 scenario=2026_07_29_02_32_08 timestamp=000072 receiver=5 cavs=[5, 9, 16] pred_boxes=23 gt_boxes=71 comm_bytes=76656
frame=7/41 late_source=2/4 scenario=2026_07_29_02_32_08 timestamp=000072 receiver=7 cavs=[7, 13, 14] pred_boxes=24 gt_boxes=71 comm_bytes=129664
frame=7/41 late_source=3/4 scenario=2026_07_29_02_32_08 timestamp=000072 receiver=11 cavs=[11, 2, 10] pred_boxes=31 gt_boxes=71 comm_bytes=65600
frame=7/41 late_source=4/4 scenario=2026_07_29_02_32_08 timestamp=000072 receiver=17 cavs=[17, 6, 18] pred_boxes=20 gt_boxes=71 comm_bytes=107296
sgcp_late_fusion frame=7/41 scenario=2026_07_29_02_32_08 timestamp=000072 sources=4 fused_pred_boxes=61 fused_gt_boxes=71
frame=8/41 late_source=1/4 scenario=2026_07_29_02_32_08 timestamp=000074 receiver=5 cavs=[5, 9, 16] pred_boxes=24 gt_boxes=70 comm_bytes=77584
frame=8/41 late_source=2/4 scenario=2026_07_29_02_32_08 timestamp=000074 receiver=7 cavs=[7, 13, 14] pred_boxes=25 gt_boxes=70 comm_bytes=130128
frame=8/41 late_source=3/4 scenario=2026_07_29_02_32_08 timestamp=000074 receiver=11 cavs=[11, 2, 10] pred_boxes=34 gt_boxes=70 comm_bytes=65792
frame=8/41 late_source=4/4 scenario=2026_07_29_02_32_08 timestamp=000074 receiver=17 cavs=[17, 6, 18] pred_boxes=22 gt_boxes=70 comm_bytes=108464
sgcp_late_fusion frame=8/41 scenario=2026_07_29_02_32_08 timestamp=000074 sources=4 fused_pred_boxes=63 fused_gt_boxes=70
frame=9/41 late_source=1/4 scenario=2026_07_29_02_32_08 timestamp=000076 receiver=5 cavs=[5, 9, 16] pred_boxes=25 gt_boxes=70 comm_bytes=78080
frame=9/41 late_source=2/4 scenario=2026_07_29_02_32_08 timestamp=000076 receiver=7 cavs=[7, 13, 14] pred_boxes=28 gt_boxes=70 comm_bytes=129328
frame=9/41 late_source=3/4 scenario=2026_07_29_02_32_08 timestamp=000076 receiver=11 cavs=[11, 2, 10] pred_boxes=34 gt_boxes=70 comm_bytes=64928
frame=9/41 late_source=4/4 scenario=2026_07_29_02_32_08 timestamp=000076 receiver=17 cavs=[17, 6, 18] pred_boxes=22 gt_boxes=70 comm_bytes=108512
sgcp_late_fusion frame=9/41 scenario=2026_07_29_02_32_08 timestamp=000076 sources=4 fused_pred_boxes=63 fused_gt_boxes=70
frame=10/41 late_source=1/4 scenario=2026_07_29_02_32_08 timestamp=000078 receiver=5 cavs=[5, 2, 9] pred_boxes=35 gt_boxes=70 comm_bytes=106464
frame=10/41 late_source=2/4 scenario=2026_07_29_02_32_08 timestamp=000078 receiver=7 cavs=[7, 13, 14] pred_boxes=26 gt_boxes=70 comm_bytes=128384
frame=10/41 late_source=3/4 scenario=2026_07_29_02_32_08 timestamp=000078 receiver=11 cavs=[11, 8, 19] pred_boxes=35 gt_boxes=70 comm_bytes=63920
frame=10/41 late_source=4/4 scenario=2026_07_29_02_32_08 timestamp=000078 receiver=17 cavs=[17, 6, 18] pred_boxes=21 gt_boxes=70 comm_bytes=109776
sgcp_late_fusion frame=10/41 scenario=2026_07_29_02_32_08 timestamp=000078 sources=4 fused_pred_boxes=67 fused_gt_boxes=70
frame=11/41 late_source=1/4 scenario=2026_07_29_02_32_08 timestamp=000080 receiver=5 cavs=[5, 2, 9] pred_boxes=36 gt_boxes=71 comm_bytes=106944
frame=11/41 late_source=2/4 scenario=2026_07_29_02_32_08 timestamp=000080 receiver=7 cavs=[7, 13, 14] pred_boxes=25 gt_boxes=71 comm_bytes=129248
frame=11/41 late_source=3/4 scenario=2026_07_29_02_32_08 timestamp=000080 receiver=11 cavs=[11, 8, 19] pred_boxes=34 gt_boxes=71 comm_bytes=63536
frame=11/41 late_source=4/4 scenario=2026_07_29_02_32_08 timestamp=000080 receiver=17 cavs=[17, 6, 18] pred_boxes=21 gt_boxes=71 comm_bytes=112128
sgcp_late_fusion frame=11/41 scenario=2026_07_29_02_32_08 timestamp=000080 sources=4 fused_pred_boxes=68 fused_gt_boxes=71
frame=12/41 late_source=1/4 scenario=2026_07_29_02_32_08 timestamp=000082 receiver=5 cavs=[5, 10, 16] pred_boxes=27 gt_boxes=71 comm_bytes=83728
frame=12/41 late_source=2/4 scenario=2026_07_29_02_32_08 timestamp=000082 receiver=7 cavs=[7, 13, 14] pred_boxes=27 gt_boxes=71 comm_bytes=128512
frame=12/41 late_source=3/4 scenario=2026_07_29_02_32_08 timestamp=000082 receiver=11 cavs=[11, 2, 19] pred_boxes=25 gt_boxes=71 comm_bytes=68944Format = auto
Extension = pcd
Format = auto
Extension = pcd
Format = auto
Extension = pcd
Format = auto
Extension = pcd
Format = auto
Extension = pcd
Format = auto
Extension = pcd
Format = auto
Extension = pcd
Format = auto
Extension = pcd
Format = auto
Extension = pcd
Format = auto
Extension = pcd
Format = auto
Extension = pcd
Format = auto
Extension = pcd
Format = auto
Extension = pcd
Format = auto
Extension = pcd
Format = auto
Extension = pcd
Format = auto
Extension = pcd
Format = auto
Extension = pcd
Format = auto
Extension = pcd
Format = auto
Extension = pcd
Format = auto
Extension = pcd
Format = auto
Extension = pcd
Format = auto
Extension = pcd
Format = auto
Extension = pcd
Format = auto
Extension = pcd
Format = auto
Extension = pcd
Format = auto
Extension = pcd
Format = auto
Extension = pcd
Format = auto
Extension = pcd
Format = auto
Extension = pcd
Format = auto
Extension = pcd
Format = auto
Extension = pcd
Format = auto
Extension = pcd
Format = auto
Extension = pcd
Format = auto
Extension = pcd
Format = auto
Extension = pcd
Format = auto
Extension = pcd
Format = auto
Extension = pcd
Format = auto
Extension = pcd
Format = auto
Extension = pcd
Format = auto
Extension = pcd
Format = auto
Extension = pcd
Format = auto
Extension = pcd
Format = auto
Extension = pcd
Format = auto
Extension = pcd
Format = auto
Extension = pcd
Format = auto
Extension = pcd
Format = auto
Extension = pcd
Format = auto
Extension = pcd
Format = auto
Extension = pcd
Format = auto
Extension = pcd
Format = auto
Extension = pcd
Format = auto
Extension = pcd
Format = auto
Extension = pcd
Format = auto
Extension = pcd
Format = auto
Extension = pcd
Format = auto
Extension = pcd
Format = auto
Extension = pcd
Format = auto
Extension = pcd
Format = auto
Extension = pcd
Format = auto
Extension = pcd
Format = auto
Extension = pcd
Format = auto
Extension = pcd
Format = auto
Extension = pcd
Format = auto
Extension = pcd
Format = auto
Extension = pcd
Format = auto
Extension = pcd
Format = auto
Extension = pcd
Format = auto
Extension = pcd
Format = auto
Extension = pcd
Format = auto
Extension = pcd
Format = auto
Extension = pcd
Format = auto
Extension = pcd
Format = auto
Extension = pcd
Format = auto
Extension = pcd
Format = auto
Extension = pcd
Format = auto
Extension = pcd
Format = auto
Extension = pcd
Format = auto
Extension = pcd
Format = auto
Extension = pcd
Format = auto
Extension = pcd
Format = auto
Extension = pcd
Format = auto
Extension = pcd
Format = auto
Extension = pcd
Format = auto
Extension = pcd
Format = auto
Extension = pcd
Format = auto
Extension = pcd
Format = auto
Extension = pcd
Format = auto
Extension = pcd
Format = auto
Extension = pcd
Format = auto
Extension = pcd
Format = auto
Extension = pcd
Format = auto
Extension = pcd
Format = auto
Extension = pcd
Format = auto
Extension = pcd
Format = auto
Extension = pcd
Format = auto
Extension = pcd
Format = auto
Extension = pcd
Format = auto
Extension = pcd
Format = auto
Extension = pcd
Format = auto
Extension = pcd
Format = auto
Extension = pcd
Format = auto
Extension = pcd
Format = auto
Extension = pcd
Format = auto
Extension = pcd
Format = auto
Extension = pcd
Format = auto
Extension = pcd
Format = auto
Extension = pcd
Format = auto
Extension = pcd
Format = auto
Extension = pcd
Format = auto
Extension = pcd
Format = auto
Extension = pcd
Format = auto
Extension = pcd
Format = auto
Extension = pcd
Format = auto
Extension = pcd
Format = auto
Extension = pcd
Format = auto
Extension = pcd
Format = auto
Extension = pcd
Format = auto
Extension = pcd
Format = auto
Extension = pcd
Format = auto
Extension = pcd
Format = auto
Extension = pcd
Format = auto
Extension = pcd
Format = auto
Extension = pcd
Format = auto
Extension = pcd
Format = auto
Extension = pcd
Format = auto
Extension = pcd
Format = auto
Extension = pcd
Format = auto
Extension = pcd
Format = auto
Extension = pcd
Format = auto
Extension = pcd
Format = auto
Extension = pcd
Format = auto
Extension = pcd
Format = auto
Extension = pcd
Format = auto
Extension = pcd
Format = auto
Extension = pcd
Format = auto
Extension = pcd
Format = auto
Extension = pcd
Format = auto
Extension = pcd
Format = auto
Extension = pcd
Format = auto
Extension = pcd
Format = auto
Extension = pcd
Format = auto
Extension = pcd
Format = auto
Extension = pcd
Format = auto
Extension = pcd
Format = auto
Extension = pcd
Format = auto
Extension = pcd
Format = auto
Extension = pcd
Format = auto
Extension = pcd
Format = auto
Extension = pcd
Format = auto
Extension = pcd
Format = auto
Extension = pcd
Format = auto
Extension = pcd
Format = auto
Extension = pcd
Format = auto
Extension = pcd
Format = auto
Extension = pcd
Format = auto
Extension = pcd
Format = auto
Extension = pcd
Format = auto
Extension = pcd
Format = auto
Extension = pcd
Format = auto
Extension = pcd
Format = auto
Extension = pcd
Format = auto
Extension = pcd
Format = auto
Extension = pcd
Format = auto
Extension = pcd
Format = auto
Extension = pcd
Format = auto
Extension = pcd
Format = auto
Extension = pcd
Format = auto
Extension = pcd
Format = auto
Extension = pcd
Format = auto
Extension = pcd
Format = auto
Extension = pcd
Format = auto
Extension = pcd
Format = auto
Extension = pcd
Format = auto
Extension = pcd
Format = auto
Extension = pcd
Format = auto
Extension = pcd
Format = auto
Extension = pcd
Format = auto
Extension = pcd
Format = auto
Extension = pcd
Format = auto
Extension = pcd
Format = auto
Extension = pcd
Format = auto
Extension = pcd
Format = auto
Extension = pcd
Format = auto
Extension = pcd
Format = auto
Extension = pcd
Format = auto
Extension = pcd
Format = auto
Extension = pcd
Format = auto
Extension = pcd
Format = auto
Extension = pcd
Format = auto
Extension = pcd
Format = auto
Extension = pcd
Format = auto
Extension = pcd
Format = auto
Extension = pcd
Format = auto
Extension = pcd
Format = auto
Extension = pcd
Format = auto
Extension = pcd
Format = auto
Extension = pcd
Format = auto
Extension = pcd
Format = auto
Extension = pcd
Format = auto
Extension = pcd
Format = auto
Extension = pcd
Format = auto
Extension = pcd
Format = auto
Extension = pcd
Format = auto
Extension = pcd
Format = auto
Extension = pcd
Format = auto
Extension = pcd
Format = auto
Extension = pcd
Format = auto
Extension = pcd
Format = auto
Extension = pcd
Format = auto
Extension = pcd
Format = auto
Extension = pcd
Format = auto
Extension = pcd
Format = auto
Extension = pcd
Format = auto
Extension = pcd
Format = auto
Extension = pcd
Format = auto
Extension = pcd
Format = auto
Extension = pcd
Format = auto
Extension = pcd
Format = auto
Extension = pcd
Format = auto
Extension = pcd
Format = auto
Extension = pcd
Format = auto
Extension = pcd
Format = auto
Extension = pcd
Format = auto
Extension = pcd
Format = auto
Extension = pcd
Format = auto
Extension = pcd
Format = auto
Extension = pcd
Format = auto
Extension = pcd
Format = auto
Extension = pcd
Format = auto
Extension = pcd
Format = auto
Extension = pcd
Format = auto
Extension = pcd
Format = auto
Extension = pcd
Format = auto
Extension = pcd
Format = auto
Extension = pcd
Format = auto
Extension = pcd
Format = auto
Extension = pcd
Format = auto
Extension = pcd
Format = auto
Extension = pcd
Format = auto
Extension = pcd

frame=12/41 late_source=4/4 scenario=2026_07_29_02_32_08 timestamp=000082 receiver=17 cavs=[17, 6, 18] pred_boxes=21 gt_boxes=71 comm_bytes=111440
sgcp_late_fusion frame=12/41 scenario=2026_07_29_02_32_08 timestamp=000082 sources=4 fused_pred_boxes=64 fused_gt_boxes=71
frame=13/41 late_source=1/4 scenario=2026_07_29_02_32_08 timestamp=000084 receiver=5 cavs=[5, 10, 16] pred_boxes=29 gt_boxes=71 comm_bytes=84704
frame=13/41 late_source=2/4 scenario=2026_07_29_02_32_08 timestamp=000084 receiver=7 cavs=[7, 13, 14] pred_boxes=27 gt_boxes=71 comm_bytes=129104
frame=13/41 late_source=3/4 scenario=2026_07_29_02_32_08 timestamp=000084 receiver=11 cavs=[11, 2, 19] pred_boxes=29 gt_boxes=71 comm_bytes=68960
frame=13/41 late_source=4/4 scenario=2026_07_29_02_32_08 timestamp=000084 receiver=17 cavs=[17, 6, 18] pred_boxes=23 gt_boxes=71 comm_bytes=110800
sgcp_late_fusion frame=13/41 scenario=2026_07_29_02_32_08 timestamp=000084 sources=4 fused_pred_boxes=63 fused_gt_boxes=71
frame=14/41 late_source=1/4 scenario=2026_07_29_02_32_08 timestamp=000086 receiver=5 cavs=[5, 10, 16] pred_boxes=29 gt_boxes=71 comm_bytes=84608
frame=14/41 late_source=2/4 scenario=2026_07_29_02_32_08 timestamp=000086 receiver=7 cavs=[7, 13, 14] pred_boxes=25 gt_boxes=71 comm_bytes=128752
frame=14/41 late_source=3/4 scenario=2026_07_29_02_32_08 timestamp=000086 receiver=11 cavs=[11, 2, 19] pred_boxes=26 gt_boxes=71 comm_bytes=69376
frame=14/41 late_source=4/4 scenario=2026_07_29_02_32_08 timestamp=000086 receiver=17 cavs=[17, 6, 18] pred_boxes=21 gt_boxes=71 comm_bytes=111936
sgcp_late_fusion frame=14/41 scenario=2026_07_29_02_32_08 timestamp=000086 sources=4 fused_pred_boxes=61 fused_gt_boxes=71
frame=15/41 late_source=1/4 scenario=2026_07_29_02_32_08 timestamp=000088 receiver=5 cavs=[5, 10, 16] pred_boxes=27 gt_boxes=71 comm_bytes=84816
frame=15/41 late_source=2/4 scenario=2026_07_29_02_32_08 timestamp=000088 receiver=7 cavs=[7, 13, 14] pred_boxes=28 gt_boxes=71 comm_bytes=128960
frame=15/41 late_source=3/4 scenario=2026_07_29_02_32_08 timestamp=000088 receiver=11 cavs=[11, 2, 19] pred_boxes=29 gt_boxes=71 comm_bytes=69456
frame=15/41 late_source=4/4 scenario=2026_07_29_02_32_08 timestamp=000088 receiver=17 cavs=[17, 6, 18] pred_boxes=20 gt_boxes=71 comm_bytes=112480
sgcp_late_fusion frame=15/41 scenario=2026_07_29_02_32_08 timestamp=000088 sources=4 fused_pred_boxes=63 fused_gt_boxes=71
frame=16/41 late_source=1/4 scenario=2026_07_29_02_32_08 timestamp=000090 receiver=5 cavs=[5, 10, 16] pred_boxes=28 gt_boxes=72 comm_bytes=85008
frame=16/41 late_source=2/4 scenario=2026_07_29_02_32_08 timestamp=000090 receiver=7 cavs=[7, 13, 14] pred_boxes=28 gt_boxes=72 comm_bytes=127856
frame=16/41 late_source=3/4 scenario=2026_07_29_02_32_08 timestamp=000090 receiver=11 cavs=[11, 2, 19] pred_boxes=32 gt_boxes=72 comm_bytes=69312
frame=16/41 late_source=4/4 scenario=2026_07_29_02_32_08 timestamp=000090 receiver=17 cavs=[17, 6, 18] pred_boxes=22 gt_boxes=72 comm_bytes=111920
sgcp_late_fusion frame=16/41 scenario=2026_07_29_02_32_08 timestamp=000090 sources=4 fused_pred_boxes=65 fused_gt_boxes=72
frame=17/41 late_source=1/4 scenario=2026_07_29_02_32_08 timestamp=000092 receiver=7 cavs=[7, 13, 14] pred_boxes=25 gt_boxes=72 comm_bytes=127568
frame=17/41 late_source=2/4 scenario=2026_07_29_02_32_08 timestamp=000092 receiver=10 cavs=[10, 2, 19] pred_boxes=30 gt_boxes=72 comm_bytes=74608
frame=17/41 late_source=3/4 scenario=2026_07_29_02_32_08 timestamp=000092 receiver=17 cavs=[17, 6, 18] pred_boxes=26 gt_boxes=72 comm_bytes=112528
frame=17/41 late_source=4/4 scenario=2026_07_29_02_32_08 timestamp=000092 receiver=20 cavs=[20, 4, 16] pred_boxes=38 gt_boxes=72 comm_bytes=90288
sgcp_late_fusion frame=17/41 scenario=2026_07_29_02_32_08 timestamp=000092 sources=4 fused_pred_boxes=65 fused_gt_boxes=72
frame=18/41 late_source=1/4 scenario=2026_07_29_02_32_08 timestamp=000094 receiver=8 cavs=[8, 4, 19] pred_boxes=37 gt_boxes=72 comm_bytes=95600
frame=18/41 late_source=2/4 scenario=2026_07_29_02_32_08 timestamp=000094 receiver=10 cavs=[10, 2, 20] pred_boxes=39 gt_boxes=72 comm_bytes=102992
frame=18/41 late_source=3/4 scenario=2026_07_29_02_32_08 timestamp=000094 receiver=13 cavs=[13, 12, 17] pred_boxes=22 gt_boxes=72 comm_bytes=141696
frame=18/41 late_source=4/4 scenario=2026_07_29_02_32_08 timestamp=000094 receiver=16 cavs=[16, 15, 18] pred_boxes=30 gt_boxes=72 comm_bytes=103584
sgcp_late_fusion frame=18/41 scenario=2026_07_29_02_32_08 timestamp=000094 sources=4 fused_pred_boxes=67 fused_gt_boxes=72
frame=19/41 late_source=1/4 scenario=2026_07_29_02_32_08 timestamp=000096 receiver=5 cavs=[5, 10, 16] pred_boxes=32 gt_boxes=72 comm_bytes=87392
frame=19/41 late_source=2/4 scenario=2026_07_29_02_32_08 timestamp=000096 receiver=7 cavs=[7, 13, 14] pred_boxes=23 gt_boxes=72 comm_bytes=128128
frame=19/41 late_source=3/4 scenario=2026_07_29_02_32_08 timestamp=000096 receiver=11 cavs=[11, 2, 19] pred_boxes=33 gt_boxes=72 comm_bytes=68432
frame=19/41 late_source=4/4 scenario=2026_07_29_02_32_08 timestamp=000096 receiver=17 cavs=[17, 6, 18] pred_boxes=26 gt_boxes=72 comm_bytes=112048
sgcp_late_fusion frame=19/41 scenario=2026_07_29_02_32_08 timestamp=000096 sources=4 fused_pred_boxes=64 fused_gt_boxes=72
frame=20/41 late_source=1/4 scenario=2026_07_29_02_32_08 timestamp=000098 receiver=7 cavs=[7, 13, 14] pred_boxes=24 gt_boxes=72 comm_bytes=129536
frame=20/41 late_source=2/4 scenario=2026_07_29_02_32_08 timestamp=000098 receiver=8 cavs=[8, 4, 19] pred_boxes=36 gt_boxes=72 comm_bytes=95520
frame=20/41 late_source=3/4 scenario=2026_07_29_02_32_08 timestamp=000098 receiver=10 cavs=[10, 2, 20] pred_boxes=40 gt_boxes=72 comm_bytes=102752
frame=20/41 late_source=4/4 scenario=2026_07_29_02_32_08 timestamp=000098 receiver=16 cavs=[16, 6, 18] pred_boxes=27 gt_boxes=72 comm_bytes=118608
sgcp_late_fusion frame=20/41 scenario=2026_07_29_02_32_08 timestamp=000098 sources=4 fused_pred_boxes=69 fused_gt_boxes=72
frame=21/41 late_source=1/4 scenario=2026_07_29_02_32_08 timestamp=000100 receiver=7 cavs=[7, 13, 14] pred_boxes=26 gt_boxes=72 comm_bytes=128064
frame=21/41 late_source=2/4 scenario=2026_07_29_02_32_08 timestamp=000100 receiver=8 cavs=[8, 2, 4] pred_boxes=37 gt_boxes=72 comm_bytes=100000
frame=21/41 late_source=3/4 scenario=2026_07_29_02_32_08 timestamp=000100 receiver=9 cavs=[9, 10, 20] pred_boxes=32 gt_boxes=72 comm_bytes=66336
frame=21/41 late_source=4/4 scenario=2026_07_29_02_32_08 timestamp=000100 receiver=16 cavs=[16, 6, 18] pred_boxes=27 gt_boxes=72 comm_bytes=117504
sgcp_late_fusion frame=21/41 scenario=2026_07_29_02_32_08 timestamp=000100 sources=4 fused_pred_boxes=71 fused_gt_boxes=72
frame=22/41 late_source=1/4 scenario=2026_07_29_02_32_08 timestamp=000102 receiver=7 cavs=[7, 13, 14] pred_boxes=24 gt_boxes=72 comm_bytes=127856
frame=22/41 late_source=2/4 scenario=2026_07_29_02_32_08 timestamp=000102 receiver=8 cavs=[8, 4, 19] pred_boxes=36 gt_boxes=72 comm_bytes=95232
frame=22/41 late_source=3/4 scenario=2026_07_29_02_32_08 timestamp=000102 receiver=10 cavs=[10, 2, 20] pred_boxes=39 gt_boxes=72 comm_bytes=102608
frame=22/41 late_source=4/4 scenario=2026_07_29_02_32_08 timestamp=000102 receiver=16 cavs=[16, 6, 18] pred_boxes=27 gt_boxes=72 comm_bytes=117040
sgcp_late_fusion frame=22/41 scenario=2026_07_29_02_32_08 timestamp=000102 sources=4 fused_pred_boxes=67 fused_gt_boxes=72
frame=23/41 late_source=1/4 scenario=2026_07_29_02_32_08 timestamp=000104 receiver=7 cavs=[7, 13, 14] pred_boxes=24 gt_boxes=72 comm_bytes=127952
frame=23/41 late_source=2/4 scenario=2026_07_29_02_32_08 timestamp=000104 receiver=8 cavs=[8, 2, 4] pred_boxes=37 gt_boxes=72 comm_bytes=99392
frame=23/41 late_source=3/4 scenario=2026_07_29_02_32_08 timestamp=000104 receiver=9 cavs=[9, 10, 20] pred_boxes=29 gt_boxes=72 comm_bytes=66384
frame=23/41 late_source=4/4 scenario=2026_07_29_02_32_08 timestamp=000104 receiver=16 cavs=[16, 6, 18] pred_boxes=26 gt_boxes=72 comm_bytes=116272
sgcp_late_fusion frame=23/41 scenario=2026_07_29_02_32_08 timestamp=000104 sources=4 fused_pred_boxes=66 fused_gt_boxes=72
frame=24/41 late_source=1/4 scenario=2026_07_29_02_32_08 timestamp=000106 receiver=7 cavs=[7, 14, 17] pred_boxes=26 gt_boxes=71 comm_bytes=127088Format = auto
Extension = pcd
Format = auto
Extension = pcd
Format = auto
Extension = pcd
Format = auto
Extension = pcd
Format = auto
Extension = pcd
Format = auto
Extension = pcd
Format = auto
Extension = pcd
Format = auto
Extension = pcd
Format = auto
Extension = pcd
Format = auto
Extension = pcd
Format = auto
Extension = pcd
Format = auto
Extension = pcd
Format = auto
Extension = pcd
Format = auto
Extension = pcd
Format = auto
Extension = pcd
Format = auto
Extension = pcd
Format = auto
Extension = pcd
Format = auto
Extension = pcd
Format = auto
Extension = pcd
Format = auto
Extension = pcd
Format = auto
Extension = pcd
Format = auto
Extension = pcd
Format = auto
Extension = pcd
Format = auto
Extension = pcd
Format = auto
Extension = pcd
Format = auto
Extension = pcd
Format = auto
Extension = pcd
Format = auto
Extension = pcd
Format = auto
Extension = pcd
Format = auto
Extension = pcd
Format = auto
Extension = pcd
Format = auto
Extension = pcd
Format = auto
Extension = pcd
Format = auto
Extension = pcd
Format = auto
Extension = pcd
Format = auto
Extension = pcd
Format = auto
Extension = pcd
Format = auto
Extension = pcd
Format = auto
Extension = pcd
Format = auto
Extension = pcd
Format = auto
Extension = pcd
Format = auto
Extension = pcd
Format = auto
Extension = pcd
Format = auto
Extension = pcd
Format = auto
Extension = pcd
Format = auto
Extension = pcd
Format = auto
Extension = pcd
Format = auto
Extension = pcd
Format = auto
Extension = pcd
Format = auto
Extension = pcd
Format = auto
Extension = pcd
Format = auto
Extension = pcd
Format = auto
Extension = pcd
Format = auto
Extension = pcd
Format = auto
Extension = pcd
Format = auto
Extension = pcd
Format = auto
Extension = pcd
Format = auto
Extension = pcd
Format = auto
Extension = pcd
Format = auto
Extension = pcd
Format = auto
Extension = pcd
Format = auto
Extension = pcd
Format = auto
Extension = pcd
Format = auto
Extension = pcd
Format = auto
Extension = pcd
Format = auto
Extension = pcd
Format = auto
Extension = pcd
Format = auto
Extension = pcd
Format = auto
Extension = pcd
Format = auto
Extension = pcd
Format = auto
Extension = pcd
Format = auto
Extension = pcd
Format = auto
Extension = pcd
Format = auto
Extension = pcd
Format = auto
Extension = pcd
Format = auto
Extension = pcd
Format = auto
Extension = pcd
Format = auto
Extension = pcd
Format = auto
Extension = pcd
Format = auto
Extension = pcd
Format = auto
Extension = pcd
Format = auto
Extension = pcd
Format = auto
Extension = pcd
Format = auto
Extension = pcd
Format = auto
Extension = pcd
Format = auto
Extension = pcd
Format = auto
Extension = pcd
Format = auto
Extension = pcd
Format = auto
Extension = pcd
Format = auto
Extension = pcd
Format = auto
Extension = pcd
Format = auto
Extension = pcd
Format = auto
Extension = pcd
Format = auto
Extension = pcd
Format = auto
Extension = pcd
Format = auto
Extension = pcd
Format = auto
Extension = pcd
Format = auto
Extension = pcd
Format = auto
Extension = pcd
Format = auto
Extension = pcd
Format = auto
Extension = pcd
Format = auto
Extension = pcd
Format = auto
Extension = pcd
Format = auto
Extension = pcd
Format = auto
Extension = pcd
Format = auto
Extension = pcd
Format = auto
Extension = pcd
Format = auto
Extension = pcd
Format = auto
Extension = pcd
Format = auto
Extension = pcd
Format = auto
Extension = pcd
Format = auto
Extension = pcd
Format = auto
Extension = pcd
Format = auto
Extension = pcd
Format = auto
Extension = pcd
Format = auto
Extension = pcd
Format = auto
Extension = pcd
Format = auto
Extension = pcd
Format = auto
Extension = pcd
Format = auto
Extension = pcd
Format = auto
Extension = pcd
Format = auto
Extension = pcd
Format = auto
Extension = pcd
Format = auto
Extension = pcd
Format = auto
Extension = pcd
Format = auto
Extension = pcd
Format = auto
Extension = pcd
Format = auto
Extension = pcd
Format = auto
Extension = pcd
Format = auto
Extension = pcd
Format = auto
Extension = pcd
Format = auto
Extension = pcd
Format = auto
Extension = pcd
Format = auto
Extension = pcd
Format = auto
Extension = pcd
Format = auto
Extension = pcd
Format = auto
Extension = pcd
Format = auto
Extension = pcd
Format = auto
Extension = pcd
Format = auto
Extension = pcd
Format = auto
Extension = pcd
Format = auto
Extension = pcd
Format = auto
Extension = pcd
Format = auto
Extension = pcd
Format = auto
Extension = pcd
Format = auto
Extension = pcd
Format = auto
Extension = pcd
Format = auto
Extension = pcd
Format = auto
Extension = pcd
Format = auto
Extension = pcd
Format = auto
Extension = pcd
Format = auto
Extension = pcd
Format = auto
Extension = pcd
Format = auto
Extension = pcd
Format = auto
Extension = pcd
Format = auto
Extension = pcd
Format = auto
Extension = pcd
Format = auto
Extension = pcd
Format = auto
Extension = pcd
Format = auto
Extension = pcd
Format = auto
Extension = pcd
Format = auto
Extension = pcd
Format = auto
Extension = pcd
Format = auto
Extension = pcd
Format = auto
Extension = pcd
Format = auto
Extension = pcd
Format = auto
Extension = pcd
Format = auto
Extension = pcd
Format = auto
Extension = pcd
Format = auto
Extension = pcd
Format = auto
Extension = pcd
Format = auto
Extension = pcd
Format = auto
Extension = pcd
Format = auto
Extension = pcd
Format = auto
Extension = pcd
Format = auto
Extension = pcd
Format = auto
Extension = pcd
Format = auto
Extension = pcd
Format = auto
Extension = pcd
Format = auto
Extension = pcd
Format = auto
Extension = pcd
Format = auto
Extension = pcd
Format = auto
Extension = pcd
Format = auto
Extension = pcd
Format = auto
Extension = pcd
Format = auto
Extension = pcd
Format = auto
Extension = pcd
Format = auto
Extension = pcd
Format = auto
Extension = pcd
Format = auto
Extension = pcd
Format = auto
Extension = pcd
Format = auto
Extension = pcd
Format = auto
Extension = pcd
Format = auto
Extension = pcd
Format = auto
Extension = pcd
Format = auto
Extension = pcd
Format = auto
Extension = pcd
Format = auto
Extension = pcd
Format = auto
Extension = pcd
Format = auto
Extension = pcd
Format = auto
Extension = pcd
Format = auto
Extension = pcd
Format = auto
Extension = pcd
Format = auto
Extension = pcd
Format = auto
Extension = pcd
Format = auto
Extension = pcd
Format = auto
Extension = pcd
Format = auto
Extension = pcd
Format = auto
Extension = pcd
Format = auto
Extension = pcd
Format = auto
Extension = pcd
Format = auto
Extension = pcd
Format = auto
Extension = pcd
Format = auto
Extension = pcd
Format = auto
Extension = pcd
Format = auto
Extension = pcd
Format = auto
Extension = pcd
Format = auto
Extension = pcd
Format = auto
Extension = pcd
Format = auto
Extension = pcd

frame=24/41 late_source=2/4 scenario=2026_07_29_02_32_08 timestamp=000106 receiver=8 cavs=[8, 2, 4] pred_boxes=36 gt_boxes=71 comm_bytes=99344
frame=24/41 late_source=3/4 scenario=2026_07_29_02_32_08 timestamp=000106 receiver=9 cavs=[9, 10, 20] pred_boxes=31 gt_boxes=71 comm_bytes=66448
frame=24/41 late_source=4/4 scenario=2026_07_29_02_32_08 timestamp=000106 receiver=16 cavs=[16, 3, 6] pred_boxes=27 gt_boxes=71 comm_bytes=116992
sgcp_late_fusion frame=24/41 scenario=2026_07_29_02_32_08 timestamp=000106 sources=4 fused_pred_boxes=71 fused_gt_boxes=71
frame=25/41 late_source=1/4 scenario=2026_07_29_02_32_08 timestamp=000108 receiver=8 cavs=[8, 2, 4] pred_boxes=37 gt_boxes=71 comm_bytes=99200
frame=25/41 late_source=2/4 scenario=2026_07_29_02_32_08 timestamp=000108 receiver=9 cavs=[9, 10, 20] pred_boxes=29 gt_boxes=71 comm_bytes=66560
frame=25/41 late_source=3/4 scenario=2026_07_29_02_32_08 timestamp=000108 receiver=13 cavs=[13, 6, 12] pred_boxes=20 gt_boxes=71 comm_bytes=137472
frame=25/41 late_source=4/4 scenario=2026_07_29_02_32_08 timestamp=000108 receiver=16 cavs=[16, 15, 18] pred_boxes=31 gt_boxes=71 comm_bytes=101904
sgcp_late_fusion frame=25/41 scenario=2026_07_29_02_32_08 timestamp=000108 sources=4 fused_pred_boxes=68 fused_gt_boxes=71
frame=26/41 late_source=1/4 scenario=2026_07_29_02_32_08 timestamp=000110 receiver=8 cavs=[8, 2, 4] pred_boxes=35 gt_boxes=70 comm_bytes=99056
frame=26/41 late_source=2/4 scenario=2026_07_29_02_32_08 timestamp=000110 receiver=9 cavs=[9, 10, 20] pred_boxes=30 gt_boxes=70 comm_bytes=66576
frame=26/41 late_source=3/4 scenario=2026_07_29_02_32_08 timestamp=000110 receiver=13 cavs=[13, 6, 12] pred_boxes=20 gt_boxes=70 comm_bytes=138032
frame=26/41 late_source=4/4 scenario=2026_07_29_02_32_08 timestamp=000110 receiver=16 cavs=[16, 15, 18] pred_boxes=30 gt_boxes=70 comm_bytes=101904
sgcp_late_fusion frame=26/41 scenario=2026_07_29_02_32_08 timestamp=000110 sources=4 fused_pred_boxes=64 fused_gt_boxes=70
frame=27/41 late_source=1/4 scenario=2026_07_29_02_32_08 timestamp=000112 receiver=8 cavs=[8, 2, 4] pred_boxes=37 gt_boxes=70 comm_bytes=99040
frame=27/41 late_source=2/4 scenario=2026_07_29_02_32_08 timestamp=000112 receiver=9 cavs=[9, 10, 20] pred_boxes=28 gt_boxes=70 comm_bytes=66672
frame=27/41 late_source=3/4 scenario=2026_07_29_02_32_08 timestamp=000112 receiver=13 cavs=[13, 6, 12] pred_boxes=19 gt_boxes=70 comm_bytes=137872
frame=27/41 late_source=4/4 scenario=2026_07_29_02_32_08 timestamp=000112 receiver=16 cavs=[16, 15, 18] pred_boxes=29 gt_boxes=70 comm_bytes=100912
sgcp_late_fusion frame=27/41 scenario=2026_07_29_02_32_08 timestamp=000112 sources=4 fused_pred_boxes=65 fused_gt_boxes=70
frame=28/41 late_source=1/4 scenario=2026_07_29_02_32_08 timestamp=000114 receiver=8 cavs=[8, 2, 4] pred_boxes=38 gt_boxes=69 comm_bytes=98976
frame=28/41 late_source=2/4 scenario=2026_07_29_02_32_08 timestamp=000114 receiver=9 cavs=[9, 10, 20] pred_boxes=33 gt_boxes=69 comm_bytes=66752
frame=28/41 late_source=3/4 scenario=2026_07_29_02_32_08 timestamp=000114 receiver=13 cavs=[13, 6, 12] pred_boxes=21 gt_boxes=69 comm_bytes=137744
frame=28/41 late_source=4/4 scenario=2026_07_29_02_32_08 timestamp=000114 receiver=16 cavs=[16, 15, 18] pred_boxes=25 gt_boxes=69 comm_bytes=99872
sgcp_late_fusion frame=28/41 scenario=2026_07_29_02_32_08 timestamp=000114 sources=4 fused_pred_boxes=68 fused_gt_boxes=69
frame=29/41 late_source=1/4 scenario=2026_07_29_02_32_08 timestamp=000116 receiver=8 cavs=[8, 2, 4] pred_boxes=38 gt_boxes=69 comm_bytes=99216
frame=29/41 late_source=2/4 scenario=2026_07_29_02_32_08 timestamp=000116 receiver=9 cavs=[9, 10, 20] pred_boxes=29 gt_boxes=69 comm_bytes=66896
frame=29/41 late_source=3/4 scenario=2026_07_29_02_32_08 timestamp=000116 receiver=13 cavs=[13, 6, 12] pred_boxes=24 gt_boxes=69 comm_bytes=137888
frame=29/41 late_source=4/4 scenario=2026_07_29_02_32_08 timestamp=000116 receiver=16 cavs=[16, 3, 15] pred_boxes=25 gt_boxes=69 comm_bytes=101088
sgcp_late_fusion frame=29/41 scenario=2026_07_29_02_32_08 timestamp=000116 sources=4 fused_pred_boxes=70 fused_gt_boxes=69
frame=30/41 late_source=1/4 scenario=2026_07_29_02_32_08 timestamp=000118 receiver=8 cavs=[8, 2, 4] pred_boxes=38 gt_boxes=69 comm_bytes=99472
frame=30/41 late_source=2/4 scenario=2026_07_29_02_32_08 timestamp=000118 receiver=9 cavs=[9, 10, 20] pred_boxes=32 gt_boxes=69 comm_bytes=66976
frame=30/41 late_source=3/4 scenario=2026_07_29_02_32_08 timestamp=000118 receiver=13 cavs=[13, 6, 12] pred_boxes=20 gt_boxes=69 comm_bytes=137392
frame=30/41 late_source=4/4 scenario=2026_07_29_02_32_08 timestamp=000118 receiver=16 cavs=[16, 15, 18] pred_boxes=26 gt_boxes=69 comm_bytes=99568
sgcp_late_fusion frame=30/41 scenario=2026_07_29_02_32_08 timestamp=000118 sources=4 fused_pred_boxes=68 fused_gt_boxes=69
frame=31/41 late_source=1/4 scenario=2026_07_29_02_32_08 timestamp=000120 receiver=8 cavs=[8, 2, 4] pred_boxes=38 gt_boxes=69 comm_bytes=99472
frame=31/41 late_source=2/4 scenario=2026_07_29_02_32_08 timestamp=000120 receiver=9 cavs=[9, 10, 20] pred_boxes=32 gt_boxes=69 comm_bytes=65904
frame=31/41 late_source=3/4 scenario=2026_07_29_02_32_08 timestamp=000120 receiver=13 cavs=[13, 6, 12] pred_boxes=21 gt_boxes=69 comm_bytes=136944
frame=31/41 late_source=4/4 scenario=2026_07_29_02_32_08 timestamp=000120 receiver=16 cavs=[16, 3, 15] pred_boxes=26 gt_boxes=69 comm_bytes=100448
sgcp_late_fusion frame=31/41 scenario=2026_07_29_02_32_08 timestamp=000120 sources=4 fused_pred_boxes=68 fused_gt_boxes=69
frame=32/41 late_source=1/4 scenario=2026_07_29_02_32_08 timestamp=000122 receiver=7 cavs=[7, 13, 14] pred_boxes=28 gt_boxes=69 comm_bytes=124896
frame=32/41 late_source=2/4 scenario=2026_07_29_02_32_08 timestamp=000122 receiver=11 cavs=[11, 2, 19] pred_boxes=28 gt_boxes=69 comm_bytes=67632
frame=32/41 late_source=3/4 scenario=2026_07_29_02_32_08 timestamp=000122 receiver=16 cavs=[16, 3, 6] pred_boxes=24 gt_boxes=69 comm_bytes=115216
frame=32/41 late_source=4/4 scenario=2026_07_29_02_32_08 timestamp=000122 receiver=20 cavs=[20, 10, 17] pred_boxes=31 gt_boxes=69 comm_bytes=102656
sgcp_late_fusion frame=32/41 scenario=2026_07_29_02_32_08 timestamp=000122 sources=4 fused_pred_boxes=65 fused_gt_boxes=69
frame=33/41 late_source=1/4 scenario=2026_07_29_02_32_08 timestamp=000124 receiver=8 cavs=[8, 2, 4] pred_boxes=40 gt_boxes=69 comm_bytes=99648
frame=33/41 late_source=2/4 scenario=2026_07_29_02_32_08 timestamp=000124 receiver=9 cavs=[9, 5, 10] pred_boxes=34 gt_boxes=69 comm_bytes=67264
frame=33/41 late_source=3/4 scenario=2026_07_29_02_32_08 timestamp=000124 receiver=13 cavs=[13, 6, 12] pred_boxes=19 gt_boxes=69 comm_bytes=136064
frame=33/41 late_source=4/4 scenario=2026_07_29_02_32_08 timestamp=000124 receiver=16 cavs=[16, 3, 15] pred_boxes=25 gt_boxes=69 comm_bytes=99552
sgcp_late_fusion frame=33/41 scenario=2026_07_29_02_32_08 timestamp=000124 sources=4 fused_pred_boxes=67 fused_gt_boxes=69
frame=34/41 late_source=1/4 scenario=2026_07_29_02_32_08 timestamp=000126 receiver=1 cavs=[1, 4, 15] pred_boxes=40 gt_boxes=69 comm_bytes=93040
frame=34/41 late_source=2/4 scenario=2026_07_29_02_32_08 timestamp=000126 receiver=10 cavs=[10, 11, 20] pred_boxes=32 gt_boxes=69 comm_bytes=86336
frame=34/41 late_source=3/4 scenario=2026_07_29_02_32_08 timestamp=000126 receiver=13 cavs=[13, 6, 12] pred_boxes=18 gt_boxes=69 comm_bytes=136480
frame=34/41 late_source=4/4 scenario=2026_07_29_02_32_08 timestamp=000126 receiver=17 cavs=[17, 3, 18] pred_boxes=10 gt_boxes=69 comm_bytes=76688
sgcp_late_fusion frame=34/41 scenario=2026_07_29_02_32_08 timestamp=000126 sources=4 fused_pred_boxes=65 fused_gt_boxes=69
frame=35/41 late_source=1/4 scenario=2026_07_29_02_32_08 timestamp=000128 receiver=1 cavs=[1, 4, 15] pred_boxes=38 gt_boxes=69 comm_bytes=90960
frame=35/41 late_source=2/4 scenario=2026_07_29_02_32_08 timestamp=000128 receiver=10 cavs=[10, 11, 20] pred_boxes=32 gt_boxes=69 comm_bytes=86240
frame=35/41 late_source=3/4 scenario=2026_07_29_02_32_08 timestamp=000128 receiver=13 cavs=[13, 6, 12] pred_boxes=20 gt_boxes=69 comm_bytes=136032
frame=35/41 late_source=4/4 scenario=2026_07_29_02_32_08 timestamp=000128 receiver=17 cavs=[17, 3, 18] pred_boxes=11 gt_boxes=69 comm_bytes=76816Format = auto
Extension = pcd
Format = auto
Extension = pcd
Format = auto
Extension = pcd
Format = auto
Extension = pcd
Format = auto
Extension = pcd
Format = auto
Extension = pcd
Format = auto
Extension = pcd
Format = auto
Extension = pcd
Format = auto
Extension = pcd
Format = auto
Extension = pcd
Format = auto
Extension = pcd
Format = auto
Extension = pcd
Format = auto
Extension = pcd
Format = auto
Extension = pcd
Format = auto
Extension = pcd
Format = auto
Extension = pcd
Format = auto
Extension = pcd
Format = auto
Extension = pcd
Format = auto
Extension = pcd
Format = auto
Extension = pcd
Format = auto
Extension = pcd
Format = auto
Extension = pcd
Format = auto
Extension = pcd
Format = auto
Extension = pcd
Format = auto
Extension = pcd
Format = auto
Extension = pcd
Format = auto
Extension = pcd
Format = auto
Extension = pcd
Format = auto
Extension = pcd
Format = auto
Extension = pcd
Format = auto
Extension = pcd
Format = auto
Extension = pcd
Format = auto
Extension = pcd
Format = auto
Extension = pcd
Format = auto
Extension = pcd
Format = auto
Extension = pcd
Format = auto
Extension = pcd
Format = auto
Extension = pcd
Format = auto
Extension = pcd
Format = auto
Extension = pcd
Format = auto
Extension = pcd
Format = auto
Extension = pcd
Format = auto
Extension = pcd
Format = auto
Extension = pcd
Format = auto
Extension = pcd
Format = auto
Extension = pcd
Format = auto
Extension = pcd
Format = auto
Extension = pcd
Format = auto
Extension = pcd
Format = auto
Extension = pcd
Format = auto
Extension = pcd
Format = auto
Extension = pcd
Format = auto
Extension = pcd
Format = auto
Extension = pcd
Format = auto
Extension = pcd
Format = auto
Extension = pcd
Format = auto
Extension = pcd
Format = auto
Extension = pcd
Format = auto
Extension = pcd
Format = auto
Extension = pcd
Format = auto
Extension = pcd
Format = auto
Extension = pcd
Format = auto
Extension = pcd
Format = auto
Extension = pcd
Format = auto
Extension = pcd
Format = auto
Extension = pcd
Format = auto
Extension = pcd
Format = auto
Extension = pcd
Format = auto
Extension = pcd
Format = auto
Extension = pcd
Format = auto
Extension = pcd
Format = auto
Extension = pcd
Format = auto
Extension = pcd
Format = auto
Extension = pcd
Format = auto
Extension = pcd
Format = auto
Extension = pcd
Format = auto
Extension = pcd
Format = auto
Extension = pcd
Format = auto
Extension = pcd
Format = auto
Extension = pcd
Format = auto
Extension = pcd
Format = auto
Extension = pcd
Format = auto
Extension = pcd
Format = auto
Extension = pcd
Format = auto
Extension = pcd
Format = auto
Extension = pcd
Format = auto
Extension = pcd
Format = auto
Extension = pcd
Format = auto
Extension = pcd
Format = auto
Extension = pcd
Format = auto
Extension = pcd
Format = auto
Extension = pcd
Format = auto
Extension = pcd
Format = auto
Extension = pcd
Format = auto
Extension = pcd
Format = auto
Extension = pcd
Format = auto
Extension = pcd
Format = auto
Extension = pcd
Format = auto
Extension = pcd
Format = auto
Extension = pcd
Format = auto
Extension = pcd
Format = auto
Extension = pcd
Format = auto
Extension = pcd
Format = auto
Extension = pcd
Format = auto
Extension = pcd
Format = auto
Extension = pcd
Format = auto
Extension = pcd
Format = auto
Extension = pcd
Format = auto
Extension = pcd
Format = auto
Extension = pcd
Format = auto
Extension = pcd
Format = auto
Extension = pcd
Format = auto
Extension = pcd
Format = auto
Extension = pcd
Format = auto
Extension = pcd
Format = auto
Extension = pcd
Format = auto
Extension = pcd
Format = auto
Extension = pcd
Format = auto
Extension = pcd
Format = auto
Extension = pcd
C:\Users\sakakibara\miniconda3\envs\opencda\lib\site-packages\torch\nn\functional.py:1806: UserWarning: nn.functional.sigmoid is deprecated. Use torch.sigmoid instead.
  warnings.warn("nn.functional.sigmoid is deprecated. Use torch.sigmoid instead.")

sgcp_late_fusion frame=35/41 scenario=2026_07_29_02_32_08 timestamp=000128 sources=4 fused_pred_boxes=64 fused_gt_boxes=69
frame=36/41 late_source=1/4 scenario=2026_07_29_02_32_08 timestamp=000130 receiver=1 cavs=[1, 4, 15] pred_boxes=38 gt_boxes=68 comm_bytes=90192
frame=36/41 late_source=2/4 scenario=2026_07_29_02_32_08 timestamp=000130 receiver=10 cavs=[10, 11, 20] pred_boxes=34 gt_boxes=68 comm_bytes=86512
frame=36/41 late_source=3/4 scenario=2026_07_29_02_32_08 timestamp=000130 receiver=13 cavs=[13, 6, 12] pred_boxes=18 gt_boxes=68 comm_bytes=137024
frame=36/41 late_source=4/4 scenario=2026_07_29_02_32_08 timestamp=000130 receiver=17 cavs=[17, 3, 18] pred_boxes=10 gt_boxes=68 comm_bytes=77536
sgcp_late_fusion frame=36/41 scenario=2026_07_29_02_32_08 timestamp=000130 sources=4 fused_pred_boxes=65 fused_gt_boxes=68
frame=37/41 late_source=1/4 scenario=2026_07_29_02_32_08 timestamp=000132 receiver=1 cavs=[1, 4, 15] pred_boxes=37 gt_boxes=68 comm_bytes=89536
frame=37/41 late_source=2/4 scenario=2026_07_29_02_32_08 timestamp=000132 receiver=3 cavs=[3, 16, 18] pred_boxes=10 gt_boxes=68 comm_bytes=83568
frame=37/41 late_source=3/4 scenario=2026_07_29_02_32_08 timestamp=000132 receiver=10 cavs=[10, 11, 20] pred_boxes=33 gt_boxes=68 comm_bytes=87056
frame=37/41 late_source=4/4 scenario=2026_07_29_02_32_08 timestamp=000132 receiver=13 cavs=[13, 6, 12] pred_boxes=16 gt_boxes=68 comm_bytes=137632
sgcp_late_fusion frame=37/41 scenario=2026_07_29_02_32_08 timestamp=000132 sources=4 fused_pred_boxes=62 fused_gt_boxes=68
frame=38/41 late_source=1/4 scenario=2026_07_29_02_32_08 timestamp=000134 receiver=1 cavs=[1, 4, 15] pred_boxes=37 gt_boxes=68 comm_bytes=89392
frame=38/41 late_source=2/4 scenario=2026_07_29_02_32_08 timestamp=000134 receiver=3 cavs=[3, 16, 18] pred_boxes=11 gt_boxes=68 comm_bytes=82000
frame=38/41 late_source=3/4 scenario=2026_07_29_02_32_08 timestamp=000134 receiver=10 cavs=[10, 11, 20] pred_boxes=34 gt_boxes=68 comm_bytes=87040
frame=38/41 late_source=4/4 scenario=2026_07_29_02_32_08 timestamp=000134 receiver=13 cavs=[13, 6, 12] pred_boxes=19 gt_boxes=68 comm_bytes=138592
sgcp_late_fusion frame=38/41 scenario=2026_07_29_02_32_08 timestamp=000134 sources=4 fused_pred_boxes=64 fused_gt_boxes=68
frame=39/41 late_source=1/4 scenario=2026_07_29_02_32_08 timestamp=000136 receiver=1 cavs=[1, 4, 15] pred_boxes=39 gt_boxes=68 comm_bytes=88432
frame=39/41 late_source=2/4 scenario=2026_07_29_02_32_08 timestamp=000136 receiver=3 cavs=[3, 16, 18] pred_boxes=11 gt_boxes=68 comm_bytes=84544
frame=39/41 late_source=3/4 scenario=2026_07_29_02_32_08 timestamp=000136 receiver=7 cavs=[7, 6, 14] pred_boxes=32 gt_boxes=68 comm_bytes=142512
frame=39/41 late_source=4/4 scenario=2026_07_29_02_32_08 timestamp=000136 receiver=10 cavs=[10, 11, 20] pred_boxes=34 gt_boxes=68 comm_bytes=87040
sgcp_late_fusion frame=39/41 scenario=2026_07_29_02_32_08 timestamp=000136 sources=4 fused_pred_boxes=66 fused_gt_boxes=68
frame=40/41 late_source=1/4 scenario=2026_07_29_02_32_08 timestamp=000138 receiver=1 cavs=[1, 4, 15] pred_boxes=36 gt_boxes=68 comm_bytes=88032
frame=40/41 late_source=2/4 scenario=2026_07_29_02_32_08 timestamp=000138 receiver=3 cavs=[3, 5, 18] pred_boxes=18 gt_boxes=68 comm_bytes=82976
frame=40/41 late_source=3/4 scenario=2026_07_29_02_32_08 timestamp=000138 receiver=7 cavs=[7, 6, 14] pred_boxes=31 gt_boxes=68 comm_bytes=142464
frame=40/41 late_source=4/4 scenario=2026_07_29_02_32_08 timestamp=000138 receiver=10 cavs=[10, 11, 20] pred_boxes=34 gt_boxes=68 comm_bytes=87328
sgcp_late_fusion frame=40/41 scenario=2026_07_29_02_32_08 timestamp=000138 sources=4 fused_pred_boxes=64 fused_gt_boxes=68
frame=41/41 late_source=1/4 scenario=2026_07_29_02_32_08 timestamp=000140 receiver=1 cavs=[1, 4, 15] pred_boxes=39 gt_boxes=67 comm_bytes=87200
frame=41/41 late_source=2/4 scenario=2026_07_29_02_32_08 timestamp=000140 receiver=3 cavs=[3, 5, 18] pred_boxes=17 gt_boxes=67 comm_bytes=81536
frame=41/41 late_source=3/4 scenario=2026_07_29_02_32_08 timestamp=000140 receiver=7 cavs=[7, 6, 14] pred_boxes=30 gt_boxes=67 comm_bytes=142464
frame=41/41 late_source=4/4 scenario=2026_07_29_02_32_08 timestamp=000140 receiver=10 cavs=[10, 11, 20] pred_boxes=35 gt_boxes=67 comm_bytes=87488
sgcp_late_fusion frame=41/41 scenario=2026_07_29_02_32_08 timestamp=000140 sources=4 fused_pred_boxes=62 fused_gt_boxes=67
cp counter: 41
Evaluate final average precision results:
  - Fusion method: early
  - The Average Precision at IOU 0.3 is 0.80, The Average Precision at IOU 0.5 is 0.76, The Average Precision at IOU 0.7 is 0.54
sgcp_summary frames=164 avg_comm_bytes=100277.37 total_comm_bytes=16445488 avg_source_cavs=3.00 avg_selected_grids=65.64
