conda.exe : C:\Users\sakakibara\miniconda3\envs\opencda\lib\site-packages\torch\nn\functional.py:1806: UserWarning: nn.
functional.sigmoid is deprecated. Use torch.sigmoid instead.
At C:\Users\sakakibara\miniconda3\shell\condabin\Conda.psm1:194 char:17
+ ...             & $Env:CONDA_EXE $Env:_CE_M $Env:_CE_CONDA $Command @Othe ...
+                 ~~~~~~~~~~~~~~~~~~~~~~~~~~~~~~~~~~~~~~~~~~~~~~~~~~~~~~~~~
    + CategoryInfo          : NotSpecified: (C:\Users\sakaki...igmoid instead.:String) [], RemoteException
    + FullyQualifiedErrorId : NativeCommandError
 
  warnings.warn("nn.functional.sigmoid is deprecated. Use torch.sigmoid instead.")
Format = auto
Extension = pcd
Format = auto
Extension = pcd
Format = auto
Extension = pcd
Format = auto
Extension = pcd
Format = auto
Extension = pcd
Format = auto
Extension = pcd
Format = auto
Extension = pcd
Format = auto
Extension = pcd
Format = auto
Extension = pcd
Format = auto
Extension = pcd
Format = auto
Extension = pcd
Format = auto
Extension = pcd
Format = auto
Extension = pcd
Format = auto
Extension = pcd
Format = auto
Extension = pcd
Format = auto
Extension = pcd
Format = auto
Extension = pcd
Format = auto
Extension = pcd
Format = auto
Extension = pcd
Format = auto
Extension = pcd
Format = auto
Extension = pcd
Format = auto
Extension = pcd
Format = auto
Extension = pcd
Format = auto
Extension = pcd
Format = auto
Extension = pcd
Format = auto
Extension = pcd
Format = auto
Extension = pcd
Format = auto
Extension = pcd
Format = auto
Extension = pcd
Format = auto
Extension = pcd
Format = auto
Extension = pcd
Format = auto
Extension = pcd
Format = auto
Extension = pcd
Format = auto
Extension = pcd
Format = auto
Extension = pcd
Format = auto
Extension = pcd
Format = auto
Extension = pcd
Format = auto
Extension = pcd
Format = auto
Extension = pcd
Format = auto
Extension = pcd
Format = auto
Extension = pcd
Format = auto
Extension = pcd
Format = auto
Extension = pcd
Format = auto
Extension = pcd
Format = auto
Extension = pcd
Format = auto
Extension = pcd
Format = auto
Extension = pcd
Format = auto
Extension = pcd
Format = auto
Extension = pcd
Format = auto
Extension = pcd
Format = auto
Extension = pcd
Format = auto
Extension = pcd
Format = auto
Extension = pcd
Format = auto
Extension = pcd
Format = auto
Extension = pcd
Format = auto
Extension = pcd
Format = auto
Extension = pcd
Format = auto
Extension = pcd
Format = auto
Extension = pcd
Format = auto
Extension = pcd
resuming by loading epoch 10000
frame=1/3 late_source=1/6 scenario=2026_07_15_01_26_56 timestamp=000060 receiver=1 cavs=[1, 11, 2] pred_boxes=18 gt_boxes=40 comm_bytes=152944
frame=1/3 late_source=2/6 scenario=2026_07_15_01_26_56 timestamp=000060 receiver=12 cavs=[12, 4] pred_boxes=14 gt_boxes=34 comm_bytes=76272
frame=1/3 late_source=3/6 scenario=2026_07_15_01_26_56 timestamp=000060 receiver=15 cavs=[15, 6] pred_boxes=13 gt_boxes=17 comm_bytes=70816
frame=1/3 late_source=4/6 scenario=2026_07_15_01_26_56 timestamp=000060 receiver=16 cavs=[16, 7, 20] pred_boxes=11 gt_boxes=30 comm_bytes=153168
frame=1/3 late_source=5/6 scenario=2026_07_15_01_26_56 timestamp=000060 receiver=17 cavs=[17, 3, 18] pred_boxes=4 gt_boxes=17 comm_bytes=154384
frame=1/3 late_source=6/6 scenario=2026_07_15_01_26_56 timestamp=000060 receiver=19 cavs=[19, 10, 9] pred_boxes=7 gt_boxes=34 comm_bytes=155200
sgcp_late_fusion frame=1/3 scenario=2026_07_15_01_26_56 timestamp=000060 sources=6 fused_pred_boxes=58 fused_gt_boxes=69
frame=2/3 late_source=1/6 scenario=2026_07_15_01_26_56 timestamp=000062 receiver=1 cavs=[1, 11, 2] pred_boxes=21 gt_boxes=40 comm_bytes=152960
frame=2/3 late_source=2/6 scenario=2026_07_15_01_26_56 timestamp=000062 receiver=12 cavs=[12, 4] pred_boxes=11 gt_boxes=35 comm_bytes=75872
frame=2/3 late_source=3/6 scenario=2026_07_15_01_26_56 timestamp=000062 receiver=15 cavs=[15, 6] pred_boxes=12 gt_boxes=17 comm_bytes=70832
frame=2/3 late_source=4/6 scenario=2026_07_15_01_26_56 timestamp=000062 receiver=16 cavs=[16, 7, 20] pred_boxes=13 gt_boxes=30 comm_bytes=153072
frame=2/3 late_source=5/6 scenario=2026_07_15_01_26_56 timestamp=000062 receiver=17 cavs=[17, 3, 18] pred_boxes=3 gt_boxes=16 comm_bytes=154592
frame=2/3 late_source=6/6 scenario=2026_07_15_01_26_56 timestamp=000062 receiver=19 cavs=[19, 10, 9] pred_boxes=7 gt_boxes=33 comm_bytes=155344
sgcp_late_fusion frame=2/3 scenario=2026_07_15_01_26_56 timestamp=000062 sources=6 fused_pred_boxes=61 fused_gt_boxes=69
frame=3/3 late_source=1/6 scenario=2026_07_15_01_26_56 timestamp=000064 receiver=1 cavs=[1, 11, 2] pred_boxes=18 gt_boxes=40 comm_bytes=153104
frame=3/3 late_source=2/6 scenario=2026_07_15_01_26_56 timestamp=000064 receiver=12 cavs=[12, 4] pred_boxes=7 gt_boxes=35 comm_bytes=75952
frame=3/3 late_source=3/6 scenario=2026_07_15_01_26_56 timestamp=000064 receiver=15 cavs=[15, 6] pred_boxes=12 gt_boxes=17 comm_bytes=71168
frame=3/3 late_source=4/6 scenario=2026_07_15_01_26_56 timestamp=000064 receiver=16 cavs=[16, 7, 20] pred_boxes=13 gt_boxes=31 comm_bytes=153136
frame=3/3 late_source=5/6 scenario=2026_07_15_01_26_56 timestamp=000064 receiver=17 cavs=[17, 3, 18] pred_boxes=5 gt_boxes=16 comm_bytes=154544
frame=3/3 late_source=6/6 scenario=2026_07_15_01_26_56 timestamp=000064 receiver=19 cavs=[19, 10, 9] pred_boxes=6 gt_boxes=33 comm_bytes=155200
sgcp_late_fusion frame=3/3 scenario=2026_07_15_01_26_56 timestamp=000064 sources=6 fused_pred_boxes=56 fused_gt_boxes=70
cp counter: 3
Evaluate final average precision results:
  - Fusion method: early
  - The Average Precision at IOU 0.3 is 0.79, The Average Precision at IOU 0.5 is 0.75, The Average Precision at IOU 0.7 is 0.40
sgcp_summary frames=18 avg_comm_bytes=127142.22 total_comm_bytes=2288560 avg_source_cavs=2.67 avg_selected_grids=55.00
